================================================================================
SCRAPE LOG: https://certvalue.com/soc-2-certification-in-egypt/
Started: 2026-01-29 19:02:54
Session ID: SCRAPE_20260129_190254_97CD
================================================================================
[19:02:54.902] [INFO ] 📝 Scrape log: /app/data/logs/scrapes/2026-01-29_190254_certvalue.com.log
[19:02:54.902] [DEBUG] ⏱️ Timeout set to 45s for this scrape
[19:02:55.247] [INFO ] 
[19:02:55.247] [INFO ]     🚀 BROWSER LAUNCHED
[19:02:55.247] [INFO ]     ├─ Mode:       Headless
[19:02:55.247] [INFO ]     ├─ Slow Mo:    43ms
[19:02:55.247] [INFO ]     ├─ Launch Time: 0.06s
[19:02:55.247] [INFO ]     └─ Args:       Anti-automation flags enabled
[19:02:55.267] [DEBUG] Browser profile: viewport={'width': 1536, 'height': 864}, locale=en-AU, tz=UTC
[19:02:55.267] [INFO ] 
[19:02:55.267] [INFO ] ╔══════════════════════════════════════════════════════════════════════════╗
[19:02:55.267] [INFO ] ║  📋 SESSION: SCRAPE_20260129_190254_97CD
[19:02:55.267] [INFO ] ║  🌐 URL: https://certvalue.com/soc-2-certification-in-egypt/
[19:02:55.267] [INFO ] ║  🔄 ATTEMPT: 1/2
[19:02:55.267] [INFO ] ║  ⏰ STARTED: 2026-01-29T19:02:55.267433+02:00 (Egypt Time)
[19:02:55.267] [INFO ] ╠══════════════════════════════════════════════════════════════════════════╣
[19:02:55.267] [INFO ] 
[19:02:55.267] [INFO ]     ┌─ BROWSER FINGERPRINT ────────────────────────────────────────┐
[19:02:55.267] [INFO ]     │ Browser:     EDGE v119
[19:02:55.267] [INFO ]     │ User-Agent:  Mozilla/5.0 (Windows NT 10.0; Win64; x64) AppleWebKit/537.36 (KHTML, l...
[19:02:55.267] [INFO ]     │ Viewport:    1536x864
[19:02:55.267] [INFO ]     │ Sec-CH-UA:   (not applicable)...
[19:02:55.267] [INFO ]     ├─ LOCATION PROFILE ───────────────────────────────────────────┤
[19:02:55.267] [INFO ]     │ Location:    Sydney, Australia
[19:02:55.267] [INFO ]     │ Timezone:    N/A
[19:02:55.267] [INFO ]     │ Locale:      en-AU
[19:02:55.267] [INFO ]     │ Geo:         0, 0
[19:02:55.267] [INFO ]     ├─ NETWORK ────────────────────────────────────────────────────┤
[19:02:55.267] [INFO ]     │ Proxy:       Direct (no proxy)
[19:02:55.267] [INFO ]     │ Referrer:    https://www.google.com/
[19:02:55.267] [INFO ]     └──────────────────────────────────────────────────────────────┘
[19:02:55.267] [INFO ] ╚══════════════════════════════════════════════════════════════════════════╝
[19:02:55.267] [INFO ] 🛡️ Injected anti-detection scripts at context level
[19:02:55.267] [DEBUG]    └─ Canvas noise, WebGL spoof, Browser patches
[19:02:55.267] [INFO ] 
[19:02:55.267] [INFO ]     🛡️ ANTI-DETECTION SCRIPTS INJECTED (CONTEXT level)
[19:02:55.267] [INFO ]     ├─ Canvas fingerprint noise
[19:02:55.267] [INFO ]     ├─ WebGL renderer/vendor spoof
[19:02:55.267] [INFO ]     ├─ Hardware concurrency randomization
[19:02:55.267] [INFO ]     ├─ Device memory randomization
[19:02:55.267] [INFO ]     ├─ Plugin masking
[19:02:55.267] [INFO ]     ├─ WebRTC IP leak protection
[19:02:55.267] [INFO ]     ├─ Network connection spoof
[19:02:55.267] [INFO ]     └─ Battery API spoof
[19:02:55.308] [INFO ] 
[19:02:55.308] [INFO ]     🥷 STEALTH MODE APPLIED
[19:02:55.308] [INFO ]     ├─ Navigator patches (webdriver, plugins, languages)
[19:02:55.308] [INFO ]     ├─ Chrome runtime patches
[19:02:55.308] [INFO ]     ├─ Console patches
[19:02:55.308] [INFO ]     └─ Permission patches
[19:02:55.308] [INFO ] 🛡️ Injected anti-detection scripts at page level
[19:02:55.308] [DEBUG]    └─ Canvas noise, WebGL spoof, Browser patches
[19:02:55.308] [INFO ] 
[19:02:55.308] [INFO ]     🛡️ ANTI-DETECTION SCRIPTS INJECTED (PAGE level)
[19:02:55.308] [INFO ]     ├─ Canvas fingerprint noise
[19:02:55.308] [INFO ]     ├─ WebGL renderer/vendor spoof
[19:02:55.308] [INFO ]     ├─ Hardware concurrency randomization
[19:02:55.308] [INFO ]     ├─ Device memory randomization
[19:02:55.308] [INFO ]     ├─ Plugin masking
[19:02:55.308] [INFO ]     ├─ WebRTC IP leak protection
[19:02:55.308] [INFO ]     ├─ Network connection spoof
[19:02:55.308] [INFO ]     └─ Battery API spoof
[19:02:55.308] [DEBUG] Enabled resource blocking (images, media, fonts)
[19:02:55.308] [INFO ] 
[19:02:55.308] [INFO ]     🔗 NAVIGATING TO URL
[19:02:55.308] [INFO ]     ├─ Strategy:   domcontentloaded
[19:02:55.308] [INFO ]     ├─ Timeout:    15.0s
[19:02:55.308] [INFO ]     └─ Sleep:      1s after load
[19:02:59.233] [INFO ] 
[19:02:59.233] [INFO ]     ✅ PAGE LOADED
[19:02:59.233] [INFO ]     ├─ Final URL:  https://certvalue.com/soc-2-certification-in-egypt/
[19:02:59.233] [INFO ]     ├─ Title:      SOC 2 Certification in Egypt | SOC 2 Consultants in Egypt
[19:02:59.233] [INFO ]     └─ Load Time:  3.93s
[19:03:02.276] [INFO ] 🧑 Human behavior simulation...
[19:03:06.432] [INFO ] 🖱️ Mouse: 3 moves in 1536x864
[19:03:06.432] [INFO ] 🖱️ Mouse completed: 3 moves
[19:03:06.432] [INFO ] 📜 Scroll: page height, viewport=864px
[19:03:06.432] [INFO ] 📜 Scroll completed: 2 scrolls
[19:03:06.432] [INFO ] 🧑 Human behavior completed in 4.2s ✓
[19:03:06.432] [INFO ] 
[19:03:06.432] [INFO ]     🧑 HUMAN BEHAVIOR SIMULATED
[19:03:06.432] [INFO ]     ├─ Mouse Movements: 3
[19:03:06.432] [INFO ]     ├─ Scroll Actions:  2
[19:03:06.432] [INFO ]     └─ Time Spent:      4.16s
[19:03:07.688] [INFO ] 
[19:03:07.688] [INFO ]     ┌─ CONTENT METRICS ────────────────────────────────────────────┐
[19:03:07.688] [INFO ]     │ Title:            SOC 2 Certification in Egypt | SOC 2 Consultants i
[19:03:07.688] [INFO ]     │ Final URL:        https://certvalue.com/soc-2-certification-in-egypt/
[19:03:07.688] [INFO ]     │ HTML Size:        2,484,699 bytes
[19:03:07.688] [INFO ]     │ Text Size:        9,445 chars
[19:03:07.688] [INFO ]     │ Word Count:       ~1414 words
[19:03:07.688] [INFO ]     │ Extraction:       trafilatura
[19:03:07.688] [INFO ]     │ Has Article:      ✅ Yes
[19:03:07.688] [INFO ]     └──────────────────────────────────────────────────────────────┘
[19:03:07.726] [INFO ] 
[19:03:07.726] [INFO ] ╔══════════════════════════════════════════════════════════════════════════╗
[19:03:07.726] [INFO ] ║  ✅ SCRAPE SUCCESSFUL - SCRAPE_20260129_190254_97CD
[19:03:07.726] [INFO ] ╠══════════════════════════════════════════════════════════════════════════╣
[19:03:07.726] [INFO ] 
[19:03:07.726] [INFO ]     ┌─ TIMING BREAKDOWN ───────────────────────────────────────────┐
[19:03:07.726] [INFO ]     │ Browser Launch:      0.06s
[19:03:07.726] [INFO ]     │ Page Load:           3.93s
[19:03:07.726] [INFO ]     │ Cloudflare Wait:     0.00s
[19:03:07.726] [INFO ]     │ Human Simulation:    4.16s
[19:03:07.726] [INFO ]     │
[19:03:07.726] [INFO ]     │ Content Extraction:  0.65s
[19:03:07.726] [INFO ]     │ ─────────────────────────────────────────────────────────────
[19:03:07.726] [INFO ]     │ TOTAL TIME:          8.79s
[19:03:07.726] [INFO ]     └──────────────────────────────────────────────────────────────┘
[19:03:07.726] [INFO ] 
[19:03:07.726] [INFO ]     ┌─ CONTENT METRICS ────────────────────────────────────────────┐
[19:03:07.726] [INFO ]     │ Title:            SOC 2 Certification in Egypt | SOC 2 Consultants i
[19:03:07.726] [INFO ]     │ Final URL:        https://certvalue.com/soc-2-certification-in-egypt/
[19:03:07.726] [INFO ]     │ HTML Size:        2,484,699 bytes
[19:03:07.726] [INFO ]     │ Text Size:        9,445 chars
[19:03:07.726] [INFO ]     │ Word Count:       ~1414 words
[19:03:07.726] [INFO ]     │ Extraction:       trafilatura
[19:03:07.726] [INFO ]     │ Has Article:      ✅ Yes
[19:03:07.726] [INFO ]     └──────────────────────────────────────────────────────────────┘
[19:03:07.726] [INFO ] ╠══════════════════════════════════════════════════════════════════════════╣
[19:03:07.726] [INFO ] ║  📊 SESSION STATS
[19:03:07.726] [INFO ] ║  ├─ Strategies Tried:   domcontentloaded
[19:03:07.726] [INFO ] ║  ├─ Popups Dismissed:   0
[19:03:07.726] [INFO ] ║  ├─ Cloudflare:         Not detected
[19:03:07.726] [INFO ] ║  └─ Proxy Used:         Direct
[19:03:07.726] [INFO ] ╚══════════════════════════════════════════════════════════════════════════╝
[19:03:07.726] [INFO ] 

================================================================================
STATUS: SUCCESS
TOTAL TIME: 12.82s
ENDED: 2026-01-29T19:03:07.726540+02:00 (Egypt Time)
END OF SCRAPE LOG
================================================================================