================================================================================
SCRAPE LOG: https://www.micromindercs.com/blog/egypt-penetration-testing-experts
Started: 2026-01-30 01:36:33
Session ID: SCRAPE_20260130_013633_A4D3
================================================================================
[01:36:33.723] [INFO ] 📝 Scrape log: /app/data/logs/scrapes/2026-01-30_013633_micromindercs.com.log
[01:36:33.723] [DEBUG] ⏱️ Timeout set to 45s for this scrape
[01:36:34.064] [INFO ] 
[01:36:34.065] [INFO ]     🚀 BROWSER LAUNCHED
[01:36:34.065] [INFO ]     ├─ Mode:       Headless
[01:36:34.065] [INFO ]     ├─ Slow Mo:    49ms
[01:36:34.065] [INFO ]     ├─ Launch Time: 0.06s
[01:36:34.065] [INFO ]     └─ Args:       Anti-automation flags enabled
[01:36:34.083] [DEBUG] Browser profile: viewport={'width': 2560, 'height': 1440}, locale=en-GB, tz=UTC
[01:36:34.083] [INFO ] 
[01:36:34.083] [INFO ] ╔══════════════════════════════════════════════════════════════════════════╗
[01:36:34.083] [INFO ] ║  📋 SESSION: SCRAPE_20260130_013633_A4D3
[01:36:34.083] [INFO ] ║  🌐 URL: https://www.micromindercs.com/blog/egypt-penetration-testing-experts
[01:36:34.083] [INFO ] ║  🔄 ATTEMPT: 1/2
[01:36:34.083] [INFO ] ║  ⏰ STARTED: 2026-01-30T01:36:34.083710+02:00 (Egypt Time)
[01:36:34.083] [INFO ] ╠══════════════════════════════════════════════════════════════════════════╣
[01:36:34.083] [INFO ] 
[01:36:34.083] [INFO ]     ┌─ BROWSER FINGERPRINT ────────────────────────────────────────┐
[01:36:34.083] [INFO ]     │ Browser:     FIREFOX v124
[01:36:34.083] [INFO ]     │ User-Agent:  Mozilla/5.0 (Windows NT 10.0; Win64; x64; rv:124.0) Gecko/20100101 Fir...
[01:36:34.083] [INFO ]     │ Viewport:    2560x1440
[01:36:34.083] [INFO ]     │ Sec-CH-UA:   (not applicable)...
[01:36:34.083] [INFO ]     ├─ LOCATION PROFILE ───────────────────────────────────────────┤
[01:36:34.083] [INFO ]     │ Location:    Manchester, UK
[01:36:34.083] [INFO ]     │ Timezone:    N/A
[01:36:34.083] [INFO ]     │ Locale:      en-GB
[01:36:34.083] [INFO ]     │ Geo:         0, 0
[01:36:34.083] [INFO ]     ├─ NETWORK ────────────────────────────────────────────────────┤
[01:36:34.083] [INFO ]     │ Proxy:       Direct (no proxy)
[01:36:34.083] [INFO ]     │ Referrer:    None
[01:36:34.083] [INFO ]     └──────────────────────────────────────────────────────────────┘
[01:36:34.083] [INFO ] ╚══════════════════════════════════════════════════════════════════════════╝
[01:36:34.083] [INFO ] 🛡️ Injected anti-detection scripts at context level
[01:36:34.083] [DEBUG]    └─ Canvas noise, WebGL spoof, Browser patches
[01:36:34.083] [INFO ] 
[01:36:34.083] [INFO ]     🛡️ ANTI-DETECTION SCRIPTS INJECTED (CONTEXT level)
[01:36:34.083] [INFO ]     ├─ Canvas fingerprint noise
[01:36:34.083] [INFO ]     ├─ WebGL renderer/vendor spoof
[01:36:34.083] [INFO ]     ├─ Hardware concurrency randomization
[01:36:34.083] [INFO ]     ├─ Device memory randomization
[01:36:34.083] [INFO ]     ├─ Plugin masking
[01:36:34.083] [INFO ]     ├─ WebRTC IP leak protection
[01:36:34.083] [INFO ]     ├─ Network connection spoof
[01:36:34.083] [INFO ]     └─ Battery API spoof
[01:36:34.126] [INFO ] 
[01:36:34.126] [INFO ]     🥷 STEALTH MODE APPLIED
[01:36:34.126] [INFO ]     ├─ Navigator patches (webdriver, plugins, languages)
[01:36:34.126] [INFO ]     ├─ Chrome runtime patches
[01:36:34.126] [INFO ]     ├─ Console patches
[01:36:34.126] [INFO ]     └─ Permission patches
[01:36:34.126] [INFO ] 🛡️ Injected anti-detection scripts at page level
[01:36:34.126] [DEBUG]    └─ Canvas noise, WebGL spoof, Browser patches
[01:36:34.126] [INFO ] 
[01:36:34.126] [INFO ]     🛡️ ANTI-DETECTION SCRIPTS INJECTED (PAGE level)
[01:36:34.126] [INFO ]     ├─ Canvas fingerprint noise
[01:36:34.126] [INFO ]     ├─ WebGL renderer/vendor spoof
[01:36:34.126] [INFO ]     ├─ Hardware concurrency randomization
[01:36:34.126] [INFO ]     ├─ Device memory randomization
[01:36:34.126] [INFO ]     ├─ Plugin masking
[01:36:34.126] [INFO ]     ├─ WebRTC IP leak protection
[01:36:34.126] [INFO ]     ├─ Network connection spoof
[01:36:34.126] [INFO ]     └─ Battery API spoof
[01:36:34.126] [DEBUG] Enabled resource blocking (images, media, fonts)
[01:36:34.126] [INFO ] 
[01:36:34.126] [INFO ]     🔗 NAVIGATING TO URL
[01:36:34.126] [INFO ]     ├─ Strategy:   domcontentloaded
[01:36:34.126] [INFO ]     ├─ Timeout:    15.0s
[01:36:34.126] [INFO ]     └─ Sleep:      1s after load
[01:36:35.797] [INFO ] 
[01:36:35.797] [INFO ]     ✅ PAGE LOADED
[01:36:35.797] [INFO ]     ├─ Final URL:  https://www.micromindercs.com/blog/egypt-penetration-testing-experts
[01:36:35.797] [INFO ]     ├─ Title:      Egypt Penetration Testing Experts | Trusted Professionals | Microminder Cyber Security
[01:36:35.797] [INFO ]     └─ Load Time:  1.67s
[01:36:37.910] [INFO ] 🧑 Human behavior simulation...
[01:36:44.206] [INFO ] 🖱️ Mouse: 3 moves in 2560x1440
[01:36:44.206] [INFO ] 🖱️ Mouse completed: 3 moves
[01:36:44.206] [INFO ] 📜 Scroll: page height, viewport=1440px
[01:36:44.206] [INFO ] 📜 Scroll completed: 3 scrolls
[01:36:44.206] [INFO ] 🧑 Human behavior completed in 6.3s ✓
[01:36:44.206] [INFO ] 
[01:36:44.206] [INFO ]     🧑 HUMAN BEHAVIOR SIMULATED
[01:36:44.206] [INFO ]     ├─ Mouse Movements: 3
[01:36:44.206] [INFO ]     ├─ Scroll Actions:  3
[01:36:44.206] [INFO ]     └─ Time Spent:      6.30s
[01:36:44.550] [INFO ] 
[01:36:44.550] [INFO ]     ┌─ CONTENT METRICS ────────────────────────────────────────────┐
[01:36:44.550] [INFO ]     │ Title:            Egypt Penetration Testing Experts | Trusted Profes
[01:36:44.550] [INFO ]     │ Final URL:        https://www.micromindercs.com/blog/egypt-penetration-testing-experts
[01:36:44.550] [INFO ]     │ HTML Size:        361,037 bytes
[01:36:44.550] [INFO ]     │ Text Size:        19,069 chars
[01:36:44.550] [INFO ]     │ Word Count:       ~2575 words
[01:36:44.550] [INFO ]     │ Extraction:       trafilatura
[01:36:44.550] [INFO ]     │ Has Article:      ✅ Yes
[01:36:44.550] [INFO ]     └──────────────────────────────────────────────────────────────┘
[01:36:44.579] [INFO ] 
[01:36:44.580] [INFO ] ╔══════════════════════════════════════════════════════════════════════════╗
[01:36:44.580] [INFO ] ║  ✅ SCRAPE SUCCESSFUL - SCRAPE_20260130_013633_A4D3
[01:36:44.580] [INFO ] ╠══════════════════════════════════════════════════════════════════════════╣
[01:36:44.580] [INFO ] 
[01:36:44.580] [INFO ]     ┌─ TIMING BREAKDOWN ───────────────────────────────────────────┐
[01:36:44.580] [INFO ]     │ Browser Launch:      0.06s
[01:36:44.580] [INFO ]     │ Page Load:           1.67s
[01:36:44.580] [INFO ]     │ Cloudflare Wait:     0.00s
[01:36:44.580] [INFO ]     │ Human Simulation:    6.30s
[01:36:44.580] [INFO ]     │
[01:36:44.580] [INFO ]     │ Content Extraction:  0.21s
[01:36:44.580] [INFO ]     │ ─────────────────────────────────────────────────────────────
[01:36:44.580] [INFO ]     │ TOTAL TIME:          8.23s
[01:36:44.580] [INFO ]     └──────────────────────────────────────────────────────────────┘
[01:36:44.580] [INFO ] 
[01:36:44.580] [INFO ]     ┌─ CONTENT METRICS ────────────────────────────────────────────┐
[01:36:44.580] [INFO ]     │ Title:            Egypt Penetration Testing Experts | Trusted Profes
[01:36:44.580] [INFO ]     │ Final URL:        https://www.micromindercs.com/blog/egypt-penetration-testing-experts
[01:36:44.580] [INFO ]     │ HTML Size:        361,037 bytes
[01:36:44.580] [INFO ]     │ Text Size:        19,069 chars
[01:36:44.580] [INFO ]     │ Word Count:       ~2575 words
[01:36:44.580] [INFO ]     │ Extraction:       trafilatura
[01:36:44.580] [INFO ]     │ Has Article:      ✅ Yes
[01:36:44.580] [INFO ]     └──────────────────────────────────────────────────────────────┘
[01:36:44.580] [INFO ] ╠══════════════════════════════════════════════════════════════════════════╣
[01:36:44.580] [INFO ] ║  📊 SESSION STATS
[01:36:44.580] [INFO ] ║  ├─ Strategies Tried:   domcontentloaded
[01:36:44.580] [INFO ] ║  ├─ Popups Dismissed:   0
[01:36:44.580] [INFO ] ║  ├─ Cloudflare:         Not detected
[01:36:44.580] [INFO ] ║  └─ Proxy Used:         Direct
[01:36:44.580] [INFO ] ╚══════════════════════════════════════════════════════════════════════════╝
[01:36:44.580] [INFO ] 

================================================================================
STATUS: SUCCESS
TOTAL TIME: 10.86s
ENDED: 2026-01-30T01:36:44.580717+02:00 (Egypt Time)
END OF SCRAPE LOG
================================================================================