================================================================================
SCRAPE LOG: https://news.google.com/rss/articles/CBMiXEFVX3lxTE9KbFFDRm10QUdJMUFyblIwZmpIMVVteHBKS25LVDdoYVJiRlBERVRqUzFGZDNDVEpDcG52ZTFNQlFrSHdRUUpkQkhzdjdFd0pRakZIeGJhbnprVEl0?oc=5
Started: 2026-02-24 15:01:09
Session ID: SCRAPE_20260224_150109_8D25
================================================================================
[15:01:09.988] [INFO ] 📝 Scrape log: /app/data/logs/scrapes/2026-02-24_150109_news.google.com.log
[15:01:09.988] [DEBUG] ⏱️ Timeout set to 45s for this scrape
[15:01:10.328] [INFO ] 
[15:01:10.328] [INFO ]     🚀 BROWSER LAUNCHED
[15:01:10.328] [INFO ]     ├─ Mode:       Headless
[15:01:10.328] [INFO ]     ├─ Slow Mo:    60ms
[15:01:10.328] [INFO ]     ├─ Launch Time: 0.06s
[15:01:10.328] [INFO ]     └─ Args:       Anti-automation flags enabled
[15:01:10.348] [DEBUG] Browser profile: viewport={'width': 2560, 'height': 1440}, locale=en-AU, tz=UTC
[15:01:10.348] [INFO ] 
[15:01:10.348] [INFO ] ╔══════════════════════════════════════════════════════════════════════════╗
[15:01:10.348] [INFO ] ║  📋 SESSION: SCRAPE_20260224_150109_8D25
[15:01:10.348] [INFO ] ║  🌐 URL: https://news.google.com/rss/articles/CBMiXEFVX3lxTE9KbFFDRm10QUdJMUFyblIwZmpIMVVteHBKS25LVDdoYVJiRlBERVRqUzFGZDNDVEpDcG52ZTFNQlFrSHdRUUpkQkhzdjdFd0pRakZIeGJhbnprVEl0?oc=5
[15:01:10.348] [INFO ] ║  🔄 ATTEMPT: 1/2
[15:01:10.348] [INFO ] ║  ⏰ STARTED: 2026-02-24T15:01:10.348976+02:00 (Egypt Time)
[15:01:10.348] [INFO ] ╠══════════════════════════════════════════════════════════════════════════╣
[15:01:10.348] [INFO ] 
[15:01:10.348] [INFO ]     ┌─ BROWSER FINGERPRINT ────────────────────────────────────────┐
[15:01:10.349] [INFO ]     │ Browser:     OPERA v106
[15:01:10.349] [INFO ]     │ User-Agent:  Mozilla/5.0 (Windows NT 10.0; Win64; x64) AppleWebKit/537.36 (KHTML, l...
[15:01:10.349] [INFO ]     │ Viewport:    2560x1440
[15:01:10.349] [INFO ]     │ Sec-CH-UA:   (not applicable)...
[15:01:10.349] [INFO ]     ├─ LOCATION PROFILE ───────────────────────────────────────────┤
[15:01:10.349] [INFO ]     │ Location:    Brisbane, Australia
[15:01:10.349] [INFO ]     │ Timezone:    N/A
[15:01:10.349] [INFO ]     │ Locale:      en-AU
[15:01:10.349] [INFO ]     │ Geo:         0, 0
[15:01:10.349] [INFO ]     ├─ NETWORK ────────────────────────────────────────────────────┤
[15:01:10.349] [INFO ]     │ Proxy:       Direct (no proxy)
[15:01:10.349] [INFO ]     │ Referrer:    https://www.google.com/search?q=news+google+com
[15:01:10.349] [INFO ]     └──────────────────────────────────────────────────────────────┘
[15:01:10.349] [INFO ] ╚══════════════════════════════════════════════════════════════════════════╝
[15:01:10.349] [INFO ] 🛡️ Injected anti-detection scripts at context level
[15:01:10.349] [DEBUG]    └─ Canvas noise, WebGL spoof, Browser patches
[15:01:10.349] [INFO ] 
[15:01:10.349] [INFO ]     🛡️ ANTI-DETECTION SCRIPTS INJECTED (CONTEXT level)
[15:01:10.349] [INFO ]     ├─ Canvas fingerprint noise
[15:01:10.349] [INFO ]     ├─ WebGL renderer/vendor spoof
[15:01:10.349] [INFO ]     ├─ Hardware concurrency randomization
[15:01:10.349] [INFO ]     ├─ Device memory randomization
[15:01:10.349] [INFO ]     ├─ Plugin masking
[15:01:10.349] [INFO ]     ├─ WebRTC IP leak protection
[15:01:10.349] [INFO ]     ├─ Network connection spoof
[15:01:10.349] [INFO ]     └─ Battery API spoof
[15:01:10.391] [INFO ] 
[15:01:10.391] [INFO ]     🥷 STEALTH MODE APPLIED
[15:01:10.391] [INFO ]     ├─ Navigator patches (webdriver, plugins, languages)
[15:01:10.391] [INFO ]     ├─ Chrome runtime patches
[15:01:10.391] [INFO ]     ├─ Console patches
[15:01:10.391] [INFO ]     └─ Permission patches
[15:01:10.391] [INFO ] 🛡️ Injected anti-detection scripts at page level
[15:01:10.391] [DEBUG]    └─ Canvas noise, WebGL spoof, Browser patches
[15:01:10.391] [INFO ] 
[15:01:10.391] [INFO ]     🛡️ ANTI-DETECTION SCRIPTS INJECTED (PAGE level)
[15:01:10.391] [INFO ]     ├─ Canvas fingerprint noise
[15:01:10.391] [INFO ]     ├─ WebGL renderer/vendor spoof
[15:01:10.391] [INFO ]     ├─ Hardware concurrency randomization
[15:01:10.391] [INFO ]     ├─ Device memory randomization
[15:01:10.391] [INFO ]     ├─ Plugin masking
[15:01:10.391] [INFO ]     ├─ WebRTC IP leak protection
[15:01:10.391] [INFO ]     ├─ Network connection spoof
[15:01:10.391] [INFO ]     └─ Battery API spoof
[15:01:10.391] [DEBUG] Enabled resource blocking (images, media, fonts)
[15:01:10.391] [INFO ] 
[15:01:10.391] [INFO ]     🔗 NAVIGATING TO URL
[15:01:10.391] [INFO ]     ├─ Strategy:   domcontentloaded
[15:01:10.391] [INFO ]     ├─ Timeout:    15.0s
[15:01:10.391] [INFO ]     └─ Sleep:      1s after load
[15:01:11.908] [INFO ] 
[15:01:11.908] [INFO ]     ✅ PAGE LOADED
[15:01:11.908] [INFO ]     ├─ Final URL:  https://news.google.com/rss/articles/CBMiXEFVX3lxTE9KbFFDRm10QUdJMUFyblIwZmpIMVVteHBKS25LVDdoYVJiRlBERVRqUzFGZDNDVEpDcG52ZTFNQlFrSHdRUUpkQkhzdjdFd0pRakZIeGJhbnprVEl0?oc=5&hl=en-AU&gl=AU&ceid=AU:en
[15:01:11.908] [INFO ]     ├─ Title:      Google News
[15:01:11.908] [INFO ]     └─ Load Time:  1.52s
[15:01:13.165] [INFO ] 🧑 Human behavior simulation...
[15:01:20.837] [INFO ] 🖱️ Mouse: 4 moves in 2560x1440
[15:01:20.837] [INFO ] 🖱️ Mouse completed: 4 moves
[15:01:20.837] [INFO ] 📜 Scroll: page height, viewport=1440px
[15:01:20.837] [INFO ] 📜 Scroll completed: 2 scrolls
[15:01:20.837] [INFO ] 🧑 Human behavior completed in 7.7s ✓
[15:01:20.837] [INFO ] 
[15:01:20.837] [INFO ]     🧑 HUMAN BEHAVIOR SIMULATED
[15:01:20.837] [INFO ]     ├─ Mouse Movements: 4
[15:01:20.837] [INFO ]     ├─ Scroll Actions:  2
[15:01:20.837] [INFO ]     └─ Time Spent:      7.67s
[15:01:27.649] [INFO ] 
[15:01:27.649] [INFO ]     🚀 BROWSER LAUNCHED
[15:01:27.649] [INFO ]     ├─ Mode:       Headless
[15:01:27.649] [INFO ]     ├─ Slow Mo:    41ms
[15:01:27.649] [INFO ]     ├─ Launch Time: 0.05s
[15:01:27.649] [INFO ]     └─ Args:       Anti-automation flags enabled
[15:01:27.669] [DEBUG] Browser profile: viewport={'width': 1600, 'height': 900}, locale=en-GB, tz=UTC
[15:01:27.669] [INFO ] 
[15:01:27.669] [INFO ] ╔══════════════════════════════════════════════════════════════════════════╗
[15:01:27.669] [INFO ] ║  📋 SESSION: SCRAPE_20260224_150109_8D25
[15:01:27.669] [INFO ] ║  🌐 URL: https://news.google.com/rss/articles/CBMiXEFVX3lxTE9KbFFDRm10QUdJMUFyblIwZmpIMVVteHBKS25LVDdoYVJiRlBERVRqUzFGZDNDVEpDcG52ZTFNQlFrSHdRUUpkQkhzdjdFd0pRakZIeGJhbnprVEl0?oc=5
[15:01:27.669] [INFO ] ║  🔄 ATTEMPT: 2/2
[15:01:27.669] [INFO ] ║  ⏰ STARTED: 2026-02-24T15:01:27.669472+02:00 (Egypt Time)
[15:01:27.669] [INFO ] ╠══════════════════════════════════════════════════════════════════════════╣
[15:01:27.669] [INFO ] 
[15:01:27.669] [INFO ]     ┌─ BROWSER FINGERPRINT ────────────────────────────────────────┐
[15:01:27.669] [INFO ]     │ Browser:     EDGE v121
[15:01:27.669] [INFO ]     │ User-Agent:  Mozilla/5.0 (Windows NT 10.0; Win64; x64) AppleWebKit/537.36 (KHTML, l...
[15:01:27.669] [INFO ]     │ Viewport:    1600x900
[15:01:27.669] [INFO ]     │ Sec-CH-UA:   (not applicable)...
[15:01:27.669] [INFO ]     ├─ LOCATION PROFILE ───────────────────────────────────────────┤
[15:01:27.669] [INFO ]     │ Location:    Manchester, UK
[15:01:27.669] [INFO ]     │ Timezone:    N/A
[15:01:27.669] [INFO ]     │ Locale:      en-GB
[15:01:27.669] [INFO ]     │ Geo:         0, 0
[15:01:27.669] [INFO ]     ├─ NETWORK ────────────────────────────────────────────────────┤
[15:01:27.669] [INFO ]     │ Proxy:       Direct (no proxy)
[15:01:27.669] [INFO ]     │ Referrer:    https://www.facebook.com/
[15:01:27.669] [INFO ]     └──────────────────────────────────────────────────────────────┘
[15:01:27.669] [INFO ] ╚══════════════════════════════════════════════════════════════════════════╝
[15:01:27.669] [INFO ] 🛡️ Injected anti-detection scripts at context level
[15:01:27.669] [DEBUG]    └─ Canvas noise, WebGL spoof, Browser patches
[15:01:27.669] [INFO ] 
[15:01:27.669] [INFO ]     🛡️ ANTI-DETECTION SCRIPTS INJECTED (CONTEXT level)
[15:01:27.669] [INFO ]     ├─ Canvas fingerprint noise
[15:01:27.669] [INFO ]     ├─ WebGL renderer/vendor spoof
[15:01:27.669] [INFO ]     ├─ Hardware concurrency randomization
[15:01:27.669] [INFO ]     ├─ Device memory randomization
[15:01:27.669] [INFO ]     ├─ Plugin masking
[15:01:27.669] [INFO ]     ├─ WebRTC IP leak protection
[15:01:27.669] [INFO ]     ├─ Network connection spoof
[15:01:27.669] [INFO ]     └─ Battery API spoof
[15:01:27.709] [INFO ] 
[15:01:27.709] [INFO ]     🥷 STEALTH MODE APPLIED
[15:01:27.709] [INFO ]     ├─ Navigator patches (webdriver, plugins, languages)
[15:01:27.709] [INFO ]     ├─ Chrome runtime patches
[15:01:27.709] [INFO ]     ├─ Console patches
[15:01:27.709] [INFO ]     └─ Permission patches
[15:01:27.709] [INFO ] 🛡️ Injected anti-detection scripts at page level
[15:01:27.709] [DEBUG]    └─ Canvas noise, WebGL spoof, Browser patches
[15:01:27.709] [INFO ] 
[15:01:27.709] [INFO ]     🛡️ ANTI-DETECTION SCRIPTS INJECTED (PAGE level)
[15:01:27.709] [INFO ]     ├─ Canvas fingerprint noise
[15:01:27.709] [INFO ]     ├─ WebGL renderer/vendor spoof
[15:01:27.709] [INFO ]     ├─ Hardware concurrency randomization
[15:01:27.709] [INFO ]     ├─ Device memory randomization
[15:01:27.709] [INFO ]     ├─ Plugin masking
[15:01:27.709] [INFO ]     ├─ WebRTC IP leak protection
[15:01:27.709] [INFO ]     ├─ Network connection spoof
[15:01:27.709] [INFO ]     └─ Battery API spoof
[15:01:27.709] [DEBUG] Enabled resource blocking (images, media, fonts)
[15:01:27.709] [INFO ] 
[15:01:27.709] [INFO ]     🔗 NAVIGATING TO URL
[15:01:27.709] [INFO ]     ├─ Strategy:   domcontentloaded
[15:01:27.709] [INFO ]     ├─ Timeout:    15.0s
[15:01:27.709] [INFO ]     └─ Sleep:      1s after load
[15:01:29.203] [INFO ] 
[15:01:29.203] [INFO ]     ✅ PAGE LOADED
[15:01:29.203] [INFO ]     ├─ Final URL:  https://news.google.com/rss/articles/CBMiXEFVX3lxTE9KbFFDRm10QUdJMUFyblIwZmpIMVVteHBKS25LVDdoYVJiRlBERVRqUzFGZDNDVEpDcG52ZTFNQlFrSHdRUUpkQkhzdjdFd0pRakZIeGJhbnprVEl0?oc=5&hl=en-GB&gl=GB&ceid=GB:en
[15:01:29.203] [INFO ]     ├─ Title:      Google News
[15:01:29.203] [INFO ]     └─ Load Time:  1.49s
[15:01:30.440] [INFO ] 🧑 Human behavior simulation...
[15:01:36.125] [INFO ] 🖱️ Mouse: 4 moves in 1600x900
[15:01:36.125] [INFO ] 🖱️ Mouse completed: 4 moves
[15:01:36.125] [INFO ] 📜 Scroll: page height, viewport=900px
[15:01:36.125] [INFO ] 📜 Scroll completed: 2 scrolls
[15:01:36.125] [INFO ] 🧑 Human behavior completed in 5.7s ✓
[15:01:36.125] [INFO ] 
[15:01:36.125] [INFO ]     🧑 HUMAN BEHAVIOR SIMULATED
[15:01:36.125] [INFO ]     ├─ Mouse Movements: 4
[15:01:36.125] [INFO ]     ├─ Scroll Actions:  2
[15:01:36.125] [INFO ]     └─ Time Spent:      5.68s
[15:01:36.882] [INFO ] 
[15:01:36.882] [INFO ]     ┌─ CONTENT METRICS ────────────────────────────────────────────┐
[15:01:36.882] [INFO ]     │ Title:            Qatar signs $29.7 billion deal to develop coastal 
[15:01:36.882] [INFO ]     │ Final URL:        https://news.google.com/rss/articles/CBMiXEFVX3lxTE9KbFFDRm10QUdJMUFyblIwZmpIMVVteHBKS25LVDdoYVJiRlBERVRqUzFGZDNDVEpDcG52ZTFNQlFrSHdRUUpkQkhzdjdFd0pRakZIeGJhbnprVEl0?oc=5&hl=en-GB&gl=GB&ceid=GB:en
[15:01:36.882] [INFO ]     │ HTML Size:        669,463 bytes
[15:01:36.882] [INFO ]     │ Text Size:        2,365 chars
[15:01:36.882] [INFO ]     │ Word Count:       ~356 words
[15:01:36.882] [INFO ]     │ Extraction:       trafilatura
[15:01:36.882] [INFO ]     │ Has Article:      ✅ Yes
[15:01:36.882] [INFO ]     └──────────────────────────────────────────────────────────────┘
[15:01:36.942] [INFO ] 
[15:01:36.942] [INFO ] ╔══════════════════════════════════════════════════════════════════════════╗
[15:01:36.942] [INFO ] ║  ✅ SCRAPE SUCCESSFUL - SCRAPE_20260224_150109_8D25
[15:01:36.942] [INFO ] ╠══════════════════════════════════════════════════════════════════════════╣
[15:01:36.942] [INFO ] 
[15:01:36.942] [INFO ]     ┌─ TIMING BREAKDOWN ───────────────────────────────────────────┐
[15:01:36.943] [INFO ]     │ Browser Launch:      0.05s
[15:01:36.943] [INFO ]     │ Page Load:           1.49s
[15:01:36.943] [INFO ]     │ Cloudflare Wait:     0.00s
[15:01:36.943] [INFO ]     │ Human Simulation:    5.68s
[15:01:36.943] [INFO ]     │
[15:01:36.943] [INFO ]     │ Content Extraction:  0.17s
[15:01:36.943] [INFO ]     │ ─────────────────────────────────────────────────────────────
[15:01:36.943] [INFO ]     │ TOTAL TIME:          7.40s
[15:01:36.943] [INFO ]     └──────────────────────────────────────────────────────────────┘
[15:01:36.943] [INFO ] 
[15:01:36.943] [INFO ]     ┌─ CONTENT METRICS ────────────────────────────────────────────┐
[15:01:36.943] [INFO ]     │ Title:            Qatar signs $29.7 billion deal to develop coastal 
[15:01:36.943] [INFO ]     │ Final URL:        https://news.google.com/rss/articles/CBMiXEFVX3lxTE9KbFFDRm10QUdJMUFyblIwZmpIMVVteHBKS25LVDdoYVJiRlBERVRqUzFGZDNDVEpDcG52ZTFNQlFrSHdRUUpkQkhzdjdFd0pRakZIeGJhbnprVEl0?oc=5&hl=en-GB&gl=GB&ceid=GB:en
[15:01:36.943] [INFO ]     │ HTML Size:        669,463 bytes
[15:01:36.943] [INFO ]     │ Text Size:        2,365 chars
[15:01:36.943] [INFO ]     │ Word Count:       ~356 words
[15:01:36.943] [INFO ]     │ Extraction:       trafilatura
[15:01:36.943] [INFO ]     │ Has Article:      ✅ Yes
[15:01:36.943] [INFO ]     └──────────────────────────────────────────────────────────────┘
[15:01:36.943] [INFO ] ╠══════════════════════════════════════════════════════════════════════════╣
[15:01:36.943] [INFO ] ║  📊 SESSION STATS
[15:01:36.943] [INFO ] ║  ├─ Strategies Tried:   domcontentloaded
[15:01:36.943] [INFO ] ║  ├─ Popups Dismissed:   0
[15:01:36.943] [INFO ] ║  ├─ Cloudflare:         Not detected
[15:01:36.943] [INFO ] ║  └─ Proxy Used:         Direct
[15:01:36.943] [INFO ] ╚══════════════════════════════════════════════════════════════════════════╝
[15:01:36.943] [INFO ] 

================================================================================
STATUS: SUCCESS
TOTAL TIME: 26.95s
ENDED: 2026-02-24T15:01:36.943163+02:00 (Egypt Time)
END OF SCRAPE LOG
================================================================================