================================================================================
SCRAPE LOG: https://www.iso-certification-egypt.com/hipaa-certification.html
Started: 2026-01-29 18:02:52
Session ID: SCRAPE_20260129_180252_8253
================================================================================
[18:02:52.662] [INFO ] 📝 Scrape log: /app/data/logs/scrapes/2026-01-29_180252_iso-certification-egypt.com.log
[18:02:52.662] [DEBUG] ⏱️ Timeout set to 45s for this scrape
[18:02:53.007] [INFO ] 
[18:02:53.007] [INFO ]     🚀 BROWSER LAUNCHED
[18:02:53.007] [INFO ]     ├─ Mode:       Headless
[18:02:53.007] [INFO ]     ├─ Slow Mo:    40ms
[18:02:53.007] [INFO ]     ├─ Launch Time: 0.06s
[18:02:53.007] [INFO ]     └─ Args:       Anti-automation flags enabled
[18:02:53.025] [DEBUG] Browser profile: viewport={'width': 1680, 'height': 1050}, locale=en-US, tz=UTC
[18:02:53.025] [INFO ] 
[18:02:53.025] [INFO ] ╔══════════════════════════════════════════════════════════════════════════╗
[18:02:53.025] [INFO ] ║  📋 SESSION: SCRAPE_20260129_180252_8253
[18:02:53.025] [INFO ] ║  🌐 URL: https://www.iso-certification-egypt.com/hipaa-certification.html
[18:02:53.025] [INFO ] ║  🔄 ATTEMPT: 1/2
[18:02:53.025] [INFO ] ║  ⏰ STARTED: 2026-01-29T18:02:53.025073+02:00 (Egypt Time)
[18:02:53.025] [INFO ] ╠══════════════════════════════════════════════════════════════════════════╣
[18:02:53.025] [INFO ] 
[18:02:53.025] [INFO ]     ┌─ BROWSER FINGERPRINT ────────────────────────────────────────┐
[18:02:53.025] [INFO ]     │ Browser:     CHROME v123
[18:02:53.025] [INFO ]     │ User-Agent:  Mozilla/5.0 (Windows NT 10.0; Win64; x64) AppleWebKit/537.36 (KHTML, l...
[18:02:53.025] [INFO ]     │ Viewport:    1680x1050
[18:02:53.025] [INFO ]     │ Sec-CH-UA:   (not applicable)...
[18:02:53.025] [INFO ]     ├─ LOCATION PROFILE ───────────────────────────────────────────┤
[18:02:53.025] [INFO ]     │ Location:    New York, USA
[18:02:53.025] [INFO ]     │ Timezone:    N/A
[18:02:53.025] [INFO ]     │ Locale:      en-US
[18:02:53.025] [INFO ]     │ Geo:         0, 0
[18:02:53.025] [INFO ]     ├─ NETWORK ────────────────────────────────────────────────────┤
[18:02:53.025] [INFO ]     │ Proxy:       Direct (no proxy)
[18:02:53.025] [INFO ]     │ Referrer:    https://www.google.com/search?q=www+iso-certification-egypt+com
[18:02:53.025] [INFO ]     └──────────────────────────────────────────────────────────────┘
[18:02:53.025] [INFO ] ╚══════════════════════════════════════════════════════════════════════════╝
[18:02:53.025] [INFO ] 🛡️ Injected anti-detection scripts at context level
[18:02:53.025] [DEBUG]    └─ Canvas noise, WebGL spoof, Browser patches
[18:02:53.025] [INFO ] 
[18:02:53.025] [INFO ]     🛡️ ANTI-DETECTION SCRIPTS INJECTED (CONTEXT level)
[18:02:53.025] [INFO ]     ├─ Canvas fingerprint noise
[18:02:53.025] [INFO ]     ├─ WebGL renderer/vendor spoof
[18:02:53.025] [INFO ]     ├─ Hardware concurrency randomization
[18:02:53.025] [INFO ]     ├─ Device memory randomization
[18:02:53.025] [INFO ]     ├─ Plugin masking
[18:02:53.025] [INFO ]     ├─ WebRTC IP leak protection
[18:02:53.025] [INFO ]     ├─ Network connection spoof
[18:02:53.025] [INFO ]     └─ Battery API spoof
[18:02:53.066] [INFO ] 
[18:02:53.066] [INFO ]     🥷 STEALTH MODE APPLIED
[18:02:53.066] [INFO ]     ├─ Navigator patches (webdriver, plugins, languages)
[18:02:53.066] [INFO ]     ├─ Chrome runtime patches
[18:02:53.066] [INFO ]     ├─ Console patches
[18:02:53.066] [INFO ]     └─ Permission patches
[18:02:53.066] [INFO ] 🛡️ Injected anti-detection scripts at page level
[18:02:53.066] [DEBUG]    └─ Canvas noise, WebGL spoof, Browser patches
[18:02:53.066] [INFO ] 
[18:02:53.066] [INFO ]     🛡️ ANTI-DETECTION SCRIPTS INJECTED (PAGE level)
[18:02:53.066] [INFO ]     ├─ Canvas fingerprint noise
[18:02:53.066] [INFO ]     ├─ WebGL renderer/vendor spoof
[18:02:53.066] [INFO ]     ├─ Hardware concurrency randomization
[18:02:53.066] [INFO ]     ├─ Device memory randomization
[18:02:53.066] [INFO ]     ├─ Plugin masking
[18:02:53.066] [INFO ]     ├─ WebRTC IP leak protection
[18:02:53.066] [INFO ]     ├─ Network connection spoof
[18:02:53.066] [INFO ]     └─ Battery API spoof
[18:02:53.066] [DEBUG] Enabled resource blocking (images, media, fonts)
[18:02:53.066] [INFO ] 
[18:02:53.066] [INFO ]     🔗 NAVIGATING TO URL
[18:02:53.066] [INFO ]     ├─ Strategy:   domcontentloaded
[18:02:53.066] [INFO ]     ├─ Timeout:    15.0s
[18:02:53.066] [INFO ]     └─ Sleep:      1s after load
[18:02:59.963] [INFO ] 
[18:02:59.963] [INFO ]     ✅ PAGE LOADED
[18:02:59.963] [INFO ]     ├─ Final URL:  https://www.iso-certification-egypt.com/hipaa-certification.html
[18:02:59.963] [INFO ]     ├─ Title:      HIPAA Certification Consultants - Cairo, Alexandria, Giza
[18:02:59.963] [INFO ]     └─ Load Time:  6.90s
[18:03:01.190] [INFO ] 🧑 Human behavior simulation...
[18:03:05.399] [INFO ] 🖱️ Mouse: 3 moves in 1680x1050
[18:03:05.399] [INFO ] 🖱️ Mouse completed: 3 moves
[18:03:05.399] [INFO ] 📜 Scroll: page height, viewport=1050px
[18:03:05.399] [INFO ] 📜 Scroll completed: 3 scrolls
[18:03:05.399] [INFO ] 🧑 Human behavior completed in 4.2s ✓
[18:03:05.399] [INFO ] 
[18:03:05.399] [INFO ]     🧑 HUMAN BEHAVIOR SIMULATED
[18:03:05.399] [INFO ]     ├─ Mouse Movements: 3
[18:03:05.399] [INFO ]     ├─ Scroll Actions:  3
[18:03:05.399] [INFO ]     └─ Time Spent:      4.21s
[18:03:05.699] [INFO ] 
[18:03:05.699] [INFO ]     ┌─ CONTENT METRICS ────────────────────────────────────────────┐
[18:03:05.699] [INFO ]     │ Title:            HIPAA CERTIFICATION IN EGYPT
[18:03:05.699] [INFO ]     │ Final URL:        https://www.iso-certification-egypt.com/hipaa-certification.html
[18:03:05.699] [INFO ]     │ HTML Size:        95,889 bytes
[18:03:05.699] [INFO ]     │ Text Size:        8,582 chars
[18:03:05.699] [INFO ]     │ Word Count:       ~1206 words
[18:03:05.699] [INFO ]     │ Extraction:       trafilatura
[18:03:05.699] [INFO ]     │ Has Article:      ✅ Yes
[18:03:05.699] [INFO ]     └──────────────────────────────────────────────────────────────┘
[18:03:05.726] [INFO ] 
[18:03:05.726] [INFO ] ╔══════════════════════════════════════════════════════════════════════════╗
[18:03:05.726] [INFO ] ║  ✅ SCRAPE SUCCESSFUL - SCRAPE_20260129_180252_8253
[18:03:05.726] [INFO ] ╠══════════════════════════════════════════════════════════════════════════╣
[18:03:05.726] [INFO ] 
[18:03:05.726] [INFO ]     ┌─ TIMING BREAKDOWN ───────────────────────────────────────────┐
[18:03:05.726] [INFO ]     │ Browser Launch:      0.06s
[18:03:05.726] [INFO ]     │ Page Load:           6.90s
[18:03:05.726] [INFO ]     │ Cloudflare Wait:     0.00s
[18:03:05.726] [INFO ]     │ Human Simulation:    4.21s
[18:03:05.726] [INFO ]     │
[18:03:05.726] [INFO ]     │ Content Extraction:  0.22s
[18:03:05.726] [INFO ]     │ ─────────────────────────────────────────────────────────────
[18:03:05.726] [INFO ]     │ TOTAL TIME:          11.39s
[18:03:05.726] [INFO ]     └──────────────────────────────────────────────────────────────┘
[18:03:05.726] [INFO ] 
[18:03:05.726] [INFO ]     ┌─ CONTENT METRICS ────────────────────────────────────────────┐
[18:03:05.726] [INFO ]     │ Title:            HIPAA CERTIFICATION IN EGYPT
[18:03:05.726] [INFO ]     │ Final URL:        https://www.iso-certification-egypt.com/hipaa-certification.html
[18:03:05.726] [INFO ]     │ HTML Size:        95,889 bytes
[18:03:05.726] [INFO ]     │ Text Size:        8,582 chars
[18:03:05.726] [INFO ]     │ Word Count:       ~1206 words
[18:03:05.726] [INFO ]     │ Extraction:       trafilatura
[18:03:05.726] [INFO ]     │ Has Article:      ✅ Yes
[18:03:05.726] [INFO ]     └──────────────────────────────────────────────────────────────┘
[18:03:05.726] [INFO ] ╠══════════════════════════════════════════════════════════════════════════╣
[18:03:05.726] [INFO ] ║  📊 SESSION STATS
[18:03:05.726] [INFO ] ║  ├─ Strategies Tried:   domcontentloaded
[18:03:05.726] [INFO ] ║  ├─ Popups Dismissed:   0
[18:03:05.726] [INFO ] ║  ├─ Cloudflare:         Not detected
[18:03:05.726] [INFO ] ║  └─ Proxy Used:         Direct
[18:03:05.726] [INFO ] ╚══════════════════════════════════════════════════════════════════════════╝
[18:03:05.726] [INFO ] 

================================================================================
STATUS: SUCCESS
TOTAL TIME: 13.06s
ENDED: 2026-01-29T18:03:05.726686+02:00 (Egypt Time)
END OF SCRAPE LOG
================================================================================