================================================================================
SCRAPE LOG: https://www.proofpoint.com/us/threat-reference/gdpr
Started: 2026-01-28 12:39:38
Session ID: SCRAPE_20260128_123938_7A72
================================================================================
[12:39:38.493] [INFO ] 📝 Scrape log: /app/data/logs/scrapes/2026-01-28_123938_proofpoint.com.log
[12:39:38.493] [DEBUG] ⏱️ Timeout set to 45s for this scrape
[12:39:38.867] [INFO ] 
[12:39:38.867] [INFO ]     🚀 BROWSER LAUNCHED
[12:39:38.867] [INFO ]     ├─ Mode:       Headless
[12:39:38.867] [INFO ]     ├─ Slow Mo:    56ms
[12:39:38.867] [INFO ]     ├─ Launch Time: 0.06s
[12:39:38.867] [INFO ]     └─ Args:       Anti-automation flags enabled
[12:39:38.883] [DEBUG] Browser profile: viewport={'width': 1280, 'height': 720}, locale=en-US, tz=UTC
[12:39:38.883] [INFO ] 
[12:39:38.883] [INFO ] ╔══════════════════════════════════════════════════════════════════════════╗
[12:39:38.883] [INFO ] ║  📋 SESSION: SCRAPE_20260128_123938_7A72
[12:39:38.883] [INFO ] ║  🌐 URL: https://www.proofpoint.com/us/threat-reference/gdpr
[12:39:38.883] [INFO ] ║  🔄 ATTEMPT: 1/2
[12:39:38.883] [INFO ] ║  ⏰ STARTED: 2026-01-28T12:39:38.883774+02:00 (Egypt Time)
[12:39:38.883] [INFO ] ╠══════════════════════════════════════════════════════════════════════════╣
[12:39:38.883] [INFO ] 
[12:39:38.883] [INFO ]     ┌─ BROWSER FINGERPRINT ────────────────────────────────────────┐
[12:39:38.883] [INFO ]     │ Browser:     CHROME v126
[12:39:38.883] [INFO ]     │ User-Agent:  Mozilla/5.0 (Windows NT 10.0; Win64; x64) AppleWebKit/537.36 (KHTML, l...
[12:39:38.883] [INFO ]     │ Viewport:    1280x720
[12:39:38.883] [INFO ]     │ Sec-CH-UA:   (not applicable)...
[12:39:38.883] [INFO ]     ├─ LOCATION PROFILE ───────────────────────────────────────────┤
[12:39:38.883] [INFO ]     │ Location:    San Francisco, USA
[12:39:38.883] [INFO ]     │ Timezone:    N/A
[12:39:38.883] [INFO ]     │ Locale:      en-US
[12:39:38.883] [INFO ]     │ Geo:         0, 0
[12:39:38.883] [INFO ]     ├─ NETWORK ────────────────────────────────────────────────────┤
[12:39:38.883] [INFO ]     │ Proxy:       Direct (no proxy)
[12:39:38.883] [INFO ]     │ Referrer:    https://www.google.com/
[12:39:38.883] [INFO ]     └──────────────────────────────────────────────────────────────┘
[12:39:38.883] [INFO ] ╚══════════════════════════════════════════════════════════════════════════╝
[12:39:38.883] [INFO ] 🛡️ Injected anti-detection scripts at context level
[12:39:38.883] [DEBUG]    └─ Canvas noise, WebGL spoof, Browser patches
[12:39:38.883] [INFO ] 
[12:39:38.883] [INFO ]     🛡️ ANTI-DETECTION SCRIPTS INJECTED (CONTEXT level)
[12:39:38.883] [INFO ]     ├─ Canvas fingerprint noise
[12:39:38.883] [INFO ]     ├─ WebGL renderer/vendor spoof
[12:39:38.883] [INFO ]     ├─ Hardware concurrency randomization
[12:39:38.883] [INFO ]     ├─ Device memory randomization
[12:39:38.883] [INFO ]     ├─ Plugin masking
[12:39:38.883] [INFO ]     ├─ WebRTC IP leak protection
[12:39:38.883] [INFO ]     ├─ Network connection spoof
[12:39:38.883] [INFO ]     └─ Battery API spoof
[12:39:38.926] [INFO ] 
[12:39:38.926] [INFO ]     🥷 STEALTH MODE APPLIED
[12:39:38.926] [INFO ]     ├─ Navigator patches (webdriver, plugins, languages)
[12:39:38.926] [INFO ]     ├─ Chrome runtime patches
[12:39:38.926] [INFO ]     ├─ Console patches
[12:39:38.926] [INFO ]     └─ Permission patches
[12:39:38.926] [INFO ] 🛡️ Injected anti-detection scripts at page level
[12:39:38.926] [DEBUG]    └─ Canvas noise, WebGL spoof, Browser patches
[12:39:38.926] [INFO ] 
[12:39:38.926] [INFO ]     🛡️ ANTI-DETECTION SCRIPTS INJECTED (PAGE level)
[12:39:38.926] [INFO ]     ├─ Canvas fingerprint noise
[12:39:38.926] [INFO ]     ├─ WebGL renderer/vendor spoof
[12:39:38.926] [INFO ]     ├─ Hardware concurrency randomization
[12:39:38.926] [INFO ]     ├─ Device memory randomization
[12:39:38.926] [INFO ]     ├─ Plugin masking
[12:39:38.926] [INFO ]     ├─ WebRTC IP leak protection
[12:39:38.926] [INFO ]     ├─ Network connection spoof
[12:39:38.926] [INFO ]     └─ Battery API spoof
[12:39:38.926] [DEBUG] Enabled resource blocking (images, media, fonts)
[12:39:38.926] [INFO ] 
[12:39:38.926] [INFO ]     🔗 NAVIGATING TO URL
[12:39:38.926] [INFO ]     ├─ Strategy:   domcontentloaded
[12:39:38.926] [INFO ]     ├─ Timeout:    15.0s
[12:39:38.926] [INFO ]     └─ Sleep:      1s after load
[12:39:41.407] [INFO ] 
[12:39:41.407] [INFO ]     ✅ PAGE LOADED
[12:39:41.407] [INFO ]     ├─ Final URL:  https://www.proofpoint.com/us/threat-reference/gdpr
[12:39:41.407] [INFO ]     ├─ Title:      What Is GDPR? - Meaning & Compliance Checklist | Proofpoint US
[12:39:41.407] [INFO ]     └─ Load Time:  2.48s
[12:39:42.755] [INFO ] 🧑 Human behavior simulation...
[12:39:47.803] [INFO ] 🖱️ Mouse: 3 moves in 1280x720
[12:39:47.803] [INFO ] 🖱️ Mouse completed: 3 moves
[12:39:47.803] [INFO ] 📜 Scroll: page height, viewport=720px
[12:39:47.803] [INFO ] 📜 Scroll completed: 1 scrolls
[12:39:47.803] [INFO ] 🧑 Human behavior completed in 5.0s ✓
[12:39:47.803] [INFO ] 
[12:39:47.803] [INFO ]     🧑 HUMAN BEHAVIOR SIMULATED
[12:39:47.803] [INFO ]     ├─ Mouse Movements: 3
[12:39:47.803] [INFO ]     ├─ Scroll Actions:  1
[12:39:47.803] [INFO ]     └─ Time Spent:      5.05s
[12:39:48.056] [INFO ] 
[12:39:48.056] [INFO ]     ┌─ CONTENT METRICS ────────────────────────────────────────────┐
[12:39:48.056] [INFO ]     │ Title:            What Is GDPR? - Meaning & Compliance Checklist | P
[12:39:48.056] [INFO ]     │ Final URL:        https://www.proofpoint.com/us/threat-reference/gdpr
[12:39:48.056] [INFO ]     │ HTML Size:        253,925 bytes
[12:39:48.056] [INFO ]     │ Text Size:        10,425 chars
[12:39:48.056] [INFO ]     │ Word Count:       ~1641 words
[12:39:48.056] [INFO ]     │ Extraction:       trafilatura
[12:39:48.056] [INFO ]     │ Has Article:      ✅ Yes
[12:39:48.056] [INFO ]     └──────────────────────────────────────────────────────────────┘
[12:39:48.093] [INFO ] 
[12:39:48.093] [INFO ] ╔══════════════════════════════════════════════════════════════════════════╗
[12:39:48.094] [INFO ] ║  ✅ SCRAPE SUCCESSFUL - SCRAPE_20260128_123938_7A72
[12:39:48.094] [INFO ] ╠══════════════════════════════════════════════════════════════════════════╣
[12:39:48.094] [INFO ] 
[12:39:48.094] [INFO ]     ┌─ TIMING BREAKDOWN ───────────────────────────────────────────┐
[12:39:48.094] [INFO ]     │ Browser Launch:      0.06s
[12:39:48.094] [INFO ]     │ Page Load:           2.48s
[12:39:48.094] [INFO ]     │ Cloudflare Wait:     0.00s
[12:39:48.094] [INFO ]     │ Human Simulation:    5.05s
[12:39:48.094] [INFO ]     │
[12:39:48.094] [INFO ]     │ Content Extraction:  0.12s
[12:39:48.094] [INFO ]     │ ─────────────────────────────────────────────────────────────
[12:39:48.094] [INFO ]     │ TOTAL TIME:          7.70s
[12:39:48.094] [INFO ]     └──────────────────────────────────────────────────────────────┘
[12:39:48.094] [INFO ] 
[12:39:48.094] [INFO ]     ┌─ CONTENT METRICS ────────────────────────────────────────────┐
[12:39:48.094] [INFO ]     │ Title:            What Is GDPR? - Meaning & Compliance Checklist | P
[12:39:48.094] [INFO ]     │ Final URL:        https://www.proofpoint.com/us/threat-reference/gdpr
[12:39:48.094] [INFO ]     │ HTML Size:        253,925 bytes
[12:39:48.094] [INFO ]     │ Text Size:        10,425 chars
[12:39:48.094] [INFO ]     │ Word Count:       ~1641 words
[12:39:48.094] [INFO ]     │ Extraction:       trafilatura
[12:39:48.094] [INFO ]     │ Has Article:      ✅ Yes
[12:39:48.094] [INFO ]     └──────────────────────────────────────────────────────────────┘
[12:39:48.094] [INFO ] ╠══════════════════════════════════════════════════════════════════════════╣
[12:39:48.094] [INFO ] ║  📊 SESSION STATS
[12:39:48.094] [INFO ] ║  ├─ Strategies Tried:   domcontentloaded
[12:39:48.094] [INFO ] ║  ├─ Popups Dismissed:   0
[12:39:48.094] [INFO ] ║  ├─ Cloudflare:         Not detected
[12:39:48.094] [INFO ] ║  └─ Proxy Used:         Direct
[12:39:48.094] [INFO ] ╚══════════════════════════════════════════════════════════════════════════╝
[12:39:48.094] [INFO ] 

================================================================================
STATUS: SUCCESS
TOTAL TIME: 9.60s
ENDED: 2026-01-28T12:39:48.094544+02:00 (Egypt Time)
END OF SCRAPE LOG
================================================================================