================================================================================
SCRAPE LOG: https://www.isms.online/iso-27001/
Started: 2026-01-26 13:22:01
Session ID: SCRAPE_20260126_132201_B19C
================================================================================
[13:22:01.351] [INFO ] 📝 Scrape log: /app/data/logs/scrapes/2026-01-26_132201_isms.online.log
[13:22:01.351] [DEBUG] ⏱️ Timeout set to 45s for this scrape
[13:22:01.704] [INFO ] 
[13:22:01.704] [INFO ]     🚀 BROWSER LAUNCHED
[13:22:01.704] [INFO ]     ├─ Mode:       Headless
[13:22:01.704] [INFO ]     ├─ Slow Mo:    54ms
[13:22:01.704] [INFO ]     ├─ Launch Time: 0.06s
[13:22:01.704] [INFO ]     └─ Args:       Anti-automation flags enabled
[13:22:01.721] [DEBUG] Browser profile: viewport={'width': 1366, 'height': 768}, locale=en-CA, tz=UTC
[13:22:01.721] [INFO ] 
[13:22:01.721] [INFO ] ╔══════════════════════════════════════════════════════════════════════════╗
[13:22:01.721] [INFO ] ║  📋 SESSION: SCRAPE_20260126_132201_B19C
[13:22:01.721] [INFO ] ║  🌐 URL: https://www.isms.online/iso-27001/
[13:22:01.721] [INFO ] ║  🔄 ATTEMPT: 1/2
[13:22:01.721] [INFO ] ║  ⏰ STARTED: 2026-01-26T13:22:01.721126+02:00 (Egypt Time)
[13:22:01.721] [INFO ] ╠══════════════════════════════════════════════════════════════════════════╣
[13:22:01.721] [INFO ] 
[13:22:01.721] [INFO ]     ┌─ BROWSER FINGERPRINT ────────────────────────────────────────┐
[13:22:01.721] [INFO ]     │ Browser:     CHROME v119
[13:22:01.721] [INFO ]     │ User-Agent:  Mozilla/5.0 (X11; Linux x86_64) AppleWebKit/537.36 (KHTML, like Gecko)...
[13:22:01.721] [INFO ]     │ Viewport:    1366x768
[13:22:01.721] [INFO ]     │ Sec-CH-UA:   (not applicable)...
[13:22:01.721] [INFO ]     ├─ LOCATION PROFILE ───────────────────────────────────────────┤
[13:22:01.721] [INFO ]     │ Location:    Vancouver, Canada
[13:22:01.721] [INFO ]     │ Timezone:    N/A
[13:22:01.721] [INFO ]     │ Locale:      en-CA
[13:22:01.721] [INFO ]     │ Geo:         0, 0
[13:22:01.721] [INFO ]     ├─ NETWORK ────────────────────────────────────────────────────┤
[13:22:01.721] [INFO ]     │ Proxy:       Direct (no proxy)
[13:22:01.721] [INFO ]     │ Referrer:    https://www.google.com/search?q=www+isms+online
[13:22:01.721] [INFO ]     └──────────────────────────────────────────────────────────────┘
[13:22:01.721] [INFO ] ╚══════════════════════════════════════════════════════════════════════════╝
[13:22:01.721] [INFO ] 🛡️ Injected anti-detection scripts at context level
[13:22:01.721] [DEBUG]    └─ Canvas noise, WebGL spoof, Browser patches
[13:22:01.721] [INFO ] 
[13:22:01.721] [INFO ]     🛡️ ANTI-DETECTION SCRIPTS INJECTED (CONTEXT level)
[13:22:01.721] [INFO ]     ├─ Canvas fingerprint noise
[13:22:01.721] [INFO ]     ├─ WebGL renderer/vendor spoof
[13:22:01.721] [INFO ]     ├─ Hardware concurrency randomization
[13:22:01.721] [INFO ]     ├─ Device memory randomization
[13:22:01.721] [INFO ]     ├─ Plugin masking
[13:22:01.721] [INFO ]     ├─ WebRTC IP leak protection
[13:22:01.721] [INFO ]     ├─ Network connection spoof
[13:22:01.721] [INFO ]     └─ Battery API spoof
[13:22:01.763] [INFO ] 
[13:22:01.763] [INFO ]     🥷 STEALTH MODE APPLIED
[13:22:01.763] [INFO ]     ├─ Navigator patches (webdriver, plugins, languages)
[13:22:01.763] [INFO ]     ├─ Chrome runtime patches
[13:22:01.763] [INFO ]     ├─ Console patches
[13:22:01.763] [INFO ]     └─ Permission patches
[13:22:01.763] [INFO ] 🛡️ Injected anti-detection scripts at page level
[13:22:01.763] [DEBUG]    └─ Canvas noise, WebGL spoof, Browser patches
[13:22:01.763] [INFO ] 
[13:22:01.763] [INFO ]     🛡️ ANTI-DETECTION SCRIPTS INJECTED (PAGE level)
[13:22:01.763] [INFO ]     ├─ Canvas fingerprint noise
[13:22:01.763] [INFO ]     ├─ WebGL renderer/vendor spoof
[13:22:01.763] [INFO ]     ├─ Hardware concurrency randomization
[13:22:01.763] [INFO ]     ├─ Device memory randomization
[13:22:01.763] [INFO ]     ├─ Plugin masking
[13:22:01.763] [INFO ]     ├─ WebRTC IP leak protection
[13:22:01.763] [INFO ]     ├─ Network connection spoof
[13:22:01.763] [INFO ]     └─ Battery API spoof
[13:22:01.763] [DEBUG] Enabled resource blocking (images, media, fonts)
[13:22:01.763] [INFO ] 
[13:22:01.763] [INFO ]     🔗 NAVIGATING TO URL
[13:22:01.763] [INFO ]     ├─ Strategy:   domcontentloaded
[13:22:01.763] [INFO ]     ├─ Timeout:    15.0s
[13:22:01.763] [INFO ]     └─ Sleep:      1s after load
[13:22:03.316] [INFO ] 
[13:22:03.316] [INFO ]     ✅ PAGE LOADED
[13:22:03.316] [INFO ]     ├─ Final URL:  https://www.isms.online/iso-27001/
[13:22:03.316] [INFO ]     ├─ Title:      What is ISO/IEC 27001, The Information Security Standard
[13:22:03.316] [INFO ]     └─ Load Time:  1.55s
[13:22:07.401] [INFO ] 🧑 Human behavior simulation...
[13:22:13.193] [INFO ] 🖱️ Mouse: 3 moves in 1366x768
[13:22:13.193] [INFO ] 🖱️ Mouse completed: 3 moves
[13:22:13.193] [INFO ] 📜 Scroll: page height, viewport=768px
[13:22:13.193] [INFO ] 📜 Scroll completed: 1 scrolls
[13:22:13.193] [INFO ] 🧑 Human behavior completed in 5.8s ✓
[13:22:13.193] [INFO ] 
[13:22:13.193] [INFO ]     🧑 HUMAN BEHAVIOR SIMULATED
[13:22:13.193] [INFO ]     ├─ Mouse Movements: 3
[13:22:13.193] [INFO ]     ├─ Scroll Actions:  1
[13:22:13.193] [INFO ]     └─ Time Spent:      5.79s
[13:22:13.823] [INFO ] 
[13:22:13.823] [INFO ]     ┌─ CONTENT METRICS ────────────────────────────────────────────┐
[13:22:13.823] [INFO ]     │ Title:            What is ISO/IEC 27001, The Information Security St
[13:22:13.823] [INFO ]     │ Final URL:        https://www.isms.online/iso-27001/
[13:22:13.823] [INFO ]     │ HTML Size:        651,907 bytes
[13:22:13.823] [INFO ]     │ Text Size:        51,834 chars
[13:22:13.823] [INFO ]     │ Word Count:       ~7250 words
[13:22:13.823] [INFO ]     │ Extraction:       trafilatura
[13:22:13.823] [INFO ]     │ Has Article:      ✅ Yes
[13:22:13.823] [INFO ]     └──────────────────────────────────────────────────────────────┘
[13:22:13.858] [INFO ] 
[13:22:13.858] [INFO ] ╔══════════════════════════════════════════════════════════════════════════╗
[13:22:13.858] [INFO ] ║  ✅ SCRAPE SUCCESSFUL - SCRAPE_20260126_132201_B19C
[13:22:13.858] [INFO ] ╠══════════════════════════════════════════════════════════════════════════╣
[13:22:13.858] [INFO ] 
[13:22:13.858] [INFO ]     ┌─ TIMING BREAKDOWN ───────────────────────────────────────────┐
[13:22:13.858] [INFO ]     │ Browser Launch:      0.06s
[13:22:13.858] [INFO ]     │ Page Load:           1.55s
[13:22:13.858] [INFO ]     │ Cloudflare Wait:     0.00s
[13:22:13.858] [INFO ]     │ Human Simulation:    5.79s
[13:22:13.858] [INFO ]     │
[13:22:13.858] [INFO ]     │ Content Extraction:  0.49s
[13:22:13.858] [INFO ]     │ ─────────────────────────────────────────────────────────────
[13:22:13.858] [INFO ]     │ TOTAL TIME:          7.89s
[13:22:13.858] [INFO ]     └──────────────────────────────────────────────────────────────┘
[13:22:13.858] [INFO ] 
[13:22:13.859] [INFO ]     ┌─ CONTENT METRICS ────────────────────────────────────────────┐
[13:22:13.859] [INFO ]     │ Title:            What is ISO/IEC 27001, The Information Security St
[13:22:13.859] [INFO ]     │ Final URL:        https://www.isms.online/iso-27001/
[13:22:13.859] [INFO ]     │ HTML Size:        651,907 bytes
[13:22:13.859] [INFO ]     │ Text Size:        51,834 chars
[13:22:13.859] [INFO ]     │ Word Count:       ~7250 words
[13:22:13.859] [INFO ]     │ Extraction:       trafilatura
[13:22:13.859] [INFO ]     │ Has Article:      ✅ Yes
[13:22:13.859] [INFO ]     └──────────────────────────────────────────────────────────────┘
[13:22:13.859] [INFO ] ╠══════════════════════════════════════════════════════════════════════════╣
[13:22:13.859] [INFO ] ║  📊 SESSION STATS
[13:22:13.859] [INFO ] ║  ├─ Strategies Tried:   domcontentloaded
[13:22:13.859] [INFO ] ║  ├─ Popups Dismissed:   0
[13:22:13.859] [INFO ] ║  ├─ Cloudflare:         Not detected
[13:22:13.859] [INFO ] ║  └─ Proxy Used:         Direct
[13:22:13.859] [INFO ] ╚══════════════════════════════════════════════════════════════════════════╝
[13:22:13.859] [INFO ] 

================================================================================
STATUS: SUCCESS
TOTAL TIME: 12.51s
ENDED: 2026-01-26T13:22:13.859684+02:00 (Egypt Time)
END OF SCRAPE LOG
================================================================================