================================================================================
SCRAPE LOG: https://hallboothsmith.com/egypt-passes-personal-data-protection-law/
Started: 2026-01-30 00:03:01
Session ID: SCRAPE_20260130_000301_1537
================================================================================
[00:03:01.611] [INFO ] 📝 Scrape log: /app/data/logs/scrapes/2026-01-30_000301_hallboothsmith.com.log
[00:03:01.611] [DEBUG] ⏱️ Timeout set to 45s for this scrape
[00:03:01.960] [INFO ] 
[00:03:01.960] [INFO ]     🚀 BROWSER LAUNCHED
[00:03:01.960] [INFO ]     ├─ Mode:       Headless
[00:03:01.960] [INFO ]     ├─ Slow Mo:    44ms
[00:03:01.960] [INFO ]     ├─ Launch Time: 0.06s
[00:03:01.960] [INFO ]     └─ Args:       Anti-automation flags enabled
[00:03:01.979] [DEBUG] Browser profile: viewport={'width': 1512, 'height': 982}, locale=en-CA, tz=UTC
[00:03:01.979] [INFO ] 
[00:03:01.979] [INFO ] ╔══════════════════════════════════════════════════════════════════════════╗
[00:03:01.979] [INFO ] ║  📋 SESSION: SCRAPE_20260130_000301_1537
[00:03:01.979] [INFO ] ║  🌐 URL: https://hallboothsmith.com/egypt-passes-personal-data-protection-law/
[00:03:01.979] [INFO ] ║  🔄 ATTEMPT: 1/2
[00:03:01.979] [INFO ] ║  ⏰ STARTED: 2026-01-30T00:03:01.979122+02:00 (Egypt Time)
[00:03:01.979] [INFO ] ╠══════════════════════════════════════════════════════════════════════════╣
[00:03:01.979] [INFO ] 
[00:03:01.979] [INFO ]     ┌─ BROWSER FINGERPRINT ────────────────────────────────────────┐
[00:03:01.979] [INFO ]     │ Browser:     CHROME v120
[00:03:01.979] [INFO ]     │ User-Agent:  Mozilla/5.0 (Macintosh; Intel Mac OS X 10_15_7) AppleWebKit/537.36 (KH...
[00:03:01.979] [INFO ]     │ Viewport:    1512x982
[00:03:01.979] [INFO ]     │ Sec-CH-UA:   (not applicable)...
[00:03:01.979] [INFO ]     ├─ LOCATION PROFILE ───────────────────────────────────────────┤
[00:03:01.979] [INFO ]     │ Location:    Toronto, Canada
[00:03:01.979] [INFO ]     │ Timezone:    N/A
[00:03:01.979] [INFO ]     │ Locale:      en-CA
[00:03:01.979] [INFO ]     │ Geo:         0, 0
[00:03:01.979] [INFO ]     ├─ NETWORK ────────────────────────────────────────────────────┤
[00:03:01.979] [INFO ]     │ Proxy:       Direct (no proxy)
[00:03:01.979] [INFO ]     │ Referrer:    https://www.facebook.com/
[00:03:01.979] [INFO ]     └──────────────────────────────────────────────────────────────┘
[00:03:01.979] [INFO ] ╚══════════════════════════════════════════════════════════════════════════╝
[00:03:01.979] [INFO ] 🛡️ Injected anti-detection scripts at context level
[00:03:01.979] [DEBUG]    └─ Canvas noise, WebGL spoof, Browser patches
[00:03:01.979] [INFO ] 
[00:03:01.979] [INFO ]     🛡️ ANTI-DETECTION SCRIPTS INJECTED (CONTEXT level)
[00:03:01.979] [INFO ]     ├─ Canvas fingerprint noise
[00:03:01.979] [INFO ]     ├─ WebGL renderer/vendor spoof
[00:03:01.979] [INFO ]     ├─ Hardware concurrency randomization
[00:03:01.979] [INFO ]     ├─ Device memory randomization
[00:03:01.979] [INFO ]     ├─ Plugin masking
[00:03:01.979] [INFO ]     ├─ WebRTC IP leak protection
[00:03:01.979] [INFO ]     ├─ Network connection spoof
[00:03:01.979] [INFO ]     └─ Battery API spoof
[00:03:02.022] [INFO ] 
[00:03:02.022] [INFO ]     🥷 STEALTH MODE APPLIED
[00:03:02.022] [INFO ]     ├─ Navigator patches (webdriver, plugins, languages)
[00:03:02.022] [INFO ]     ├─ Chrome runtime patches
[00:03:02.022] [INFO ]     ├─ Console patches
[00:03:02.022] [INFO ]     └─ Permission patches
[00:03:02.022] [INFO ] 🛡️ Injected anti-detection scripts at page level
[00:03:02.022] [DEBUG]    └─ Canvas noise, WebGL spoof, Browser patches
[00:03:02.022] [INFO ] 
[00:03:02.022] [INFO ]     🛡️ ANTI-DETECTION SCRIPTS INJECTED (PAGE level)
[00:03:02.022] [INFO ]     ├─ Canvas fingerprint noise
[00:03:02.022] [INFO ]     ├─ WebGL renderer/vendor spoof
[00:03:02.022] [INFO ]     ├─ Hardware concurrency randomization
[00:03:02.022] [INFO ]     ├─ Device memory randomization
[00:03:02.022] [INFO ]     ├─ Plugin masking
[00:03:02.022] [INFO ]     ├─ WebRTC IP leak protection
[00:03:02.022] [INFO ]     ├─ Network connection spoof
[00:03:02.022] [INFO ]     └─ Battery API spoof
[00:03:02.022] [DEBUG] Enabled resource blocking (images, media, fonts)
[00:03:02.022] [INFO ] 
[00:03:02.022] [INFO ]     🔗 NAVIGATING TO URL
[00:03:02.022] [INFO ]     ├─ Strategy:   domcontentloaded
[00:03:02.022] [INFO ]     ├─ Timeout:    15.0s
[00:03:02.022] [INFO ]     └─ Sleep:      1s after load
[00:03:05.231] [INFO ] 
[00:03:05.231] [INFO ]     ✅ PAGE LOADED
[00:03:05.231] [INFO ]     ├─ Final URL:  https://hallboothsmith.com/egypt-passes-personal-data-protection-law/
[00:03:05.231] [INFO ]     ├─ Title:      Egypt Passes New Personal Data Protection Law
[00:03:05.231] [INFO ]     └─ Load Time:  3.21s
[00:03:06.494] [INFO ] 🧑 Human behavior simulation...
[00:03:09.322] [INFO ] 🖱️ Mouse: 2 moves in 1512x982
[00:03:09.322] [INFO ] 🖱️ Mouse completed: 2 moves
[00:03:09.322] [INFO ] 📜 Scroll: page height, viewport=982px
[00:03:09.322] [INFO ] 📜 Scroll completed: 1 scrolls
[00:03:09.322] [INFO ] 🧑 Human behavior completed in 2.8s ✓
[00:03:09.322] [INFO ] 
[00:03:09.322] [INFO ]     🧑 HUMAN BEHAVIOR SIMULATED
[00:03:09.322] [INFO ]     ├─ Mouse Movements: 2
[00:03:09.323] [INFO ]     ├─ Scroll Actions:  1
[00:03:09.323] [INFO ]     └─ Time Spent:      2.83s
[00:03:09.502] [INFO ] 
[00:03:09.502] [INFO ]     ┌─ CONTENT METRICS ────────────────────────────────────────────┐
[00:03:09.502] [INFO ]     │ Title:            Egypt Passes New Personal Data Protection Law
[00:03:09.502] [INFO ]     │ Final URL:        https://hallboothsmith.com/egypt-passes-personal-data-protection-law/
[00:03:09.502] [INFO ]     │ HTML Size:        279,651 bytes
[00:03:09.502] [INFO ]     │ Text Size:        2,296 chars
[00:03:09.502] [INFO ]     │ Word Count:       ~374 words
[00:03:09.502] [INFO ]     │ Extraction:       trafilatura
[00:03:09.502] [INFO ]     │ Has Article:      ✅ Yes
[00:03:09.502] [INFO ]     └──────────────────────────────────────────────────────────────┘
[00:03:09.533] [INFO ] 
[00:03:09.533] [INFO ] ╔══════════════════════════════════════════════════════════════════════════╗
[00:03:09.533] [INFO ] ║  ✅ SCRAPE SUCCESSFUL - SCRAPE_20260130_000301_1537
[00:03:09.533] [INFO ] ╠══════════════════════════════════════════════════════════════════════════╣
[00:03:09.533] [INFO ] 
[00:03:09.533] [INFO ]     ┌─ TIMING BREAKDOWN ───────────────────────────────────────────┐
[00:03:09.533] [INFO ]     │ Browser Launch:      0.06s
[00:03:09.533] [INFO ]     │ Page Load:           3.21s
[00:03:09.533] [INFO ]     │ Cloudflare Wait:     0.00s
[00:03:09.533] [INFO ]     │ Human Simulation:    2.83s
[00:03:09.533] [INFO ]     │
[00:03:09.534] [INFO ]     │ Content Extraction:  0.07s
[00:03:09.534] [INFO ]     │ ─────────────────────────────────────────────────────────────
[00:03:09.534] [INFO ]     │ TOTAL TIME:          6.16s
[00:03:09.534] [INFO ]     └──────────────────────────────────────────────────────────────┘
[00:03:09.534] [INFO ] 
[00:03:09.534] [INFO ]     ┌─ CONTENT METRICS ────────────────────────────────────────────┐
[00:03:09.534] [INFO ]     │ Title:            Egypt Passes New Personal Data Protection Law
[00:03:09.534] [INFO ]     │ Final URL:        https://hallboothsmith.com/egypt-passes-personal-data-protection-law/
[00:03:09.534] [INFO ]     │ HTML Size:        279,651 bytes
[00:03:09.534] [INFO ]     │ Text Size:        2,296 chars
[00:03:09.534] [INFO ]     │ Word Count:       ~374 words
[00:03:09.534] [INFO ]     │ Extraction:       trafilatura
[00:03:09.534] [INFO ]     │ Has Article:      ✅ Yes
[00:03:09.534] [INFO ]     └──────────────────────────────────────────────────────────────┘
[00:03:09.534] [INFO ] ╠══════════════════════════════════════════════════════════════════════════╣
[00:03:09.534] [INFO ] ║  📊 SESSION STATS
[00:03:09.534] [INFO ] ║  ├─ Strategies Tried:   domcontentloaded
[00:03:09.534] [INFO ] ║  ├─ Popups Dismissed:   0
[00:03:09.534] [INFO ] ║  ├─ Cloudflare:         Not detected
[00:03:09.534] [INFO ] ║  └─ Proxy Used:         Direct
[00:03:09.534] [INFO ] ╚══════════════════════════════════════════════════════════════════════════╝
[00:03:09.534] [INFO ] 

================================================================================
STATUS: SUCCESS
TOTAL TIME: 7.92s
ENDED: 2026-01-30T00:03:09.534147+02:00 (Egypt Time)
END OF SCRAPE LOG
================================================================================