================================================================================
SCRAPE LOG: https://gdpr-info.eu/
Started: 2026-01-28 12:41:51
Session ID: SCRAPE_20260128_124151_E77C
================================================================================
[12:41:51.964] [INFO ] 📝 Scrape log: /app/data/logs/scrapes/2026-01-28_124151_gdpr-info.eu.log
[12:41:51.964] [DEBUG] ⏱️ Timeout set to 45s for this scrape
[12:41:52.303] [INFO ] 
[12:41:52.303] [INFO ]     🚀 BROWSER LAUNCHED
[12:41:52.303] [INFO ]     ├─ Mode:       Headless
[12:41:52.303] [INFO ]     ├─ Slow Mo:    42ms
[12:41:52.303] [INFO ]     ├─ Launch Time: 0.06s
[12:41:52.303] [INFO ]     └─ Args:       Anti-automation flags enabled
[12:41:52.320] [DEBUG] Browser profile: viewport={'width': 1920, 'height': 1080}, locale=en-US, tz=UTC
[12:41:52.320] [INFO ] 
[12:41:52.320] [INFO ] ╔══════════════════════════════════════════════════════════════════════════╗
[12:41:52.320] [INFO ] ║  📋 SESSION: SCRAPE_20260128_124151_E77C
[12:41:52.320] [INFO ] ║  🌐 URL: https://gdpr-info.eu/
[12:41:52.320] [INFO ] ║  🔄 ATTEMPT: 1/2
[12:41:52.320] [INFO ] ║  ⏰ STARTED: 2026-01-28T12:41:52.320927+02:00 (Egypt Time)
[12:41:52.320] [INFO ] ╠══════════════════════════════════════════════════════════════════════════╣
[12:41:52.320] [INFO ] 
[12:41:52.320] [INFO ]     ┌─ BROWSER FINGERPRINT ────────────────────────────────────────┐
[12:41:52.320] [INFO ]     │ Browser:     CHROME v123
[12:41:52.320] [INFO ]     │ User-Agent:  Mozilla/5.0 (Windows NT 10.0; Win64; x64) AppleWebKit/537.36 (KHTML, l...
[12:41:52.320] [INFO ]     │ Viewport:    1920x1080
[12:41:52.320] [INFO ]     │ Sec-CH-UA:   (not applicable)...
[12:41:52.320] [INFO ]     ├─ LOCATION PROFILE ───────────────────────────────────────────┤
[12:41:52.320] [INFO ]     │ Location:    Seattle, USA
[12:41:52.320] [INFO ]     │ Timezone:    N/A
[12:41:52.320] [INFO ]     │ Locale:      en-US
[12:41:52.320] [INFO ]     │ Geo:         0, 0
[12:41:52.320] [INFO ]     ├─ NETWORK ────────────────────────────────────────────────────┤
[12:41:52.321] [INFO ]     │ Proxy:       Direct (no proxy)
[12:41:52.321] [INFO ]     │ Referrer:    https://www.google.com/search?q=gdpr-info+eu
[12:41:52.321] [INFO ]     └──────────────────────────────────────────────────────────────┘
[12:41:52.321] [INFO ] ╚══════════════════════════════════════════════════════════════════════════╝
[12:41:52.321] [INFO ] 🛡️ Injected anti-detection scripts at context level
[12:41:52.321] [DEBUG]    └─ Canvas noise, WebGL spoof, Browser patches
[12:41:52.321] [INFO ] 
[12:41:52.321] [INFO ]     🛡️ ANTI-DETECTION SCRIPTS INJECTED (CONTEXT level)
[12:41:52.321] [INFO ]     ├─ Canvas fingerprint noise
[12:41:52.321] [INFO ]     ├─ WebGL renderer/vendor spoof
[12:41:52.321] [INFO ]     ├─ Hardware concurrency randomization
[12:41:52.321] [INFO ]     ├─ Device memory randomization
[12:41:52.321] [INFO ]     ├─ Plugin masking
[12:41:52.321] [INFO ]     ├─ WebRTC IP leak protection
[12:41:52.321] [INFO ]     ├─ Network connection spoof
[12:41:52.321] [INFO ]     └─ Battery API spoof
[12:41:52.362] [INFO ] 
[12:41:52.362] [INFO ]     🥷 STEALTH MODE APPLIED
[12:41:52.362] [INFO ]     ├─ Navigator patches (webdriver, plugins, languages)
[12:41:52.362] [INFO ]     ├─ Chrome runtime patches
[12:41:52.362] [INFO ]     ├─ Console patches
[12:41:52.362] [INFO ]     └─ Permission patches
[12:41:52.362] [INFO ] 🛡️ Injected anti-detection scripts at page level
[12:41:52.362] [DEBUG]    └─ Canvas noise, WebGL spoof, Browser patches
[12:41:52.362] [INFO ] 
[12:41:52.362] [INFO ]     🛡️ ANTI-DETECTION SCRIPTS INJECTED (PAGE level)
[12:41:52.362] [INFO ]     ├─ Canvas fingerprint noise
[12:41:52.362] [INFO ]     ├─ WebGL renderer/vendor spoof
[12:41:52.362] [INFO ]     ├─ Hardware concurrency randomization
[12:41:52.362] [INFO ]     ├─ Device memory randomization
[12:41:52.362] [INFO ]     ├─ Plugin masking
[12:41:52.362] [INFO ]     ├─ WebRTC IP leak protection
[12:41:52.362] [INFO ]     ├─ Network connection spoof
[12:41:52.362] [INFO ]     └─ Battery API spoof
[12:41:52.362] [DEBUG] Enabled resource blocking (images, media, fonts)
[12:41:52.362] [INFO ] 
[12:41:52.362] [INFO ]     🔗 NAVIGATING TO URL
[12:41:52.362] [INFO ]     ├─ Strategy:   domcontentloaded
[12:41:52.362] [INFO ]     ├─ Timeout:    15.0s
[12:41:52.362] [INFO ]     └─ Sleep:      1s after load
[12:41:53.239] [INFO ] 
[12:41:53.239] [INFO ]     ✅ PAGE LOADED
[12:41:53.239] [INFO ]     ├─ Final URL:  https://gdpr-info.eu/
[12:41:53.239] [INFO ]     ├─ Title:      General Data Protection Regulation (GDPR) – Legal Text
[12:41:53.239] [INFO ]     └─ Load Time:  0.88s
[12:41:54.448] [INFO ] 🧑 Human behavior simulation...
[12:41:57.238] [INFO ] 🖱️ Mouse: 2 moves in 1920x1080
[12:41:57.238] [INFO ] 🖱️ Mouse completed: 2 moves
[12:41:57.238] [INFO ] 📜 Scroll: page height, viewport=1080px
[12:41:57.238] [INFO ] 📜 Scroll completed: 2 scrolls
[12:41:57.238] [INFO ] 🧑 Human behavior completed in 2.8s ✓
[12:41:57.238] [INFO ] 
[12:41:57.238] [INFO ]     🧑 HUMAN BEHAVIOR SIMULATED
[12:41:57.238] [INFO ]     ├─ Mouse Movements: 2
[12:41:57.238] [INFO ]     ├─ Scroll Actions:  2
[12:41:57.238] [INFO ]     └─ Time Spent:      2.79s
[12:41:57.368] [INFO ] 
[12:41:57.368] [INFO ]     ┌─ CONTENT METRICS ────────────────────────────────────────────┐
[12:41:57.368] [INFO ]     │ Title:            General Data Protection Regulation (GDPR) – Legal 
[12:41:57.368] [INFO ]     │ Final URL:        https://gdpr-info.eu/
[12:41:57.368] [INFO ]     │ HTML Size:        116,868 bytes
[12:41:57.368] [INFO ]     │ Text Size:        2,425 chars
[12:41:57.368] [INFO ]     │ Word Count:       ~454 words
[12:41:57.368] [INFO ]     │ Extraction:       trafilatura
[12:41:57.368] [INFO ]     │ Has Article:      ✅ Yes
[12:41:57.368] [INFO ]     └──────────────────────────────────────────────────────────────┘
[12:41:57.396] [INFO ] 
[12:41:57.396] [INFO ] ╔══════════════════════════════════════════════════════════════════════════╗
[12:41:57.396] [INFO ] ║  ✅ SCRAPE SUCCESSFUL - SCRAPE_20260128_124151_E77C
[12:41:57.396] [INFO ] ╠══════════════════════════════════════════════════════════════════════════╣
[12:41:57.396] [INFO ] 
[12:41:57.396] [INFO ]     ┌─ TIMING BREAKDOWN ───────────────────────────────────────────┐
[12:41:57.396] [INFO ]     │ Browser Launch:      0.06s
[12:41:57.396] [INFO ]     │ Page Load:           0.88s
[12:41:57.396] [INFO ]     │ Cloudflare Wait:     0.00s
[12:41:57.396] [INFO ]     │ Human Simulation:    2.79s
[12:41:57.396] [INFO ]     │
[12:41:57.396] [INFO ]     │ Content Extraction:  0.10s
[12:41:57.396] [INFO ]     │ ─────────────────────────────────────────────────────────────
[12:41:57.396] [INFO ]     │ TOTAL TIME:          3.82s
[12:41:57.396] [INFO ]     └──────────────────────────────────────────────────────────────┘
[12:41:57.396] [INFO ] 
[12:41:57.396] [INFO ]     ┌─ CONTENT METRICS ────────────────────────────────────────────┐
[12:41:57.396] [INFO ]     │ Title:            General Data Protection Regulation (GDPR) – Legal 
[12:41:57.396] [INFO ]     │ Final URL:        https://gdpr-info.eu/
[12:41:57.396] [INFO ]     │ HTML Size:        116,868 bytes
[12:41:57.396] [INFO ]     │ Text Size:        2,425 chars
[12:41:57.396] [INFO ]     │ Word Count:       ~454 words
[12:41:57.396] [INFO ]     │ Extraction:       trafilatura
[12:41:57.396] [INFO ]     │ Has Article:      ✅ Yes
[12:41:57.396] [INFO ]     └──────────────────────────────────────────────────────────────┘
[12:41:57.396] [INFO ] ╠══════════════════════════════════════════════════════════════════════════╣
[12:41:57.396] [INFO ] ║  📊 SESSION STATS
[12:41:57.396] [INFO ] ║  ├─ Strategies Tried:   domcontentloaded
[12:41:57.396] [INFO ] ║  ├─ Popups Dismissed:   0
[12:41:57.396] [INFO ] ║  ├─ Cloudflare:         Not detected
[12:41:57.396] [INFO ] ║  └─ Proxy Used:         Direct
[12:41:57.396] [INFO ] ╚══════════════════════════════════════════════════════════════════════════╝
[12:41:57.396] [INFO ] 

================================================================================
STATUS: SUCCESS
TOTAL TIME: 5.43s
ENDED: 2026-01-28T12:41:57.396850+02:00 (Egypt Time)
END OF SCRAPE LOG
================================================================================