================================================================================
SCRAPE LOG: https://www.orangecyberdefense.com/no/offering/professional-services/security-regulation-compliance/nis2-directive
Started: 2026-01-29 21:35:28
Session ID: SCRAPE_20260129_213528_6BBB
================================================================================
[21:35:28.248] [INFO ] 📝 Scrape log: /app/data/logs/scrapes/2026-01-29_213528_orangecyberdefense.com.log
[21:35:28.249] [DEBUG] ⏱️ Timeout set to 45s for this scrape
[21:35:28.588] [INFO ] 
[21:35:28.588] [INFO ]     🚀 BROWSER LAUNCHED
[21:35:28.588] [INFO ]     ├─ Mode:       Headless
[21:35:28.588] [INFO ]     ├─ Slow Mo:    54ms
[21:35:28.588] [INFO ]     ├─ Launch Time: 0.05s
[21:35:28.588] [INFO ]     └─ Args:       Anti-automation flags enabled
[21:35:28.604] [DEBUG] Browser profile: viewport={'width': 1728, 'height': 1117}, locale=en-CA, tz=UTC
[21:35:28.604] [INFO ] 
[21:35:28.604] [INFO ] ╔══════════════════════════════════════════════════════════════════════════╗
[21:35:28.604] [INFO ] ║  📋 SESSION: SCRAPE_20260129_213528_6BBB
[21:35:28.604] [INFO ] ║  🌐 URL: https://www.orangecyberdefense.com/no/offering/professional-services/security-regulation-compliance/nis2-directive
[21:35:28.604] [INFO ] ║  🔄 ATTEMPT: 1/2
[21:35:28.604] [INFO ] ║  ⏰ STARTED: 2026-01-29T21:35:28.604164+02:00 (Egypt Time)
[21:35:28.604] [INFO ] ╠══════════════════════════════════════════════════════════════════════════╣
[21:35:28.604] [INFO ] 
[21:35:28.604] [INFO ]     ┌─ BROWSER FINGERPRINT ────────────────────────────────────────┐
[21:35:28.604] [INFO ]     │ Browser:     SAFARI v17
[21:35:28.604] [INFO ]     │ User-Agent:  Mozilla/5.0 (Macintosh; Intel Mac OS X 10_15_7) AppleWebKit/605.1.15 (...
[21:35:28.604] [INFO ]     │ Viewport:    1728x1117
[21:35:28.604] [INFO ]     │ Sec-CH-UA:   (not applicable)...
[21:35:28.604] [INFO ]     ├─ LOCATION PROFILE ───────────────────────────────────────────┤
[21:35:28.604] [INFO ]     │ Location:    Toronto, Canada
[21:35:28.604] [INFO ]     │ Timezone:    N/A
[21:35:28.604] [INFO ]     │ Locale:      en-CA
[21:35:28.604] [INFO ]     │ Geo:         0, 0
[21:35:28.604] [INFO ]     ├─ NETWORK ────────────────────────────────────────────────────┤
[21:35:28.604] [INFO ]     │ Proxy:       Direct (no proxy)
[21:35:28.604] [INFO ]     │ Referrer:    https://www.google.com/
[21:35:28.604] [INFO ]     └──────────────────────────────────────────────────────────────┘
[21:35:28.604] [INFO ] ╚══════════════════════════════════════════════════════════════════════════╝
[21:35:28.604] [INFO ] 🛡️ Injected anti-detection scripts at context level
[21:35:28.604] [DEBUG]    └─ Canvas noise, WebGL spoof, Browser patches
[21:35:28.604] [INFO ] 
[21:35:28.604] [INFO ]     🛡️ ANTI-DETECTION SCRIPTS INJECTED (CONTEXT level)
[21:35:28.604] [INFO ]     ├─ Canvas fingerprint noise
[21:35:28.604] [INFO ]     ├─ WebGL renderer/vendor spoof
[21:35:28.604] [INFO ]     ├─ Hardware concurrency randomization
[21:35:28.604] [INFO ]     ├─ Device memory randomization
[21:35:28.604] [INFO ]     ├─ Plugin masking
[21:35:28.604] [INFO ]     ├─ WebRTC IP leak protection
[21:35:28.604] [INFO ]     ├─ Network connection spoof
[21:35:28.604] [INFO ]     └─ Battery API spoof
[21:35:28.644] [INFO ] 
[21:35:28.644] [INFO ]     🥷 STEALTH MODE APPLIED
[21:35:28.644] [INFO ]     ├─ Navigator patches (webdriver, plugins, languages)
[21:35:28.644] [INFO ]     ├─ Chrome runtime patches
[21:35:28.645] [INFO ]     ├─ Console patches
[21:35:28.645] [INFO ]     └─ Permission patches
[21:35:28.645] [INFO ] 🛡️ Injected anti-detection scripts at page level
[21:35:28.645] [DEBUG]    └─ Canvas noise, WebGL spoof, Browser patches
[21:35:28.645] [INFO ] 
[21:35:28.645] [INFO ]     🛡️ ANTI-DETECTION SCRIPTS INJECTED (PAGE level)
[21:35:28.645] [INFO ]     ├─ Canvas fingerprint noise
[21:35:28.645] [INFO ]     ├─ WebGL renderer/vendor spoof
[21:35:28.645] [INFO ]     ├─ Hardware concurrency randomization
[21:35:28.645] [INFO ]     ├─ Device memory randomization
[21:35:28.645] [INFO ]     ├─ Plugin masking
[21:35:28.645] [INFO ]     ├─ WebRTC IP leak protection
[21:35:28.645] [INFO ]     ├─ Network connection spoof
[21:35:28.645] [INFO ]     └─ Battery API spoof
[21:35:28.645] [DEBUG] Enabled resource blocking (images, media, fonts)
[21:35:28.645] [INFO ] 
[21:35:28.645] [INFO ]     🔗 NAVIGATING TO URL
[21:35:28.645] [INFO ]     ├─ Strategy:   domcontentloaded
[21:35:28.645] [INFO ]     ├─ Timeout:    15.0s
[21:35:28.645] [INFO ]     └─ Sleep:      1s after load
[21:35:43.699] [DEBUG] Enabled resource blocking (images, media, fonts)
[21:35:43.699] [INFO ] 
[21:35:43.699] [INFO ]     🔗 NAVIGATING TO URL
[21:35:43.699] [INFO ]     ├─ Strategy:   load
[21:35:43.699] [INFO ]     ├─ Timeout:    20.0s
[21:35:43.699] [INFO ]     └─ Sleep:      1s after load
[21:35:49.313] [INFO ] 
[21:35:49.313] [INFO ]     ✅ PAGE LOADED
[21:35:49.313] [INFO ]     ├─ Final URL:  https://www.orangecyberdefense.com/no/offering/professional-services/security-regulation-compliance/nis2-directive
[21:35:49.313] [INFO ]     ├─ Title:      NIS2 Directive: the path to decision making
[21:35:49.313] [INFO ]     └─ Load Time:  5.61s
[21:35:50.693] [INFO ] 🧑 Human behavior simulation...
[21:35:52.570] [INFO ] 🖱️ Mouse: 1 moves in 1728x1117
[21:35:52.570] [INFO ] 🖱️ Mouse completed: 1 moves
[21:35:52.570] [INFO ] 📜 Scroll: page height, viewport=1117px
[21:35:52.570] [INFO ] 📜 Scroll completed: 1 scrolls
[21:35:52.570] [INFO ] 🧑 Human behavior completed in 1.9s ✓
[21:35:52.570] [INFO ] 
[21:35:52.570] [INFO ]     🧑 HUMAN BEHAVIOR SIMULATED
[21:35:52.570] [INFO ]     ├─ Mouse Movements: 1
[21:35:52.570] [INFO ]     ├─ Scroll Actions:  1
[21:35:52.570] [INFO ]     └─ Time Spent:      1.88s
[21:35:52.871] [INFO ] 
[21:35:52.871] [INFO ]     ┌─ CONTENT METRICS ────────────────────────────────────────────┐
[21:35:52.871] [INFO ]     │ Title:            NIS2: A Board-level matter to discuss
[21:35:52.871] [INFO ]     │ Final URL:        https://www.orangecyberdefense.com/no/offering/professional-services/security-regulation-compliance/nis2-directive
[21:35:52.871] [INFO ]     │ HTML Size:        224,188 bytes
[21:35:52.871] [INFO ]     │ Text Size:        2,456 chars
[21:35:52.871] [INFO ]     │ Word Count:       ~362 words
[21:35:52.871] [INFO ]     │ Extraction:       trafilatura
[21:35:52.871] [INFO ]     │ Has Article:      ✅ Yes
[21:35:52.871] [INFO ]     └──────────────────────────────────────────────────────────────┘
[21:35:52.904] [INFO ] 
[21:35:52.904] [INFO ] ╔══════════════════════════════════════════════════════════════════════════╗
[21:35:52.904] [INFO ] ║  ✅ SCRAPE SUCCESSFUL - SCRAPE_20260129_213528_6BBB
[21:35:52.904] [INFO ] ╠══════════════════════════════════════════════════════════════════════════╣
[21:35:52.904] [INFO ] 
[21:35:52.904] [INFO ]     ┌─ TIMING BREAKDOWN ───────────────────────────────────────────┐
[21:35:52.904] [INFO ]     │ Browser Launch:      0.05s
[21:35:52.904] [INFO ]     │ Page Load:           5.61s
[21:35:52.904] [INFO ]     │ Cloudflare Wait:     0.00s
[21:35:52.904] [INFO ]     │ Human Simulation:    1.88s
[21:35:52.904] [INFO ]     │
[21:35:52.904] [INFO ]     │ Content Extraction:  0.17s
[21:35:52.904] [INFO ]     │ ─────────────────────────────────────────────────────────────
[21:35:52.904] [INFO ]     │ TOTAL TIME:          7.72s
[21:35:52.904] [INFO ]     └──────────────────────────────────────────────────────────────┘
[21:35:52.904] [INFO ] 
[21:35:52.904] [INFO ]     ┌─ CONTENT METRICS ────────────────────────────────────────────┐
[21:35:52.904] [INFO ]     │ Title:            NIS2: A Board-level matter to discuss
[21:35:52.904] [INFO ]     │ Final URL:        https://www.orangecyberdefense.com/no/offering/professional-services/security-regulation-compliance/nis2-directive
[21:35:52.904] [INFO ]     │ HTML Size:        224,188 bytes
[21:35:52.904] [INFO ]     │ Text Size:        2,456 chars
[21:35:52.904] [INFO ]     │ Word Count:       ~362 words
[21:35:52.904] [INFO ]     │ Extraction:       trafilatura
[21:35:52.904] [INFO ]     │ Has Article:      ✅ Yes
[21:35:52.904] [INFO ]     └──────────────────────────────────────────────────────────────┘
[21:35:52.904] [INFO ] ╠══════════════════════════════════════════════════════════════════════════╣
[21:35:52.904] [INFO ] ║  📊 SESSION STATS
[21:35:52.904] [INFO ] ║  ├─ Strategies Tried:   domcontentloaded
[21:35:52.904] [INFO ] ║  ├─ Popups Dismissed:   0
[21:35:52.904] [INFO ] ║  ├─ Cloudflare:         Not detected
[21:35:52.904] [INFO ] ║  └─ Proxy Used:         Direct
[21:35:52.904] [INFO ] ╚══════════════════════════════════════════════════════════════════════════╝
[21:35:52.904] [INFO ] 

================================================================================
STATUS: SUCCESS
TOTAL TIME: 24.66s
ENDED: 2026-01-29T21:35:52.904720+02:00 (Egypt Time)
END OF SCRAPE LOG
================================================================================