================================================================================
SCRAPE LOG: https://en.wikipedia.org/wiki/ISO/IEC_27001
Started: 2026-01-26 13:19:31
Session ID: SCRAPE_20260126_131931_666E
================================================================================
[13:19:31.348] [INFO ] 📝 Scrape log: /app/data/logs/scrapes/2026-01-26_131931_en.wikipedia.org.log
[13:19:31.348] [DEBUG] ⏱️ Timeout set to 45s for this scrape
[13:19:31.687] [INFO ] 
[13:19:31.687] [INFO ]     🚀 BROWSER LAUNCHED
[13:19:31.687] [INFO ]     ├─ Mode:       Headless
[13:19:31.687] [INFO ]     ├─ Slow Mo:    48ms
[13:19:31.687] [INFO ]     ├─ Launch Time: 0.06s
[13:19:31.687] [INFO ]     └─ Args:       Anti-automation flags enabled
[13:19:31.706] [DEBUG] Browser profile: viewport={'width': 2560, 'height': 1440}, locale=en-US, tz=UTC
[13:19:31.706] [INFO ] 
[13:19:31.706] [INFO ] ╔══════════════════════════════════════════════════════════════════════════╗
[13:19:31.706] [INFO ] ║  📋 SESSION: SCRAPE_20260126_131931_666E
[13:19:31.706] [INFO ] ║  🌐 URL: https://en.wikipedia.org/wiki/ISO/IEC_27001
[13:19:31.706] [INFO ] ║  🔄 ATTEMPT: 1/2
[13:19:31.706] [INFO ] ║  ⏰ STARTED: 2026-01-26T13:19:31.706377+02:00 (Egypt Time)
[13:19:31.706] [INFO ] ╠══════════════════════════════════════════════════════════════════════════╣
[13:19:31.706] [INFO ] 
[13:19:31.706] [INFO ]     ┌─ BROWSER FINGERPRINT ────────────────────────────────────────┐
[13:19:31.706] [INFO ]     │ Browser:     SAFARI v17
[13:19:31.706] [INFO ]     │ User-Agent:  Mozilla/5.0 (Macintosh; Intel Mac OS X 14_0) AppleWebKit/605.1.15 (KHT...
[13:19:31.706] [INFO ]     │ Viewport:    2560x1440
[13:19:31.706] [INFO ]     │ Sec-CH-UA:   (not applicable)...
[13:19:31.706] [INFO ]     ├─ LOCATION PROFILE ───────────────────────────────────────────┤
[13:19:31.706] [INFO ]     │ Location:    Phoenix, USA
[13:19:31.706] [INFO ]     │ Timezone:    N/A
[13:19:31.706] [INFO ]     │ Locale:      en-US
[13:19:31.706] [INFO ]     │ Geo:         0, 0
[13:19:31.706] [INFO ]     ├─ NETWORK ────────────────────────────────────────────────────┤
[13:19:31.706] [INFO ]     │ Proxy:       Direct (no proxy)
[13:19:31.706] [INFO ]     │ Referrer:    https://www.google.com/search?q=en+wikipedia+org
[13:19:31.706] [INFO ]     └──────────────────────────────────────────────────────────────┘
[13:19:31.706] [INFO ] ╚══════════════════════════════════════════════════════════════════════════╝
[13:19:31.706] [INFO ] 🛡️ Injected anti-detection scripts at context level
[13:19:31.706] [DEBUG]    └─ Canvas noise, WebGL spoof, Browser patches
[13:19:31.706] [INFO ] 
[13:19:31.706] [INFO ]     🛡️ ANTI-DETECTION SCRIPTS INJECTED (CONTEXT level)
[13:19:31.706] [INFO ]     ├─ Canvas fingerprint noise
[13:19:31.706] [INFO ]     ├─ WebGL renderer/vendor spoof
[13:19:31.706] [INFO ]     ├─ Hardware concurrency randomization
[13:19:31.706] [INFO ]     ├─ Device memory randomization
[13:19:31.706] [INFO ]     ├─ Plugin masking
[13:19:31.706] [INFO ]     ├─ WebRTC IP leak protection
[13:19:31.706] [INFO ]     ├─ Network connection spoof
[13:19:31.706] [INFO ]     └─ Battery API spoof
[13:19:31.748] [INFO ] 
[13:19:31.748] [INFO ]     🥷 STEALTH MODE APPLIED
[13:19:31.748] [INFO ]     ├─ Navigator patches (webdriver, plugins, languages)
[13:19:31.748] [INFO ]     ├─ Chrome runtime patches
[13:19:31.748] [INFO ]     ├─ Console patches
[13:19:31.748] [INFO ]     └─ Permission patches
[13:19:31.748] [INFO ] 🛡️ Injected anti-detection scripts at page level
[13:19:31.748] [DEBUG]    └─ Canvas noise, WebGL spoof, Browser patches
[13:19:31.748] [INFO ] 
[13:19:31.748] [INFO ]     🛡️ ANTI-DETECTION SCRIPTS INJECTED (PAGE level)
[13:19:31.748] [INFO ]     ├─ Canvas fingerprint noise
[13:19:31.748] [INFO ]     ├─ WebGL renderer/vendor spoof
[13:19:31.748] [INFO ]     ├─ Hardware concurrency randomization
[13:19:31.748] [INFO ]     ├─ Device memory randomization
[13:19:31.748] [INFO ]     ├─ Plugin masking
[13:19:31.748] [INFO ]     ├─ WebRTC IP leak protection
[13:19:31.748] [INFO ]     ├─ Network connection spoof
[13:19:31.748] [INFO ]     └─ Battery API spoof
[13:19:31.748] [DEBUG] Enabled resource blocking (images, media, fonts)
[13:19:31.748] [INFO ] 
[13:19:31.748] [INFO ]     🔗 NAVIGATING TO URL
[13:19:31.748] [INFO ]     ├─ Strategy:   domcontentloaded
[13:19:31.748] [INFO ]     ├─ Timeout:    15.0s
[13:19:31.748] [INFO ]     └─ Sleep:      1s after load
[13:19:32.322] [INFO ] 
[13:19:32.322] [INFO ]     ✅ PAGE LOADED
[13:19:32.322] [INFO ]     ├─ Final URL:  https://en.wikipedia.org/wiki/ISO/IEC_27001
[13:19:32.322] [INFO ]     ├─ Title:      ISO/IEC 27001 - Wikipedia
[13:19:32.322] [INFO ]     └─ Load Time:  0.57s
[13:19:33.625] [INFO ] 🧑 Human behavior simulation...
[13:19:40.638] [INFO ] 🖱️ Mouse: 4 moves in 2560x1440
[13:19:40.638] [INFO ] 🖱️ Mouse completed: 4 moves
[13:19:40.638] [INFO ] 📜 Scroll: page height, viewport=1440px
[13:19:40.638] [INFO ] 📜 Scroll completed: 3 scrolls
[13:19:40.638] [INFO ] 🧑 Human behavior completed in 7.0s ✓
[13:19:40.638] [INFO ] 
[13:19:40.638] [INFO ]     🧑 HUMAN BEHAVIOR SIMULATED
[13:19:40.638] [INFO ]     ├─ Mouse Movements: 4
[13:19:40.638] [INFO ]     ├─ Scroll Actions:  3
[13:19:40.638] [INFO ]     └─ Time Spent:      7.01s
[13:19:40.983] [INFO ] 
[13:19:40.983] [INFO ]     ┌─ CONTENT METRICS ────────────────────────────────────────────┐
[13:19:40.983] [INFO ]     │ Title:            ISO/IEC 27001 - Wikipedia
[13:19:40.983] [INFO ]     │ Final URL:        https://en.wikipedia.org/wiki/ISO/IEC_27001
[13:19:40.983] [INFO ]     │ HTML Size:        371,241 bytes
[13:19:40.983] [INFO ]     │ Text Size:        11,647 chars
[13:19:40.983] [INFO ]     │ Word Count:       ~1695 words
[13:19:40.983] [INFO ]     │ Extraction:       trafilatura
[13:19:40.983] [INFO ]     │ Has Article:      ✅ Yes
[13:19:40.983] [INFO ]     └──────────────────────────────────────────────────────────────┘
[13:19:41.007] [INFO ] 
[13:19:41.007] [INFO ] ╔══════════════════════════════════════════════════════════════════════════╗
[13:19:41.007] [INFO ] ║  ✅ SCRAPE SUCCESSFUL - SCRAPE_20260126_131931_666E
[13:19:41.007] [INFO ] ╠══════════════════════════════════════════════════════════════════════════╣
[13:19:41.007] [INFO ] 
[13:19:41.007] [INFO ]     ┌─ TIMING BREAKDOWN ───────────────────────────────────────────┐
[13:19:41.007] [INFO ]     │ Browser Launch:      0.06s
[13:19:41.007] [INFO ]     │ Page Load:           0.57s
[13:19:41.007] [INFO ]     │ Cloudflare Wait:     0.00s
[13:19:41.007] [INFO ]     │ Human Simulation:    7.01s
[13:19:41.007] [INFO ]     │
[13:19:41.007] [INFO ]     │ Content Extraction:  0.18s
[13:19:41.007] [INFO ]     │ ─────────────────────────────────────────────────────────────
[13:19:41.007] [INFO ]     │ TOTAL TIME:          7.82s
[13:19:41.007] [INFO ]     └──────────────────────────────────────────────────────────────┘
[13:19:41.007] [INFO ] 
[13:19:41.008] [INFO ]     ┌─ CONTENT METRICS ────────────────────────────────────────────┐
[13:19:41.008] [INFO ]     │ Title:            ISO/IEC 27001 - Wikipedia
[13:19:41.008] [INFO ]     │ Final URL:        https://en.wikipedia.org/wiki/ISO/IEC_27001
[13:19:41.008] [INFO ]     │ HTML Size:        371,241 bytes
[13:19:41.008] [INFO ]     │ Text Size:        11,647 chars
[13:19:41.008] [INFO ]     │ Word Count:       ~1695 words
[13:19:41.008] [INFO ]     │ Extraction:       trafilatura
[13:19:41.008] [INFO ]     │ Has Article:      ✅ Yes
[13:19:41.008] [INFO ]     └──────────────────────────────────────────────────────────────┘
[13:19:41.008] [INFO ] ╠══════════════════════════════════════════════════════════════════════════╣
[13:19:41.008] [INFO ] ║  📊 SESSION STATS
[13:19:41.008] [INFO ] ║  ├─ Strategies Tried:   domcontentloaded
[13:19:41.008] [INFO ] ║  ├─ Popups Dismissed:   0
[13:19:41.008] [INFO ] ║  ├─ Cloudflare:         Not detected
[13:19:41.008] [INFO ] ║  └─ Proxy Used:         Direct
[13:19:41.008] [INFO ] ╚══════════════════════════════════════════════════════════════════════════╝
[13:19:41.008] [INFO ] 

================================================================================
STATUS: SUCCESS
TOTAL TIME: 9.66s
ENDED: 2026-01-26T13:19:41.008203+02:00 (Egypt Time)
END OF SCRAPE LOG
================================================================================