================================================================================
SCRAPE LOG: https://uk.practicallaw.thomsonreuters.com/w-043-7596?transitionType=Default&contextData=(sc.Default)&firstPage=true
Started: 2026-01-29 16:42:13
Session ID: SCRAPE_20260129_164213_B375
================================================================================
[16:42:13.763] [INFO ] 📝 Scrape log: /app/data/logs/scrapes/2026-01-29_164213_uk.practicallaw.thomsonreuters.com.log
[16:42:13.763] [DEBUG] ⏱️ Timeout set to 45s for this scrape
[16:42:14.105] [INFO ] 
[16:42:14.105] [INFO ]     🚀 BROWSER LAUNCHED
[16:42:14.105] [INFO ]     ├─ Mode:       Headless
[16:42:14.105] [INFO ]     ├─ Slow Mo:    56ms
[16:42:14.105] [INFO ]     ├─ Launch Time: 0.06s
[16:42:14.105] [INFO ]     └─ Args:       Anti-automation flags enabled
[16:42:14.119] [DEBUG] Browser profile: viewport={'width': 1920, 'height': 1080}, locale=en-US, tz=UTC
[16:42:14.119] [INFO ] 
[16:42:14.119] [INFO ] ╔══════════════════════════════════════════════════════════════════════════╗
[16:42:14.119] [INFO ] ║  📋 SESSION: SCRAPE_20260129_164213_B375
[16:42:14.119] [INFO ] ║  🌐 URL: https://uk.practicallaw.thomsonreuters.com/w-043-7596?transitionType=Default&contextData=(sc.Default)&firstPage=true
[16:42:14.119] [INFO ] ║  🔄 ATTEMPT: 1/2
[16:42:14.119] [INFO ] ║  ⏰ STARTED: 2026-01-29T16:42:14.119551+02:00 (Egypt Time)
[16:42:14.119] [INFO ] ╠══════════════════════════════════════════════════════════════════════════╣
[16:42:14.119] [INFO ] 
[16:42:14.119] [INFO ]     ┌─ BROWSER FINGERPRINT ────────────────────────────────────────┐
[16:42:14.119] [INFO ]     │ Browser:     CHROME v125
[16:42:14.119] [INFO ]     │ User-Agent:  Mozilla/5.0 (Windows NT 10.0; Win64; x64) AppleWebKit/537.36 (KHTML, l...
[16:42:14.119] [INFO ]     │ Viewport:    1920x1080
[16:42:14.119] [INFO ]     │ Sec-CH-UA:   (not applicable)...
[16:42:14.119] [INFO ]     ├─ LOCATION PROFILE ───────────────────────────────────────────┤
[16:42:14.119] [INFO ]     │ Location:    Houston, USA
[16:42:14.119] [INFO ]     │ Timezone:    N/A
[16:42:14.119] [INFO ]     │ Locale:      en-US
[16:42:14.119] [INFO ]     │ Geo:         0, 0
[16:42:14.119] [INFO ]     ├─ NETWORK ────────────────────────────────────────────────────┤
[16:42:14.119] [INFO ]     │ Proxy:       Direct (no proxy)
[16:42:14.119] [INFO ]     │ Referrer:    None
[16:42:14.119] [INFO ]     └──────────────────────────────────────────────────────────────┘
[16:42:14.119] [INFO ] ╚══════════════════════════════════════════════════════════════════════════╝
[16:42:14.119] [INFO ] 🛡️ Injected anti-detection scripts at context level
[16:42:14.119] [DEBUG]    └─ Canvas noise, WebGL spoof, Browser patches
[16:42:14.119] [INFO ] 
[16:42:14.119] [INFO ]     🛡️ ANTI-DETECTION SCRIPTS INJECTED (CONTEXT level)
[16:42:14.119] [INFO ]     ├─ Canvas fingerprint noise
[16:42:14.119] [INFO ]     ├─ WebGL renderer/vendor spoof
[16:42:14.119] [INFO ]     ├─ Hardware concurrency randomization
[16:42:14.119] [INFO ]     ├─ Device memory randomization
[16:42:14.119] [INFO ]     ├─ Plugin masking
[16:42:14.119] [INFO ]     ├─ WebRTC IP leak protection
[16:42:14.119] [INFO ]     ├─ Network connection spoof
[16:42:14.119] [INFO ]     └─ Battery API spoof
[16:42:14.160] [INFO ] 
[16:42:14.160] [INFO ]     🥷 STEALTH MODE APPLIED
[16:42:14.160] [INFO ]     ├─ Navigator patches (webdriver, plugins, languages)
[16:42:14.160] [INFO ]     ├─ Chrome runtime patches
[16:42:14.160] [INFO ]     ├─ Console patches
[16:42:14.160] [INFO ]     └─ Permission patches
[16:42:14.160] [INFO ] 🛡️ Injected anti-detection scripts at page level
[16:42:14.160] [DEBUG]    └─ Canvas noise, WebGL spoof, Browser patches
[16:42:14.160] [INFO ] 
[16:42:14.160] [INFO ]     🛡️ ANTI-DETECTION SCRIPTS INJECTED (PAGE level)
[16:42:14.160] [INFO ]     ├─ Canvas fingerprint noise
[16:42:14.160] [INFO ]     ├─ WebGL renderer/vendor spoof
[16:42:14.160] [INFO ]     ├─ Hardware concurrency randomization
[16:42:14.160] [INFO ]     ├─ Device memory randomization
[16:42:14.160] [INFO ]     ├─ Plugin masking
[16:42:14.160] [INFO ]     ├─ WebRTC IP leak protection
[16:42:14.160] [INFO ]     ├─ Network connection spoof
[16:42:14.160] [INFO ]     └─ Battery API spoof
[16:42:14.160] [DEBUG] Enabled resource blocking (images, media, fonts)
[16:42:14.160] [INFO ] 
[16:42:14.160] [INFO ]     🔗 NAVIGATING TO URL
[16:42:14.160] [INFO ]     ├─ Strategy:   domcontentloaded
[16:42:14.160] [INFO ]     ├─ Timeout:    15.0s
[16:42:14.160] [INFO ]     └─ Sleep:      1s after load
[16:42:22.857] [INFO ] 
[16:42:22.857] [INFO ]     ✅ PAGE LOADED
[16:42:22.857] [INFO ]     ├─ Final URL:  https://uk.practicallaw.thomsonreuters.com/w-043-7596?transitionType=Default&contextData=(sc.Default)&firstPage=true
[16:42:22.857] [INFO ]     ├─ Title:      GDPR Compliance for Egyptian Businesses | Practical Law
[16:42:22.857] [INFO ]     └─ Load Time:  8.70s
[16:42:24.132] [INFO ] 🧑 Human behavior simulation...
[16:42:28.942] [INFO ] 🖱️ Mouse: 3 moves in 1920x1080
[16:42:28.942] [INFO ] 🖱️ Mouse completed: 3 moves
[16:42:28.942] [INFO ] 📜 Scroll: page height, viewport=1080px
[16:42:28.942] [INFO ] 📜 Scroll completed: 3 scrolls
[16:42:28.942] [INFO ] 🧑 Human behavior completed in 4.8s ✓
[16:42:28.942] [INFO ] 
[16:42:28.942] [INFO ]     🧑 HUMAN BEHAVIOR SIMULATED
[16:42:28.942] [INFO ]     ├─ Mouse Movements: 3
[16:42:28.942] [INFO ]     ├─ Scroll Actions:  3
[16:42:28.942] [INFO ]     └─ Time Spent:      4.81s
[16:42:29.330] [INFO ] 
[16:42:29.330] [INFO ]     ┌─ CONTENT METRICS ────────────────────────────────────────────┐
[16:42:29.330] [INFO ]     │ Title:            Extracted Content (Fallback)
[16:42:29.330] [INFO ]     │ Final URL:        https://uk.practicallaw.thomsonreuters.com/w-043-7596?transitionType=Default&contextData=(sc.Default)&firstPage=true
[16:42:29.330] [INFO ]     │ HTML Size:        225,118 bytes
[16:42:29.330] [INFO ]     │ Text Size:        1,925 chars
[16:42:29.330] [INFO ]     │ Word Count:       ~288 words
[16:42:29.330] [INFO ]     │ Extraction:       fallback
[16:42:29.330] [INFO ]     │ Has Article:      ✅ Yes
[16:42:29.330] [INFO ]     └──────────────────────────────────────────────────────────────┘
[16:42:29.358] [INFO ] 
[16:42:29.358] [INFO ] ╔══════════════════════════════════════════════════════════════════════════╗
[16:42:29.358] [INFO ] ║  ✅ SCRAPE SUCCESSFUL - SCRAPE_20260129_164213_B375
[16:42:29.358] [INFO ] ╠══════════════════════════════════════════════════════════════════════════╣
[16:42:29.358] [INFO ] 
[16:42:29.358] [INFO ]     ┌─ TIMING BREAKDOWN ───────────────────────────────────────────┐
[16:42:29.358] [INFO ]     │ Browser Launch:      0.06s
[16:42:29.358] [INFO ]     │ Page Load:           8.70s
[16:42:29.358] [INFO ]     │ Cloudflare Wait:     0.00s
[16:42:29.358] [INFO ]     │ Human Simulation:    4.81s
[16:42:29.358] [INFO ]     │
[16:42:29.358] [INFO ]     │ Content Extraction:  0.29s
[16:42:29.358] [INFO ]     │ ─────────────────────────────────────────────────────────────
[16:42:29.358] [INFO ]     │ TOTAL TIME:          13.85s
[16:42:29.358] [INFO ]     └──────────────────────────────────────────────────────────────┘
[16:42:29.358] [INFO ] 
[16:42:29.358] [INFO ]     ┌─ CONTENT METRICS ────────────────────────────────────────────┐
[16:42:29.358] [INFO ]     │ Title:            Extracted Content (Fallback)
[16:42:29.358] [INFO ]     │ Final URL:        https://uk.practicallaw.thomsonreuters.com/w-043-7596?transitionType=Default&contextData=(sc.Default)&firstPage=true
[16:42:29.358] [INFO ]     │ HTML Size:        225,118 bytes
[16:42:29.358] [INFO ]     │ Text Size:        1,925 chars
[16:42:29.358] [INFO ]     │ Word Count:       ~288 words
[16:42:29.358] [INFO ]     │ Extraction:       fallback
[16:42:29.358] [INFO ]     │ Has Article:      ✅ Yes
[16:42:29.358] [INFO ]     └──────────────────────────────────────────────────────────────┘
[16:42:29.358] [INFO ] ╠══════════════════════════════════════════════════════════════════════════╣
[16:42:29.358] [INFO ] ║  📊 SESSION STATS
[16:42:29.358] [INFO ] ║  ├─ Strategies Tried:   domcontentloaded
[16:42:29.358] [INFO ] ║  ├─ Popups Dismissed:   0
[16:42:29.358] [INFO ] ║  ├─ Cloudflare:         Not detected
[16:42:29.358] [INFO ] ║  └─ Proxy Used:         Direct
[16:42:29.358] [INFO ] ╚══════════════════════════════════════════════════════════════════════════╝
[16:42:29.358] [INFO ] 

================================================================================
STATUS: SUCCESS
TOTAL TIME: 15.60s
ENDED: 2026-01-29T16:42:29.358472+02:00 (Egypt Time)
END OF SCRAPE LOG
================================================================================