================================================================================
SCRAPE LOG: https://www.iso.org/home.html
Started: 2026-01-26 13:14:27
Session ID: SCRAPE_20260126_131427_ABD6
================================================================================
[13:14:27.167] [INFO ] 📝 Scrape log: /app/data/logs/scrapes/2026-01-26_131427_iso.org.log
[13:14:27.167] [DEBUG] ⏱️ Timeout set to 45s for this scrape
[13:14:27.508] [INFO ] 
[13:14:27.508] [INFO ]     🚀 BROWSER LAUNCHED
[13:14:27.508] [INFO ]     ├─ Mode:       Headless
[13:14:27.508] [INFO ]     ├─ Slow Mo:    57ms
[13:14:27.508] [INFO ]     ├─ Launch Time: 0.06s
[13:14:27.508] [INFO ]     └─ Args:       Anti-automation flags enabled
[13:14:27.529] [DEBUG] Browser profile: viewport={'width': 1536, 'height': 864}, locale=en-SG, tz=UTC
[13:14:27.529] [INFO ] 
[13:14:27.529] [INFO ] ╔══════════════════════════════════════════════════════════════════════════╗
[13:14:27.529] [INFO ] ║  📋 SESSION: SCRAPE_20260126_131427_ABD6
[13:14:27.529] [INFO ] ║  🌐 URL: https://www.iso.org/home.html
[13:14:27.529] [INFO ] ║  🔄 ATTEMPT: 1/2
[13:14:27.529] [INFO ] ║  ⏰ STARTED: 2026-01-26T13:14:27.529323+02:00 (Egypt Time)
[13:14:27.529] [INFO ] ╠══════════════════════════════════════════════════════════════════════════╣
[13:14:27.529] [INFO ] 
[13:14:27.529] [INFO ]     ┌─ BROWSER FINGERPRINT ────────────────────────────────────────┐
[13:14:27.529] [INFO ]     │ Browser:     FIREFOX v124
[13:14:27.529] [INFO ]     │ User-Agent:  Mozilla/5.0 (Windows NT 10.0; Win64; x64; rv:124.0) Gecko/20100101 Fir...
[13:14:27.529] [INFO ]     │ Viewport:    1536x864
[13:14:27.529] [INFO ]     │ Sec-CH-UA:   (not applicable)...
[13:14:27.529] [INFO ]     ├─ LOCATION PROFILE ───────────────────────────────────────────┤
[13:14:27.529] [INFO ]     │ Location:    Singapore
[13:14:27.529] [INFO ]     │ Timezone:    N/A
[13:14:27.529] [INFO ]     │ Locale:      en-SG
[13:14:27.529] [INFO ]     │ Geo:         0, 0
[13:14:27.529] [INFO ]     ├─ NETWORK ────────────────────────────────────────────────────┤
[13:14:27.529] [INFO ]     │ Proxy:       Direct (no proxy)
[13:14:27.529] [INFO ]     │ Referrer:    https://www.google.com/
[13:14:27.529] [INFO ]     └──────────────────────────────────────────────────────────────┘
[13:14:27.529] [INFO ] ╚══════════════════════════════════════════════════════════════════════════╝
[13:14:27.529] [INFO ] 🛡️ Injected anti-detection scripts at context level
[13:14:27.529] [DEBUG]    └─ Canvas noise, WebGL spoof, Browser patches
[13:14:27.529] [INFO ] 
[13:14:27.529] [INFO ]     🛡️ ANTI-DETECTION SCRIPTS INJECTED (CONTEXT level)
[13:14:27.529] [INFO ]     ├─ Canvas fingerprint noise
[13:14:27.529] [INFO ]     ├─ WebGL renderer/vendor spoof
[13:14:27.529] [INFO ]     ├─ Hardware concurrency randomization
[13:14:27.529] [INFO ]     ├─ Device memory randomization
[13:14:27.529] [INFO ]     ├─ Plugin masking
[13:14:27.529] [INFO ]     ├─ WebRTC IP leak protection
[13:14:27.529] [INFO ]     ├─ Network connection spoof
[13:14:27.529] [INFO ]     └─ Battery API spoof
[13:14:27.571] [INFO ] 
[13:14:27.571] [INFO ]     🥷 STEALTH MODE APPLIED
[13:14:27.571] [INFO ]     ├─ Navigator patches (webdriver, plugins, languages)
[13:14:27.571] [INFO ]     ├─ Chrome runtime patches
[13:14:27.571] [INFO ]     ├─ Console patches
[13:14:27.571] [INFO ]     └─ Permission patches
[13:14:27.571] [INFO ] 🛡️ Injected anti-detection scripts at page level
[13:14:27.571] [DEBUG]    └─ Canvas noise, WebGL spoof, Browser patches
[13:14:27.571] [INFO ] 
[13:14:27.571] [INFO ]     🛡️ ANTI-DETECTION SCRIPTS INJECTED (PAGE level)
[13:14:27.571] [INFO ]     ├─ Canvas fingerprint noise
[13:14:27.571] [INFO ]     ├─ WebGL renderer/vendor spoof
[13:14:27.571] [INFO ]     ├─ Hardware concurrency randomization
[13:14:27.571] [INFO ]     ├─ Device memory randomization
[13:14:27.571] [INFO ]     ├─ Plugin masking
[13:14:27.571] [INFO ]     ├─ WebRTC IP leak protection
[13:14:27.571] [INFO ]     ├─ Network connection spoof
[13:14:27.571] [INFO ]     └─ Battery API spoof
[13:14:27.571] [DEBUG] Enabled resource blocking (images, media, fonts)
[13:14:27.571] [INFO ] 
[13:14:27.571] [INFO ]     🔗 NAVIGATING TO URL
[13:14:27.571] [INFO ]     ├─ Strategy:   domcontentloaded
[13:14:27.571] [INFO ]     ├─ Timeout:    15.0s
[13:14:27.571] [INFO ]     └─ Sleep:      1s after load
[13:14:28.383] [INFO ] 
[13:14:28.383] [INFO ]     ✅ PAGE LOADED
[13:14:28.383] [INFO ]     ├─ Final URL:  https://www.iso.org/home.html
[13:14:28.383] [INFO ]     ├─ Title:      ISO - International Organization for Standardization
[13:14:28.383] [INFO ]     └─ Load Time:  0.81s
[13:14:29.603] [INFO ] 🧑 Human behavior simulation...
[13:14:34.559] [INFO ] 🖱️ Mouse: 3 moves in 1536x864
[13:14:34.559] [INFO ] 🖱️ Mouse completed: 3 moves
[13:14:34.559] [INFO ] 📜 Scroll: page height, viewport=864px
[13:14:34.559] [INFO ] 📜 Scroll completed: 1 scrolls
[13:14:34.559] [INFO ] 🧑 Human behavior completed in 5.0s ✓
[13:14:34.559] [INFO ] 
[13:14:34.559] [INFO ]     🧑 HUMAN BEHAVIOR SIMULATED
[13:14:34.559] [INFO ]     ├─ Mouse Movements: 3
[13:14:34.559] [INFO ]     ├─ Scroll Actions:  1
[13:14:34.559] [INFO ]     └─ Time Spent:      4.96s
[13:14:34.701] [INFO ] 
[13:14:34.701] [INFO ]     ┌─ CONTENT METRICS ────────────────────────────────────────────┐
[13:14:34.701] [INFO ]     │ Title:            ISO - International Organization for Standardizati
[13:14:34.701] [INFO ]     │ Final URL:        https://www.iso.org/home.html
[13:14:34.701] [INFO ]     │ HTML Size:        100,453 bytes
[13:14:34.701] [INFO ]     │ Text Size:        2,480 chars
[13:14:34.701] [INFO ]     │ Word Count:       ~363 words
[13:14:34.701] [INFO ]     │ Extraction:       trafilatura
[13:14:34.701] [INFO ]     │ Has Article:      ✅ Yes
[13:14:34.701] [INFO ]     └──────────────────────────────────────────────────────────────┘
[13:14:34.727] [INFO ] 
[13:14:34.727] [INFO ] ╔══════════════════════════════════════════════════════════════════════════╗
[13:14:34.727] [INFO ] ║  ✅ SCRAPE SUCCESSFUL - SCRAPE_20260126_131427_ABD6
[13:14:34.727] [INFO ] ╠══════════════════════════════════════════════════════════════════════════╣
[13:14:34.727] [INFO ] 
[13:14:34.727] [INFO ]     ┌─ TIMING BREAKDOWN ───────────────────────────────────────────┐
[13:14:34.727] [INFO ]     │ Browser Launch:      0.06s
[13:14:34.727] [INFO ]     │ Page Load:           0.81s
[13:14:34.727] [INFO ]     │ Cloudflare Wait:     0.00s
[13:14:34.727] [INFO ]     │ Human Simulation:    4.96s
[13:14:34.727] [INFO ]     │
[13:14:34.727] [INFO ]     │ Content Extraction:  0.07s
[13:14:34.727] [INFO ]     │ ─────────────────────────────────────────────────────────────
[13:14:34.727] [INFO ]     │ TOTAL TIME:          5.89s
[13:14:34.727] [INFO ]     └──────────────────────────────────────────────────────────────┘
[13:14:34.727] [INFO ] 
[13:14:34.727] [INFO ]     ┌─ CONTENT METRICS ────────────────────────────────────────────┐
[13:14:34.727] [INFO ]     │ Title:            ISO - International Organization for Standardizati
[13:14:34.727] [INFO ]     │ Final URL:        https://www.iso.org/home.html
[13:14:34.727] [INFO ]     │ HTML Size:        100,453 bytes
[13:14:34.727] [INFO ]     │ Text Size:        2,480 chars
[13:14:34.727] [INFO ]     │ Word Count:       ~363 words
[13:14:34.727] [INFO ]     │ Extraction:       trafilatura
[13:14:34.727] [INFO ]     │ Has Article:      ✅ Yes
[13:14:34.727] [INFO ]     └──────────────────────────────────────────────────────────────┘
[13:14:34.727] [INFO ] ╠══════════════════════════════════════════════════════════════════════════╣
[13:14:34.727] [INFO ] ║  📊 SESSION STATS
[13:14:34.727] [INFO ] ║  ├─ Strategies Tried:   domcontentloaded
[13:14:34.727] [INFO ] ║  ├─ Popups Dismissed:   0
[13:14:34.727] [INFO ] ║  ├─ Cloudflare:         Not detected
[13:14:34.727] [INFO ] ║  └─ Proxy Used:         Direct
[13:14:34.727] [INFO ] ╚══════════════════════════════════════════════════════════════════════════╝
[13:14:34.727] [INFO ] 

================================================================================
STATUS: SUCCESS
TOTAL TIME: 7.56s
ENDED: 2026-01-26T13:14:34.727807+02:00 (Egypt Time)
END OF SCRAPE LOG
================================================================================