================================================================================
SCRAPE LOG: https://trustarc.com/regulations/egypt-pdpl/
Started: 2026-01-29 23:05:00
Session ID: SCRAPE_20260129_230500_CE50
================================================================================
[23:05:00.193] [INFO ] 📝 Scrape log: /app/data/logs/scrapes/2026-01-29_230500_trustarc.com.log
[23:05:00.193] [DEBUG] ⏱️ Timeout set to 45s for this scrape
[23:05:00.543] [INFO ] 
[23:05:00.543] [INFO ]     🚀 BROWSER LAUNCHED
[23:05:00.543] [INFO ]     ├─ Mode:       Headless
[23:05:00.543] [INFO ]     ├─ Slow Mo:    59ms
[23:05:00.543] [INFO ]     ├─ Launch Time: 0.06s
[23:05:00.543] [INFO ]     └─ Args:       Anti-automation flags enabled
[23:05:00.562] [DEBUG] Browser profile: viewport={'width': 2560, 'height': 1440}, locale=en-CA, tz=UTC
[23:05:00.562] [INFO ] 
[23:05:00.562] [INFO ] ╔══════════════════════════════════════════════════════════════════════════╗
[23:05:00.562] [INFO ] ║  📋 SESSION: SCRAPE_20260129_230500_CE50
[23:05:00.562] [INFO ] ║  🌐 URL: https://trustarc.com/regulations/egypt-pdpl/
[23:05:00.562] [INFO ] ║  🔄 ATTEMPT: 1/2
[23:05:00.562] [INFO ] ║  ⏰ STARTED: 2026-01-29T23:05:00.562721+02:00 (Egypt Time)
[23:05:00.562] [INFO ] ╠══════════════════════════════════════════════════════════════════════════╣
[23:05:00.562] [INFO ] 
[23:05:00.562] [INFO ]     ┌─ BROWSER FINGERPRINT ────────────────────────────────────────┐
[23:05:00.562] [INFO ]     │ Browser:     CHROME v120
[23:05:00.562] [INFO ]     │ User-Agent:  Mozilla/5.0 (Macintosh; Intel Mac OS X 13_6) AppleWebKit/537.36 (KHTML...
[23:05:00.562] [INFO ]     │ Viewport:    2560x1440
[23:05:00.562] [INFO ]     │ Sec-CH-UA:   (not applicable)...
[23:05:00.562] [INFO ]     ├─ LOCATION PROFILE ───────────────────────────────────────────┤
[23:05:00.562] [INFO ]     │ Location:    Vancouver, Canada
[23:05:00.562] [INFO ]     │ Timezone:    N/A
[23:05:00.562] [INFO ]     │ Locale:      en-CA
[23:05:00.562] [INFO ]     │ Geo:         0, 0
[23:05:00.562] [INFO ]     ├─ NETWORK ────────────────────────────────────────────────────┤
[23:05:00.562] [INFO ]     │ Proxy:       Direct (no proxy)
[23:05:00.562] [INFO ]     │ Referrer:    https://www.facebook.com/
[23:05:00.562] [INFO ]     └──────────────────────────────────────────────────────────────┘
[23:05:00.562] [INFO ] ╚══════════════════════════════════════════════════════════════════════════╝
[23:05:00.562] [INFO ] 🛡️ Injected anti-detection scripts at context level
[23:05:00.562] [DEBUG]    └─ Canvas noise, WebGL spoof, Browser patches
[23:05:00.562] [INFO ] 
[23:05:00.562] [INFO ]     🛡️ ANTI-DETECTION SCRIPTS INJECTED (CONTEXT level)
[23:05:00.562] [INFO ]     ├─ Canvas fingerprint noise
[23:05:00.562] [INFO ]     ├─ WebGL renderer/vendor spoof
[23:05:00.562] [INFO ]     ├─ Hardware concurrency randomization
[23:05:00.562] [INFO ]     ├─ Device memory randomization
[23:05:00.562] [INFO ]     ├─ Plugin masking
[23:05:00.562] [INFO ]     ├─ WebRTC IP leak protection
[23:05:00.562] [INFO ]     ├─ Network connection spoof
[23:05:00.562] [INFO ]     └─ Battery API spoof
[23:05:00.607] [INFO ] 
[23:05:00.607] [INFO ]     🥷 STEALTH MODE APPLIED
[23:05:00.607] [INFO ]     ├─ Navigator patches (webdriver, plugins, languages)
[23:05:00.607] [INFO ]     ├─ Chrome runtime patches
[23:05:00.607] [INFO ]     ├─ Console patches
[23:05:00.607] [INFO ]     └─ Permission patches
[23:05:00.607] [INFO ] 🛡️ Injected anti-detection scripts at page level
[23:05:00.607] [DEBUG]    └─ Canvas noise, WebGL spoof, Browser patches
[23:05:00.607] [INFO ] 
[23:05:00.607] [INFO ]     🛡️ ANTI-DETECTION SCRIPTS INJECTED (PAGE level)
[23:05:00.607] [INFO ]     ├─ Canvas fingerprint noise
[23:05:00.607] [INFO ]     ├─ WebGL renderer/vendor spoof
[23:05:00.607] [INFO ]     ├─ Hardware concurrency randomization
[23:05:00.607] [INFO ]     ├─ Device memory randomization
[23:05:00.607] [INFO ]     ├─ Plugin masking
[23:05:00.607] [INFO ]     ├─ WebRTC IP leak protection
[23:05:00.607] [INFO ]     ├─ Network connection spoof
[23:05:00.607] [INFO ]     └─ Battery API spoof
[23:05:00.607] [DEBUG] Enabled resource blocking (images, media, fonts)
[23:05:00.607] [INFO ] 
[23:05:00.607] [INFO ]     🔗 NAVIGATING TO URL
[23:05:00.607] [INFO ]     ├─ Strategy:   domcontentloaded
[23:05:00.607] [INFO ]     ├─ Timeout:    15.0s
[23:05:00.607] [INFO ]     └─ Sleep:      1s after load
[23:05:02.893] [INFO ] 
[23:05:02.893] [INFO ]     ✅ PAGE LOADED
[23:05:02.893] [INFO ]     ├─ Final URL:  https://trustarc.com/regulations/egypt-pdpl/
[23:05:02.893] [INFO ]     ├─ Title:      Personal Data Protection Law (PDPL) - Egypt | TrustArc
[23:05:02.893] [INFO ]     └─ Load Time:  2.29s
[23:05:04.997] [INFO ] 🧑 Human behavior simulation...
[23:05:09.892] [INFO ] 🖱️ Mouse: 3 moves in 2560x1440
[23:05:09.892] [INFO ] 🖱️ Mouse completed: 3 moves
[23:05:09.892] [INFO ] 📜 Scroll: page height, viewport=1440px
[23:05:09.892] [INFO ] 📜 Scroll completed: 2 scrolls
[23:05:09.892] [INFO ] 🧑 Human behavior completed in 4.9s ✓
[23:05:09.892] [INFO ] 
[23:05:09.892] [INFO ]     🧑 HUMAN BEHAVIOR SIMULATED
[23:05:09.892] [INFO ]     ├─ Mouse Movements: 3
[23:05:09.892] [INFO ]     ├─ Scroll Actions:  2
[23:05:09.892] [INFO ]     └─ Time Spent:      4.89s
[23:05:10.043] [INFO ] 
[23:05:10.043] [INFO ]     ┌─ CONTENT METRICS ────────────────────────────────────────────┐
[23:05:10.043] [INFO ]     │ Title:            Personal Data Protection Law (PDPL) - Egypt | Trus
[23:05:10.043] [INFO ]     │ Final URL:        https://trustarc.com/regulations/egypt-pdpl/
[23:05:10.043] [INFO ]     │ HTML Size:        78,224 bytes
[23:05:10.043] [INFO ]     │ Text Size:        3,048 chars
[23:05:10.043] [INFO ]     │ Word Count:       ~432 words
[23:05:10.043] [INFO ]     │ Extraction:       trafilatura
[23:05:10.043] [INFO ]     │ Has Article:      ✅ Yes
[23:05:10.043] [INFO ]     └──────────────────────────────────────────────────────────────┘
[23:05:10.079] [INFO ] 
[23:05:10.079] [INFO ] ╔══════════════════════════════════════════════════════════════════════════╗
[23:05:10.079] [INFO ] ║  ✅ SCRAPE SUCCESSFUL - SCRAPE_20260129_230500_CE50
[23:05:10.079] [INFO ] ╠══════════════════════════════════════════════════════════════════════════╣
[23:05:10.079] [INFO ] 
[23:05:10.079] [INFO ]     ┌─ TIMING BREAKDOWN ───────────────────────────────────────────┐
[23:05:10.079] [INFO ]     │ Browser Launch:      0.06s
[23:05:10.079] [INFO ]     │ Page Load:           2.29s
[23:05:10.079] [INFO ]     │ Cloudflare Wait:     0.00s
[23:05:10.079] [INFO ]     │ Human Simulation:    4.89s
[23:05:10.079] [INFO ]     │
[23:05:10.079] [INFO ]     │ Content Extraction:  0.05s
[23:05:10.079] [INFO ]     │ ─────────────────────────────────────────────────────────────
[23:05:10.079] [INFO ]     │ TOTAL TIME:          7.29s
[23:05:10.079] [INFO ]     └──────────────────────────────────────────────────────────────┘
[23:05:10.079] [INFO ] 
[23:05:10.079] [INFO ]     ┌─ CONTENT METRICS ────────────────────────────────────────────┐
[23:05:10.079] [INFO ]     │ Title:            Personal Data Protection Law (PDPL) - Egypt | Trus
[23:05:10.079] [INFO ]     │ Final URL:        https://trustarc.com/regulations/egypt-pdpl/
[23:05:10.079] [INFO ]     │ HTML Size:        78,224 bytes
[23:05:10.079] [INFO ]     │ Text Size:        3,048 chars
[23:05:10.079] [INFO ]     │ Word Count:       ~432 words
[23:05:10.079] [INFO ]     │ Extraction:       trafilatura
[23:05:10.079] [INFO ]     │ Has Article:      ✅ Yes
[23:05:10.079] [INFO ]     └──────────────────────────────────────────────────────────────┘
[23:05:10.079] [INFO ] ╠══════════════════════════════════════════════════════════════════════════╣
[23:05:10.079] [INFO ] ║  📊 SESSION STATS
[23:05:10.079] [INFO ] ║  ├─ Strategies Tried:   domcontentloaded
[23:05:10.079] [INFO ] ║  ├─ Popups Dismissed:   0
[23:05:10.079] [INFO ] ║  ├─ Cloudflare:         Not detected
[23:05:10.079] [INFO ] ║  └─ Proxy Used:         Direct
[23:05:10.079] [INFO ] ╚══════════════════════════════════════════════════════════════════════════╝
[23:05:10.079] [INFO ] 

================================================================================
STATUS: SUCCESS
TOTAL TIME: 9.89s
ENDED: 2026-01-29T23:05:10.079483+02:00 (Egypt Time)
END OF SCRAPE LOG
================================================================================