================================================================================
SCRAPE LOG: https://www.pcisecuritystandards.org/assessors_and_solutions/qualified_security_assessors/
Started: 2026-01-29 18:32:53
Session ID: SCRAPE_20260129_183253_5C8D
================================================================================
[18:32:53.104] [INFO ] 📝 Scrape log: /app/data/logs/scrapes/2026-01-29_183253_pcisecuritystandards.org.log
[18:32:53.104] [DEBUG] ⏱️ Timeout set to 45s for this scrape
[18:32:53.448] [INFO ] 
[18:32:53.448] [INFO ]     🚀 BROWSER LAUNCHED
[18:32:53.448] [INFO ]     ├─ Mode:       Headless
[18:32:53.448] [INFO ]     ├─ Slow Mo:    59ms
[18:32:53.448] [INFO ]     ├─ Launch Time: 0.06s
[18:32:53.448] [INFO ]     └─ Args:       Anti-automation flags enabled
[18:32:53.465] [DEBUG] Browser profile: viewport={'width': 2560, 'height': 1440}, locale=en-GB, tz=UTC
[18:32:53.465] [INFO ] 
[18:32:53.465] [INFO ] ╔══════════════════════════════════════════════════════════════════════════╗
[18:32:53.465] [INFO ] ║  📋 SESSION: SCRAPE_20260129_183253_5C8D
[18:32:53.465] [INFO ] ║  🌐 URL: https://www.pcisecuritystandards.org/assessors_and_solutions/qualified_security_assessors/
[18:32:53.465] [INFO ] ║  🔄 ATTEMPT: 1/2
[18:32:53.465] [INFO ] ║  ⏰ STARTED: 2026-01-29T18:32:53.465465+02:00 (Egypt Time)
[18:32:53.465] [INFO ] ╠══════════════════════════════════════════════════════════════════════════╣
[18:32:53.465] [INFO ] 
[18:32:53.465] [INFO ]     ┌─ BROWSER FINGERPRINT ────────────────────────────────────────┐
[18:32:53.465] [INFO ]     │ Browser:     CHROME v122
[18:32:53.465] [INFO ]     │ User-Agent:  Mozilla/5.0 (Windows NT 10.0; Win64; x64) AppleWebKit/537.36 (KHTML, l...
[18:32:53.465] [INFO ]     │ Viewport:    2560x1440
[18:32:53.465] [INFO ]     │ Sec-CH-UA:   (not applicable)...
[18:32:53.465] [INFO ]     ├─ LOCATION PROFILE ───────────────────────────────────────────┤
[18:32:53.465] [INFO ]     │ Location:    Birmingham, UK
[18:32:53.465] [INFO ]     │ Timezone:    N/A
[18:32:53.465] [INFO ]     │ Locale:      en-GB
[18:32:53.465] [INFO ]     │ Geo:         0, 0
[18:32:53.465] [INFO ]     ├─ NETWORK ────────────────────────────────────────────────────┤
[18:32:53.465] [INFO ]     │ Proxy:       Direct (no proxy)
[18:32:53.465] [INFO ]     │ Referrer:    https://www.google.com/search?q=www+pcisecuritystandards+org
[18:32:53.465] [INFO ]     └──────────────────────────────────────────────────────────────┘
[18:32:53.465] [INFO ] ╚══════════════════════════════════════════════════════════════════════════╝
[18:32:53.465] [INFO ] 🛡️ Injected anti-detection scripts at context level
[18:32:53.465] [DEBUG]    └─ Canvas noise, WebGL spoof, Browser patches
[18:32:53.465] [INFO ] 
[18:32:53.465] [INFO ]     🛡️ ANTI-DETECTION SCRIPTS INJECTED (CONTEXT level)
[18:32:53.465] [INFO ]     ├─ Canvas fingerprint noise
[18:32:53.465] [INFO ]     ├─ WebGL renderer/vendor spoof
[18:32:53.465] [INFO ]     ├─ Hardware concurrency randomization
[18:32:53.465] [INFO ]     ├─ Device memory randomization
[18:32:53.465] [INFO ]     ├─ Plugin masking
[18:32:53.465] [INFO ]     ├─ WebRTC IP leak protection
[18:32:53.465] [INFO ]     ├─ Network connection spoof
[18:32:53.465] [INFO ]     └─ Battery API spoof
[18:32:53.507] [INFO ] 
[18:32:53.507] [INFO ]     🥷 STEALTH MODE APPLIED
[18:32:53.507] [INFO ]     ├─ Navigator patches (webdriver, plugins, languages)
[18:32:53.507] [INFO ]     ├─ Chrome runtime patches
[18:32:53.507] [INFO ]     ├─ Console patches
[18:32:53.507] [INFO ]     └─ Permission patches
[18:32:53.507] [INFO ] 🛡️ Injected anti-detection scripts at page level
[18:32:53.507] [DEBUG]    └─ Canvas noise, WebGL spoof, Browser patches
[18:32:53.507] [INFO ] 
[18:32:53.507] [INFO ]     🛡️ ANTI-DETECTION SCRIPTS INJECTED (PAGE level)
[18:32:53.507] [INFO ]     ├─ Canvas fingerprint noise
[18:32:53.507] [INFO ]     ├─ WebGL renderer/vendor spoof
[18:32:53.507] [INFO ]     ├─ Hardware concurrency randomization
[18:32:53.507] [INFO ]     ├─ Device memory randomization
[18:32:53.507] [INFO ]     ├─ Plugin masking
[18:32:53.507] [INFO ]     ├─ WebRTC IP leak protection
[18:32:53.507] [INFO ]     ├─ Network connection spoof
[18:32:53.507] [INFO ]     └─ Battery API spoof
[18:32:53.507] [DEBUG] Enabled resource blocking (images, media, fonts)
[18:32:53.507] [INFO ] 
[18:32:53.507] [INFO ]     🔗 NAVIGATING TO URL
[18:32:53.507] [INFO ]     ├─ Strategy:   domcontentloaded
[18:32:53.507] [INFO ]     ├─ Timeout:    15.0s
[18:32:53.507] [INFO ]     └─ Sleep:      1s after load
[18:32:55.780] [INFO ] 
[18:32:55.780] [INFO ]     ✅ PAGE LOADED
[18:32:55.780] [INFO ]     ├─ Final URL:  https://www.pcisecuritystandards.org/assessors_and_solutions/qualified_security_assessors/
[18:32:55.780] [INFO ]     ├─ Title:      PCI Security Standards Council – Protect Payment Data with Industry-driven Security Standards, Training, and Programs
[18:32:55.780] [INFO ]     └─ Load Time:  2.27s
[18:32:57.795] [INFO ] 🧑 Human behavior simulation...
[18:33:02.414] [INFO ] 🖱️ Mouse: 2 moves in 2560x1440
[18:33:02.414] [INFO ] 🖱️ Mouse completed: 2 moves
[18:33:02.414] [INFO ] 📜 Scroll: page height, viewport=1440px
[18:33:02.414] [INFO ] 📜 Scroll completed: 2 scrolls
[18:33:02.414] [INFO ] 🧑 Human behavior completed in 4.6s ✓
[18:33:02.414] [INFO ] 
[18:33:02.414] [INFO ]     🧑 HUMAN BEHAVIOR SIMULATED
[18:33:02.414] [INFO ]     ├─ Mouse Movements: 2
[18:33:02.414] [INFO ]     ├─ Scroll Actions:  2
[18:33:02.414] [INFO ]     └─ Time Spent:      4.62s
[18:33:02.637] [INFO ] 
[18:33:02.638] [INFO ]     ┌─ CONTENT METRICS ────────────────────────────────────────────┐
[18:33:02.638] [INFO ]     │ Title:            Qualified Security Assessors
[18:33:02.638] [INFO ]     │ Final URL:        https://www.pcisecuritystandards.org/assessors_and_solutions/qualified_security_assessors/
[18:33:02.638] [INFO ]     │ HTML Size:        385,130 bytes
[18:33:02.638] [INFO ]     │ Text Size:        7,934 chars
[18:33:02.638] [INFO ]     │ Word Count:       ~1200 words
[18:33:02.638] [INFO ]     │ Extraction:       trafilatura
[18:33:02.638] [INFO ]     │ Has Article:      ✅ Yes
[18:33:02.638] [INFO ]     └──────────────────────────────────────────────────────────────┘
[18:33:02.664] [INFO ] 
[18:33:02.664] [INFO ] ╔══════════════════════════════════════════════════════════════════════════╗
[18:33:02.664] [INFO ] ║  ✅ SCRAPE SUCCESSFUL - SCRAPE_20260129_183253_5C8D
[18:33:02.664] [INFO ] ╠══════════════════════════════════════════════════════════════════════════╣
[18:33:02.664] [INFO ] 
[18:33:02.664] [INFO ]     ┌─ TIMING BREAKDOWN ───────────────────────────────────────────┐
[18:33:02.664] [INFO ]     │ Browser Launch:      0.06s
[18:33:02.664] [INFO ]     │ Page Load:           2.27s
[18:33:02.664] [INFO ]     │ Cloudflare Wait:     0.00s
[18:33:02.664] [INFO ]     │ Human Simulation:    4.62s
[18:33:02.664] [INFO ]     │
[18:33:02.664] [INFO ]     │ Content Extraction:  0.14s
[18:33:02.664] [INFO ]     │ ─────────────────────────────────────────────────────────────
[18:33:02.664] [INFO ]     │ TOTAL TIME:          7.09s
[18:33:02.664] [INFO ]     └──────────────────────────────────────────────────────────────┘
[18:33:02.664] [INFO ] 
[18:33:02.665] [INFO ]     ┌─ CONTENT METRICS ────────────────────────────────────────────┐
[18:33:02.665] [INFO ]     │ Title:            Qualified Security Assessors
[18:33:02.665] [INFO ]     │ Final URL:        https://www.pcisecuritystandards.org/assessors_and_solutions/qualified_security_assessors/
[18:33:02.665] [INFO ]     │ HTML Size:        385,130 bytes
[18:33:02.665] [INFO ]     │ Text Size:        7,934 chars
[18:33:02.665] [INFO ]     │ Word Count:       ~1200 words
[18:33:02.665] [INFO ]     │ Extraction:       trafilatura
[18:33:02.665] [INFO ]     │ Has Article:      ✅ Yes
[18:33:02.665] [INFO ]     └──────────────────────────────────────────────────────────────┘
[18:33:02.665] [INFO ] ╠══════════════════════════════════════════════════════════════════════════╣
[18:33:02.665] [INFO ] ║  📊 SESSION STATS
[18:33:02.665] [INFO ] ║  ├─ Strategies Tried:   domcontentloaded
[18:33:02.665] [INFO ] ║  ├─ Popups Dismissed:   0
[18:33:02.665] [INFO ] ║  ├─ Cloudflare:         Not detected
[18:33:02.665] [INFO ] ║  └─ Proxy Used:         Direct
[18:33:02.665] [INFO ] ╚══════════════════════════════════════════════════════════════════════════╝
[18:33:02.665] [INFO ] 

================================================================================
STATUS: SUCCESS
TOTAL TIME: 9.56s
ENDED: 2026-01-29T18:33:02.665189+02:00 (Egypt Time)
END OF SCRAPE LOG
================================================================================