================================================================================
SCRAPE LOG: https://sprinto.com/blog/iso-27001-compliance/
Started: 2026-01-26 13:21:31
Session ID: SCRAPE_20260126_132131_6B1A
================================================================================
[13:21:31.350] [INFO ] 📝 Scrape log: /app/data/logs/scrapes/2026-01-26_132131_sprinto.com.log
[13:21:31.350] [DEBUG] ⏱️ Timeout set to 45s for this scrape
[13:21:31.710] [INFO ] 
[13:21:31.710] [INFO ]     🚀 BROWSER LAUNCHED
[13:21:31.710] [INFO ]     ├─ Mode:       Headless
[13:21:31.710] [INFO ]     ├─ Slow Mo:    40ms
[13:21:31.710] [INFO ]     ├─ Launch Time: 0.06s
[13:21:31.710] [INFO ]     └─ Args:       Anti-automation flags enabled
[13:21:31.730] [DEBUG] Browser profile: viewport={'width': 1920, 'height': 1080}, locale=en-GB, tz=UTC
[13:21:31.730] [INFO ] 
[13:21:31.730] [INFO ] ╔══════════════════════════════════════════════════════════════════════════╗
[13:21:31.730] [INFO ] ║  📋 SESSION: SCRAPE_20260126_132131_6B1A
[13:21:31.730] [INFO ] ║  🌐 URL: https://sprinto.com/blog/iso-27001-compliance/
[13:21:31.730] [INFO ] ║  🔄 ATTEMPT: 1/2
[13:21:31.730] [INFO ] ║  ⏰ STARTED: 2026-01-26T13:21:31.730967+02:00 (Egypt Time)
[13:21:31.730] [INFO ] ╠══════════════════════════════════════════════════════════════════════════╣
[13:21:31.730] [INFO ] 
[13:21:31.730] [INFO ]     ┌─ BROWSER FINGERPRINT ────────────────────────────────────────┐
[13:21:31.730] [INFO ]     │ Browser:     CHROME v123
[13:21:31.730] [INFO ]     │ User-Agent:  Mozilla/5.0 (Macintosh; Intel Mac OS X 10_15_7) AppleWebKit/537.36 (KH...
[13:21:31.730] [INFO ]     │ Viewport:    1920x1080
[13:21:31.731] [INFO ]     │ Sec-CH-UA:   (not applicable)...
[13:21:31.731] [INFO ]     ├─ LOCATION PROFILE ───────────────────────────────────────────┤
[13:21:31.731] [INFO ]     │ Location:    London, UK
[13:21:31.731] [INFO ]     │ Timezone:    N/A
[13:21:31.731] [INFO ]     │ Locale:      en-GB
[13:21:31.731] [INFO ]     │ Geo:         0, 0
[13:21:31.731] [INFO ]     ├─ NETWORK ────────────────────────────────────────────────────┤
[13:21:31.731] [INFO ]     │ Proxy:       Direct (no proxy)
[13:21:31.731] [INFO ]     │ Referrer:    https://www.facebook.com/
[13:21:31.731] [INFO ]     └──────────────────────────────────────────────────────────────┘
[13:21:31.731] [INFO ] ╚══════════════════════════════════════════════════════════════════════════╝
[13:21:31.731] [INFO ] 🛡️ Injected anti-detection scripts at context level
[13:21:31.731] [DEBUG]    └─ Canvas noise, WebGL spoof, Browser patches
[13:21:31.731] [INFO ] 
[13:21:31.731] [INFO ]     🛡️ ANTI-DETECTION SCRIPTS INJECTED (CONTEXT level)
[13:21:31.731] [INFO ]     ├─ Canvas fingerprint noise
[13:21:31.731] [INFO ]     ├─ WebGL renderer/vendor spoof
[13:21:31.731] [INFO ]     ├─ Hardware concurrency randomization
[13:21:31.731] [INFO ]     ├─ Device memory randomization
[13:21:31.731] [INFO ]     ├─ Plugin masking
[13:21:31.731] [INFO ]     ├─ WebRTC IP leak protection
[13:21:31.731] [INFO ]     ├─ Network connection spoof
[13:21:31.731] [INFO ]     └─ Battery API spoof
[13:21:31.776] [INFO ] 
[13:21:31.776] [INFO ]     🥷 STEALTH MODE APPLIED
[13:21:31.776] [INFO ]     ├─ Navigator patches (webdriver, plugins, languages)
[13:21:31.776] [INFO ]     ├─ Chrome runtime patches
[13:21:31.776] [INFO ]     ├─ Console patches
[13:21:31.776] [INFO ]     └─ Permission patches
[13:21:31.776] [INFO ] 🛡️ Injected anti-detection scripts at page level
[13:21:31.776] [DEBUG]    └─ Canvas noise, WebGL spoof, Browser patches
[13:21:31.776] [INFO ] 
[13:21:31.776] [INFO ]     🛡️ ANTI-DETECTION SCRIPTS INJECTED (PAGE level)
[13:21:31.776] [INFO ]     ├─ Canvas fingerprint noise
[13:21:31.776] [INFO ]     ├─ WebGL renderer/vendor spoof
[13:21:31.776] [INFO ]     ├─ Hardware concurrency randomization
[13:21:31.776] [INFO ]     ├─ Device memory randomization
[13:21:31.776] [INFO ]     ├─ Plugin masking
[13:21:31.776] [INFO ]     ├─ WebRTC IP leak protection
[13:21:31.776] [INFO ]     ├─ Network connection spoof
[13:21:31.776] [INFO ]     └─ Battery API spoof
[13:21:31.776] [DEBUG] Enabled resource blocking (images, media, fonts)
[13:21:31.776] [INFO ] 
[13:21:31.776] [INFO ]     🔗 NAVIGATING TO URL
[13:21:31.776] [INFO ]     ├─ Strategy:   domcontentloaded
[13:21:31.776] [INFO ]     ├─ Timeout:    15.0s
[13:21:31.776] [INFO ]     └─ Sleep:      1s after load
[13:21:33.503] [INFO ] 
[13:21:33.503] [INFO ]     ✅ PAGE LOADED
[13:21:33.503] [INFO ]     ├─ Final URL:  https://sprinto.com/blog/iso-27001-compliance/
[13:21:33.503] [INFO ]     ├─ Title:      ISO 27001 Compliance: Risks, Controls, and Audits in 2026
[13:21:33.503] [INFO ]     └─ Load Time:  1.73s
[13:21:36.546] [INFO ] 🧑 Human behavior simulation...
[13:21:45.755] [INFO ] 🖱️ Mouse: 4 moves in 1920x1080
[13:21:45.755] [INFO ] 🖱️ Mouse completed: 4 moves
[13:21:45.755] [INFO ] 📜 Scroll: page height, viewport=1080px
[13:21:45.755] [INFO ] 📜 Scroll completed: 2 scrolls
[13:21:45.755] [INFO ] 🧑 Human behavior completed in 9.2s ✓
[13:21:45.755] [INFO ] 
[13:21:45.755] [INFO ]     🧑 HUMAN BEHAVIOR SIMULATED
[13:21:45.755] [INFO ]     ├─ Mouse Movements: 4
[13:21:45.755] [INFO ]     ├─ Scroll Actions:  2
[13:21:45.755] [INFO ]     └─ Time Spent:      9.21s
[13:21:47.070] [INFO ] 
[13:21:47.070] [INFO ]     ┌─ CONTENT METRICS ────────────────────────────────────────────┐
[13:21:47.070] [INFO ]     │ Title:            ISO 27001 Compliance [2026]: An Updated Guide
[13:21:47.070] [INFO ]     │ Final URL:        https://sprinto.com/blog/iso-27001-compliance/
[13:21:47.070] [INFO ]     │ HTML Size:        3,379,432 bytes
[13:21:47.070] [INFO ]     │ Text Size:        28,394 chars
[13:21:47.070] [INFO ]     │ Word Count:       ~4090 words
[13:21:47.070] [INFO ]     │ Extraction:       trafilatura
[13:21:47.070] [INFO ]     │ Has Article:      ✅ Yes
[13:21:47.070] [INFO ]     └──────────────────────────────────────────────────────────────┘
[13:21:47.113] [INFO ] 
[13:21:47.113] [INFO ] ╔══════════════════════════════════════════════════════════════════════════╗
[13:21:47.113] [INFO ] ║  ✅ SCRAPE SUCCESSFUL - SCRAPE_20260126_132131_6B1A
[13:21:47.113] [INFO ] ╠══════════════════════════════════════════════════════════════════════════╣
[13:21:47.113] [INFO ] 
[13:21:47.113] [INFO ]     ┌─ TIMING BREAKDOWN ───────────────────────────────────────────┐
[13:21:47.113] [INFO ]     │ Browser Launch:      0.06s
[13:21:47.113] [INFO ]     │ Page Load:           1.73s
[13:21:47.113] [INFO ]     │ Cloudflare Wait:     0.00s
[13:21:47.113] [INFO ]     │ Human Simulation:    9.21s
[13:21:47.113] [INFO ]     │
[13:21:47.113] [INFO ]     │ Content Extraction:  0.50s
[13:21:47.113] [INFO ]     │ ─────────────────────────────────────────────────────────────
[13:21:47.113] [INFO ]     │ TOTAL TIME:          11.50s
[13:21:47.113] [INFO ]     └──────────────────────────────────────────────────────────────┘
[13:21:47.113] [INFO ] 
[13:21:47.114] [INFO ]     ┌─ CONTENT METRICS ────────────────────────────────────────────┐
[13:21:47.114] [INFO ]     │ Title:            ISO 27001 Compliance [2026]: An Updated Guide
[13:21:47.114] [INFO ]     │ Final URL:        https://sprinto.com/blog/iso-27001-compliance/
[13:21:47.114] [INFO ]     │ HTML Size:        3,379,432 bytes
[13:21:47.114] [INFO ]     │ Text Size:        28,394 chars
[13:21:47.114] [INFO ]     │ Word Count:       ~4090 words
[13:21:47.114] [INFO ]     │ Extraction:       trafilatura
[13:21:47.114] [INFO ]     │ Has Article:      ✅ Yes
[13:21:47.114] [INFO ]     └──────────────────────────────────────────────────────────────┘
[13:21:47.114] [INFO ] ╠══════════════════════════════════════════════════════════════════════════╣
[13:21:47.114] [INFO ] ║  📊 SESSION STATS
[13:21:47.114] [INFO ] ║  ├─ Strategies Tried:   domcontentloaded
[13:21:47.114] [INFO ] ║  ├─ Popups Dismissed:   0
[13:21:47.114] [INFO ] ║  ├─ Cloudflare:         Not detected
[13:21:47.114] [INFO ] ║  └─ Proxy Used:         Direct
[13:21:47.114] [INFO ] ╚══════════════════════════════════════════════════════════════════════════╝
[13:21:47.114] [INFO ] 

================================================================================
STATUS: SUCCESS
TOTAL TIME: 15.76s
ENDED: 2026-01-26T13:21:47.114616+02:00 (Egypt Time)
END OF SCRAPE LOG
================================================================================