================================================================================
SCRAPE LOG: https://www.bbc.com/news/technology-64418723
Started: 2026-02-09 13:48:39
Session ID: SCRAPE_20260209_134839_D70E
================================================================================
[13:48:39.521] [INFO ] 📝 Scrape log: /app/data/logs/scrapes/2026-02-09_134839_bbc.com.log
[13:48:39.521] [DEBUG] ⏱️ Timeout set to 45s for this scrape
[13:48:40.123] [INFO ] 
[13:48:40.123] [INFO ]     🚀 BROWSER LAUNCHED
[13:48:40.123] [INFO ]     ├─ Mode:       Headless
[13:48:40.123] [INFO ]     ├─ Slow Mo:    43ms
[13:48:40.123] [INFO ]     ├─ Launch Time: 0.32s
[13:48:40.123] [INFO ]     └─ Args:       Anti-automation flags enabled
[13:48:40.135] [DEBUG] Browser profile: viewport={'width': 1920, 'height': 1080}, locale=en-US, tz=UTC
[13:48:40.135] [INFO ] 
[13:48:40.135] [INFO ] ╔══════════════════════════════════════════════════════════════════════════╗
[13:48:40.135] [INFO ] ║  📋 SESSION: SCRAPE_20260209_134839_D70E
[13:48:40.135] [INFO ] ║  🌐 URL: https://www.bbc.com/news/technology-64418723
[13:48:40.135] [INFO ] ║  🔄 ATTEMPT: 1/2
[13:48:40.135] [INFO ] ║  ⏰ STARTED: 2026-02-09T13:48:40.135888+02:00 (Egypt Time)
[13:48:40.135] [INFO ] ╠══════════════════════════════════════════════════════════════════════════╣
[13:48:40.135] [INFO ] 
[13:48:40.135] [INFO ]     ┌─ BROWSER FINGERPRINT ────────────────────────────────────────┐
[13:48:40.135] [INFO ]     │ Browser:     SAFARI v17
[13:48:40.135] [INFO ]     │ User-Agent:  Mozilla/5.0 (Macintosh; Intel Mac OS X 14_0) AppleWebKit/605.1.15 (KHT...
[13:48:40.135] [INFO ]     │ Viewport:    1920x1080
[13:48:40.135] [INFO ]     │ Sec-CH-UA:   (not applicable)...
[13:48:40.135] [INFO ]     ├─ LOCATION PROFILE ───────────────────────────────────────────┤
[13:48:40.135] [INFO ]     │ Location:    Denver, USA
[13:48:40.135] [INFO ]     │ Timezone:    N/A
[13:48:40.135] [INFO ]     │ Locale:      en-US
[13:48:40.135] [INFO ]     │ Geo:         0, 0
[13:48:40.135] [INFO ]     ├─ NETWORK ────────────────────────────────────────────────────┤
[13:48:40.135] [INFO ]     │ Proxy:       Direct (no proxy)
[13:48:40.135] [INFO ]     │ Referrer:    None
[13:48:40.135] [INFO ]     └──────────────────────────────────────────────────────────────┘
[13:48:40.135] [INFO ] ╚══════════════════════════════════════════════════════════════════════════╝
[13:48:40.135] [INFO ] 🛡️ Injected anti-detection scripts at context level
[13:48:40.135] [DEBUG]    └─ Canvas noise, WebGL spoof, Browser patches
[13:48:40.135] [INFO ] 
[13:48:40.135] [INFO ]     🛡️ ANTI-DETECTION SCRIPTS INJECTED (CONTEXT level)
[13:48:40.135] [INFO ]     ├─ Canvas fingerprint noise
[13:48:40.135] [INFO ]     ├─ WebGL renderer/vendor spoof
[13:48:40.135] [INFO ]     ├─ Hardware concurrency randomization
[13:48:40.136] [INFO ]     ├─ Device memory randomization
[13:48:40.136] [INFO ]     ├─ Plugin masking
[13:48:40.136] [INFO ]     ├─ WebRTC IP leak protection
[13:48:40.136] [INFO ]     ├─ Network connection spoof
[13:48:40.136] [INFO ]     └─ Battery API spoof
[13:48:40.294] [INFO ] 
[13:48:40.294] [INFO ]     🥷 STEALTH MODE APPLIED
[13:48:40.294] [INFO ]     ├─ Navigator patches (webdriver, plugins, languages)
[13:48:40.294] [INFO ]     ├─ Chrome runtime patches
[13:48:40.294] [INFO ]     ├─ Console patches
[13:48:40.294] [INFO ]     └─ Permission patches
[13:48:40.294] [INFO ] 🛡️ Injected anti-detection scripts at page level
[13:48:40.294] [DEBUG]    └─ Canvas noise, WebGL spoof, Browser patches
[13:48:40.294] [INFO ] 
[13:48:40.294] [INFO ]     🛡️ ANTI-DETECTION SCRIPTS INJECTED (PAGE level)
[13:48:40.294] [INFO ]     ├─ Canvas fingerprint noise
[13:48:40.294] [INFO ]     ├─ WebGL renderer/vendor spoof
[13:48:40.294] [INFO ]     ├─ Hardware concurrency randomization
[13:48:40.294] [INFO ]     ├─ Device memory randomization
[13:48:40.294] [INFO ]     ├─ Plugin masking
[13:48:40.294] [INFO ]     ├─ WebRTC IP leak protection
[13:48:40.294] [INFO ]     ├─ Network connection spoof
[13:48:40.294] [INFO ]     └─ Battery API spoof
[13:48:40.294] [DEBUG] Enabled resource blocking (images, media, fonts)
[13:48:40.294] [INFO ] 
[13:48:40.294] [INFO ]     🔗 NAVIGATING TO URL
[13:48:40.294] [INFO ]     ├─ Strategy:   domcontentloaded
[13:48:40.294] [INFO ]     ├─ Timeout:    15.0s
[13:48:40.294] [INFO ]     └─ Sleep:      1s after load
[13:48:42.547] [INFO ] 
[13:48:42.547] [INFO ]     ✅ PAGE LOADED
[13:48:42.547] [INFO ]     ├─ Final URL:  https://www.bbc.com/news/technology-64418723
[13:48:42.547] [INFO ]     ├─ Title:      US hacks back against Hive ransomware crew
[13:48:42.547] [INFO ]     └─ Load Time:  2.25s
[13:48:44.103] [INFO ] 🧑 Human behavior simulation...
[13:48:49.742] [INFO ] 🖱️ Mouse: 1 moves in 1920x1080
[13:48:49.742] [INFO ] 🖱️ Mouse completed: 1 moves
[13:48:49.742] [INFO ] 📜 Scroll: page height, viewport=1080px
[13:48:49.742] [INFO ] 📜 Scroll completed: 3 scrolls
[13:48:49.742] [INFO ] 🧑 Human behavior completed in 5.6s ✓
[13:48:49.742] [INFO ] 
[13:48:49.742] [INFO ]     🧑 HUMAN BEHAVIOR SIMULATED
[13:48:49.742] [INFO ]     ├─ Mouse Movements: 1
[13:48:49.742] [INFO ]     ├─ Scroll Actions:  3
[13:48:49.742] [INFO ]     └─ Time Spent:      5.64s
[13:48:50.183] [INFO ] 
[13:48:50.183] [INFO ]     ┌─ CONTENT METRICS ────────────────────────────────────────────┐
[13:48:50.183] [INFO ]     │ Title:            US hacks back against Hive ransomware crew
[13:48:50.183] [INFO ]     │ Final URL:        https://www.bbc.com/news/technology-64418723
[13:48:50.183] [INFO ]     │ HTML Size:        216,703 bytes
[13:48:50.183] [INFO ]     │ Text Size:        3,069 chars
[13:48:50.183] [INFO ]     │ Word Count:       ~482 words
[13:48:50.183] [INFO ]     │ Extraction:       trafilatura
[13:48:50.183] [INFO ]     │ Has Article:      ✅ Yes
[13:48:50.183] [INFO ]     └──────────────────────────────────────────────────────────────┘
[13:48:50.239] [INFO ] 
[13:48:50.239] [INFO ] ╔══════════════════════════════════════════════════════════════════════════╗
[13:48:50.239] [INFO ] ║  ✅ SCRAPE SUCCESSFUL - SCRAPE_20260209_134839_D70E
[13:48:50.239] [INFO ] ╠══════════════════════════════════════════════════════════════════════════╣
[13:48:50.239] [INFO ] 
[13:48:50.239] [INFO ]     ┌─ TIMING BREAKDOWN ───────────────────────────────────────────┐
[13:48:50.239] [INFO ]     │ Browser Launch:      0.32s
[13:48:50.239] [INFO ]     │ Page Load:           2.25s
[13:48:50.239] [INFO ]     │ Cloudflare Wait:     0.00s
[13:48:50.239] [INFO ]     │ Human Simulation:    5.64s
[13:48:50.239] [INFO ]     │
[13:48:50.239] [INFO ]     │ Content Extraction:  0.08s
[13:48:50.239] [INFO ]     │ ─────────────────────────────────────────────────────────────
[13:48:50.239] [INFO ]     │ TOTAL TIME:          8.29s
[13:48:50.239] [INFO ]     └──────────────────────────────────────────────────────────────┘
[13:48:50.239] [INFO ] 
[13:48:50.239] [INFO ]     ┌─ CONTENT METRICS ────────────────────────────────────────────┐
[13:48:50.239] [INFO ]     │ Title:            US hacks back against Hive ransomware crew
[13:48:50.239] [INFO ]     │ Final URL:        https://www.bbc.com/news/technology-64418723
[13:48:50.239] [INFO ]     │ HTML Size:        216,703 bytes
[13:48:50.239] [INFO ]     │ Text Size:        3,069 chars
[13:48:50.239] [INFO ]     │ Word Count:       ~482 words
[13:48:50.239] [INFO ]     │ Extraction:       trafilatura
[13:48:50.239] [INFO ]     │ Has Article:      ✅ Yes
[13:48:50.239] [INFO ]     └──────────────────────────────────────────────────────────────┘
[13:48:50.239] [INFO ] ╠══════════════════════════════════════════════════════════════════════════╣
[13:48:50.239] [INFO ] ║  📊 SESSION STATS
[13:48:50.239] [INFO ] ║  ├─ Strategies Tried:   domcontentloaded
[13:48:50.239] [INFO ] ║  ├─ Popups Dismissed:   0
[13:48:50.239] [INFO ] ║  ├─ Cloudflare:         Not detected
[13:48:50.239] [INFO ] ║  └─ Proxy Used:         Direct
[13:48:50.239] [INFO ] ╚══════════════════════════════════════════════════════════════════════════╝
[13:48:50.239] [INFO ] 

================================================================================
STATUS: SUCCESS
TOTAL TIME: 10.72s
ENDED: 2026-02-09T13:48:50.239917+02:00 (Egypt Time)
END OF SCRAPE LOG
================================================================================