================================================================================
SCRAPE LOG: https://saudipedia.com/en/saudi-central-bank-sama
Started: 2026-02-01 12:18:48
Session ID: SCRAPE_20260201_121848_25F9
================================================================================
[12:18:48.448] [INFO ] 📝 Scrape log: /app/data/logs/scrapes/2026-02-01_121848_saudipedia.com.log
[12:18:48.448] [DEBUG] ⏱️ Timeout set to 45s for this scrape
[12:18:48.792] [INFO ] 
[12:18:48.792] [INFO ]     🚀 BROWSER LAUNCHED
[12:18:48.792] [INFO ]     ├─ Mode:       Headless
[12:18:48.792] [INFO ]     ├─ Slow Mo:    60ms
[12:18:48.792] [INFO ]     ├─ Launch Time: 0.05s
[12:18:48.792] [INFO ]     └─ Args:       Anti-automation flags enabled
[12:18:48.811] [DEBUG] Browser profile: viewport={'width': 2560, 'height': 1440}, locale=en-US, tz=UTC
[12:18:48.811] [INFO ] 
[12:18:48.811] [INFO ] ╔══════════════════════════════════════════════════════════════════════════╗
[12:18:48.811] [INFO ] ║  📋 SESSION: SCRAPE_20260201_121848_25F9
[12:18:48.811] [INFO ] ║  🌐 URL: https://saudipedia.com/en/saudi-central-bank-sama
[12:18:48.811] [INFO ] ║  🔄 ATTEMPT: 1/2
[12:18:48.811] [INFO ] ║  ⏰ STARTED: 2026-02-01T12:18:48.811209+02:00 (Egypt Time)
[12:18:48.811] [INFO ] ╠══════════════════════════════════════════════════════════════════════════╣
[12:18:48.811] [INFO ] 
[12:18:48.811] [INFO ]     ┌─ BROWSER FINGERPRINT ────────────────────────────────────────┐
[12:18:48.811] [INFO ]     │ Browser:     CHROME v119
[12:18:48.811] [INFO ]     │ User-Agent:  Mozilla/5.0 (Macintosh; Intel Mac OS X 13_5) AppleWebKit/537.36 (KHTML...
[12:18:48.811] [INFO ]     │ Viewport:    2560x1440
[12:18:48.811] [INFO ]     │ Sec-CH-UA:   (not applicable)...
[12:18:48.811] [INFO ]     ├─ LOCATION PROFILE ───────────────────────────────────────────┤
[12:18:48.811] [INFO ]     │ Location:    Denver, USA
[12:18:48.811] [INFO ]     │ Timezone:    N/A
[12:18:48.811] [INFO ]     │ Locale:      en-US
[12:18:48.811] [INFO ]     │ Geo:         0, 0
[12:18:48.811] [INFO ]     ├─ NETWORK ────────────────────────────────────────────────────┤
[12:18:48.811] [INFO ]     │ Proxy:       Direct (no proxy)
[12:18:48.811] [INFO ]     │ Referrer:    https://t.co/
[12:18:48.811] [INFO ]     └──────────────────────────────────────────────────────────────┘
[12:18:48.811] [INFO ] ╚══════════════════════════════════════════════════════════════════════════╝
[12:18:48.811] [INFO ] 🛡️ Injected anti-detection scripts at context level
[12:18:48.811] [DEBUG]    └─ Canvas noise, WebGL spoof, Browser patches
[12:18:48.811] [INFO ] 
[12:18:48.811] [INFO ]     🛡️ ANTI-DETECTION SCRIPTS INJECTED (CONTEXT level)
[12:18:48.811] [INFO ]     ├─ Canvas fingerprint noise
[12:18:48.811] [INFO ]     ├─ WebGL renderer/vendor spoof
[12:18:48.811] [INFO ]     ├─ Hardware concurrency randomization
[12:18:48.811] [INFO ]     ├─ Device memory randomization
[12:18:48.811] [INFO ]     ├─ Plugin masking
[12:18:48.811] [INFO ]     ├─ WebRTC IP leak protection
[12:18:48.811] [INFO ]     ├─ Network connection spoof
[12:18:48.811] [INFO ]     └─ Battery API spoof
[12:18:48.857] [INFO ] 
[12:18:48.857] [INFO ]     🥷 STEALTH MODE APPLIED
[12:18:48.857] [INFO ]     ├─ Navigator patches (webdriver, plugins, languages)
[12:18:48.857] [INFO ]     ├─ Chrome runtime patches
[12:18:48.857] [INFO ]     ├─ Console patches
[12:18:48.857] [INFO ]     └─ Permission patches
[12:18:48.857] [INFO ] 🛡️ Injected anti-detection scripts at page level
[12:18:48.857] [DEBUG]    └─ Canvas noise, WebGL spoof, Browser patches
[12:18:48.857] [INFO ] 
[12:18:48.857] [INFO ]     🛡️ ANTI-DETECTION SCRIPTS INJECTED (PAGE level)
[12:18:48.857] [INFO ]     ├─ Canvas fingerprint noise
[12:18:48.857] [INFO ]     ├─ WebGL renderer/vendor spoof
[12:18:48.857] [INFO ]     ├─ Hardware concurrency randomization
[12:18:48.857] [INFO ]     ├─ Device memory randomization
[12:18:48.857] [INFO ]     ├─ Plugin masking
[12:18:48.857] [INFO ]     ├─ WebRTC IP leak protection
[12:18:48.857] [INFO ]     ├─ Network connection spoof
[12:18:48.857] [INFO ]     └─ Battery API spoof
[12:18:48.857] [DEBUG] Enabled resource blocking (images, media, fonts)
[12:18:48.857] [INFO ] 
[12:18:48.857] [INFO ]     🔗 NAVIGATING TO URL
[12:18:48.857] [INFO ]     ├─ Strategy:   domcontentloaded
[12:18:48.857] [INFO ]     ├─ Timeout:    15.0s
[12:18:48.857] [INFO ]     └─ Sleep:      1s after load
[12:18:51.089] [INFO ] 
[12:18:51.089] [INFO ]     ✅ PAGE LOADED
[12:18:51.089] [INFO ]     ├─ Final URL:  https://saudipedia.com/en/saudi-central-bank-sama
[12:18:51.089] [INFO ]     ├─ Title:      Saudi Central Bank (SAMA) - Saudipedia
[12:18:51.089] [INFO ]     └─ Load Time:  2.23s
[12:18:52.922] [INFO ] 🧑 Human behavior simulation...
[12:18:56.076] [INFO ] 🖱️ Mouse: 2 moves in 2560x1440
[12:18:56.076] [INFO ] 🖱️ Mouse completed: 2 moves
[12:18:56.076] [INFO ] 📜 Scroll: page height, viewport=1440px
[12:18:56.076] [INFO ] 📜 Scroll completed: 2 scrolls
[12:18:56.076] [INFO ] 🧑 Human behavior completed in 3.2s ✓
[12:18:56.076] [INFO ] 
[12:18:56.076] [INFO ]     🧑 HUMAN BEHAVIOR SIMULATED
[12:18:56.076] [INFO ]     ├─ Mouse Movements: 2
[12:18:56.076] [INFO ]     ├─ Scroll Actions:  2
[12:18:56.076] [INFO ]     └─ Time Spent:      3.15s
[12:18:56.193] [INFO ] 
[12:18:56.193] [INFO ]     ┌─ CONTENT METRICS ────────────────────────────────────────────┐
[12:18:56.193] [INFO ]     │ Title:            Saudi Central Bank (SAMA)
[12:18:56.193] [INFO ]     │ Final URL:        https://saudipedia.com/en/saudi-central-bank-sama
[12:18:56.193] [INFO ]     │ HTML Size:        120,453 bytes
[12:18:56.193] [INFO ]     │ Text Size:        4,988 chars
[12:18:56.193] [INFO ]     │ Word Count:       ~777 words
[12:18:56.193] [INFO ]     │ Extraction:       trafilatura
[12:18:56.193] [INFO ]     │ Has Article:      ✅ Yes
[12:18:56.193] [INFO ]     └──────────────────────────────────────────────────────────────┘
[12:18:56.215] [INFO ] 
[12:18:56.215] [INFO ] ╔══════════════════════════════════════════════════════════════════════════╗
[12:18:56.215] [INFO ] ║  ✅ SCRAPE SUCCESSFUL - SCRAPE_20260201_121848_25F9
[12:18:56.215] [INFO ] ╠══════════════════════════════════════════════════════════════════════════╣
[12:18:56.215] [INFO ] 
[12:18:56.215] [INFO ]     ┌─ TIMING BREAKDOWN ───────────────────────────────────────────┐
[12:18:56.215] [INFO ]     │ Browser Launch:      0.05s
[12:18:56.215] [INFO ]     │ Page Load:           2.23s
[12:18:56.215] [INFO ]     │ Cloudflare Wait:     0.00s
[12:18:56.215] [INFO ]     │ Human Simulation:    3.15s
[12:18:56.215] [INFO ]     │
[12:18:56.215] [INFO ]     │ Content Extraction:  0.08s
[12:18:56.215] [INFO ]     │ ─────────────────────────────────────────────────────────────
[12:18:56.215] [INFO ]     │ TOTAL TIME:          5.52s
[12:18:56.215] [INFO ]     └──────────────────────────────────────────────────────────────┘
[12:18:56.215] [INFO ] 
[12:18:56.215] [INFO ]     ┌─ CONTENT METRICS ────────────────────────────────────────────┐
[12:18:56.215] [INFO ]     │ Title:            Saudi Central Bank (SAMA)
[12:18:56.215] [INFO ]     │ Final URL:        https://saudipedia.com/en/saudi-central-bank-sama
[12:18:56.215] [INFO ]     │ HTML Size:        120,453 bytes
[12:18:56.215] [INFO ]     │ Text Size:        4,988 chars
[12:18:56.215] [INFO ]     │ Word Count:       ~777 words
[12:18:56.215] [INFO ]     │ Extraction:       trafilatura
[12:18:56.215] [INFO ]     │ Has Article:      ✅ Yes
[12:18:56.216] [INFO ]     └──────────────────────────────────────────────────────────────┘
[12:18:56.216] [INFO ] ╠══════════════════════════════════════════════════════════════════════════╣
[12:18:56.216] [INFO ] ║  📊 SESSION STATS
[12:18:56.216] [INFO ] ║  ├─ Strategies Tried:   domcontentloaded
[12:18:56.216] [INFO ] ║  ├─ Popups Dismissed:   0
[12:18:56.216] [INFO ] ║  ├─ Cloudflare:         Not detected
[12:18:56.216] [INFO ] ║  └─ Proxy Used:         Direct
[12:18:56.216] [INFO ] ╚══════════════════════════════════════════════════════════════════════════╝
[12:18:56.216] [INFO ] 

================================================================================
STATUS: SUCCESS
TOTAL TIME: 7.77s
ENDED: 2026-02-01T12:18:56.216067+02:00 (Egypt Time)
END OF SCRAPE LOG
================================================================================