================================================================================
SCRAPE LOG: https://www.megasoft.com.eg/iso-27001
Started: 2026-01-29 17:05:51
Session ID: SCRAPE_20260129_170551_5CF3
================================================================================
[17:05:51.342] [INFO ] 📝 Scrape log: /app/data/logs/scrapes/2026-01-29_170551_megasoft.com.eg.log
[17:05:51.342] [DEBUG] ⏱️ Timeout set to 45s for this scrape
[17:05:51.686] [INFO ] 
[17:05:51.686] [INFO ]     🚀 BROWSER LAUNCHED
[17:05:51.686] [INFO ]     ├─ Mode:       Headless
[17:05:51.686] [INFO ]     ├─ Slow Mo:    42ms
[17:05:51.686] [INFO ]     ├─ Launch Time: 0.06s
[17:05:51.686] [INFO ]     └─ Args:       Anti-automation flags enabled
[17:05:51.705] [DEBUG] Browser profile: viewport={'width': 1440, 'height': 900}, locale=en-US, tz=UTC
[17:05:51.705] [INFO ] 
[17:05:51.705] [INFO ] ╔══════════════════════════════════════════════════════════════════════════╗
[17:05:51.705] [INFO ] ║  📋 SESSION: SCRAPE_20260129_170551_5CF3
[17:05:51.705] [INFO ] ║  🌐 URL: https://www.megasoft.com.eg/iso-27001
[17:05:51.705] [INFO ] ║  🔄 ATTEMPT: 1/2
[17:05:51.705] [INFO ] ║  ⏰ STARTED: 2026-01-29T17:05:51.705068+02:00 (Egypt Time)
[17:05:51.705] [INFO ] ╠══════════════════════════════════════════════════════════════════════════╣
[17:05:51.705] [INFO ] 
[17:05:51.705] [INFO ]     ┌─ BROWSER FINGERPRINT ────────────────────────────────────────┐
[17:05:51.705] [INFO ]     │ Browser:     SAFARI v17
[17:05:51.705] [INFO ]     │ User-Agent:  Mozilla/5.0 (Macintosh; Intel Mac OS X 10_15_7) AppleWebKit/605.1.15 (...
[17:05:51.705] [INFO ]     │ Viewport:    1440x900
[17:05:51.705] [INFO ]     │ Sec-CH-UA:   (not applicable)...
[17:05:51.705] [INFO ]     ├─ LOCATION PROFILE ───────────────────────────────────────────┤
[17:05:51.705] [INFO ]     │ Location:    Denver, USA
[17:05:51.705] [INFO ]     │ Timezone:    N/A
[17:05:51.705] [INFO ]     │ Locale:      en-US
[17:05:51.705] [INFO ]     │ Geo:         0, 0
[17:05:51.705] [INFO ]     ├─ NETWORK ────────────────────────────────────────────────────┤
[17:05:51.705] [INFO ]     │ Proxy:       Direct (no proxy)
[17:05:51.705] [INFO ]     │ Referrer:    https://www.google.com/search?q=www+megasoft+com+eg
[17:05:51.705] [INFO ]     └──────────────────────────────────────────────────────────────┘
[17:05:51.705] [INFO ] ╚══════════════════════════════════════════════════════════════════════════╝
[17:05:51.705] [INFO ] 🛡️ Injected anti-detection scripts at context level
[17:05:51.705] [DEBUG]    └─ Canvas noise, WebGL spoof, Browser patches
[17:05:51.705] [INFO ] 
[17:05:51.705] [INFO ]     🛡️ ANTI-DETECTION SCRIPTS INJECTED (CONTEXT level)
[17:05:51.705] [INFO ]     ├─ Canvas fingerprint noise
[17:05:51.705] [INFO ]     ├─ WebGL renderer/vendor spoof
[17:05:51.705] [INFO ]     ├─ Hardware concurrency randomization
[17:05:51.705] [INFO ]     ├─ Device memory randomization
[17:05:51.705] [INFO ]     ├─ Plugin masking
[17:05:51.705] [INFO ]     ├─ WebRTC IP leak protection
[17:05:51.705] [INFO ]     ├─ Network connection spoof
[17:05:51.705] [INFO ]     └─ Battery API spoof
[17:05:51.746] [INFO ] 
[17:05:51.746] [INFO ]     🥷 STEALTH MODE APPLIED
[17:05:51.746] [INFO ]     ├─ Navigator patches (webdriver, plugins, languages)
[17:05:51.746] [INFO ]     ├─ Chrome runtime patches
[17:05:51.746] [INFO ]     ├─ Console patches
[17:05:51.746] [INFO ]     └─ Permission patches
[17:05:51.746] [INFO ] 🛡️ Injected anti-detection scripts at page level
[17:05:51.746] [DEBUG]    └─ Canvas noise, WebGL spoof, Browser patches
[17:05:51.746] [INFO ] 
[17:05:51.747] [INFO ]     🛡️ ANTI-DETECTION SCRIPTS INJECTED (PAGE level)
[17:05:51.747] [INFO ]     ├─ Canvas fingerprint noise
[17:05:51.747] [INFO ]     ├─ WebGL renderer/vendor spoof
[17:05:51.747] [INFO ]     ├─ Hardware concurrency randomization
[17:05:51.747] [INFO ]     ├─ Device memory randomization
[17:05:51.747] [INFO ]     ├─ Plugin masking
[17:05:51.747] [INFO ]     ├─ WebRTC IP leak protection
[17:05:51.747] [INFO ]     ├─ Network connection spoof
[17:05:51.747] [INFO ]     └─ Battery API spoof
[17:05:51.747] [DEBUG] Enabled resource blocking (images, media, fonts)
[17:05:51.747] [INFO ] 
[17:05:51.747] [INFO ]     🔗 NAVIGATING TO URL
[17:05:51.747] [INFO ]     ├─ Strategy:   domcontentloaded
[17:05:51.747] [INFO ]     ├─ Timeout:    15.0s
[17:05:51.747] [INFO ]     └─ Sleep:      1s after load
[17:05:53.733] [INFO ] 
[17:05:53.734] [INFO ]     ✅ PAGE LOADED
[17:05:53.734] [INFO ]     ├─ Final URL:  https://www.megasoft.com.eg/iso-27001
[17:05:53.734] [INFO ]     ├─ Title:      MegaSoft IT Consulting & Training
[17:05:53.734] [INFO ]     └─ Load Time:  1.99s
[17:05:55.238] [INFO ] 🧑 Human behavior simulation...
[17:05:58.619] [INFO ] 🖱️ Mouse: 3 moves in 1440x900
[17:05:58.619] [INFO ] 🖱️ Mouse completed: 3 moves
[17:05:58.619] [INFO ] 📜 Scroll: page height, viewport=900px
[17:05:58.619] [INFO ] 📜 Scroll completed: 1 scrolls
[17:05:58.619] [INFO ] 🧑 Human behavior completed in 3.4s ✓
[17:05:58.619] [INFO ] 
[17:05:58.619] [INFO ]     🧑 HUMAN BEHAVIOR SIMULATED
[17:05:58.619] [INFO ]     ├─ Mouse Movements: 3
[17:05:58.619] [INFO ]     ├─ Scroll Actions:  1
[17:05:58.619] [INFO ]     └─ Time Spent:      3.38s
[17:05:59.613] [INFO ] 
[17:05:59.613] [INFO ]     ┌─ CONTENT METRICS ────────────────────────────────────────────┐
[17:05:59.613] [INFO ]     │ Title:            MegaSoft IT Consulting & Training
[17:05:59.613] [INFO ]     │ Final URL:        https://www.megasoft.com.eg/iso-27001
[17:05:59.613] [INFO ]     │ HTML Size:        615,816 bytes
[17:05:59.613] [INFO ]     │ Text Size:        3,150 chars
[17:05:59.613] [INFO ]     │ Word Count:       ~424 words
[17:05:59.613] [INFO ]     │ Extraction:       trafilatura
[17:05:59.613] [INFO ]     │ Has Article:      ✅ Yes
[17:05:59.613] [INFO ]     └──────────────────────────────────────────────────────────────┘
[17:05:59.641] [INFO ] 
[17:05:59.641] [INFO ] ╔══════════════════════════════════════════════════════════════════════════╗
[17:05:59.641] [INFO ] ║  ✅ SCRAPE SUCCESSFUL - SCRAPE_20260129_170551_5CF3
[17:05:59.641] [INFO ] ╠══════════════════════════════════════════════════════════════════════════╣
[17:05:59.641] [INFO ] 
[17:05:59.641] [INFO ]     ┌─ TIMING BREAKDOWN ───────────────────────────────────────────┐
[17:05:59.641] [INFO ]     │ Browser Launch:      0.06s
[17:05:59.641] [INFO ]     │ Page Load:           1.99s
[17:05:59.641] [INFO ]     │ Cloudflare Wait:     0.00s
[17:05:59.641] [INFO ]     │ Human Simulation:    3.38s
[17:05:59.641] [INFO ]     │
[17:05:59.641] [INFO ]     │ Content Extraction:  0.87s
[17:05:59.641] [INFO ]     │ ─────────────────────────────────────────────────────────────
[17:05:59.641] [INFO ]     │ TOTAL TIME:          6.29s
[17:05:59.641] [INFO ]     └──────────────────────────────────────────────────────────────┘
[17:05:59.641] [INFO ] 
[17:05:59.641] [INFO ]     ┌─ CONTENT METRICS ────────────────────────────────────────────┐
[17:05:59.641] [INFO ]     │ Title:            MegaSoft IT Consulting & Training
[17:05:59.641] [INFO ]     │ Final URL:        https://www.megasoft.com.eg/iso-27001
[17:05:59.641] [INFO ]     │ HTML Size:        615,816 bytes
[17:05:59.641] [INFO ]     │ Text Size:        3,150 chars
[17:05:59.641] [INFO ]     │ Word Count:       ~424 words
[17:05:59.641] [INFO ]     │ Extraction:       trafilatura
[17:05:59.641] [INFO ]     │ Has Article:      ✅ Yes
[17:05:59.641] [INFO ]     └──────────────────────────────────────────────────────────────┘
[17:05:59.641] [INFO ] ╠══════════════════════════════════════════════════════════════════════════╣
[17:05:59.641] [INFO ] ║  📊 SESSION STATS
[17:05:59.641] [INFO ] ║  ├─ Strategies Tried:   domcontentloaded
[17:05:59.641] [INFO ] ║  ├─ Popups Dismissed:   0
[17:05:59.641] [INFO ] ║  ├─ Cloudflare:         Not detected
[17:05:59.641] [INFO ] ║  └─ Proxy Used:         Direct
[17:05:59.641] [INFO ] ╚══════════════════════════════════════════════════════════════════════════╝
[17:05:59.641] [INFO ] 

================================================================================
STATUS: SUCCESS
TOTAL TIME: 8.30s
ENDED: 2026-01-29T17:05:59.641764+02:00 (Egypt Time)
END OF SCRAPE LOG
================================================================================