================================================================================
SCRAPE LOG: https://content.next.westlaw.com/practical-law/document/Ic71e7b7535de11ef8921fbef1a541940/GDPR-Compliance-for-Egyptian-Businesses?viewType=FullText&transitionType=Default&contextData=(sc.Default)
Started: 2026-01-29 16:24:45
Session ID: SCRAPE_20260129_162445_D853
================================================================================
[16:24:45.784] [INFO ] 📝 Scrape log: /app/data/logs/scrapes/2026-01-29_162445_content.next.westlaw.com.log
[16:24:45.784] [DEBUG] ⏱️ Timeout set to 45s for this scrape
[16:24:46.143] [INFO ] 
[16:24:46.143] [INFO ]     🚀 BROWSER LAUNCHED
[16:24:46.143] [INFO ]     ├─ Mode:       Headless
[16:24:46.143] [INFO ]     ├─ Slow Mo:    42ms
[16:24:46.143] [INFO ]     ├─ Launch Time: 0.06s
[16:24:46.143] [INFO ]     └─ Args:       Anti-automation flags enabled
[16:24:46.164] [DEBUG] Browser profile: viewport={'width': 1512, 'height': 982}, locale=en-US, tz=UTC
[16:24:46.164] [INFO ] 
[16:24:46.164] [INFO ] ╔══════════════════════════════════════════════════════════════════════════╗
[16:24:46.164] [INFO ] ║  📋 SESSION: SCRAPE_20260129_162445_D853
[16:24:46.164] [INFO ] ║  🌐 URL: https://content.next.westlaw.com/practical-law/document/Ic71e7b7535de11ef8921fbef1a541940/GDPR-Compliance-for-Egyptian-Businesses?viewType=FullText&transitionType=Default&contextData=(sc.Default)
[16:24:46.164] [INFO ] ║  🔄 ATTEMPT: 1/2
[16:24:46.164] [INFO ] ║  ⏰ STARTED: 2026-01-29T16:24:46.164210+02:00 (Egypt Time)
[16:24:46.164] [INFO ] ╠══════════════════════════════════════════════════════════════════════════╣
[16:24:46.164] [INFO ] 
[16:24:46.164] [INFO ]     ┌─ BROWSER FINGERPRINT ────────────────────────────────────────┐
[16:24:46.164] [INFO ]     │ Browser:     SAFARI v16
[16:24:46.164] [INFO ]     │ User-Agent:  Mozilla/5.0 (Macintosh; Intel Mac OS X 13_6) AppleWebKit/605.1.15 (KHT...
[16:24:46.164] [INFO ]     │ Viewport:    1512x982
[16:24:46.164] [INFO ]     │ Sec-CH-UA:   (not applicable)...
[16:24:46.164] [INFO ]     ├─ LOCATION PROFILE ───────────────────────────────────────────┤
[16:24:46.164] [INFO ]     │ Location:    Chicago, USA
[16:24:46.164] [INFO ]     │ Timezone:    N/A
[16:24:46.164] [INFO ]     │ Locale:      en-US
[16:24:46.164] [INFO ]     │ Geo:         0, 0
[16:24:46.164] [INFO ]     ├─ NETWORK ────────────────────────────────────────────────────┤
[16:24:46.164] [INFO ]     │ Proxy:       Direct (no proxy)
[16:24:46.164] [INFO ]     │ Referrer:    https://news.google.com/
[16:24:46.164] [INFO ]     └──────────────────────────────────────────────────────────────┘
[16:24:46.164] [INFO ] ╚══════════════════════════════════════════════════════════════════════════╝
[16:24:46.164] [INFO ] 🛡️ Injected anti-detection scripts at context level
[16:24:46.164] [DEBUG]    └─ Canvas noise, WebGL spoof, Browser patches
[16:24:46.164] [INFO ] 
[16:24:46.164] [INFO ]     🛡️ ANTI-DETECTION SCRIPTS INJECTED (CONTEXT level)
[16:24:46.164] [INFO ]     ├─ Canvas fingerprint noise
[16:24:46.164] [INFO ]     ├─ WebGL renderer/vendor spoof
[16:24:46.164] [INFO ]     ├─ Hardware concurrency randomization
[16:24:46.164] [INFO ]     ├─ Device memory randomization
[16:24:46.164] [INFO ]     ├─ Plugin masking
[16:24:46.164] [INFO ]     ├─ WebRTC IP leak protection
[16:24:46.164] [INFO ]     ├─ Network connection spoof
[16:24:46.164] [INFO ]     └─ Battery API spoof
[16:24:46.207] [INFO ] 
[16:24:46.207] [INFO ]     🥷 STEALTH MODE APPLIED
[16:24:46.207] [INFO ]     ├─ Navigator patches (webdriver, plugins, languages)
[16:24:46.207] [INFO ]     ├─ Chrome runtime patches
[16:24:46.207] [INFO ]     ├─ Console patches
[16:24:46.207] [INFO ]     └─ Permission patches
[16:24:46.207] [INFO ] 🛡️ Injected anti-detection scripts at page level
[16:24:46.207] [DEBUG]    └─ Canvas noise, WebGL spoof, Browser patches
[16:24:46.207] [INFO ] 
[16:24:46.207] [INFO ]     🛡️ ANTI-DETECTION SCRIPTS INJECTED (PAGE level)
[16:24:46.207] [INFO ]     ├─ Canvas fingerprint noise
[16:24:46.207] [INFO ]     ├─ WebGL renderer/vendor spoof
[16:24:46.207] [INFO ]     ├─ Hardware concurrency randomization
[16:24:46.207] [INFO ]     ├─ Device memory randomization
[16:24:46.207] [INFO ]     ├─ Plugin masking
[16:24:46.207] [INFO ]     ├─ WebRTC IP leak protection
[16:24:46.207] [INFO ]     ├─ Network connection spoof
[16:24:46.207] [INFO ]     └─ Battery API spoof
[16:24:46.207] [DEBUG] Enabled resource blocking (images, media, fonts)
[16:24:46.207] [INFO ] 
[16:24:46.207] [INFO ]     🔗 NAVIGATING TO URL
[16:24:46.207] [INFO ]     ├─ Strategy:   domcontentloaded
[16:24:46.207] [INFO ]     ├─ Timeout:    15.0s
[16:24:46.207] [INFO ]     └─ Sleep:      1s after load
[16:24:52.207] [INFO ] 
[16:24:52.207] [INFO ]     ✅ PAGE LOADED
[16:24:52.207] [INFO ]     ├─ Final URL:  https://content.next.westlaw.com/practical-law/document/Ic71e7b7535de11ef8921fbef1a541940/GDPR-Compliance-for-Egyptian-Businesses?viewType=FullText&transitionType=Default&contextData=(sc.Default)
[16:24:52.207] [INFO ]     ├─ Title:      GDPR Compliance for Egyptian Businesses | Practical Law
[16:24:52.207] [INFO ]     └─ Load Time:  6.00s
[16:24:53.420] [INFO ] 🧑 Human behavior simulation...
[16:24:57.822] [INFO ] 🖱️ Mouse: 3 moves in 1512x982
[16:24:57.822] [INFO ] 🖱️ Mouse completed: 3 moves
[16:24:57.822] [INFO ] 📜 Scroll: page height, viewport=982px
[16:24:57.822] [INFO ] 📜 Scroll completed: 2 scrolls
[16:24:57.822] [INFO ] 🧑 Human behavior completed in 4.4s ✓
[16:24:57.822] [INFO ] 
[16:24:57.822] [INFO ]     🧑 HUMAN BEHAVIOR SIMULATED
[16:24:57.822] [INFO ]     ├─ Mouse Movements: 3
[16:24:57.822] [INFO ]     ├─ Scroll Actions:  2
[16:24:57.822] [INFO ]     └─ Time Spent:      4.40s
[16:24:58.040] [INFO ] 
[16:24:58.040] [INFO ]     ┌─ CONTENT METRICS ────────────────────────────────────────────┐
[16:24:58.040] [INFO ]     │ Title:            GDPR Compliance for Egyptian Businesses | Practica
[16:24:58.040] [INFO ]     │ Final URL:        https://content.next.westlaw.com/practical-law/document/Ic71e7b7535de11ef8921fbef1a541940/GDPR-Compliance-for-Egyptian-Businesses?viewType=FullText&transitionType=Default&contextData=(sc.Default)
[16:24:58.040] [INFO ]     │ HTML Size:        157,430 bytes
[16:24:58.040] [INFO ]     │ Text Size:        1,015 chars
[16:24:58.040] [INFO ]     │ Word Count:       ~157 words
[16:24:58.040] [INFO ]     │ Extraction:       trafilatura
[16:24:58.040] [INFO ]     │ Has Article:      ✅ Yes
[16:24:58.040] [INFO ]     └──────────────────────────────────────────────────────────────┘
[16:24:58.071] [INFO ] 
[16:24:58.071] [INFO ] ╔══════════════════════════════════════════════════════════════════════════╗
[16:24:58.071] [INFO ] ║  ✅ SCRAPE SUCCESSFUL - SCRAPE_20260129_162445_D853
[16:24:58.071] [INFO ] ╠══════════════════════════════════════════════════════════════════════════╣
[16:24:58.071] [INFO ] 
[16:24:58.071] [INFO ]     ┌─ TIMING BREAKDOWN ───────────────────────────────────────────┐
[16:24:58.071] [INFO ]     │ Browser Launch:      0.06s
[16:24:58.071] [INFO ]     │ Page Load:           6.00s
[16:24:58.071] [INFO ]     │ Cloudflare Wait:     0.00s
[16:24:58.071] [INFO ]     │ Human Simulation:    4.40s
[16:24:58.071] [INFO ]     │
[16:24:58.071] [INFO ]     │ Content Extraction:  0.10s
[16:24:58.071] [INFO ]     │ ─────────────────────────────────────────────────────────────
[16:24:58.071] [INFO ]     │ TOTAL TIME:          10.56s
[16:24:58.071] [INFO ]     └──────────────────────────────────────────────────────────────┘
[16:24:58.071] [INFO ] 
[16:24:58.071] [INFO ]     ┌─ CONTENT METRICS ────────────────────────────────────────────┐
[16:24:58.071] [INFO ]     │ Title:            GDPR Compliance for Egyptian Businesses | Practica
[16:24:58.071] [INFO ]     │ Final URL:        https://content.next.westlaw.com/practical-law/document/Ic71e7b7535de11ef8921fbef1a541940/GDPR-Compliance-for-Egyptian-Businesses?viewType=FullText&transitionType=Default&contextData=(sc.Default)
[16:24:58.071] [INFO ]     │ HTML Size:        157,430 bytes
[16:24:58.071] [INFO ]     │ Text Size:        1,015 chars
[16:24:58.071] [INFO ]     │ Word Count:       ~157 words
[16:24:58.071] [INFO ]     │ Extraction:       trafilatura
[16:24:58.071] [INFO ]     │ Has Article:      ✅ Yes
[16:24:58.071] [INFO ]     └──────────────────────────────────────────────────────────────┘
[16:24:58.071] [INFO ] ╠══════════════════════════════════════════════════════════════════════════╣
[16:24:58.071] [INFO ] ║  📊 SESSION STATS
[16:24:58.071] [INFO ] ║  ├─ Strategies Tried:   domcontentloaded
[16:24:58.071] [INFO ] ║  ├─ Popups Dismissed:   0
[16:24:58.071] [INFO ] ║  ├─ Cloudflare:         Not detected
[16:24:58.071] [INFO ] ║  └─ Proxy Used:         Direct
[16:24:58.071] [INFO ] ╚══════════════════════════════════════════════════════════════════════════╝
[16:24:58.071] [INFO ] 

================================================================================
STATUS: SUCCESS
TOTAL TIME: 12.29s
ENDED: 2026-01-29T16:24:58.071783+02:00 (Egypt Time)
END OF SCRAPE LOG
================================================================================