================================================================================
SCRAPE LOG: https://www.pcisecuritystandards.org/assessors_and_solutions/qualified_security_assessors/
Started: 2026-02-01 12:18:20
Session ID: SCRAPE_20260201_121820_C8EB
================================================================================
[12:18:20.641] [INFO ] 📝 Scrape log: /app/data/logs/scrapes/2026-02-01_121820_pcisecuritystandards.org.log
[12:18:20.641] [DEBUG] ⏱️ Timeout set to 45s for this scrape
[12:18:21.102] [INFO ] 
[12:18:21.102] [INFO ]     🚀 BROWSER LAUNCHED
[12:18:21.102] [INFO ]     ├─ Mode:       Headless
[12:18:21.102] [INFO ]     ├─ Slow Mo:    60ms
[12:18:21.102] [INFO ]     ├─ Launch Time: 0.08s
[12:18:21.102] [INFO ]     └─ Args:       Anti-automation flags enabled
[12:18:21.128] [DEBUG] Browser profile: viewport={'width': 1536, 'height': 864}, locale=en-US, tz=UTC
[12:18:21.128] [INFO ] 
[12:18:21.128] [INFO ] ╔══════════════════════════════════════════════════════════════════════════╗
[12:18:21.128] [INFO ] ║  📋 SESSION: SCRAPE_20260201_121820_C8EB
[12:18:21.128] [INFO ] ║  🌐 URL: https://www.pcisecuritystandards.org/assessors_and_solutions/qualified_security_assessors/
[12:18:21.128] [INFO ] ║  🔄 ATTEMPT: 1/2
[12:18:21.128] [INFO ] ║  ⏰ STARTED: 2026-02-01T12:18:21.128588+02:00 (Egypt Time)
[12:18:21.128] [INFO ] ╠══════════════════════════════════════════════════════════════════════════╣
[12:18:21.128] [INFO ] 
[12:18:21.128] [INFO ]     ┌─ BROWSER FINGERPRINT ────────────────────────────────────────┐
[12:18:21.128] [INFO ]     │ Browser:     EDGE v120
[12:18:21.128] [INFO ]     │ User-Agent:  Mozilla/5.0 (Windows NT 10.0; Win64; x64) AppleWebKit/537.36 (KHTML, l...
[12:18:21.128] [INFO ]     │ Viewport:    1536x864
[12:18:21.128] [INFO ]     │ Sec-CH-UA:   (not applicable)...
[12:18:21.128] [INFO ]     ├─ LOCATION PROFILE ───────────────────────────────────────────┤
[12:18:21.128] [INFO ]     │ Location:    San Francisco, USA
[12:18:21.128] [INFO ]     │ Timezone:    N/A
[12:18:21.128] [INFO ]     │ Locale:      en-US
[12:18:21.128] [INFO ]     │ Geo:         0, 0
[12:18:21.128] [INFO ]     ├─ NETWORK ────────────────────────────────────────────────────┤
[12:18:21.128] [INFO ]     │ Proxy:       Direct (no proxy)
[12:18:21.128] [INFO ]     │ Referrer:    https://news.google.com/
[12:18:21.128] [INFO ]     └──────────────────────────────────────────────────────────────┘
[12:18:21.128] [INFO ] ╚══════════════════════════════════════════════════════════════════════════╝
[12:18:21.128] [INFO ] 🛡️ Injected anti-detection scripts at context level
[12:18:21.128] [DEBUG]    └─ Canvas noise, WebGL spoof, Browser patches
[12:18:21.128] [INFO ] 
[12:18:21.128] [INFO ]     🛡️ ANTI-DETECTION SCRIPTS INJECTED (CONTEXT level)
[12:18:21.128] [INFO ]     ├─ Canvas fingerprint noise
[12:18:21.128] [INFO ]     ├─ WebGL renderer/vendor spoof
[12:18:21.128] [INFO ]     ├─ Hardware concurrency randomization
[12:18:21.128] [INFO ]     ├─ Device memory randomization
[12:18:21.128] [INFO ]     ├─ Plugin masking
[12:18:21.128] [INFO ]     ├─ WebRTC IP leak protection
[12:18:21.128] [INFO ]     ├─ Network connection spoof
[12:18:21.128] [INFO ]     └─ Battery API spoof
[12:18:21.181] [INFO ] 
[12:18:21.181] [INFO ]     🥷 STEALTH MODE APPLIED
[12:18:21.181] [INFO ]     ├─ Navigator patches (webdriver, plugins, languages)
[12:18:21.181] [INFO ]     ├─ Chrome runtime patches
[12:18:21.181] [INFO ]     ├─ Console patches
[12:18:21.181] [INFO ]     └─ Permission patches
[12:18:21.181] [INFO ] 🛡️ Injected anti-detection scripts at page level
[12:18:21.181] [DEBUG]    └─ Canvas noise, WebGL spoof, Browser patches
[12:18:21.181] [INFO ] 
[12:18:21.181] [INFO ]     🛡️ ANTI-DETECTION SCRIPTS INJECTED (PAGE level)
[12:18:21.181] [INFO ]     ├─ Canvas fingerprint noise
[12:18:21.181] [INFO ]     ├─ WebGL renderer/vendor spoof
[12:18:21.181] [INFO ]     ├─ Hardware concurrency randomization
[12:18:21.181] [INFO ]     ├─ Device memory randomization
[12:18:21.181] [INFO ]     ├─ Plugin masking
[12:18:21.181] [INFO ]     ├─ WebRTC IP leak protection
[12:18:21.181] [INFO ]     ├─ Network connection spoof
[12:18:21.181] [INFO ]     └─ Battery API spoof
[12:18:21.181] [DEBUG] Enabled resource blocking (images, media, fonts)
[12:18:21.181] [INFO ] 
[12:18:21.181] [INFO ]     🔗 NAVIGATING TO URL
[12:18:21.181] [INFO ]     ├─ Strategy:   domcontentloaded
[12:18:21.181] [INFO ]     ├─ Timeout:    15.0s
[12:18:21.181] [INFO ]     └─ Sleep:      1s after load
[12:18:22.628] [INFO ] 
[12:18:22.628] [INFO ]     ✅ PAGE LOADED
[12:18:22.628] [INFO ]     ├─ Final URL:  https://www.pcisecuritystandards.org/assessors_and_solutions/qualified_security_assessors/
[12:18:22.628] [INFO ]     ├─ Title:      PCI Security Standards Council – Protect Payment Data with Industry-driven Security Standards, Training, and Programs
[12:18:22.628] [INFO ]     └─ Load Time:  1.45s
[12:18:24.669] [INFO ] 🧑 Human behavior simulation...
[12:18:29.159] [INFO ] 🖱️ Mouse: 3 moves in 1536x864
[12:18:29.159] [INFO ] 🖱️ Mouse completed: 3 moves
[12:18:29.159] [INFO ] 📜 Scroll: page height, viewport=864px
[12:18:29.159] [INFO ] 📜 Scroll completed: 3 scrolls
[12:18:29.160] [INFO ] 🧑 Human behavior completed in 4.5s ✓
[12:18:29.160] [INFO ] 
[12:18:29.160] [INFO ]     🧑 HUMAN BEHAVIOR SIMULATED
[12:18:29.160] [INFO ]     ├─ Mouse Movements: 3
[12:18:29.160] [INFO ]     ├─ Scroll Actions:  3
[12:18:29.160] [INFO ]     └─ Time Spent:      4.49s
[12:18:29.386] [INFO ] 
[12:18:29.386] [INFO ]     ┌─ CONTENT METRICS ────────────────────────────────────────────┐
[12:18:29.386] [INFO ]     │ Title:            Qualified Security Assessors
[12:18:29.386] [INFO ]     │ Final URL:        https://www.pcisecuritystandards.org/assessors_and_solutions/qualified_security_assessors/
[12:18:29.386] [INFO ]     │ HTML Size:        422,056 bytes
[12:18:29.386] [INFO ]     │ Text Size:        7,934 chars
[12:18:29.386] [INFO ]     │ Word Count:       ~1200 words
[12:18:29.386] [INFO ]     │ Extraction:       trafilatura
[12:18:29.386] [INFO ]     │ Has Article:      ✅ Yes
[12:18:29.386] [INFO ]     └──────────────────────────────────────────────────────────────┘
[12:18:29.414] [INFO ] 
[12:18:29.414] [INFO ] ╔══════════════════════════════════════════════════════════════════════════╗
[12:18:29.414] [INFO ] ║  ✅ SCRAPE SUCCESSFUL - SCRAPE_20260201_121820_C8EB
[12:18:29.414] [INFO ] ╠══════════════════════════════════════════════════════════════════════════╣
[12:18:29.414] [INFO ] 
[12:18:29.414] [INFO ]     ┌─ TIMING BREAKDOWN ───────────────────────────────────────────┐
[12:18:29.414] [INFO ]     │ Browser Launch:      0.08s
[12:18:29.414] [INFO ]     │ Page Load:           1.45s
[12:18:29.414] [INFO ]     │ Cloudflare Wait:     0.00s
[12:18:29.414] [INFO ]     │ Human Simulation:    4.49s
[12:18:29.414] [INFO ]     │
[12:18:29.414] [INFO ]     │ Content Extraction:  0.14s
[12:18:29.414] [INFO ]     │ ─────────────────────────────────────────────────────────────
[12:18:29.414] [INFO ]     │ TOTAL TIME:          6.16s
[12:18:29.414] [INFO ]     └──────────────────────────────────────────────────────────────┘
[12:18:29.414] [INFO ] 
[12:18:29.414] [INFO ]     ┌─ CONTENT METRICS ────────────────────────────────────────────┐
[12:18:29.414] [INFO ]     │ Title:            Qualified Security Assessors
[12:18:29.414] [INFO ]     │ Final URL:        https://www.pcisecuritystandards.org/assessors_and_solutions/qualified_security_assessors/
[12:18:29.414] [INFO ]     │ HTML Size:        422,056 bytes
[12:18:29.414] [INFO ]     │ Text Size:        7,934 chars
[12:18:29.414] [INFO ]     │ Word Count:       ~1200 words
[12:18:29.414] [INFO ]     │ Extraction:       trafilatura
[12:18:29.414] [INFO ]     │ Has Article:      ✅ Yes
[12:18:29.414] [INFO ]     └──────────────────────────────────────────────────────────────┘
[12:18:29.414] [INFO ] ╠══════════════════════════════════════════════════════════════════════════╣
[12:18:29.414] [INFO ] ║  📊 SESSION STATS
[12:18:29.414] [INFO ] ║  ├─ Strategies Tried:   domcontentloaded
[12:18:29.414] [INFO ] ║  ├─ Popups Dismissed:   0
[12:18:29.414] [INFO ] ║  ├─ Cloudflare:         Not detected
[12:18:29.414] [INFO ] ║  └─ Proxy Used:         Direct
[12:18:29.414] [INFO ] ╚══════════════════════════════════════════════════════════════════════════╝
[12:18:29.414] [INFO ] 

================================================================================
STATUS: SUCCESS
TOTAL TIME: 8.77s
ENDED: 2026-02-01T12:18:29.414930+02:00 (Egypt Time)
END OF SCRAPE LOG
================================================================================