================================================================================
SCRAPE LOG: https://www.tuv-nord.com/eg/en/our-services/certification/system-certification/iso-27001/
Started: 2026-01-29 17:03:51
Session ID: SCRAPE_20260129_170351_19EC
================================================================================
[17:03:51.339] [INFO ] 📝 Scrape log: /app/data/logs/scrapes/2026-01-29_170351_tuv-nord.com.log
[17:03:51.339] [DEBUG] ⏱️ Timeout set to 45s for this scrape
[17:03:51.690] [INFO ] 
[17:03:51.690] [INFO ]     🚀 BROWSER LAUNCHED
[17:03:51.690] [INFO ]     ├─ Mode:       Headless
[17:03:51.690] [INFO ]     ├─ Slow Mo:    41ms
[17:03:51.690] [INFO ]     ├─ Launch Time: 0.06s
[17:03:51.690] [INFO ]     └─ Args:       Anti-automation flags enabled
[17:03:51.707] [DEBUG] Browser profile: viewport={'width': 1536, 'height': 864}, locale=en-US, tz=UTC
[17:03:51.707] [INFO ] 
[17:03:51.707] [INFO ] ╔══════════════════════════════════════════════════════════════════════════╗
[17:03:51.707] [INFO ] ║  📋 SESSION: SCRAPE_20260129_170351_19EC
[17:03:51.707] [INFO ] ║  🌐 URL: https://www.tuv-nord.com/eg/en/our-services/certification/system-certification/iso-27001/
[17:03:51.707] [INFO ] ║  🔄 ATTEMPT: 1/2
[17:03:51.707] [INFO ] ║  ⏰ STARTED: 2026-01-29T17:03:51.707552+02:00 (Egypt Time)
[17:03:51.707] [INFO ] ╠══════════════════════════════════════════════════════════════════════════╣
[17:03:51.707] [INFO ] 
[17:03:51.707] [INFO ]     ┌─ BROWSER FINGERPRINT ────────────────────────────────────────┐
[17:03:51.707] [INFO ]     │ Browser:     CHROME v120
[17:03:51.707] [INFO ]     │ User-Agent:  Mozilla/5.0 (Windows NT 11.0; Win64; x64) AppleWebKit/537.36 (KHTML, l...
[17:03:51.707] [INFO ]     │ Viewport:    1536x864
[17:03:51.707] [INFO ]     │ Sec-CH-UA:   (not applicable)...
[17:03:51.707] [INFO ]     ├─ LOCATION PROFILE ───────────────────────────────────────────┤
[17:03:51.707] [INFO ]     │ Location:    Denver, USA
[17:03:51.707] [INFO ]     │ Timezone:    N/A
[17:03:51.707] [INFO ]     │ Locale:      en-US
[17:03:51.707] [INFO ]     │ Geo:         0, 0
[17:03:51.707] [INFO ]     ├─ NETWORK ────────────────────────────────────────────────────┤
[17:03:51.707] [INFO ]     │ Proxy:       Direct (no proxy)
[17:03:51.707] [INFO ]     │ Referrer:    https://news.google.com/
[17:03:51.707] [INFO ]     └──────────────────────────────────────────────────────────────┘
[17:03:51.707] [INFO ] ╚══════════════════════════════════════════════════════════════════════════╝
[17:03:51.707] [INFO ] 🛡️ Injected anti-detection scripts at context level
[17:03:51.707] [DEBUG]    └─ Canvas noise, WebGL spoof, Browser patches
[17:03:51.707] [INFO ] 
[17:03:51.707] [INFO ]     🛡️ ANTI-DETECTION SCRIPTS INJECTED (CONTEXT level)
[17:03:51.707] [INFO ]     ├─ Canvas fingerprint noise
[17:03:51.707] [INFO ]     ├─ WebGL renderer/vendor spoof
[17:03:51.707] [INFO ]     ├─ Hardware concurrency randomization
[17:03:51.707] [INFO ]     ├─ Device memory randomization
[17:03:51.707] [INFO ]     ├─ Plugin masking
[17:03:51.707] [INFO ]     ├─ WebRTC IP leak protection
[17:03:51.707] [INFO ]     ├─ Network connection spoof
[17:03:51.707] [INFO ]     └─ Battery API spoof
[17:03:51.749] [INFO ] 
[17:03:51.749] [INFO ]     🥷 STEALTH MODE APPLIED
[17:03:51.749] [INFO ]     ├─ Navigator patches (webdriver, plugins, languages)
[17:03:51.749] [INFO ]     ├─ Chrome runtime patches
[17:03:51.749] [INFO ]     ├─ Console patches
[17:03:51.749] [INFO ]     └─ Permission patches
[17:03:51.749] [INFO ] 🛡️ Injected anti-detection scripts at page level
[17:03:51.749] [DEBUG]    └─ Canvas noise, WebGL spoof, Browser patches
[17:03:51.749] [INFO ] 
[17:03:51.749] [INFO ]     🛡️ ANTI-DETECTION SCRIPTS INJECTED (PAGE level)
[17:03:51.749] [INFO ]     ├─ Canvas fingerprint noise
[17:03:51.749] [INFO ]     ├─ WebGL renderer/vendor spoof
[17:03:51.749] [INFO ]     ├─ Hardware concurrency randomization
[17:03:51.749] [INFO ]     ├─ Device memory randomization
[17:03:51.749] [INFO ]     ├─ Plugin masking
[17:03:51.749] [INFO ]     ├─ WebRTC IP leak protection
[17:03:51.749] [INFO ]     ├─ Network connection spoof
[17:03:51.749] [INFO ]     └─ Battery API spoof
[17:03:51.749] [DEBUG] Enabled resource blocking (images, media, fonts)
[17:03:51.749] [INFO ] 
[17:03:51.749] [INFO ]     🔗 NAVIGATING TO URL
[17:03:51.749] [INFO ]     ├─ Strategy:   domcontentloaded
[17:03:51.749] [INFO ]     ├─ Timeout:    15.0s
[17:03:51.749] [INFO ]     └─ Sleep:      1s after load
[17:03:53.968] [INFO ] 
[17:03:53.968] [INFO ]     ✅ PAGE LOADED
[17:03:53.968] [INFO ]     ├─ Final URL:  https://www.tuv-nord.com/eg/en/our-services/certification/system-certification/iso-27001/
[17:03:53.968] [INFO ]     ├─ Title:      ISO 27001 Zertifizierung (ISMS) | TUEV NORD Egypt
[17:03:53.968] [INFO ]     └─ Load Time:  2.22s
[17:03:55.205] [INFO ] 🧑 Human behavior simulation...
[17:03:59.782] [INFO ] 🖱️ Mouse: 3 moves in 1536x864
[17:03:59.782] [INFO ] 🖱️ Mouse completed: 3 moves
[17:03:59.782] [INFO ] 📜 Scroll: page height, viewport=864px
[17:03:59.782] [INFO ] 📜 Scroll completed: 3 scrolls
[17:03:59.782] [INFO ] 🧑 Human behavior completed in 4.6s ✓
[17:03:59.782] [INFO ] 
[17:03:59.782] [INFO ]     🧑 HUMAN BEHAVIOR SIMULATED
[17:03:59.782] [INFO ]     ├─ Mouse Movements: 3
[17:03:59.782] [INFO ]     ├─ Scroll Actions:  3
[17:03:59.782] [INFO ]     └─ Time Spent:      4.58s
[17:03:59.921] [INFO ] 
[17:03:59.921] [INFO ]     ┌─ CONTENT METRICS ────────────────────────────────────────────┐
[17:03:59.921] [INFO ]     │ Title:            ISO 27001 Zertifizierung (ISMS)
[17:03:59.921] [INFO ]     │ Final URL:        https://www.tuv-nord.com/eg/en/our-services/certification/system-certification/iso-27001/
[17:03:59.921] [INFO ]     │ HTML Size:        204,378 bytes
[17:03:59.921] [INFO ]     │ Text Size:        2,598 chars
[17:03:59.921] [INFO ]     │ Word Count:       ~394 words
[17:03:59.921] [INFO ]     │ Extraction:       trafilatura
[17:03:59.921] [INFO ]     │ Has Article:      ✅ Yes
[17:03:59.921] [INFO ]     └──────────────────────────────────────────────────────────────┘
[17:03:59.945] [INFO ] 
[17:03:59.945] [INFO ] ╔══════════════════════════════════════════════════════════════════════════╗
[17:03:59.945] [INFO ] ║  ✅ SCRAPE SUCCESSFUL - SCRAPE_20260129_170351_19EC
[17:03:59.945] [INFO ] ╠══════════════════════════════════════════════════════════════════════════╣
[17:03:59.945] [INFO ] 
[17:03:59.945] [INFO ]     ┌─ TIMING BREAKDOWN ───────────────────────────────────────────┐
[17:03:59.945] [INFO ]     │ Browser Launch:      0.06s
[17:03:59.945] [INFO ]     │ Page Load:           2.22s
[17:03:59.945] [INFO ]     │ Cloudflare Wait:     0.00s
[17:03:59.945] [INFO ]     │ Human Simulation:    4.58s
[17:03:59.945] [INFO ]     │
[17:03:59.945] [INFO ]     │ Content Extraction:  0.09s
[17:03:59.945] [INFO ]     │ ─────────────────────────────────────────────────────────────
[17:03:59.945] [INFO ]     │ TOTAL TIME:          6.94s
[17:03:59.945] [INFO ]     └──────────────────────────────────────────────────────────────┘
[17:03:59.945] [INFO ] 
[17:03:59.945] [INFO ]     ┌─ CONTENT METRICS ────────────────────────────────────────────┐
[17:03:59.945] [INFO ]     │ Title:            ISO 27001 Zertifizierung (ISMS)
[17:03:59.945] [INFO ]     │ Final URL:        https://www.tuv-nord.com/eg/en/our-services/certification/system-certification/iso-27001/
[17:03:59.945] [INFO ]     │ HTML Size:        204,378 bytes
[17:03:59.945] [INFO ]     │ Text Size:        2,598 chars
[17:03:59.945] [INFO ]     │ Word Count:       ~394 words
[17:03:59.945] [INFO ]     │ Extraction:       trafilatura
[17:03:59.945] [INFO ]     │ Has Article:      ✅ Yes
[17:03:59.945] [INFO ]     └──────────────────────────────────────────────────────────────┘
[17:03:59.945] [INFO ] ╠══════════════════════════════════════════════════════════════════════════╣
[17:03:59.945] [INFO ] ║  📊 SESSION STATS
[17:03:59.945] [INFO ] ║  ├─ Strategies Tried:   domcontentloaded
[17:03:59.945] [INFO ] ║  ├─ Popups Dismissed:   0
[17:03:59.945] [INFO ] ║  ├─ Cloudflare:         Not detected
[17:03:59.945] [INFO ] ║  └─ Proxy Used:         Direct
[17:03:59.945] [INFO ] ╚══════════════════════════════════════════════════════════════════════════╝
[17:03:59.945] [INFO ] 

================================================================================
STATUS: SUCCESS
TOTAL TIME: 8.61s
ENDED: 2026-01-29T17:03:59.946007+02:00 (Egypt Time)
END OF SCRAPE LOG
================================================================================