================================================================================
SCRAPE LOG: https://www.adcb.com.eg/committed-to-the-highest-security-standards-for-customers-information-protection-adcb-egypt-obtains-pci-dss-v4-certification/
Started: 2026-01-29 18:34:53
Session ID: SCRAPE_20260129_183453_C053
================================================================================
[18:34:53.107] [INFO ] 📝 Scrape log: /app/data/logs/scrapes/2026-01-29_183453_adcb.com.eg.log
[18:34:53.107] [DEBUG] ⏱️ Timeout set to 45s for this scrape
[18:34:53.458] [INFO ] 
[18:34:53.458] [INFO ]     🚀 BROWSER LAUNCHED
[18:34:53.458] [INFO ]     ├─ Mode:       Headless
[18:34:53.458] [INFO ]     ├─ Slow Mo:    42ms
[18:34:53.458] [INFO ]     ├─ Launch Time: 0.06s
[18:34:53.458] [INFO ]     └─ Args:       Anti-automation flags enabled
[18:34:53.475] [DEBUG] Browser profile: viewport={'width': 1680, 'height': 1050}, locale=en-AU, tz=UTC
[18:34:53.475] [INFO ] 
[18:34:53.475] [INFO ] ╔══════════════════════════════════════════════════════════════════════════╗
[18:34:53.475] [INFO ] ║  📋 SESSION: SCRAPE_20260129_183453_C053
[18:34:53.475] [INFO ] ║  🌐 URL: https://www.adcb.com.eg/committed-to-the-highest-security-standards-for-customers-information-protection-adcb-egypt-obtains-pci-dss-v4-certification/
[18:34:53.475] [INFO ] ║  🔄 ATTEMPT: 1/2
[18:34:53.475] [INFO ] ║  ⏰ STARTED: 2026-01-29T18:34:53.475459+02:00 (Egypt Time)
[18:34:53.475] [INFO ] ╠══════════════════════════════════════════════════════════════════════════╣
[18:34:53.475] [INFO ] 
[18:34:53.475] [INFO ]     ┌─ BROWSER FINGERPRINT ────────────────────────────────────────┐
[18:34:53.475] [INFO ]     │ Browser:     CHROME v119
[18:34:53.475] [INFO ]     │ User-Agent:  Mozilla/5.0 (Macintosh; Intel Mac OS X 13_5) AppleWebKit/537.36 (KHTML...
[18:34:53.475] [INFO ]     │ Viewport:    1680x1050
[18:34:53.475] [INFO ]     │ Sec-CH-UA:   (not applicable)...
[18:34:53.475] [INFO ]     ├─ LOCATION PROFILE ───────────────────────────────────────────┤
[18:34:53.475] [INFO ]     │ Location:    Sydney, Australia
[18:34:53.475] [INFO ]     │ Timezone:    N/A
[18:34:53.475] [INFO ]     │ Locale:      en-AU
[18:34:53.475] [INFO ]     │ Geo:         0, 0
[18:34:53.475] [INFO ]     ├─ NETWORK ────────────────────────────────────────────────────┤
[18:34:53.475] [INFO ]     │ Proxy:       Direct (no proxy)
[18:34:53.475] [INFO ]     │ Referrer:    https://www.google.com/
[18:34:53.475] [INFO ]     └──────────────────────────────────────────────────────────────┘
[18:34:53.475] [INFO ] ╚══════════════════════════════════════════════════════════════════════════╝
[18:34:53.475] [INFO ] 🛡️ Injected anti-detection scripts at context level
[18:34:53.475] [DEBUG]    └─ Canvas noise, WebGL spoof, Browser patches
[18:34:53.475] [INFO ] 
[18:34:53.475] [INFO ]     🛡️ ANTI-DETECTION SCRIPTS INJECTED (CONTEXT level)
[18:34:53.475] [INFO ]     ├─ Canvas fingerprint noise
[18:34:53.475] [INFO ]     ├─ WebGL renderer/vendor spoof
[18:34:53.475] [INFO ]     ├─ Hardware concurrency randomization
[18:34:53.475] [INFO ]     ├─ Device memory randomization
[18:34:53.475] [INFO ]     ├─ Plugin masking
[18:34:53.475] [INFO ]     ├─ WebRTC IP leak protection
[18:34:53.475] [INFO ]     ├─ Network connection spoof
[18:34:53.475] [INFO ]     └─ Battery API spoof
[18:34:53.518] [INFO ] 
[18:34:53.518] [INFO ]     🥷 STEALTH MODE APPLIED
[18:34:53.518] [INFO ]     ├─ Navigator patches (webdriver, plugins, languages)
[18:34:53.518] [INFO ]     ├─ Chrome runtime patches
[18:34:53.518] [INFO ]     ├─ Console patches
[18:34:53.518] [INFO ]     └─ Permission patches
[18:34:53.518] [INFO ] 🛡️ Injected anti-detection scripts at page level
[18:34:53.518] [DEBUG]    └─ Canvas noise, WebGL spoof, Browser patches
[18:34:53.518] [INFO ] 
[18:34:53.518] [INFO ]     🛡️ ANTI-DETECTION SCRIPTS INJECTED (PAGE level)
[18:34:53.518] [INFO ]     ├─ Canvas fingerprint noise
[18:34:53.518] [INFO ]     ├─ WebGL renderer/vendor spoof
[18:34:53.518] [INFO ]     ├─ Hardware concurrency randomization
[18:34:53.518] [INFO ]     ├─ Device memory randomization
[18:34:53.518] [INFO ]     ├─ Plugin masking
[18:34:53.518] [INFO ]     ├─ WebRTC IP leak protection
[18:34:53.518] [INFO ]     ├─ Network connection spoof
[18:34:53.518] [INFO ]     └─ Battery API spoof
[18:34:53.518] [DEBUG] Enabled resource blocking (images, media, fonts)
[18:34:53.518] [INFO ] 
[18:34:53.518] [INFO ]     🔗 NAVIGATING TO URL
[18:34:53.518] [INFO ]     ├─ Strategy:   domcontentloaded
[18:34:53.518] [INFO ]     ├─ Timeout:    15.0s
[18:34:53.518] [INFO ]     └─ Sleep:      1s after load
[18:35:00.096] [INFO ] 
[18:35:00.096] [INFO ]     ✅ PAGE LOADED
[18:35:00.096] [INFO ]     ├─ Final URL:  https://www.adcb.com.eg/committed-to-the-highest-security-standards-for-customers-information-protection-adcb-egypt-obtains-pci-dss-v4-certification/
[18:35:00.096] [INFO ]     ├─ Title:      Committed to the Highest Security Standards for Customers Information Protection: ADCB Egypt Obtains PCI-DSS V4 Certification | ADCB
[18:35:00.096] [INFO ]     └─ Load Time:  6.58s
[18:35:03.381] [INFO ] 🧑 Human behavior simulation...
[18:35:09.873] [INFO ] 🖱️ Mouse: 4 moves in 1680x1050
[18:35:09.873] [INFO ] 🖱️ Mouse completed: 4 moves
[18:35:09.873] [INFO ] 📜 Scroll: page height, viewport=1050px
[18:35:09.873] [INFO ] 📜 Scroll completed: 3 scrolls
[18:35:09.873] [INFO ] 🧑 Human behavior completed in 6.5s ✓
[18:35:09.873] [INFO ] 
[18:35:09.873] [INFO ]     🧑 HUMAN BEHAVIOR SIMULATED
[18:35:09.873] [INFO ]     ├─ Mouse Movements: 4
[18:35:09.873] [INFO ]     ├─ Scroll Actions:  3
[18:35:09.873] [INFO ]     └─ Time Spent:      6.49s
[18:35:10.016] [INFO ] 
[18:35:10.016] [INFO ]     ┌─ CONTENT METRICS ────────────────────────────────────────────┐
[18:35:10.016] [INFO ]     │ Title:            Committed to the Highest Security Standards for Cu
[18:35:10.016] [INFO ]     │ Final URL:        https://www.adcb.com.eg/committed-to-the-highest-security-standards-for-customers-information-protection-adcb-egypt-obtains-pci-dss-v4-certification/
[18:35:10.016] [INFO ]     │ HTML Size:        204,707 bytes
[18:35:10.016] [INFO ]     │ Text Size:        1,902 chars
[18:35:10.016] [INFO ]     │ Word Count:       ~268 words
[18:35:10.016] [INFO ]     │ Extraction:       trafilatura
[18:35:10.016] [INFO ]     │ Has Article:      ✅ Yes
[18:35:10.016] [INFO ]     └──────────────────────────────────────────────────────────────┘
[18:35:10.045] [INFO ] 
[18:35:10.045] [INFO ] ╔══════════════════════════════════════════════════════════════════════════╗
[18:35:10.045] [INFO ] ║  ✅ SCRAPE SUCCESSFUL - SCRAPE_20260129_183453_C053
[18:35:10.045] [INFO ] ╠══════════════════════════════════════════════════════════════════════════╣
[18:35:10.045] [INFO ] 
[18:35:10.045] [INFO ]     ┌─ TIMING BREAKDOWN ───────────────────────────────────────────┐
[18:35:10.045] [INFO ]     │ Browser Launch:      0.06s
[18:35:10.045] [INFO ]     │ Page Load:           6.58s
[18:35:10.045] [INFO ]     │ Cloudflare Wait:     0.00s
[18:35:10.045] [INFO ]     │ Human Simulation:    6.49s
[18:35:10.045] [INFO ]     │
[18:35:10.045] [INFO ]     │ Content Extraction:  0.05s
[18:35:10.045] [INFO ]     │ ─────────────────────────────────────────────────────────────
[18:35:10.045] [INFO ]     │ TOTAL TIME:          13.18s
[18:35:10.045] [INFO ]     └──────────────────────────────────────────────────────────────┘
[18:35:10.045] [INFO ] 
[18:35:10.045] [INFO ]     ┌─ CONTENT METRICS ────────────────────────────────────────────┐
[18:35:10.045] [INFO ]     │ Title:            Committed to the Highest Security Standards for Cu
[18:35:10.045] [INFO ]     │ Final URL:        https://www.adcb.com.eg/committed-to-the-highest-security-standards-for-customers-information-protection-adcb-egypt-obtains-pci-dss-v4-certification/
[18:35:10.045] [INFO ]     │ HTML Size:        204,707 bytes
[18:35:10.045] [INFO ]     │ Text Size:        1,902 chars
[18:35:10.045] [INFO ]     │ Word Count:       ~268 words
[18:35:10.045] [INFO ]     │ Extraction:       trafilatura
[18:35:10.045] [INFO ]     │ Has Article:      ✅ Yes
[18:35:10.045] [INFO ]     └──────────────────────────────────────────────────────────────┘
[18:35:10.045] [INFO ] ╠══════════════════════════════════════════════════════════════════════════╣
[18:35:10.045] [INFO ] ║  📊 SESSION STATS
[18:35:10.045] [INFO ] ║  ├─ Strategies Tried:   domcontentloaded
[18:35:10.045] [INFO ] ║  ├─ Popups Dismissed:   0
[18:35:10.045] [INFO ] ║  ├─ Cloudflare:         Not detected
[18:35:10.045] [INFO ] ║  └─ Proxy Used:         Direct
[18:35:10.045] [INFO ] ╚══════════════════════════════════════════════════════════════════════════╝
[18:35:10.045] [INFO ] 

================================================================================
STATUS: SUCCESS
TOTAL TIME: 16.94s
ENDED: 2026-01-29T18:35:10.045509+02:00 (Egypt Time)
END OF SCRAPE LOG
================================================================================