================================================================================
SCRAPE LOG: https://cyberintelsys.com/penetration-testing-vapt-services-egypt/
Started: 2026-01-30 01:36:03
Session ID: SCRAPE_20260130_013603_B53E
================================================================================
[01:36:03.722] [INFO ] 📝 Scrape log: /app/data/logs/scrapes/2026-01-30_013603_cyberintelsys.com.log
[01:36:03.722] [DEBUG] ⏱️ Timeout set to 45s for this scrape
[01:36:04.078] [INFO ] 
[01:36:04.078] [INFO ]     🚀 BROWSER LAUNCHED
[01:36:04.078] [INFO ]     ├─ Mode:       Headless
[01:36:04.078] [INFO ]     ├─ Slow Mo:    40ms
[01:36:04.079] [INFO ]     ├─ Launch Time: 0.06s
[01:36:04.079] [INFO ]     └─ Args:       Anti-automation flags enabled
[01:36:04.095] [DEBUG] Browser profile: viewport={'width': 2560, 'height': 1440}, locale=en-SG, tz=UTC
[01:36:04.095] [INFO ] 
[01:36:04.095] [INFO ] ╔══════════════════════════════════════════════════════════════════════════╗
[01:36:04.095] [INFO ] ║  📋 SESSION: SCRAPE_20260130_013603_B53E
[01:36:04.095] [INFO ] ║  🌐 URL: https://cyberintelsys.com/penetration-testing-vapt-services-egypt/
[01:36:04.095] [INFO ] ║  🔄 ATTEMPT: 1/2
[01:36:04.095] [INFO ] ║  ⏰ STARTED: 2026-01-30T01:36:04.095607+02:00 (Egypt Time)
[01:36:04.095] [INFO ] ╠══════════════════════════════════════════════════════════════════════════╣
[01:36:04.095] [INFO ] 
[01:36:04.095] [INFO ]     ┌─ BROWSER FINGERPRINT ────────────────────────────────────────┐
[01:36:04.095] [INFO ]     │ Browser:     CHROME v120
[01:36:04.095] [INFO ]     │ User-Agent:  Mozilla/5.0 (Windows NT 10.0; Win64; x64) AppleWebKit/537.36 (KHTML, l...
[01:36:04.095] [INFO ]     │ Viewport:    2560x1440
[01:36:04.095] [INFO ]     │ Sec-CH-UA:   (not applicable)...
[01:36:04.095] [INFO ]     ├─ LOCATION PROFILE ───────────────────────────────────────────┤
[01:36:04.095] [INFO ]     │ Location:    Singapore
[01:36:04.095] [INFO ]     │ Timezone:    N/A
[01:36:04.095] [INFO ]     │ Locale:      en-SG
[01:36:04.095] [INFO ]     │ Geo:         0, 0
[01:36:04.095] [INFO ]     ├─ NETWORK ────────────────────────────────────────────────────┤
[01:36:04.095] [INFO ]     │ Proxy:       Direct (no proxy)
[01:36:04.095] [INFO ]     │ Referrer:    https://www.google.com/
[01:36:04.095] [INFO ]     └──────────────────────────────────────────────────────────────┘
[01:36:04.095] [INFO ] ╚══════════════════════════════════════════════════════════════════════════╝
[01:36:04.095] [INFO ] 🛡️ Injected anti-detection scripts at context level
[01:36:04.095] [DEBUG]    └─ Canvas noise, WebGL spoof, Browser patches
[01:36:04.095] [INFO ] 
[01:36:04.095] [INFO ]     🛡️ ANTI-DETECTION SCRIPTS INJECTED (CONTEXT level)
[01:36:04.095] [INFO ]     ├─ Canvas fingerprint noise
[01:36:04.095] [INFO ]     ├─ WebGL renderer/vendor spoof
[01:36:04.095] [INFO ]     ├─ Hardware concurrency randomization
[01:36:04.095] [INFO ]     ├─ Device memory randomization
[01:36:04.095] [INFO ]     ├─ Plugin masking
[01:36:04.095] [INFO ]     ├─ WebRTC IP leak protection
[01:36:04.095] [INFO ]     ├─ Network connection spoof
[01:36:04.095] [INFO ]     └─ Battery API spoof
[01:36:04.137] [INFO ] 
[01:36:04.137] [INFO ]     🥷 STEALTH MODE APPLIED
[01:36:04.137] [INFO ]     ├─ Navigator patches (webdriver, plugins, languages)
[01:36:04.137] [INFO ]     ├─ Chrome runtime patches
[01:36:04.137] [INFO ]     ├─ Console patches
[01:36:04.137] [INFO ]     └─ Permission patches
[01:36:04.137] [INFO ] 🛡️ Injected anti-detection scripts at page level
[01:36:04.138] [DEBUG]    └─ Canvas noise, WebGL spoof, Browser patches
[01:36:04.138] [INFO ] 
[01:36:04.138] [INFO ]     🛡️ ANTI-DETECTION SCRIPTS INJECTED (PAGE level)
[01:36:04.138] [INFO ]     ├─ Canvas fingerprint noise
[01:36:04.138] [INFO ]     ├─ WebGL renderer/vendor spoof
[01:36:04.138] [INFO ]     ├─ Hardware concurrency randomization
[01:36:04.138] [INFO ]     ├─ Device memory randomization
[01:36:04.138] [INFO ]     ├─ Plugin masking
[01:36:04.138] [INFO ]     ├─ WebRTC IP leak protection
[01:36:04.138] [INFO ]     ├─ Network connection spoof
[01:36:04.138] [INFO ]     └─ Battery API spoof
[01:36:04.138] [DEBUG] Enabled resource blocking (images, media, fonts)
[01:36:04.138] [INFO ] 
[01:36:04.138] [INFO ]     🔗 NAVIGATING TO URL
[01:36:04.138] [INFO ]     ├─ Strategy:   domcontentloaded
[01:36:04.138] [INFO ]     ├─ Timeout:    15.0s
[01:36:04.138] [INFO ]     └─ Sleep:      1s after load
[01:36:08.113] [INFO ] 
[01:36:08.113] [INFO ]     ✅ PAGE LOADED
[01:36:08.113] [INFO ]     ├─ Final URL:  https://cyberintelsys.com/penetration-testing-vapt-services-egypt/
[01:36:08.113] [INFO ]     ├─ Title:      Penetration Testing and VAPT Services in Egypt | Cyberintelsys
[01:36:08.113] [INFO ]     └─ Load Time:  3.98s
[01:36:09.854] [INFO ] 🧑 Human behavior simulation...
[01:36:12.374] [INFO ] 🖱️ Mouse: 2 moves in 2560x1440
[01:36:12.374] [INFO ] 🖱️ Mouse completed: 2 moves
[01:36:12.374] [INFO ] 📜 Scroll: page height, viewport=1440px
[01:36:12.374] [INFO ] 📜 Scroll completed: 2 scrolls
[01:36:12.374] [INFO ] 🧑 Human behavior completed in 2.5s ✓
[01:36:12.374] [INFO ] 
[01:36:12.374] [INFO ]     🧑 HUMAN BEHAVIOR SIMULATED
[01:36:12.374] [INFO ]     ├─ Mouse Movements: 2
[01:36:12.374] [INFO ]     ├─ Scroll Actions:  2
[01:36:12.374] [INFO ]     └─ Time Spent:      2.52s
[01:36:20.728] [INFO ] 
[01:36:20.728] [INFO ]     🚀 BROWSER LAUNCHED
[01:36:20.728] [INFO ]     ├─ Mode:       Headless
[01:36:20.728] [INFO ]     ├─ Slow Mo:    48ms
[01:36:20.728] [INFO ]     ├─ Launch Time: 0.06s
[01:36:20.728] [INFO ]     └─ Args:       Anti-automation flags enabled
[01:36:20.747] [DEBUG] Browser profile: viewport={'width': 1920, 'height': 1080}, locale=en-US, tz=UTC
[01:36:20.747] [INFO ] 
[01:36:20.747] [INFO ] ╔══════════════════════════════════════════════════════════════════════════╗
[01:36:20.747] [INFO ] ║  📋 SESSION: SCRAPE_20260130_013603_B53E
[01:36:20.747] [INFO ] ║  🌐 URL: https://cyberintelsys.com/penetration-testing-vapt-services-egypt/
[01:36:20.747] [INFO ] ║  🔄 ATTEMPT: 2/2
[01:36:20.747] [INFO ] ║  ⏰ STARTED: 2026-01-30T01:36:20.747989+02:00 (Egypt Time)
[01:36:20.748] [INFO ] ╠══════════════════════════════════════════════════════════════════════════╣
[01:36:20.748] [INFO ] 
[01:36:20.748] [INFO ]     ┌─ BROWSER FINGERPRINT ────────────────────────────────────────┐
[01:36:20.748] [INFO ]     │ Browser:     FIREFOX v122
[01:36:20.748] [INFO ]     │ User-Agent:  Mozilla/5.0 (Windows NT 10.0; Win64; x64; rv:122.0) Gecko/20100101 Fir...
[01:36:20.748] [INFO ]     │ Viewport:    1920x1080
[01:36:20.748] [INFO ]     │ Sec-CH-UA:   (not applicable)...
[01:36:20.748] [INFO ]     ├─ LOCATION PROFILE ───────────────────────────────────────────┤
[01:36:20.748] [INFO ]     │ Location:    Phoenix, USA
[01:36:20.748] [INFO ]     │ Timezone:    N/A
[01:36:20.748] [INFO ]     │ Locale:      en-US
[01:36:20.748] [INFO ]     │ Geo:         0, 0
[01:36:20.748] [INFO ]     ├─ NETWORK ────────────────────────────────────────────────────┤
[01:36:20.748] [INFO ]     │ Proxy:       Direct (no proxy)
[01:36:20.748] [INFO ]     │ Referrer:    https://www.google.com/search?q=cyberintelsys+com
[01:36:20.748] [INFO ]     └──────────────────────────────────────────────────────────────┘
[01:36:20.748] [INFO ] ╚══════════════════════════════════════════════════════════════════════════╝
[01:36:20.748] [INFO ] 🛡️ Injected anti-detection scripts at context level
[01:36:20.748] [DEBUG]    └─ Canvas noise, WebGL spoof, Browser patches
[01:36:20.748] [INFO ] 
[01:36:20.748] [INFO ]     🛡️ ANTI-DETECTION SCRIPTS INJECTED (CONTEXT level)
[01:36:20.748] [INFO ]     ├─ Canvas fingerprint noise
[01:36:20.748] [INFO ]     ├─ WebGL renderer/vendor spoof
[01:36:20.748] [INFO ]     ├─ Hardware concurrency randomization
[01:36:20.748] [INFO ]     ├─ Device memory randomization
[01:36:20.748] [INFO ]     ├─ Plugin masking
[01:36:20.748] [INFO ]     ├─ WebRTC IP leak protection
[01:36:20.748] [INFO ]     ├─ Network connection spoof
[01:36:20.748] [INFO ]     └─ Battery API spoof
[01:36:20.791] [INFO ] 
[01:36:20.791] [INFO ]     🥷 STEALTH MODE APPLIED
[01:36:20.791] [INFO ]     ├─ Navigator patches (webdriver, plugins, languages)
[01:36:20.791] [INFO ]     ├─ Chrome runtime patches
[01:36:20.791] [INFO ]     ├─ Console patches
[01:36:20.791] [INFO ]     └─ Permission patches
[01:36:20.791] [INFO ] 🛡️ Injected anti-detection scripts at page level
[01:36:20.791] [DEBUG]    └─ Canvas noise, WebGL spoof, Browser patches
[01:36:20.791] [INFO ] 
[01:36:20.791] [INFO ]     🛡️ ANTI-DETECTION SCRIPTS INJECTED (PAGE level)
[01:36:20.791] [INFO ]     ├─ Canvas fingerprint noise
[01:36:20.791] [INFO ]     ├─ WebGL renderer/vendor spoof
[01:36:20.791] [INFO ]     ├─ Hardware concurrency randomization
[01:36:20.791] [INFO ]     ├─ Device memory randomization
[01:36:20.791] [INFO ]     ├─ Plugin masking
[01:36:20.791] [INFO ]     ├─ WebRTC IP leak protection
[01:36:20.791] [INFO ]     ├─ Network connection spoof
[01:36:20.791] [INFO ]     └─ Battery API spoof
[01:36:20.791] [DEBUG] Enabled resource blocking (images, media, fonts)
[01:36:20.791] [INFO ] 
[01:36:20.791] [INFO ]     🔗 NAVIGATING TO URL
[01:36:20.791] [INFO ]     ├─ Strategy:   domcontentloaded
[01:36:20.791] [INFO ]     ├─ Timeout:    15.0s
[01:36:20.791] [INFO ]     └─ Sleep:      1s after load
[01:36:22.216] [INFO ] 
[01:36:22.216] [INFO ]     ✅ PAGE LOADED
[01:36:22.216] [INFO ]     ├─ Final URL:  https://cyberintelsys.com/penetration-testing-vapt-services-egypt/
[01:36:22.216] [INFO ]     ├─ Title:      Penetration Testing and VAPT Services in Egypt | Cyberintelsys
[01:36:22.216] [INFO ]     └─ Load Time:  1.42s
[01:36:23.950] [INFO ] 🧑 Human behavior simulation...
[01:36:30.935] [INFO ] 🖱️ Mouse: 4 moves in 1920x1080
[01:36:30.935] [INFO ] 🖱️ Mouse completed: 4 moves
[01:36:30.935] [INFO ] 📜 Scroll: page height, viewport=1080px
[01:36:30.935] [INFO ] 📜 Scroll completed: 3 scrolls
[01:36:30.935] [INFO ] 🧑 Human behavior completed in 7.0s ✓
[01:36:30.935] [INFO ] 
[01:36:30.935] [INFO ]     🧑 HUMAN BEHAVIOR SIMULATED
[01:36:30.935] [INFO ]     ├─ Mouse Movements: 4
[01:36:30.935] [INFO ]     ├─ Scroll Actions:  3
[01:36:30.935] [INFO ]     └─ Time Spent:      6.98s
[01:36:31.350] [INFO ] 
[01:36:31.350] [INFO ] ╔══════════════════════════════════════════════════════════════════════════╗
[01:36:31.350] [INFO ] ║  ❌ SCRAPE FAILED - SCRAPE_20260130_013603_B53E
[01:36:31.350] [INFO ] ╠══════════════════════════════════════════════════════════════════════════╣
[01:36:31.350] [INFO ] 
[01:36:31.350] [INFO ]     ┌─ FAILURE SUMMARY ────────────────────────────────────────────┐
[01:36:31.350] [INFO ]     │ URL:              https://cyberintelsys.com/penetration-testing-vapt-serv
[01:36:31.350] [INFO ]     │ Error Type:       unknown
[01:36:31.350] [INFO ]     │ Likely Ban:       ❌ No
[01:36:31.350] [INFO ]     │ Retries Used:     2
[01:36:31.350] [INFO ]     │
[01:36:31.350] [INFO ]     │ Error Message:
[01:36:31.350] [INFO ]     │   Failed after 2 attempts. Last error: Unknown error
[01:36:31.350] [INFO ]     └──────────────────────────────────────────────────────────────┘
[01:36:31.350] [INFO ] 
[01:36:31.350] [INFO ]     ┌─ TIMING AT FAILURE ──────────────────────────────────────────┐
[01:36:31.350] [INFO ]     │ Browser Launch:     0.06s
[01:36:31.350] [INFO ]     │ Page Load:          1.42s
[01:36:31.350] [INFO ]     │ Cloudflare Wait:    0.00s
[01:36:31.350] [INFO ]     │ Human Simulation:   6.98s
[01:36:31.350] [INFO ]     │ ─────────────────────────────────────────────────────────────
[01:36:31.350] [INFO ]     │ FAILED AT:          8.47s
[01:36:31.350] [INFO ]     └──────────────────────────────────────────────────────────────┘
[01:36:31.350] [INFO ] 
[01:36:31.350] [INFO ] ╚══════════════════════════════════════════════════════════════════════════╝
[01:36:31.350] [INFO ] 

================================================================================
STATUS: FAILED
TOTAL TIME: 27.63s
ENDED: 2026-01-30T01:36:31.350590+02:00 (Egypt Time)
END OF SCRAPE LOG
================================================================================