================================================================================
SCRAPE LOG: https://www.nqa.com/en-us/certification/standards/iso-27001
Started: 2026-01-26 13:23:31
Session ID: SCRAPE_20260126_132331_7DF9
================================================================================
[13:23:31.353] [INFO ] 📝 Scrape log: /app/data/logs/scrapes/2026-01-26_132331_nqa.com.log
[13:23:31.353] [DEBUG] ⏱️ Timeout set to 45s for this scrape
[13:23:31.694] [INFO ] 
[13:23:31.694] [INFO ]     🚀 BROWSER LAUNCHED
[13:23:31.694] [INFO ]     ├─ Mode:       Headless
[13:23:31.694] [INFO ]     ├─ Slow Mo:    48ms
[13:23:31.694] [INFO ]     ├─ Launch Time: 0.05s
[13:23:31.694] [INFO ]     └─ Args:       Anti-automation flags enabled
[13:23:31.714] [DEBUG] Browser profile: viewport={'width': 1680, 'height': 1050}, locale=en-US, tz=UTC
[13:23:31.714] [INFO ] 
[13:23:31.714] [INFO ] ╔══════════════════════════════════════════════════════════════════════════╗
[13:23:31.714] [INFO ] ║  📋 SESSION: SCRAPE_20260126_132331_7DF9
[13:23:31.714] [INFO ] ║  🌐 URL: https://www.nqa.com/en-us/certification/standards/iso-27001
[13:23:31.714] [INFO ] ║  🔄 ATTEMPT: 1/2
[13:23:31.714] [INFO ] ║  ⏰ STARTED: 2026-01-26T13:23:31.714790+02:00 (Egypt Time)
[13:23:31.714] [INFO ] ╠══════════════════════════════════════════════════════════════════════════╣
[13:23:31.714] [INFO ] 
[13:23:31.714] [INFO ]     ┌─ BROWSER FINGERPRINT ────────────────────────────────────────┐
[13:23:31.714] [INFO ]     │ Browser:     EDGE v122
[13:23:31.714] [INFO ]     │ User-Agent:  Mozilla/5.0 (Windows NT 10.0; Win64; x64) AppleWebKit/537.36 (KHTML, l...
[13:23:31.714] [INFO ]     │ Viewport:    1680x1050
[13:23:31.714] [INFO ]     │ Sec-CH-UA:   (not applicable)...
[13:23:31.714] [INFO ]     ├─ LOCATION PROFILE ───────────────────────────────────────────┤
[13:23:31.714] [INFO ]     │ Location:    Miami, USA
[13:23:31.714] [INFO ]     │ Timezone:    N/A
[13:23:31.714] [INFO ]     │ Locale:      en-US
[13:23:31.714] [INFO ]     │ Geo:         0, 0
[13:23:31.714] [INFO ]     ├─ NETWORK ────────────────────────────────────────────────────┤
[13:23:31.714] [INFO ]     │ Proxy:       Direct (no proxy)
[13:23:31.714] [INFO ]     │ Referrer:    https://news.google.com/
[13:23:31.714] [INFO ]     └──────────────────────────────────────────────────────────────┘
[13:23:31.714] [INFO ] ╚══════════════════════════════════════════════════════════════════════════╝
[13:23:31.714] [INFO ] 🛡️ Injected anti-detection scripts at context level
[13:23:31.714] [DEBUG]    └─ Canvas noise, WebGL spoof, Browser patches
[13:23:31.714] [INFO ] 
[13:23:31.714] [INFO ]     🛡️ ANTI-DETECTION SCRIPTS INJECTED (CONTEXT level)
[13:23:31.714] [INFO ]     ├─ Canvas fingerprint noise
[13:23:31.714] [INFO ]     ├─ WebGL renderer/vendor spoof
[13:23:31.714] [INFO ]     ├─ Hardware concurrency randomization
[13:23:31.714] [INFO ]     ├─ Device memory randomization
[13:23:31.714] [INFO ]     ├─ Plugin masking
[13:23:31.714] [INFO ]     ├─ WebRTC IP leak protection
[13:23:31.714] [INFO ]     ├─ Network connection spoof
[13:23:31.714] [INFO ]     └─ Battery API spoof
[13:23:31.756] [INFO ] 
[13:23:31.756] [INFO ]     🥷 STEALTH MODE APPLIED
[13:23:31.756] [INFO ]     ├─ Navigator patches (webdriver, plugins, languages)
[13:23:31.756] [INFO ]     ├─ Chrome runtime patches
[13:23:31.756] [INFO ]     ├─ Console patches
[13:23:31.756] [INFO ]     └─ Permission patches
[13:23:31.757] [INFO ] 🛡️ Injected anti-detection scripts at page level
[13:23:31.757] [DEBUG]    └─ Canvas noise, WebGL spoof, Browser patches
[13:23:31.757] [INFO ] 
[13:23:31.757] [INFO ]     🛡️ ANTI-DETECTION SCRIPTS INJECTED (PAGE level)
[13:23:31.757] [INFO ]     ├─ Canvas fingerprint noise
[13:23:31.757] [INFO ]     ├─ WebGL renderer/vendor spoof
[13:23:31.757] [INFO ]     ├─ Hardware concurrency randomization
[13:23:31.757] [INFO ]     ├─ Device memory randomization
[13:23:31.757] [INFO ]     ├─ Plugin masking
[13:23:31.757] [INFO ]     ├─ WebRTC IP leak protection
[13:23:31.757] [INFO ]     ├─ Network connection spoof
[13:23:31.757] [INFO ]     └─ Battery API spoof
[13:23:31.757] [DEBUG] Enabled resource blocking (images, media, fonts)
[13:23:31.757] [INFO ] 
[13:23:31.757] [INFO ]     🔗 NAVIGATING TO URL
[13:23:31.757] [INFO ]     ├─ Strategy:   domcontentloaded
[13:23:31.757] [INFO ]     ├─ Timeout:    15.0s
[13:23:31.757] [INFO ]     └─ Sleep:      1s after load
[13:23:36.325] [INFO ] 
[13:23:36.325] [INFO ]     ✅ PAGE LOADED
[13:23:36.325] [INFO ]     ├─ Final URL:  https://www.nqa.com/en-us/certification/standards/iso-27001
[13:23:36.325] [INFO ]     ├─ Title:      ISO 27001 Certification - Information Security System | NQA
[13:23:36.325] [INFO ]     └─ Load Time:  4.57s
[13:23:39.127] [INFO ] 🧑 Human behavior simulation...
[13:23:44.429] [INFO ] 🖱️ Mouse: 3 moves in 1680x1050
[13:23:44.429] [INFO ] 🖱️ Mouse completed: 3 moves
[13:23:44.429] [INFO ] 📜 Scroll: page height, viewport=1050px
[13:23:44.429] [INFO ] 📜 Scroll completed: 3 scrolls
[13:23:44.429] [INFO ] 🧑 Human behavior completed in 5.3s ✓
[13:23:44.429] [INFO ] 
[13:23:44.429] [INFO ]     🧑 HUMAN BEHAVIOR SIMULATED
[13:23:44.429] [INFO ]     ├─ Mouse Movements: 3
[13:23:44.429] [INFO ]     ├─ Scroll Actions:  3
[13:23:44.429] [INFO ]     └─ Time Spent:      5.30s
[13:23:46.782] [INFO ] 
[13:23:46.782] [INFO ]     ┌─ CONTENT METRICS ────────────────────────────────────────────┐
[13:23:46.782] [INFO ]     │ Title:            ISO 27001: Information Security Management Systems
[13:23:46.782] [INFO ]     │ Final URL:        https://www.nqa.com/en-us/certification/standards/iso-27001
[13:23:46.782] [INFO ]     │ HTML Size:        217,588 bytes
[13:23:46.782] [INFO ]     │ Text Size:        6,519 chars
[13:23:46.782] [INFO ]     │ Word Count:       ~987 words
[13:23:46.782] [INFO ]     │ Extraction:       trafilatura
[13:23:46.782] [INFO ]     │ Has Article:      ✅ Yes
[13:23:46.782] [INFO ]     └──────────────────────────────────────────────────────────────┘
[13:23:46.828] [INFO ] 
[13:23:46.828] [INFO ] ╔══════════════════════════════════════════════════════════════════════════╗
[13:23:46.828] [INFO ] ║  ✅ SCRAPE SUCCESSFUL - SCRAPE_20260126_132331_7DF9
[13:23:46.829] [INFO ] ╠══════════════════════════════════════════════════════════════════════════╣
[13:23:46.829] [INFO ] 
[13:23:46.829] [INFO ]     ┌─ TIMING BREAKDOWN ───────────────────────────────────────────┐
[13:23:46.829] [INFO ]     │ Browser Launch:      0.05s
[13:23:46.829] [INFO ]     │ Page Load:           4.57s
[13:23:46.829] [INFO ]     │ Cloudflare Wait:     0.00s
[13:23:46.829] [INFO ]     │ Human Simulation:    5.30s
[13:23:46.829] [INFO ]     │
[13:23:46.829] [INFO ]     │ Content Extraction:  2.19s
[13:23:46.829] [INFO ]     │ ─────────────────────────────────────────────────────────────
[13:23:46.829] [INFO ]     │ TOTAL TIME:          12.12s
[13:23:46.829] [INFO ]     └──────────────────────────────────────────────────────────────┘
[13:23:46.829] [INFO ] 
[13:23:46.829] [INFO ]     ┌─ CONTENT METRICS ────────────────────────────────────────────┐
[13:23:46.829] [INFO ]     │ Title:            ISO 27001: Information Security Management Systems
[13:23:46.829] [INFO ]     │ Final URL:        https://www.nqa.com/en-us/certification/standards/iso-27001
[13:23:46.829] [INFO ]     │ HTML Size:        217,588 bytes
[13:23:46.829] [INFO ]     │ Text Size:        6,519 chars
[13:23:46.829] [INFO ]     │ Word Count:       ~987 words
[13:23:46.829] [INFO ]     │ Extraction:       trafilatura
[13:23:46.829] [INFO ]     │ Has Article:      ✅ Yes
[13:23:46.829] [INFO ]     └──────────────────────────────────────────────────────────────┘
[13:23:46.829] [INFO ] ╠══════════════════════════════════════════════════════════════════════════╣
[13:23:46.829] [INFO ] ║  📊 SESSION STATS
[13:23:46.829] [INFO ] ║  ├─ Strategies Tried:   domcontentloaded
[13:23:46.829] [INFO ] ║  ├─ Popups Dismissed:   0
[13:23:46.829] [INFO ] ║  ├─ Cloudflare:         Not detected
[13:23:46.829] [INFO ] ║  └─ Proxy Used:         Direct
[13:23:46.829] [INFO ] ╚══════════════════════════════════════════════════════════════════════════╝
[13:23:46.829] [INFO ] 

================================================================================
STATUS: SUCCESS
TOTAL TIME: 15.48s
ENDED: 2026-01-26T13:23:46.829457+02:00 (Egypt Time)
END OF SCRAPE LOG
================================================================================