================================================================================
SCRAPE LOG: https://www.iso-certification-egypt.com/iso-22301-certification-consulting-cairo.html
Started: 2026-01-29 22:34:59
Session ID: SCRAPE_20260129_223459_F410
================================================================================
[22:34:59.579] [INFO ] 📝 Scrape log: /app/data/logs/scrapes/2026-01-29_223459_iso-certification-egypt.com.log
[22:34:59.579] [DEBUG] ⏱️ Timeout set to 45s for this scrape
[22:34:59.919] [INFO ] 
[22:34:59.919] [INFO ]     🚀 BROWSER LAUNCHED
[22:34:59.919] [INFO ]     ├─ Mode:       Headless
[22:34:59.919] [INFO ]     ├─ Slow Mo:    56ms
[22:34:59.919] [INFO ]     ├─ Launch Time: 0.05s
[22:34:59.919] [INFO ]     └─ Args:       Anti-automation flags enabled
[22:34:59.936] [DEBUG] Browser profile: viewport={'width': 1366, 'height': 768}, locale=en-US, tz=UTC
[22:34:59.936] [INFO ] 
[22:34:59.936] [INFO ] ╔══════════════════════════════════════════════════════════════════════════╗
[22:34:59.936] [INFO ] ║  📋 SESSION: SCRAPE_20260129_223459_F410
[22:34:59.936] [INFO ] ║  🌐 URL: https://www.iso-certification-egypt.com/iso-22301-certification-consulting-cairo.html
[22:34:59.936] [INFO ] ║  🔄 ATTEMPT: 1/2
[22:34:59.936] [INFO ] ║  ⏰ STARTED: 2026-01-29T22:34:59.936462+02:00 (Egypt Time)
[22:34:59.936] [INFO ] ╠══════════════════════════════════════════════════════════════════════════╣
[22:34:59.936] [INFO ] 
[22:34:59.936] [INFO ]     ┌─ BROWSER FINGERPRINT ────────────────────────────────────────┐
[22:34:59.936] [INFO ]     │ Browser:     EDGE v121
[22:34:59.936] [INFO ]     │ User-Agent:  Mozilla/5.0 (Windows NT 10.0; Win64; x64) AppleWebKit/537.36 (KHTML, l...
[22:34:59.936] [INFO ]     │ Viewport:    1366x768
[22:34:59.936] [INFO ]     │ Sec-CH-UA:   (not applicable)...
[22:34:59.936] [INFO ]     ├─ LOCATION PROFILE ───────────────────────────────────────────┤
[22:34:59.936] [INFO ]     │ Location:    Houston, USA
[22:34:59.936] [INFO ]     │ Timezone:    N/A
[22:34:59.936] [INFO ]     │ Locale:      en-US
[22:34:59.936] [INFO ]     │ Geo:         0, 0
[22:34:59.936] [INFO ]     ├─ NETWORK ────────────────────────────────────────────────────┤
[22:34:59.936] [INFO ]     │ Proxy:       Direct (no proxy)
[22:34:59.936] [INFO ]     │ Referrer:    None
[22:34:59.936] [INFO ]     └──────────────────────────────────────────────────────────────┘
[22:34:59.936] [INFO ] ╚══════════════════════════════════════════════════════════════════════════╝
[22:34:59.936] [INFO ] 🛡️ Injected anti-detection scripts at context level
[22:34:59.936] [DEBUG]    └─ Canvas noise, WebGL spoof, Browser patches
[22:34:59.936] [INFO ] 
[22:34:59.936] [INFO ]     🛡️ ANTI-DETECTION SCRIPTS INJECTED (CONTEXT level)
[22:34:59.936] [INFO ]     ├─ Canvas fingerprint noise
[22:34:59.936] [INFO ]     ├─ WebGL renderer/vendor spoof
[22:34:59.936] [INFO ]     ├─ Hardware concurrency randomization
[22:34:59.936] [INFO ]     ├─ Device memory randomization
[22:34:59.936] [INFO ]     ├─ Plugin masking
[22:34:59.936] [INFO ]     ├─ WebRTC IP leak protection
[22:34:59.936] [INFO ]     ├─ Network connection spoof
[22:34:59.936] [INFO ]     └─ Battery API spoof
[22:34:59.978] [INFO ] 
[22:34:59.978] [INFO ]     🥷 STEALTH MODE APPLIED
[22:34:59.978] [INFO ]     ├─ Navigator patches (webdriver, plugins, languages)
[22:34:59.978] [INFO ]     ├─ Chrome runtime patches
[22:34:59.978] [INFO ]     ├─ Console patches
[22:34:59.978] [INFO ]     └─ Permission patches
[22:34:59.978] [INFO ] 🛡️ Injected anti-detection scripts at page level
[22:34:59.978] [DEBUG]    └─ Canvas noise, WebGL spoof, Browser patches
[22:34:59.978] [INFO ] 
[22:34:59.978] [INFO ]     🛡️ ANTI-DETECTION SCRIPTS INJECTED (PAGE level)
[22:34:59.978] [INFO ]     ├─ Canvas fingerprint noise
[22:34:59.978] [INFO ]     ├─ WebGL renderer/vendor spoof
[22:34:59.978] [INFO ]     ├─ Hardware concurrency randomization
[22:34:59.978] [INFO ]     ├─ Device memory randomization
[22:34:59.978] [INFO ]     ├─ Plugin masking
[22:34:59.978] [INFO ]     ├─ WebRTC IP leak protection
[22:34:59.978] [INFO ]     ├─ Network connection spoof
[22:34:59.978] [INFO ]     └─ Battery API spoof
[22:34:59.978] [DEBUG] Enabled resource blocking (images, media, fonts)
[22:34:59.978] [INFO ] 
[22:34:59.978] [INFO ]     🔗 NAVIGATING TO URL
[22:34:59.978] [INFO ]     ├─ Strategy:   domcontentloaded
[22:34:59.978] [INFO ]     ├─ Timeout:    15.0s
[22:34:59.978] [INFO ]     └─ Sleep:      1s after load
[22:35:15.036] [DEBUG] Enabled resource blocking (images, media, fonts)
[22:35:15.036] [INFO ] 
[22:35:15.036] [INFO ]     🔗 NAVIGATING TO URL
[22:35:15.036] [INFO ]     ├─ Strategy:   load
[22:35:15.036] [INFO ]     ├─ Timeout:    20.0s
[22:35:15.036] [INFO ]     └─ Sleep:      1s after load
[22:35:15.255] [DEBUG] Enabled resource blocking (images, media, fonts)
[22:35:15.255] [INFO ] 
[22:35:15.255] [INFO ]     🔗 NAVIGATING TO URL
[22:35:15.255] [INFO ]     ├─ Strategy:   networkidle
[22:35:15.255] [INFO ]     ├─ Timeout:    25.0s
[22:35:15.255] [INFO ]     └─ Sleep:      1s after load
[22:35:21.535] [INFO ] 
[22:35:21.535] [INFO ]     ✅ PAGE LOADED
[22:35:21.535] [INFO ]     ├─ Final URL:  https://www.iso-certification-egypt.com/iso-22301-certification-consulting-cairo.html
[22:35:21.535] [INFO ]     ├─ Title:      ISO 22301 Certification Consulting Services in Cairo
[22:35:21.535] [INFO ]     └─ Load Time:  6.28s
[22:35:22.775] [INFO ] 🧑 Human behavior simulation...
[22:35:26.746] [INFO ] 🖱️ Mouse: 2 moves in 1366x768
[22:35:26.746] [INFO ] 🖱️ Mouse completed: 2 moves
[22:35:26.746] [INFO ] 📜 Scroll: page height, viewport=768px
[22:35:26.746] [INFO ] 📜 Scroll completed: 1 scrolls
[22:35:26.746] [INFO ] 🧑 Human behavior completed in 4.0s ✓
[22:35:26.746] [INFO ] 
[22:35:26.746] [INFO ]     🧑 HUMAN BEHAVIOR SIMULATED
[22:35:26.746] [INFO ]     ├─ Mouse Movements: 2
[22:35:26.746] [INFO ]     ├─ Scroll Actions:  1
[22:35:26.746] [INFO ]     └─ Time Spent:      3.97s
[22:35:27.030] [INFO ] 
[22:35:27.030] [INFO ]     ┌─ CONTENT METRICS ────────────────────────────────────────────┐
[22:35:27.030] [INFO ]     │ Title:            ISO 22301 Certification Consulting Services in Cai
[22:35:27.030] [INFO ]     │ Final URL:        https://www.iso-certification-egypt.com/iso-22301-certification-consulting-cairo.html
[22:35:27.030] [INFO ]     │ HTML Size:        90,491 bytes
[22:35:27.030] [INFO ]     │ Text Size:        7,697 chars
[22:35:27.030] [INFO ]     │ Word Count:       ~1047 words
[22:35:27.030] [INFO ]     │ Extraction:       trafilatura
[22:35:27.030] [INFO ]     │ Has Article:      ✅ Yes
[22:35:27.030] [INFO ]     └──────────────────────────────────────────────────────────────┘
[22:35:27.058] [INFO ] 
[22:35:27.058] [INFO ] ╔══════════════════════════════════════════════════════════════════════════╗
[22:35:27.058] [INFO ] ║  ✅ SCRAPE SUCCESSFUL - SCRAPE_20260129_223459_F410
[22:35:27.058] [INFO ] ╠══════════════════════════════════════════════════════════════════════════╣
[22:35:27.058] [INFO ] 
[22:35:27.058] [INFO ]     ┌─ TIMING BREAKDOWN ───────────────────────────────────────────┐
[22:35:27.058] [INFO ]     │ Browser Launch:      0.05s
[22:35:27.058] [INFO ]     │ Page Load:           6.28s
[22:35:27.058] [INFO ]     │ Cloudflare Wait:     0.00s
[22:35:27.058] [INFO ]     │ Human Simulation:    3.97s
[22:35:27.058] [INFO ]     │
[22:35:27.058] [INFO ]     │ Content Extraction:  0.22s
[22:35:27.058] [INFO ]     │ ─────────────────────────────────────────────────────────────
[22:35:27.058] [INFO ]     │ TOTAL TIME:          10.52s
[22:35:27.058] [INFO ]     └──────────────────────────────────────────────────────────────┘
[22:35:27.058] [INFO ] 
[22:35:27.058] [INFO ]     ┌─ CONTENT METRICS ────────────────────────────────────────────┐
[22:35:27.058] [INFO ]     │ Title:            ISO 22301 Certification Consulting Services in Cai
[22:35:27.058] [INFO ]     │ Final URL:        https://www.iso-certification-egypt.com/iso-22301-certification-consulting-cairo.html
[22:35:27.058] [INFO ]     │ HTML Size:        90,491 bytes
[22:35:27.058] [INFO ]     │ Text Size:        7,697 chars
[22:35:27.058] [INFO ]     │ Word Count:       ~1047 words
[22:35:27.058] [INFO ]     │ Extraction:       trafilatura
[22:35:27.058] [INFO ]     │ Has Article:      ✅ Yes
[22:35:27.058] [INFO ]     └──────────────────────────────────────────────────────────────┘
[22:35:27.058] [INFO ] ╠══════════════════════════════════════════════════════════════════════════╣
[22:35:27.058] [INFO ] ║  📊 SESSION STATS
[22:35:27.058] [INFO ] ║  ├─ Strategies Tried:   domcontentloaded
[22:35:27.058] [INFO ] ║  ├─ Popups Dismissed:   0
[22:35:27.058] [INFO ] ║  ├─ Cloudflare:         Not detected
[22:35:27.058] [INFO ] ║  └─ Proxy Used:         Direct
[22:35:27.058] [INFO ] ╚══════════════════════════════════════════════════════════════════════════╝
[22:35:27.058] [INFO ] 

================================================================================
STATUS: SUCCESS
TOTAL TIME: 27.48s
ENDED: 2026-01-29T22:35:27.058965+02:00 (Egypt Time)
END OF SCRAPE LOG
================================================================================