================================================================================
SCRAPE LOG: https://www.upwork.com/hire/penetration-testers/eg/
Started: 2026-01-30 01:33:03
Session ID: SCRAPE_20260130_013303_4476
================================================================================
[01:33:03.718] [INFO ] 📝 Scrape log: /app/data/logs/scrapes/2026-01-30_013303_upwork.com.log
[01:33:03.718] [DEBUG] ⏱️ Timeout set to 45s for this scrape
[01:33:04.069] [INFO ] 
[01:33:04.069] [INFO ]     🚀 BROWSER LAUNCHED
[01:33:04.069] [INFO ]     ├─ Mode:       Headless
[01:33:04.069] [INFO ]     ├─ Slow Mo:    47ms
[01:33:04.069] [INFO ]     ├─ Launch Time: 0.06s
[01:33:04.069] [INFO ]     └─ Args:       Anti-automation flags enabled
[01:33:04.089] [DEBUG] Browser profile: viewport={'width': 1366, 'height': 768}, locale=en-AU, tz=UTC
[01:33:04.089] [INFO ] 
[01:33:04.089] [INFO ] ╔══════════════════════════════════════════════════════════════════════════╗
[01:33:04.089] [INFO ] ║  📋 SESSION: SCRAPE_20260130_013303_4476
[01:33:04.089] [INFO ] ║  🌐 URL: https://www.upwork.com/hire/penetration-testers/eg/
[01:33:04.089] [INFO ] ║  🔄 ATTEMPT: 1/2
[01:33:04.089] [INFO ] ║  ⏰ STARTED: 2026-01-30T01:33:04.089836+02:00 (Egypt Time)
[01:33:04.089] [INFO ] ╠══════════════════════════════════════════════════════════════════════════╣
[01:33:04.089] [INFO ] 
[01:33:04.089] [INFO ]     ┌─ BROWSER FINGERPRINT ────────────────────────────────────────┐
[01:33:04.089] [INFO ]     │ Browser:     CHROME v121
[01:33:04.089] [INFO ]     │ User-Agent:  Mozilla/5.0 (Windows NT 10.0; Win64; x64) AppleWebKit/537.36 (KHTML, l...
[01:33:04.089] [INFO ]     │ Viewport:    1366x768
[01:33:04.089] [INFO ]     │ Sec-CH-UA:   (not applicable)...
[01:33:04.089] [INFO ]     ├─ LOCATION PROFILE ───────────────────────────────────────────┤
[01:33:04.089] [INFO ]     │ Location:    Sydney, Australia
[01:33:04.089] [INFO ]     │ Timezone:    N/A
[01:33:04.089] [INFO ]     │ Locale:      en-AU
[01:33:04.089] [INFO ]     │ Geo:         0, 0
[01:33:04.089] [INFO ]     ├─ NETWORK ────────────────────────────────────────────────────┤
[01:33:04.089] [INFO ]     │ Proxy:       Direct (no proxy)
[01:33:04.089] [INFO ]     │ Referrer:    https://www.google.com/search?q=www+upwork+com
[01:33:04.089] [INFO ]     └──────────────────────────────────────────────────────────────┘
[01:33:04.089] [INFO ] ╚══════════════════════════════════════════════════════════════════════════╝
[01:33:04.089] [INFO ] 🛡️ Injected anti-detection scripts at context level
[01:33:04.089] [DEBUG]    └─ Canvas noise, WebGL spoof, Browser patches
[01:33:04.089] [INFO ] 
[01:33:04.089] [INFO ]     🛡️ ANTI-DETECTION SCRIPTS INJECTED (CONTEXT level)
[01:33:04.089] [INFO ]     ├─ Canvas fingerprint noise
[01:33:04.089] [INFO ]     ├─ WebGL renderer/vendor spoof
[01:33:04.089] [INFO ]     ├─ Hardware concurrency randomization
[01:33:04.089] [INFO ]     ├─ Device memory randomization
[01:33:04.089] [INFO ]     ├─ Plugin masking
[01:33:04.089] [INFO ]     ├─ WebRTC IP leak protection
[01:33:04.089] [INFO ]     ├─ Network connection spoof
[01:33:04.089] [INFO ]     └─ Battery API spoof
[01:33:04.134] [INFO ] 
[01:33:04.134] [INFO ]     🥷 STEALTH MODE APPLIED
[01:33:04.134] [INFO ]     ├─ Navigator patches (webdriver, plugins, languages)
[01:33:04.134] [INFO ]     ├─ Chrome runtime patches
[01:33:04.134] [INFO ]     ├─ Console patches
[01:33:04.134] [INFO ]     └─ Permission patches
[01:33:04.134] [INFO ] 🛡️ Injected anti-detection scripts at page level
[01:33:04.134] [DEBUG]    └─ Canvas noise, WebGL spoof, Browser patches
[01:33:04.134] [INFO ] 
[01:33:04.134] [INFO ]     🛡️ ANTI-DETECTION SCRIPTS INJECTED (PAGE level)
[01:33:04.134] [INFO ]     ├─ Canvas fingerprint noise
[01:33:04.134] [INFO ]     ├─ WebGL renderer/vendor spoof
[01:33:04.134] [INFO ]     ├─ Hardware concurrency randomization
[01:33:04.134] [INFO ]     ├─ Device memory randomization
[01:33:04.134] [INFO ]     ├─ Plugin masking
[01:33:04.134] [INFO ]     ├─ WebRTC IP leak protection
[01:33:04.134] [INFO ]     ├─ Network connection spoof
[01:33:04.134] [INFO ]     └─ Battery API spoof
[01:33:04.134] [DEBUG] Enabled resource blocking (images, media, fonts)
[01:33:04.134] [INFO ] 
[01:33:04.134] [INFO ]     🔗 NAVIGATING TO URL
[01:33:04.134] [INFO ]     ├─ Strategy:   domcontentloaded
[01:33:04.134] [INFO ]     ├─ Timeout:    15.0s
[01:33:04.134] [INFO ]     └─ Sleep:      1s after load
[01:33:04.791] [INFO ] 
[01:33:04.791] [INFO ]     ✅ PAGE LOADED
[01:33:04.791] [INFO ]     ├─ Final URL:  https://www.upwork.com/hire/penetration-testers/eg/?__cf_chl_rt_tk=w6Ian.JXQUTFHMSF0A5u3yAWHvsLFYAOEFdALlfANp0-1769729584-1.0.1.1-4q_6.SiOEeVoxk2iKSCCKQl8dCEJLBL_wt1czg0YbME
[01:33:04.791] [INFO ]     ├─ Title:      Challenge - Upwork
[01:33:04.791] [INFO ]     └─ Load Time:  0.66s
[01:33:54.326] [INFO ] ☁️ Cloudflare detected, waiting 0.0s...
[01:33:54.814] [INFO ] 
[01:33:54.814] [INFO ] ╔══════════════════════════════════════════════════════════════════════════╗
[01:33:54.814] [INFO ] ║  ⚠️  ERROR DETECTED
[01:33:54.814] [INFO ] ╠══════════════════════════════════════════════════════════════════════════╣
[01:33:54.814] [INFO ] 
[01:33:54.814] [INFO ]     ┌─ ERROR DETAILS ───────────────────────────────────────────────┐
[01:33:54.814] [INFO ]     │ Error Type:       timeout
[01:33:54.814] [INFO ]     │ Message:          Scrape timed out after 51.1s at stage: detection_handling...
[01:33:54.814] [INFO ]     │
[01:33:54.814] [INFO ]     │ Likely Ban:       ✅ No
[01:33:54.814] [INFO ]     └──────────────────────────────────────────────────────────────┘
[01:33:54.814] [INFO ] 
[01:33:54.814] [INFO ]     ┌─ PAGE STATE AT ERROR ────────────────────────────────────────┐
[01:33:54.814] [INFO ]     │ Page URL:         https://www.upwork.com/hire/penetration-testers/eg/
[01:33:54.814] [INFO ]     └──────────────────────────────────────────────────────────────┘
[01:33:54.814] [INFO ] 
[01:33:54.814] [INFO ] ╚══════════════════════════════════════════════════════════════════════════╝
[01:33:54.814] [INFO ] 
[01:33:54.814] [ERROR] ❌ timeout: Scrape timed out after 51.1s at stage: detection_handling
[01:33:54.814] [INFO ] 
[01:33:54.814] [INFO ] ╔══════════════════════════════════════════════════════════════════════════╗
[01:33:54.814] [INFO ] ║  ❌ SCRAPE FAILED - SCRAPE_20260130_013303_4476
[01:33:54.814] [INFO ] ╠══════════════════════════════════════════════════════════════════════════╣
[01:33:54.814] [INFO ] 
[01:33:54.814] [INFO ]     ┌─ FAILURE SUMMARY ────────────────────────────────────────────┐
[01:33:54.814] [INFO ]     │ URL:              https://www.upwork.com/hire/penetration-testers/eg/
[01:33:54.814] [INFO ]     │ Error Type:       timeout
[01:33:54.814] [INFO ]     │ Likely Ban:       ❌ No
[01:33:54.814] [INFO ]     │ Retries Used:     0
[01:33:54.814] [INFO ]     │
[01:33:54.814] [INFO ]     │ Error Message:
[01:33:54.814] [INFO ]     │   Scrape timed out after 51.1s at stage: detection_handlin
[01:33:54.814] [INFO ]     │   g
[01:33:54.814] [INFO ]     └──────────────────────────────────────────────────────────────┘
[01:33:54.814] [INFO ] 
[01:33:54.814] [INFO ]     ┌─ TIMING AT FAILURE ──────────────────────────────────────────┐
[01:33:54.814] [INFO ]     │ Browser Launch:     0.06s
[01:33:54.814] [INFO ]     │ Page Load:          0.66s
[01:33:54.814] [INFO ]     │ Cloudflare Wait:    0.00s
[01:33:54.814] [INFO ]     │ Human Simulation:   0.00s
[01:33:54.814] [INFO ]     │ ─────────────────────────────────────────────────────────────
[01:33:54.814] [INFO ]     │ FAILED AT:          0.71s
[01:33:54.814] [INFO ]     └──────────────────────────────────────────────────────────────┘
[01:33:54.814] [INFO ] 
[01:33:54.814] [INFO ] ╚══════════════════════════════════════════════════════════════════════════╝
[01:33:54.814] [INFO ] 

================================================================================
STATUS: FAILED
TOTAL TIME: 51.10s
ENDED: 2026-01-30T01:33:54.814550+02:00 (Egypt Time)
END OF SCRAPE LOG
================================================================================