================================================================================
SCRAPE LOG: https://www.kroll.com/en/services/cyber/regulatory-compliance-assessments/nis2
Started: 2026-01-29 21:35:58
Session ID: SCRAPE_20260129_213558_2EDF
================================================================================
[21:35:58.249] [INFO ] 📝 Scrape log: /app/data/logs/scrapes/2026-01-29_213558_kroll.com.log
[21:35:58.249] [DEBUG] ⏱️ Timeout set to 45s for this scrape
[21:35:58.593] [INFO ] 
[21:35:58.593] [INFO ]     🚀 BROWSER LAUNCHED
[21:35:58.593] [INFO ]     ├─ Mode:       Headless
[21:35:58.593] [INFO ]     ├─ Slow Mo:    41ms
[21:35:58.593] [INFO ]     ├─ Launch Time: 0.06s
[21:35:58.593] [INFO ]     └─ Args:       Anti-automation flags enabled
[21:35:58.610] [DEBUG] Browser profile: viewport={'width': 1440, 'height': 900}, locale=en-US, tz=UTC
[21:35:58.610] [INFO ] 
[21:35:58.610] [INFO ] ╔══════════════════════════════════════════════════════════════════════════╗
[21:35:58.610] [INFO ] ║  📋 SESSION: SCRAPE_20260129_213558_2EDF
[21:35:58.610] [INFO ] ║  🌐 URL: https://www.kroll.com/en/services/cyber/regulatory-compliance-assessments/nis2
[21:35:58.610] [INFO ] ║  🔄 ATTEMPT: 1/2
[21:35:58.610] [INFO ] ║  ⏰ STARTED: 2026-01-29T21:35:58.610270+02:00 (Egypt Time)
[21:35:58.610] [INFO ] ╠══════════════════════════════════════════════════════════════════════════╣
[21:35:58.610] [INFO ] 
[21:35:58.610] [INFO ]     ┌─ BROWSER FINGERPRINT ────────────────────────────────────────┐
[21:35:58.610] [INFO ]     │ Browser:     CHROME v119
[21:35:58.610] [INFO ]     │ User-Agent:  Mozilla/5.0 (Macintosh; Intel Mac OS X 13_5) AppleWebKit/537.36 (KHTML...
[21:35:58.610] [INFO ]     │ Viewport:    1440x900
[21:35:58.610] [INFO ]     │ Sec-CH-UA:   (not applicable)...
[21:35:58.610] [INFO ]     ├─ LOCATION PROFILE ───────────────────────────────────────────┤
[21:35:58.610] [INFO ]     │ Location:    Los Angeles, USA
[21:35:58.610] [INFO ]     │ Timezone:    N/A
[21:35:58.610] [INFO ]     │ Locale:      en-US
[21:35:58.610] [INFO ]     │ Geo:         0, 0
[21:35:58.610] [INFO ]     ├─ NETWORK ────────────────────────────────────────────────────┤
[21:35:58.610] [INFO ]     │ Proxy:       Direct (no proxy)
[21:35:58.610] [INFO ]     │ Referrer:    None
[21:35:58.610] [INFO ]     └──────────────────────────────────────────────────────────────┘
[21:35:58.610] [INFO ] ╚══════════════════════════════════════════════════════════════════════════╝
[21:35:58.610] [INFO ] 🛡️ Injected anti-detection scripts at context level
[21:35:58.610] [DEBUG]    └─ Canvas noise, WebGL spoof, Browser patches
[21:35:58.610] [INFO ] 
[21:35:58.610] [INFO ]     🛡️ ANTI-DETECTION SCRIPTS INJECTED (CONTEXT level)
[21:35:58.610] [INFO ]     ├─ Canvas fingerprint noise
[21:35:58.610] [INFO ]     ├─ WebGL renderer/vendor spoof
[21:35:58.610] [INFO ]     ├─ Hardware concurrency randomization
[21:35:58.610] [INFO ]     ├─ Device memory randomization
[21:35:58.610] [INFO ]     ├─ Plugin masking
[21:35:58.610] [INFO ]     ├─ WebRTC IP leak protection
[21:35:58.610] [INFO ]     ├─ Network connection spoof
[21:35:58.610] [INFO ]     └─ Battery API spoof
[21:35:58.652] [INFO ] 
[21:35:58.652] [INFO ]     🥷 STEALTH MODE APPLIED
[21:35:58.652] [INFO ]     ├─ Navigator patches (webdriver, plugins, languages)
[21:35:58.652] [INFO ]     ├─ Chrome runtime patches
[21:35:58.652] [INFO ]     ├─ Console patches
[21:35:58.652] [INFO ]     └─ Permission patches
[21:35:58.652] [INFO ] 🛡️ Injected anti-detection scripts at page level
[21:35:58.652] [DEBUG]    └─ Canvas noise, WebGL spoof, Browser patches
[21:35:58.652] [INFO ] 
[21:35:58.652] [INFO ]     🛡️ ANTI-DETECTION SCRIPTS INJECTED (PAGE level)
[21:35:58.652] [INFO ]     ├─ Canvas fingerprint noise
[21:35:58.652] [INFO ]     ├─ WebGL renderer/vendor spoof
[21:35:58.652] [INFO ]     ├─ Hardware concurrency randomization
[21:35:58.652] [INFO ]     ├─ Device memory randomization
[21:35:58.652] [INFO ]     ├─ Plugin masking
[21:35:58.652] [INFO ]     ├─ WebRTC IP leak protection
[21:35:58.652] [INFO ]     ├─ Network connection spoof
[21:35:58.652] [INFO ]     └─ Battery API spoof
[21:35:58.652] [DEBUG] Enabled resource blocking (images, media, fonts)
[21:35:58.652] [INFO ] 
[21:35:58.652] [INFO ]     🔗 NAVIGATING TO URL
[21:35:58.652] [INFO ]     ├─ Strategy:   domcontentloaded
[21:35:58.652] [INFO ]     ├─ Timeout:    15.0s
[21:35:58.652] [INFO ]     └─ Sleep:      1s after load
[21:36:01.470] [INFO ] 
[21:36:01.470] [INFO ]     ✅ PAGE LOADED
[21:36:01.470] [INFO ]     ├─ Final URL:  https://www.kroll.com/en/services/cyber/regulatory-compliance-assessments/nis2
[21:36:01.470] [INFO ]     ├─ Title:      NIS2 Compliance | Cyber and Data Resilience | Kroll
[21:36:01.470] [INFO ]     └─ Load Time:  2.82s
[21:36:02.856] [INFO ] 🧑 Human behavior simulation...
[21:36:07.621] [INFO ] 🖱️ Mouse: 3 moves in 1440x900
[21:36:07.621] [INFO ] 🖱️ Mouse completed: 3 moves
[21:36:07.621] [INFO ] 📜 Scroll: page height, viewport=900px
[21:36:07.621] [INFO ] 📜 Scroll completed: 2 scrolls
[21:36:07.621] [INFO ] 🧑 Human behavior completed in 4.8s ✓
[21:36:07.621] [INFO ] 
[21:36:07.621] [INFO ]     🧑 HUMAN BEHAVIOR SIMULATED
[21:36:07.621] [INFO ]     ├─ Mouse Movements: 3
[21:36:07.621] [INFO ]     ├─ Scroll Actions:  2
[21:36:07.621] [INFO ]     └─ Time Spent:      4.77s
[21:36:07.917] [INFO ] 
[21:36:07.917] [INFO ]     ┌─ CONTENT METRICS ────────────────────────────────────────────┐
[21:36:07.917] [INFO ]     │ Title:            NIS2 Compliance | Cyber and Data Resilience | Krol
[21:36:07.917] [INFO ]     │ Final URL:        https://www.kroll.com/en/services/cyber/regulatory-compliance-assessments/nis2
[21:36:07.917] [INFO ]     │ HTML Size:        453,496 bytes
[21:36:07.917] [INFO ]     │ Text Size:        7,717 chars
[21:36:07.917] [INFO ]     │ Word Count:       ~1096 words
[21:36:07.917] [INFO ]     │ Extraction:       trafilatura
[21:36:07.917] [INFO ]     │ Has Article:      ✅ Yes
[21:36:07.917] [INFO ]     └──────────────────────────────────────────────────────────────┘
[21:36:07.952] [INFO ] 
[21:36:07.952] [INFO ] ╔══════════════════════════════════════════════════════════════════════════╗
[21:36:07.952] [INFO ] ║  ✅ SCRAPE SUCCESSFUL - SCRAPE_20260129_213558_2EDF
[21:36:07.952] [INFO ] ╠══════════════════════════════════════════════════════════════════════════╣
[21:36:07.952] [INFO ] 
[21:36:07.952] [INFO ]     ┌─ TIMING BREAKDOWN ───────────────────────────────────────────┐
[21:36:07.952] [INFO ]     │ Browser Launch:      0.06s
[21:36:07.952] [INFO ]     │ Page Load:           2.82s
[21:36:07.952] [INFO ]     │ Cloudflare Wait:     0.00s
[21:36:07.952] [INFO ]     │ Human Simulation:    4.77s
[21:36:07.952] [INFO ]     │
[21:36:07.952] [INFO ]     │ Content Extraction:  0.13s
[21:36:07.952] [INFO ]     │ ─────────────────────────────────────────────────────────────
[21:36:07.952] [INFO ]     │ TOTAL TIME:          7.77s
[21:36:07.952] [INFO ]     └──────────────────────────────────────────────────────────────┘
[21:36:07.952] [INFO ] 
[21:36:07.952] [INFO ]     ┌─ CONTENT METRICS ────────────────────────────────────────────┐
[21:36:07.952] [INFO ]     │ Title:            NIS2 Compliance | Cyber and Data Resilience | Krol
[21:36:07.952] [INFO ]     │ Final URL:        https://www.kroll.com/en/services/cyber/regulatory-compliance-assessments/nis2
[21:36:07.952] [INFO ]     │ HTML Size:        453,496 bytes
[21:36:07.952] [INFO ]     │ Text Size:        7,717 chars
[21:36:07.952] [INFO ]     │ Word Count:       ~1096 words
[21:36:07.952] [INFO ]     │ Extraction:       trafilatura
[21:36:07.952] [INFO ]     │ Has Article:      ✅ Yes
[21:36:07.952] [INFO ]     └──────────────────────────────────────────────────────────────┘
[21:36:07.952] [INFO ] ╠══════════════════════════════════════════════════════════════════════════╣
[21:36:07.952] [INFO ] ║  📊 SESSION STATS
[21:36:07.952] [INFO ] ║  ├─ Strategies Tried:   domcontentloaded
[21:36:07.952] [INFO ] ║  ├─ Popups Dismissed:   0
[21:36:07.952] [INFO ] ║  ├─ Cloudflare:         Not detected
[21:36:07.952] [INFO ] ║  └─ Proxy Used:         Direct
[21:36:07.952] [INFO ] ╚══════════════════════════════════════════════════════════════════════════╝
[21:36:07.952] [INFO ] 

================================================================================
STATUS: SUCCESS
TOTAL TIME: 9.70s
ENDED: 2026-01-29T21:36:07.953003+02:00 (Egypt Time)
END OF SCRAPE LOG
================================================================================