================================================================================
SCRAPE LOG: https://uk.practicallaw.thomsonreuters.com/w-043-7596?transitionType=Default&contextData=(sc.Default)&firstPage=true
Started: 2026-01-30 00:05:01
Session ID: SCRAPE_20260130_000501_8DC1
================================================================================
[00:05:01.613] [INFO ] 📝 Scrape log: /app/data/logs/scrapes/2026-01-30_000501_uk.practicallaw.thomsonreuters.com.log
[00:05:01.613] [DEBUG] ⏱️ Timeout set to 45s for this scrape
[00:05:01.960] [INFO ] 
[00:05:01.960] [INFO ]     🚀 BROWSER LAUNCHED
[00:05:01.960] [INFO ]     ├─ Mode:       Headless
[00:05:01.960] [INFO ]     ├─ Slow Mo:    51ms
[00:05:01.960] [INFO ]     ├─ Launch Time: 0.06s
[00:05:01.960] [INFO ]     └─ Args:       Anti-automation flags enabled
[00:05:01.976] [DEBUG] Browser profile: viewport={'width': 1680, 'height': 1050}, locale=en-US, tz=UTC
[00:05:01.976] [INFO ] 
[00:05:01.976] [INFO ] ╔══════════════════════════════════════════════════════════════════════════╗
[00:05:01.976] [INFO ] ║  📋 SESSION: SCRAPE_20260130_000501_8DC1
[00:05:01.976] [INFO ] ║  🌐 URL: https://uk.practicallaw.thomsonreuters.com/w-043-7596?transitionType=Default&contextData=(sc.Default)&firstPage=true
[00:05:01.976] [INFO ] ║  🔄 ATTEMPT: 1/2
[00:05:01.976] [INFO ] ║  ⏰ STARTED: 2026-01-30T00:05:01.976893+02:00 (Egypt Time)
[00:05:01.976] [INFO ] ╠══════════════════════════════════════════════════════════════════════════╣
[00:05:01.976] [INFO ] 
[00:05:01.976] [INFO ]     ┌─ BROWSER FINGERPRINT ────────────────────────────────────────┐
[00:05:01.976] [INFO ]     │ Browser:     CHROME v120
[00:05:01.976] [INFO ]     │ User-Agent:  Mozilla/5.0 (Windows NT 10.0; Win64; x64) AppleWebKit/537.36 (KHTML, l...
[00:05:01.976] [INFO ]     │ Viewport:    1680x1050
[00:05:01.976] [INFO ]     │ Sec-CH-UA:   (not applicable)...
[00:05:01.976] [INFO ]     ├─ LOCATION PROFILE ───────────────────────────────────────────┤
[00:05:01.976] [INFO ]     │ Location:    Miami, USA
[00:05:01.976] [INFO ]     │ Timezone:    N/A
[00:05:01.976] [INFO ]     │ Locale:      en-US
[00:05:01.976] [INFO ]     │ Geo:         0, 0
[00:05:01.976] [INFO ]     ├─ NETWORK ────────────────────────────────────────────────────┤
[00:05:01.976] [INFO ]     │ Proxy:       Direct (no proxy)
[00:05:01.976] [INFO ]     │ Referrer:    https://www.google.com/search?q=uk+practicallaw+thomsonreuters+com
[00:05:01.976] [INFO ]     └──────────────────────────────────────────────────────────────┘
[00:05:01.976] [INFO ] ╚══════════════════════════════════════════════════════════════════════════╝
[00:05:01.976] [INFO ] 🛡️ Injected anti-detection scripts at context level
[00:05:01.976] [DEBUG]    └─ Canvas noise, WebGL spoof, Browser patches
[00:05:01.976] [INFO ] 
[00:05:01.976] [INFO ]     🛡️ ANTI-DETECTION SCRIPTS INJECTED (CONTEXT level)
[00:05:01.977] [INFO ]     ├─ Canvas fingerprint noise
[00:05:01.977] [INFO ]     ├─ WebGL renderer/vendor spoof
[00:05:01.977] [INFO ]     ├─ Hardware concurrency randomization
[00:05:01.977] [INFO ]     ├─ Device memory randomization
[00:05:01.977] [INFO ]     ├─ Plugin masking
[00:05:01.977] [INFO ]     ├─ WebRTC IP leak protection
[00:05:01.977] [INFO ]     ├─ Network connection spoof
[00:05:01.977] [INFO ]     └─ Battery API spoof
[00:05:02.020] [INFO ] 
[00:05:02.020] [INFO ]     🥷 STEALTH MODE APPLIED
[00:05:02.021] [INFO ]     ├─ Navigator patches (webdriver, plugins, languages)
[00:05:02.021] [INFO ]     ├─ Chrome runtime patches
[00:05:02.021] [INFO ]     ├─ Console patches
[00:05:02.021] [INFO ]     └─ Permission patches
[00:05:02.021] [INFO ] 🛡️ Injected anti-detection scripts at page level
[00:05:02.021] [DEBUG]    └─ Canvas noise, WebGL spoof, Browser patches
[00:05:02.021] [INFO ] 
[00:05:02.021] [INFO ]     🛡️ ANTI-DETECTION SCRIPTS INJECTED (PAGE level)
[00:05:02.021] [INFO ]     ├─ Canvas fingerprint noise
[00:05:02.021] [INFO ]     ├─ WebGL renderer/vendor spoof
[00:05:02.021] [INFO ]     ├─ Hardware concurrency randomization
[00:05:02.021] [INFO ]     ├─ Device memory randomization
[00:05:02.021] [INFO ]     ├─ Plugin masking
[00:05:02.021] [INFO ]     ├─ WebRTC IP leak protection
[00:05:02.021] [INFO ]     ├─ Network connection spoof
[00:05:02.021] [INFO ]     └─ Battery API spoof
[00:05:02.021] [DEBUG] Enabled resource blocking (images, media, fonts)
[00:05:02.021] [INFO ] 
[00:05:02.021] [INFO ]     🔗 NAVIGATING TO URL
[00:05:02.021] [INFO ]     ├─ Strategy:   domcontentloaded
[00:05:02.021] [INFO ]     ├─ Timeout:    15.0s
[00:05:02.021] [INFO ]     └─ Sleep:      1s after load
[00:05:10.632] [INFO ] 
[00:05:10.633] [INFO ]     ✅ PAGE LOADED
[00:05:10.633] [INFO ]     ├─ Final URL:  https://uk.practicallaw.thomsonreuters.com/w-043-7596?transitionType=Default&contextData=(sc.Default)&firstPage=true
[00:05:10.633] [INFO ]     ├─ Title:      GDPR Compliance for Egyptian Businesses | Practical Law
[00:05:10.633] [INFO ]     └─ Load Time:  8.61s
[00:05:11.884] [INFO ] 🧑 Human behavior simulation...
[00:05:15.300] [INFO ] 🖱️ Mouse: 3 moves in 1680x1050
[00:05:15.300] [INFO ] 🖱️ Mouse completed: 3 moves
[00:05:15.301] [INFO ] 📜 Scroll: page height, viewport=1050px
[00:05:15.301] [INFO ] 📜 Scroll completed: 2 scrolls
[00:05:15.301] [INFO ] 🧑 Human behavior completed in 3.4s ✓
[00:05:15.301] [INFO ] 
[00:05:15.301] [INFO ]     🧑 HUMAN BEHAVIOR SIMULATED
[00:05:15.301] [INFO ]     ├─ Mouse Movements: 3
[00:05:15.301] [INFO ]     ├─ Scroll Actions:  2
[00:05:15.301] [INFO ]     └─ Time Spent:      3.42s
[00:05:15.644] [INFO ] 
[00:05:15.644] [INFO ]     ┌─ CONTENT METRICS ────────────────────────────────────────────┐
[00:05:15.644] [INFO ]     │ Title:            Extracted Content (Fallback)
[00:05:15.644] [INFO ]     │ Final URL:        https://uk.practicallaw.thomsonreuters.com/w-043-7596?transitionType=Default&contextData=(sc.Default)&firstPage=true
[00:05:15.644] [INFO ]     │ HTML Size:        224,193 bytes
[00:05:15.644] [INFO ]     │ Text Size:        1,925 chars
[00:05:15.644] [INFO ]     │ Word Count:       ~288 words
[00:05:15.644] [INFO ]     │ Extraction:       fallback
[00:05:15.644] [INFO ]     │ Has Article:      ✅ Yes
[00:05:15.644] [INFO ]     └──────────────────────────────────────────────────────────────┘
[00:05:15.669] [INFO ] 
[00:05:15.669] [INFO ] ╔══════════════════════════════════════════════════════════════════════════╗
[00:05:15.669] [INFO ] ║  ✅ SCRAPE SUCCESSFUL - SCRAPE_20260130_000501_8DC1
[00:05:15.669] [INFO ] ╠══════════════════════════════════════════════════════════════════════════╣
[00:05:15.669] [INFO ] 
[00:05:15.669] [INFO ]     ┌─ TIMING BREAKDOWN ───────────────────────────────────────────┐
[00:05:15.669] [INFO ]     │ Browser Launch:      0.06s
[00:05:15.669] [INFO ]     │ Page Load:           8.61s
[00:05:15.669] [INFO ]     │ Cloudflare Wait:     0.00s
[00:05:15.669] [INFO ]     │ Human Simulation:    3.42s
[00:05:15.669] [INFO ]     │
[00:05:15.669] [INFO ]     │ Content Extraction:  0.29s
[00:05:15.669] [INFO ]     │ ─────────────────────────────────────────────────────────────
[00:05:15.669] [INFO ]     │ TOTAL TIME:          12.38s
[00:05:15.669] [INFO ]     └──────────────────────────────────────────────────────────────┘
[00:05:15.669] [INFO ] 
[00:05:15.669] [INFO ]     ┌─ CONTENT METRICS ────────────────────────────────────────────┐
[00:05:15.669] [INFO ]     │ Title:            Extracted Content (Fallback)
[00:05:15.669] [INFO ]     │ Final URL:        https://uk.practicallaw.thomsonreuters.com/w-043-7596?transitionType=Default&contextData=(sc.Default)&firstPage=true
[00:05:15.669] [INFO ]     │ HTML Size:        224,193 bytes
[00:05:15.669] [INFO ]     │ Text Size:        1,925 chars
[00:05:15.669] [INFO ]     │ Word Count:       ~288 words
[00:05:15.669] [INFO ]     │ Extraction:       fallback
[00:05:15.669] [INFO ]     │ Has Article:      ✅ Yes
[00:05:15.669] [INFO ]     └──────────────────────────────────────────────────────────────┘
[00:05:15.669] [INFO ] ╠══════════════════════════════════════════════════════════════════════════╣
[00:05:15.669] [INFO ] ║  📊 SESSION STATS
[00:05:15.669] [INFO ] ║  ├─ Strategies Tried:   domcontentloaded
[00:05:15.669] [INFO ] ║  ├─ Popups Dismissed:   0
[00:05:15.669] [INFO ] ║  ├─ Cloudflare:         Not detected
[00:05:15.669] [INFO ] ║  └─ Proxy Used:         Direct
[00:05:15.669] [INFO ] ╚══════════════════════════════════════════════════════════════════════════╝
[00:05:15.669] [INFO ] 

================================================================================
STATUS: SUCCESS
TOTAL TIME: 14.06s
ENDED: 2026-01-30T00:05:15.669674+02:00 (Egypt Time)
END OF SCRAPE LOG
================================================================================