================================================================================
SCRAPE LOG: https://english.ahram.org.eg/NewsContentP/4/546567/Opinion/The-imperative-of-digital-sovereignty.aspx
Started: 2026-01-29 21:05:27
Session ID: SCRAPE_20260129_210527_6DD4
================================================================================
[21:05:27.559] [INFO ] 📝 Scrape log: /app/data/logs/scrapes/2026-01-29_210527_english.ahram.org.eg.log
[21:05:27.559] [DEBUG] ⏱️ Timeout set to 45s for this scrape
[21:05:27.912] [INFO ] 
[21:05:27.912] [INFO ]     🚀 BROWSER LAUNCHED
[21:05:27.912] [INFO ]     ├─ Mode:       Headless
[21:05:27.912] [INFO ]     ├─ Slow Mo:    44ms
[21:05:27.912] [INFO ]     ├─ Launch Time: 0.06s
[21:05:27.912] [INFO ]     └─ Args:       Anti-automation flags enabled
[21:05:27.929] [DEBUG] Browser profile: viewport={'width': 1920, 'height': 1080}, locale=en-US, tz=UTC
[21:05:27.929] [INFO ] 
[21:05:27.929] [INFO ] ╔══════════════════════════════════════════════════════════════════════════╗
[21:05:27.929] [INFO ] ║  📋 SESSION: SCRAPE_20260129_210527_6DD4
[21:05:27.929] [INFO ] ║  🌐 URL: https://english.ahram.org.eg/NewsContentP/4/546567/Opinion/The-imperative-of-digital-sovereignty.aspx
[21:05:27.929] [INFO ] ║  🔄 ATTEMPT: 1/2
[21:05:27.929] [INFO ] ║  ⏰ STARTED: 2026-01-29T21:05:27.929963+02:00 (Egypt Time)
[21:05:27.929] [INFO ] ╠══════════════════════════════════════════════════════════════════════════╣
[21:05:27.929] [INFO ] 
[21:05:27.929] [INFO ]     ┌─ BROWSER FINGERPRINT ────────────────────────────────────────┐
[21:05:27.929] [INFO ]     │ Browser:     EDGE v120
[21:05:27.929] [INFO ]     │ User-Agent:  Mozilla/5.0 (Windows NT 11.0; Win64; x64) AppleWebKit/537.36 (KHTML, l...
[21:05:27.929] [INFO ]     │ Viewport:    1920x1080
[21:05:27.930] [INFO ]     │ Sec-CH-UA:   (not applicable)...
[21:05:27.930] [INFO ]     ├─ LOCATION PROFILE ───────────────────────────────────────────┤
[21:05:27.930] [INFO ]     │ Location:    Miami, USA
[21:05:27.930] [INFO ]     │ Timezone:    N/A
[21:05:27.930] [INFO ]     │ Locale:      en-US
[21:05:27.930] [INFO ]     │ Geo:         0, 0
[21:05:27.930] [INFO ]     ├─ NETWORK ────────────────────────────────────────────────────┤
[21:05:27.930] [INFO ]     │ Proxy:       Direct (no proxy)
[21:05:27.930] [INFO ]     │ Referrer:    https://www.google.com/search?q=english+ahram+org+eg
[21:05:27.930] [INFO ]     └──────────────────────────────────────────────────────────────┘
[21:05:27.930] [INFO ] ╚══════════════════════════════════════════════════════════════════════════╝
[21:05:27.930] [INFO ] 🛡️ Injected anti-detection scripts at context level
[21:05:27.930] [DEBUG]    └─ Canvas noise, WebGL spoof, Browser patches
[21:05:27.930] [INFO ] 
[21:05:27.930] [INFO ]     🛡️ ANTI-DETECTION SCRIPTS INJECTED (CONTEXT level)
[21:05:27.930] [INFO ]     ├─ Canvas fingerprint noise
[21:05:27.930] [INFO ]     ├─ WebGL renderer/vendor spoof
[21:05:27.930] [INFO ]     ├─ Hardware concurrency randomization
[21:05:27.930] [INFO ]     ├─ Device memory randomization
[21:05:27.930] [INFO ]     ├─ Plugin masking
[21:05:27.930] [INFO ]     ├─ WebRTC IP leak protection
[21:05:27.930] [INFO ]     ├─ Network connection spoof
[21:05:27.930] [INFO ]     └─ Battery API spoof
[21:05:27.974] [INFO ] 
[21:05:27.974] [INFO ]     🥷 STEALTH MODE APPLIED
[21:05:27.974] [INFO ]     ├─ Navigator patches (webdriver, plugins, languages)
[21:05:27.974] [INFO ]     ├─ Chrome runtime patches
[21:05:27.974] [INFO ]     ├─ Console patches
[21:05:27.974] [INFO ]     └─ Permission patches
[21:05:27.974] [INFO ] 🛡️ Injected anti-detection scripts at page level
[21:05:27.974] [DEBUG]    └─ Canvas noise, WebGL spoof, Browser patches
[21:05:27.974] [INFO ] 
[21:05:27.974] [INFO ]     🛡️ ANTI-DETECTION SCRIPTS INJECTED (PAGE level)
[21:05:27.974] [INFO ]     ├─ Canvas fingerprint noise
[21:05:27.974] [INFO ]     ├─ WebGL renderer/vendor spoof
[21:05:27.974] [INFO ]     ├─ Hardware concurrency randomization
[21:05:27.974] [INFO ]     ├─ Device memory randomization
[21:05:27.974] [INFO ]     ├─ Plugin masking
[21:05:27.974] [INFO ]     ├─ WebRTC IP leak protection
[21:05:27.974] [INFO ]     ├─ Network connection spoof
[21:05:27.974] [INFO ]     └─ Battery API spoof
[21:05:27.974] [DEBUG] Enabled resource blocking (images, media, fonts)
[21:05:27.974] [INFO ] 
[21:05:27.974] [INFO ]     🔗 NAVIGATING TO URL
[21:05:27.974] [INFO ]     ├─ Strategy:   domcontentloaded
[21:05:27.974] [INFO ]     ├─ Timeout:    15.0s
[21:05:27.974] [INFO ]     └─ Sleep:      1s after load
[21:05:29.102] [INFO ] 
[21:05:29.102] [INFO ]     ✅ PAGE LOADED
[21:05:29.102] [INFO ]     ├─ Final URL:  https://english.ahram.org.eg/NewsContentP/4/546567/Opinion/The-imperative-of-digital-sovereignty.aspx
[21:05:29.102] [INFO ]     ├─ Title:      The imperative of digital sovereignty - Opinion - Opinion - Ahram Online
[21:05:29.102] [INFO ]     └─ Load Time:  1.13s
[21:05:30.507] [INFO ] 🧑 Human behavior simulation...
[21:05:37.163] [INFO ] 🖱️ Mouse: 4 moves in 1920x1080
[21:05:37.163] [INFO ] 🖱️ Mouse completed: 4 moves
[21:05:37.163] [INFO ] 📜 Scroll: page height, viewport=1080px
[21:05:37.163] [INFO ] 📜 Scroll completed: 2 scrolls
[21:05:37.163] [INFO ] 🧑 Human behavior completed in 6.7s ✓
[21:05:37.163] [INFO ] 
[21:05:37.163] [INFO ]     🧑 HUMAN BEHAVIOR SIMULATED
[21:05:37.163] [INFO ]     ├─ Mouse Movements: 4
[21:05:37.163] [INFO ]     ├─ Scroll Actions:  2
[21:05:37.163] [INFO ]     └─ Time Spent:      6.66s
[21:05:37.338] [INFO ] 
[21:05:37.338] [INFO ]     ┌─ CONTENT METRICS ────────────────────────────────────────────┐
[21:05:37.338] [INFO ]     │ Title:            The imperative of digital sovereignty - Opinion - 
[21:05:37.338] [INFO ]     │ Final URL:        https://english.ahram.org.eg/NewsContentP/4/546567/Opinion/The-imperative-of-digital-sovereignty.aspx
[21:05:37.338] [INFO ]     │ HTML Size:        151,281 bytes
[21:05:37.338] [INFO ]     │ Text Size:        7,048 chars
[21:05:37.338] [INFO ]     │ Word Count:       ~1029 words
[21:05:37.338] [INFO ]     │ Extraction:       trafilatura
[21:05:37.338] [INFO ]     │ Has Article:      ✅ Yes
[21:05:37.338] [INFO ]     └──────────────────────────────────────────────────────────────┘
[21:05:37.378] [INFO ] 
[21:05:37.378] [INFO ] ╔══════════════════════════════════════════════════════════════════════════╗
[21:05:37.378] [INFO ] ║  ✅ SCRAPE SUCCESSFUL - SCRAPE_20260129_210527_6DD4
[21:05:37.378] [INFO ] ╠══════════════════════════════════════════════════════════════════════════╣
[21:05:37.378] [INFO ] 
[21:05:37.378] [INFO ]     ┌─ TIMING BREAKDOWN ───────────────────────────────────────────┐
[21:05:37.378] [INFO ]     │ Browser Launch:      0.06s
[21:05:37.378] [INFO ]     │ Page Load:           1.13s
[21:05:37.379] [INFO ]     │ Cloudflare Wait:     0.00s
[21:05:37.379] [INFO ]     │ Human Simulation:    6.66s
[21:05:37.379] [INFO ]     │
[21:05:37.379] [INFO ]     │ Content Extraction:  0.09s
[21:05:37.379] [INFO ]     │ ─────────────────────────────────────────────────────────────
[21:05:37.379] [INFO ]     │ TOTAL TIME:          7.94s
[21:05:37.379] [INFO ]     └──────────────────────────────────────────────────────────────┘
[21:05:37.379] [INFO ] 
[21:05:37.379] [INFO ]     ┌─ CONTENT METRICS ────────────────────────────────────────────┐
[21:05:37.379] [INFO ]     │ Title:            The imperative of digital sovereignty - Opinion - 
[21:05:37.379] [INFO ]     │ Final URL:        https://english.ahram.org.eg/NewsContentP/4/546567/Opinion/The-imperative-of-digital-sovereignty.aspx
[21:05:37.379] [INFO ]     │ HTML Size:        151,281 bytes
[21:05:37.379] [INFO ]     │ Text Size:        7,048 chars
[21:05:37.379] [INFO ]     │ Word Count:       ~1029 words
[21:05:37.379] [INFO ]     │ Extraction:       trafilatura
[21:05:37.379] [INFO ]     │ Has Article:      ✅ Yes
[21:05:37.379] [INFO ]     └──────────────────────────────────────────────────────────────┘
[21:05:37.379] [INFO ] ╠══════════════════════════════════════════════════════════════════════════╣
[21:05:37.379] [INFO ] ║  📊 SESSION STATS
[21:05:37.379] [INFO ] ║  ├─ Strategies Tried:   domcontentloaded
[21:05:37.379] [INFO ] ║  ├─ Popups Dismissed:   0
[21:05:37.379] [INFO ] ║  ├─ Cloudflare:         Not detected
[21:05:37.379] [INFO ] ║  └─ Proxy Used:         Direct
[21:05:37.379] [INFO ] ╚══════════════════════════════════════════════════════════════════════════╝
[21:05:37.379] [INFO ] 

================================================================================
STATUS: SUCCESS
TOTAL TIME: 9.82s
ENDED: 2026-01-29T21:05:37.379427+02:00 (Egypt Time)
END OF SCRAPE LOG
================================================================================