================================================================================
SCRAPE LOG: https://cloud.google.com/security/compliance/iso-27001
Started: 2026-01-26 13:04:48
Session ID: SCRAPE_20260126_130448_C530
================================================================================
[13:04:48.637] [INFO ] 📝 Scrape log: /app/data/logs/scrapes/2026-01-26_130448_cloud.google.com.log
[13:04:48.637] [DEBUG] ⏱️ Timeout set to 45s for this scrape
[13:04:48.977] [INFO ] 
[13:04:48.977] [INFO ]     🚀 BROWSER LAUNCHED
[13:04:48.977] [INFO ]     ├─ Mode:       Headless
[13:04:48.977] [INFO ]     ├─ Slow Mo:    60ms
[13:04:48.978] [INFO ]     ├─ Launch Time: 0.06s
[13:04:48.978] [INFO ]     └─ Args:       Anti-automation flags enabled
[13:04:48.995] [DEBUG] Browser profile: viewport={'width': 2560, 'height': 1440}, locale=en-US, tz=UTC
[13:04:48.995] [INFO ] 
[13:04:48.995] [INFO ] ╔══════════════════════════════════════════════════════════════════════════╗
[13:04:48.995] [INFO ] ║  📋 SESSION: SCRAPE_20260126_130448_C530
[13:04:48.995] [INFO ] ║  🌐 URL: https://cloud.google.com/security/compliance/iso-27001
[13:04:48.995] [INFO ] ║  🔄 ATTEMPT: 1/2
[13:04:48.995] [INFO ] ║  ⏰ STARTED: 2026-01-26T13:04:48.995291+02:00 (Egypt Time)
[13:04:48.995] [INFO ] ╠══════════════════════════════════════════════════════════════════════════╣
[13:04:48.995] [INFO ] 
[13:04:48.995] [INFO ]     ┌─ BROWSER FINGERPRINT ────────────────────────────────────────┐
[13:04:48.995] [INFO ]     │ Browser:     EDGE v122
[13:04:48.995] [INFO ]     │ User-Agent:  Mozilla/5.0 (Windows NT 10.0; Win64; x64) AppleWebKit/537.36 (KHTML, l...
[13:04:48.995] [INFO ]     │ Viewport:    2560x1440
[13:04:48.995] [INFO ]     │ Sec-CH-UA:   (not applicable)...
[13:04:48.995] [INFO ]     ├─ LOCATION PROFILE ───────────────────────────────────────────┤
[13:04:48.995] [INFO ]     │ Location:    Seattle, USA
[13:04:48.995] [INFO ]     │ Timezone:    N/A
[13:04:48.995] [INFO ]     │ Locale:      en-US
[13:04:48.995] [INFO ]     │ Geo:         0, 0
[13:04:48.995] [INFO ]     ├─ NETWORK ────────────────────────────────────────────────────┤
[13:04:48.995] [INFO ]     │ Proxy:       Direct (no proxy)
[13:04:48.995] [INFO ]     │ Referrer:    https://www.google.com/search?q=cloud+google+com
[13:04:48.995] [INFO ]     └──────────────────────────────────────────────────────────────┘
[13:04:48.995] [INFO ] ╚══════════════════════════════════════════════════════════════════════════╝
[13:04:48.995] [INFO ] 🛡️ Injected anti-detection scripts at context level
[13:04:48.995] [DEBUG]    └─ Canvas noise, WebGL spoof, Browser patches
[13:04:48.995] [INFO ] 
[13:04:48.995] [INFO ]     🛡️ ANTI-DETECTION SCRIPTS INJECTED (CONTEXT level)
[13:04:48.995] [INFO ]     ├─ Canvas fingerprint noise
[13:04:48.995] [INFO ]     ├─ WebGL renderer/vendor spoof
[13:04:48.995] [INFO ]     ├─ Hardware concurrency randomization
[13:04:48.995] [INFO ]     ├─ Device memory randomization
[13:04:48.995] [INFO ]     ├─ Plugin masking
[13:04:48.995] [INFO ]     ├─ WebRTC IP leak protection
[13:04:48.995] [INFO ]     ├─ Network connection spoof
[13:04:48.995] [INFO ]     └─ Battery API spoof
[13:04:49.039] [INFO ] 
[13:04:49.039] [INFO ]     🥷 STEALTH MODE APPLIED
[13:04:49.039] [INFO ]     ├─ Navigator patches (webdriver, plugins, languages)
[13:04:49.039] [INFO ]     ├─ Chrome runtime patches
[13:04:49.039] [INFO ]     ├─ Console patches
[13:04:49.039] [INFO ]     └─ Permission patches
[13:04:49.039] [INFO ] 🛡️ Injected anti-detection scripts at page level
[13:04:49.039] [DEBUG]    └─ Canvas noise, WebGL spoof, Browser patches
[13:04:49.039] [INFO ] 
[13:04:49.039] [INFO ]     🛡️ ANTI-DETECTION SCRIPTS INJECTED (PAGE level)
[13:04:49.039] [INFO ]     ├─ Canvas fingerprint noise
[13:04:49.039] [INFO ]     ├─ WebGL renderer/vendor spoof
[13:04:49.039] [INFO ]     ├─ Hardware concurrency randomization
[13:04:49.039] [INFO ]     ├─ Device memory randomization
[13:04:49.039] [INFO ]     ├─ Plugin masking
[13:04:49.039] [INFO ]     ├─ WebRTC IP leak protection
[13:04:49.039] [INFO ]     ├─ Network connection spoof
[13:04:49.039] [INFO ]     └─ Battery API spoof
[13:04:49.039] [DEBUG] Enabled resource blocking (images, media, fonts)
[13:04:49.039] [INFO ] 
[13:04:49.039] [INFO ]     🔗 NAVIGATING TO URL
[13:04:49.039] [INFO ]     ├─ Strategy:   domcontentloaded
[13:04:49.039] [INFO ]     ├─ Timeout:    15.0s
[13:04:49.039] [INFO ]     └─ Sleep:      1s after load
[13:04:51.039] [INFO ] 
[13:04:51.039] [INFO ]     ✅ PAGE LOADED
[13:04:51.039] [INFO ]     ├─ Final URL:  https://cloud.google.com/security/compliance/iso-27001
[13:04:51.039] [INFO ]     ├─ Title:      ISO/IEC 27001 - Compliance | Google Cloud
[13:04:51.039] [INFO ]     └─ Load Time:  2.00s
[13:04:53.081] [INFO ] 🧑 Human behavior simulation...
[13:05:02.954] [INFO ] 🖱️ Mouse: 5 moves in 2560x1440
[13:05:02.954] [INFO ] 🖱️ Mouse completed: 5 moves
[13:05:02.954] [INFO ] 📜 Scroll: page height, viewport=1440px
[13:05:02.954] [INFO ] 📜 Scroll completed: 3 scrolls
[13:05:02.954] [INFO ] 🧑 Human behavior completed in 9.9s ✓
[13:05:02.954] [INFO ] 
[13:05:02.954] [INFO ]     🧑 HUMAN BEHAVIOR SIMULATED
[13:05:02.954] [INFO ]     ├─ Mouse Movements: 5
[13:05:02.954] [INFO ]     ├─ Scroll Actions:  3
[13:05:02.954] [INFO ]     └─ Time Spent:      9.87s
[13:05:04.783] [INFO ] 
[13:05:04.783] [INFO ]     ┌─ CONTENT METRICS ────────────────────────────────────────────┐
[13:05:04.783] [INFO ]     │ Title:            ISO/IEC 27001 - Compliance | Google Cloud
[13:05:04.783] [INFO ]     │ Final URL:        https://cloud.google.com/security/compliance/iso-27001
[13:05:04.783] [INFO ]     │ HTML Size:        2,148,597 bytes
[13:05:04.783] [INFO ]     │ Text Size:        11,299 chars
[13:05:04.783] [INFO ]     │ Word Count:       ~1845 words
[13:05:04.783] [INFO ]     │ Extraction:       trafilatura
[13:05:04.783] [INFO ]     │ Has Article:      ✅ Yes
[13:05:04.783] [INFO ]     └──────────────────────────────────────────────────────────────┘
[13:05:04.815] [INFO ] 
[13:05:04.815] [INFO ] ╔══════════════════════════════════════════════════════════════════════════╗
[13:05:04.815] [INFO ] ║  ✅ SCRAPE SUCCESSFUL - SCRAPE_20260126_130448_C530
[13:05:04.815] [INFO ] ╠══════════════════════════════════════════════════════════════════════════╣
[13:05:04.815] [INFO ] 
[13:05:04.815] [INFO ]     ┌─ TIMING BREAKDOWN ───────────────────────────────────────────┐
[13:05:04.815] [INFO ]     │ Browser Launch:      0.06s
[13:05:04.815] [INFO ]     │ Page Load:           2.00s
[13:05:04.815] [INFO ]     │ Cloudflare Wait:     0.00s
[13:05:04.815] [INFO ]     │ Human Simulation:    9.87s
[13:05:04.815] [INFO ]     │
[13:05:04.815] [INFO ]     │ Content Extraction:  1.38s
[13:05:04.815] [INFO ]     │ ─────────────────────────────────────────────────────────────
[13:05:04.815] [INFO ]     │ TOTAL TIME:          13.31s
[13:05:04.815] [INFO ]     └──────────────────────────────────────────────────────────────┘
[13:05:04.815] [INFO ] 
[13:05:04.815] [INFO ]     ┌─ CONTENT METRICS ────────────────────────────────────────────┐
[13:05:04.815] [INFO ]     │ Title:            ISO/IEC 27001 - Compliance | Google Cloud
[13:05:04.815] [INFO ]     │ Final URL:        https://cloud.google.com/security/compliance/iso-27001
[13:05:04.815] [INFO ]     │ HTML Size:        2,148,597 bytes
[13:05:04.815] [INFO ]     │ Text Size:        11,299 chars
[13:05:04.815] [INFO ]     │ Word Count:       ~1845 words
[13:05:04.815] [INFO ]     │ Extraction:       trafilatura
[13:05:04.815] [INFO ]     │ Has Article:      ✅ Yes
[13:05:04.815] [INFO ]     └──────────────────────────────────────────────────────────────┘
[13:05:04.815] [INFO ] ╠══════════════════════════════════════════════════════════════════════════╣
[13:05:04.815] [INFO ] ║  📊 SESSION STATS
[13:05:04.815] [INFO ] ║  ├─ Strategies Tried:   domcontentloaded
[13:05:04.815] [INFO ] ║  ├─ Popups Dismissed:   0
[13:05:04.815] [INFO ] ║  ├─ Cloudflare:         Not detected
[13:05:04.815] [INFO ] ║  └─ Proxy Used:         Direct
[13:05:04.815] [INFO ] ╚══════════════════════════════════════════════════════════════════════════╝
[13:05:04.815] [INFO ] 

================================================================================
STATUS: SUCCESS
TOTAL TIME: 16.18s
ENDED: 2026-01-26T13:05:04.815526+02:00 (Egypt Time)
END OF SCRAPE LOG
================================================================================