================================================================================
SCRAPE LOG: https://www.trendmicro.com/en_us/research/25/i/lockbit-5-targets-windows-linux-esxi.html
Started: 2026-02-09 13:56:47
Session ID: SCRAPE_20260209_135647_281F
================================================================================
[13:56:47.147] [INFO ] 📝 Scrape log: /app/data/logs/scrapes/2026-02-09_135647_trendmicro.com.log
[13:56:47.147] [DEBUG] ⏱️ Timeout set to 45s for this scrape
[13:56:47.487] [INFO ] 
[13:56:47.487] [INFO ]     🚀 BROWSER LAUNCHED
[13:56:47.487] [INFO ]     ├─ Mode:       Headless
[13:56:47.487] [INFO ]     ├─ Slow Mo:    58ms
[13:56:47.487] [INFO ]     ├─ Launch Time: 0.06s
[13:56:47.487] [INFO ]     └─ Args:       Anti-automation flags enabled
[13:56:47.504] [DEBUG] Browser profile: viewport={'width': 1512, 'height': 982}, locale=en-US, tz=UTC
[13:56:47.504] [INFO ] 
[13:56:47.504] [INFO ] ╔══════════════════════════════════════════════════════════════════════════╗
[13:56:47.504] [INFO ] ║  📋 SESSION: SCRAPE_20260209_135647_281F
[13:56:47.504] [INFO ] ║  🌐 URL: https://www.trendmicro.com/en_us/research/25/i/lockbit-5-targets-windows-linux-esxi.html
[13:56:47.504] [INFO ] ║  🔄 ATTEMPT: 1/2
[13:56:47.504] [INFO ] ║  ⏰ STARTED: 2026-02-09T13:56:47.504850+02:00 (Egypt Time)
[13:56:47.504] [INFO ] ╠══════════════════════════════════════════════════════════════════════════╣
[13:56:47.504] [INFO ] 
[13:56:47.504] [INFO ]     ┌─ BROWSER FINGERPRINT ────────────────────────────────────────┐
[13:56:47.504] [INFO ]     │ Browser:     FIREFOX v122
[13:56:47.504] [INFO ]     │ User-Agent:  Mozilla/5.0 (Macintosh; Intel Mac OS X 10.15; rv:122.0) Gecko/20100101...
[13:56:47.504] [INFO ]     │ Viewport:    1512x982
[13:56:47.504] [INFO ]     │ Sec-CH-UA:   (not applicable)...
[13:56:47.504] [INFO ]     ├─ LOCATION PROFILE ───────────────────────────────────────────┤
[13:56:47.504] [INFO ]     │ Location:    Miami, USA
[13:56:47.504] [INFO ]     │ Timezone:    N/A
[13:56:47.504] [INFO ]     │ Locale:      en-US
[13:56:47.504] [INFO ]     │ Geo:         0, 0
[13:56:47.504] [INFO ]     ├─ NETWORK ────────────────────────────────────────────────────┤
[13:56:47.504] [INFO ]     │ Proxy:       Direct (no proxy)
[13:56:47.504] [INFO ]     │ Referrer:    https://www.google.com/search?q=www+trendmicro+com
[13:56:47.504] [INFO ]     └──────────────────────────────────────────────────────────────┘
[13:56:47.504] [INFO ] ╚══════════════════════════════════════════════════════════════════════════╝
[13:56:47.504] [INFO ] 🛡️ Injected anti-detection scripts at context level
[13:56:47.504] [DEBUG]    └─ Canvas noise, WebGL spoof, Browser patches
[13:56:47.504] [INFO ] 
[13:56:47.504] [INFO ]     🛡️ ANTI-DETECTION SCRIPTS INJECTED (CONTEXT level)
[13:56:47.504] [INFO ]     ├─ Canvas fingerprint noise
[13:56:47.504] [INFO ]     ├─ WebGL renderer/vendor spoof
[13:56:47.504] [INFO ]     ├─ Hardware concurrency randomization
[13:56:47.504] [INFO ]     ├─ Device memory randomization
[13:56:47.504] [INFO ]     ├─ Plugin masking
[13:56:47.504] [INFO ]     ├─ WebRTC IP leak protection
[13:56:47.504] [INFO ]     ├─ Network connection spoof
[13:56:47.504] [INFO ]     └─ Battery API spoof
[13:56:47.549] [INFO ] 
[13:56:47.549] [INFO ]     🥷 STEALTH MODE APPLIED
[13:56:47.549] [INFO ]     ├─ Navigator patches (webdriver, plugins, languages)
[13:56:47.549] [INFO ]     ├─ Chrome runtime patches
[13:56:47.549] [INFO ]     ├─ Console patches
[13:56:47.549] [INFO ]     └─ Permission patches
[13:56:47.549] [INFO ] 🛡️ Injected anti-detection scripts at page level
[13:56:47.549] [DEBUG]    └─ Canvas noise, WebGL spoof, Browser patches
[13:56:47.549] [INFO ] 
[13:56:47.549] [INFO ]     🛡️ ANTI-DETECTION SCRIPTS INJECTED (PAGE level)
[13:56:47.549] [INFO ]     ├─ Canvas fingerprint noise
[13:56:47.549] [INFO ]     ├─ WebGL renderer/vendor spoof
[13:56:47.549] [INFO ]     ├─ Hardware concurrency randomization
[13:56:47.549] [INFO ]     ├─ Device memory randomization
[13:56:47.549] [INFO ]     ├─ Plugin masking
[13:56:47.549] [INFO ]     ├─ WebRTC IP leak protection
[13:56:47.549] [INFO ]     ├─ Network connection spoof
[13:56:47.549] [INFO ]     └─ Battery API spoof
[13:56:47.549] [DEBUG] Enabled resource blocking (images, media, fonts)
[13:56:47.549] [INFO ] 
[13:56:47.549] [INFO ]     🔗 NAVIGATING TO URL
[13:56:47.549] [INFO ]     ├─ Strategy:   domcontentloaded
[13:56:47.549] [INFO ]     ├─ Timeout:    15.0s
[13:56:47.549] [INFO ]     └─ Sleep:      1s after load
[13:56:49.861] [INFO ] 
[13:56:49.861] [INFO ]     ✅ PAGE LOADED
[13:56:49.861] [INFO ]     ├─ Final URL:  https://www.trendmicro.com/en_us/research/25/i/lockbit-5-targets-windows-linux-esxi.html
[13:56:49.861] [INFO ]     ├─ Title:      New LockBit 5.0 Targets Windows, Linux, ESXi | Trend Micro (US)
[13:56:49.861] [INFO ]     └─ Load Time:  2.31s
[13:56:51.192] [INFO ] 🧑 Human behavior simulation...
[13:56:55.473] [INFO ] 🖱️ Mouse: 2 moves in 1512x982
[13:56:55.473] [INFO ] 🖱️ Mouse completed: 2 moves
[13:56:55.473] [INFO ] 📜 Scroll: page height, viewport=982px
[13:56:55.473] [INFO ] 📜 Scroll completed: 1 scrolls
[13:56:55.473] [INFO ] 🧑 Human behavior completed in 4.3s ✓
[13:56:55.473] [INFO ] 
[13:56:55.473] [INFO ]     🧑 HUMAN BEHAVIOR SIMULATED
[13:56:55.473] [INFO ]     ├─ Mouse Movements: 2
[13:56:55.473] [INFO ]     ├─ Scroll Actions:  1
[13:56:55.473] [INFO ]     └─ Time Spent:      4.28s
[13:56:55.636] [INFO ] 
[13:56:55.636] [INFO ]     ┌─ CONTENT METRICS ────────────────────────────────────────────┐
[13:56:55.636] [INFO ]     │ Title:            New LockBit 5.0 Targets Windows, Linux, ESXi
[13:56:55.636] [INFO ]     │ Final URL:        https://www.trendmicro.com/en_us/research/25/i/lockbit-5-targets-windows-linux-esxi.html
[13:56:55.636] [INFO ]     │ HTML Size:        257,085 bytes
[13:56:55.636] [INFO ]     │ Text Size:        13,501 chars
[13:56:55.636] [INFO ]     │ Word Count:       ~1862 words
[13:56:55.636] [INFO ]     │ Extraction:       trafilatura
[13:56:55.636] [INFO ]     │ Has Article:      ✅ Yes
[13:56:55.636] [INFO ]     └──────────────────────────────────────────────────────────────┘
[13:56:55.669] [INFO ] 
[13:56:55.669] [INFO ] ╔══════════════════════════════════════════════════════════════════════════╗
[13:56:55.669] [INFO ] ║  ✅ SCRAPE SUCCESSFUL - SCRAPE_20260209_135647_281F
[13:56:55.669] [INFO ] ╠══════════════════════════════════════════════════════════════════════════╣
[13:56:55.669] [INFO ] 
[13:56:55.669] [INFO ]     ┌─ TIMING BREAKDOWN ───────────────────────────────────────────┐
[13:56:55.669] [INFO ]     │ Browser Launch:      0.06s
[13:56:55.669] [INFO ]     │ Page Load:           2.31s
[13:56:55.669] [INFO ]     │ Cloudflare Wait:     0.00s
[13:56:55.669] [INFO ]     │ Human Simulation:    4.28s
[13:56:55.669] [INFO ]     │
[13:56:55.669] [INFO ]     │ Content Extraction:  0.10s
[13:56:55.669] [INFO ]     │ ─────────────────────────────────────────────────────────────
[13:56:55.669] [INFO ]     │ TOTAL TIME:          6.75s
[13:56:55.669] [INFO ]     └──────────────────────────────────────────────────────────────┘
[13:56:55.669] [INFO ] 
[13:56:55.670] [INFO ]     ┌─ CONTENT METRICS ────────────────────────────────────────────┐
[13:56:55.670] [INFO ]     │ Title:            New LockBit 5.0 Targets Windows, Linux, ESXi
[13:56:55.670] [INFO ]     │ Final URL:        https://www.trendmicro.com/en_us/research/25/i/lockbit-5-targets-windows-linux-esxi.html
[13:56:55.670] [INFO ]     │ HTML Size:        257,085 bytes
[13:56:55.670] [INFO ]     │ Text Size:        13,501 chars
[13:56:55.670] [INFO ]     │ Word Count:       ~1862 words
[13:56:55.670] [INFO ]     │ Extraction:       trafilatura
[13:56:55.670] [INFO ]     │ Has Article:      ✅ Yes
[13:56:55.670] [INFO ]     └──────────────────────────────────────────────────────────────┘
[13:56:55.670] [INFO ] ╠══════════════════════════════════════════════════════════════════════════╣
[13:56:55.670] [INFO ] ║  📊 SESSION STATS
[13:56:55.670] [INFO ] ║  ├─ Strategies Tried:   domcontentloaded
[13:56:55.670] [INFO ] ║  ├─ Popups Dismissed:   0
[13:56:55.670] [INFO ] ║  ├─ Cloudflare:         Not detected
[13:56:55.670] [INFO ] ║  └─ Proxy Used:         Direct
[13:56:55.670] [INFO ] ╚══════════════════════════════════════════════════════════════════════════╝
[13:56:55.670] [INFO ] 

================================================================================
STATUS: SUCCESS
TOTAL TIME: 8.52s
ENDED: 2026-02-09T13:56:55.670472+02:00 (Egypt Time)
END OF SCRAPE LOG
================================================================================