================================================================================
SCRAPE LOG: https://www.proofpoint.com/us/threat-reference/nist-cybersecurity-framework
Started: 2026-01-29 17:34:52
Session ID: SCRAPE_20260129_173452_2722
================================================================================
[17:34:52.127] [INFO ] 📝 Scrape log: /app/data/logs/scrapes/2026-01-29_173452_proofpoint.com.log
[17:34:52.127] [DEBUG] ⏱️ Timeout set to 45s for this scrape
[17:34:52.472] [INFO ] 
[17:34:52.472] [INFO ]     🚀 BROWSER LAUNCHED
[17:34:52.472] [INFO ]     ├─ Mode:       Headless
[17:34:52.472] [INFO ]     ├─ Slow Mo:    58ms
[17:34:52.472] [INFO ]     ├─ Launch Time: 0.06s
[17:34:52.472] [INFO ]     └─ Args:       Anti-automation flags enabled
[17:34:52.488] [DEBUG] Browser profile: viewport={'width': 3840, 'height': 2160}, locale=en-US, tz=UTC
[17:34:52.488] [INFO ] 
[17:34:52.488] [INFO ] ╔══════════════════════════════════════════════════════════════════════════╗
[17:34:52.488] [INFO ] ║  📋 SESSION: SCRAPE_20260129_173452_2722
[17:34:52.488] [INFO ] ║  🌐 URL: https://www.proofpoint.com/us/threat-reference/nist-cybersecurity-framework
[17:34:52.488] [INFO ] ║  🔄 ATTEMPT: 1/2
[17:34:52.488] [INFO ] ║  ⏰ STARTED: 2026-01-29T17:34:52.488200+02:00 (Egypt Time)
[17:34:52.488] [INFO ] ╠══════════════════════════════════════════════════════════════════════════╣
[17:34:52.488] [INFO ] 
[17:34:52.488] [INFO ]     ┌─ BROWSER FINGERPRINT ────────────────────────────────────────┐
[17:34:52.488] [INFO ]     │ Browser:     CHROME v121
[17:34:52.488] [INFO ]     │ User-Agent:  Mozilla/5.0 (X11; Linux x86_64) AppleWebKit/537.36 (KHTML, like Gecko)...
[17:34:52.488] [INFO ]     │ Viewport:    3840x2160
[17:34:52.488] [INFO ]     │ Sec-CH-UA:   (not applicable)...
[17:34:52.488] [INFO ]     ├─ LOCATION PROFILE ───────────────────────────────────────────┤
[17:34:52.488] [INFO ]     │ Location:    Denver, USA
[17:34:52.488] [INFO ]     │ Timezone:    N/A
[17:34:52.488] [INFO ]     │ Locale:      en-US
[17:34:52.488] [INFO ]     │ Geo:         0, 0
[17:34:52.488] [INFO ]     ├─ NETWORK ────────────────────────────────────────────────────┤
[17:34:52.488] [INFO ]     │ Proxy:       Direct (no proxy)
[17:34:52.488] [INFO ]     │ Referrer:    https://www.google.com/search?q=www+proofpoint+com
[17:34:52.488] [INFO ]     └──────────────────────────────────────────────────────────────┘
[17:34:52.488] [INFO ] ╚══════════════════════════════════════════════════════════════════════════╝
[17:34:52.488] [INFO ] 🛡️ Injected anti-detection scripts at context level
[17:34:52.488] [DEBUG]    └─ Canvas noise, WebGL spoof, Browser patches
[17:34:52.488] [INFO ] 
[17:34:52.488] [INFO ]     🛡️ ANTI-DETECTION SCRIPTS INJECTED (CONTEXT level)
[17:34:52.488] [INFO ]     ├─ Canvas fingerprint noise
[17:34:52.488] [INFO ]     ├─ WebGL renderer/vendor spoof
[17:34:52.488] [INFO ]     ├─ Hardware concurrency randomization
[17:34:52.488] [INFO ]     ├─ Device memory randomization
[17:34:52.488] [INFO ]     ├─ Plugin masking
[17:34:52.488] [INFO ]     ├─ WebRTC IP leak protection
[17:34:52.488] [INFO ]     ├─ Network connection spoof
[17:34:52.488] [INFO ]     └─ Battery API spoof
[17:34:52.530] [INFO ] 
[17:34:52.530] [INFO ]     🥷 STEALTH MODE APPLIED
[17:34:52.530] [INFO ]     ├─ Navigator patches (webdriver, plugins, languages)
[17:34:52.530] [INFO ]     ├─ Chrome runtime patches
[17:34:52.530] [INFO ]     ├─ Console patches
[17:34:52.530] [INFO ]     └─ Permission patches
[17:34:52.530] [INFO ] 🛡️ Injected anti-detection scripts at page level
[17:34:52.530] [DEBUG]    └─ Canvas noise, WebGL spoof, Browser patches
[17:34:52.530] [INFO ] 
[17:34:52.530] [INFO ]     🛡️ ANTI-DETECTION SCRIPTS INJECTED (PAGE level)
[17:34:52.530] [INFO ]     ├─ Canvas fingerprint noise
[17:34:52.530] [INFO ]     ├─ WebGL renderer/vendor spoof
[17:34:52.530] [INFO ]     ├─ Hardware concurrency randomization
[17:34:52.530] [INFO ]     ├─ Device memory randomization
[17:34:52.530] [INFO ]     ├─ Plugin masking
[17:34:52.530] [INFO ]     ├─ WebRTC IP leak protection
[17:34:52.530] [INFO ]     ├─ Network connection spoof
[17:34:52.530] [INFO ]     └─ Battery API spoof
[17:34:52.530] [DEBUG] Enabled resource blocking (images, media, fonts)
[17:34:52.530] [INFO ] 
[17:34:52.530] [INFO ]     🔗 NAVIGATING TO URL
[17:34:52.530] [INFO ]     ├─ Strategy:   domcontentloaded
[17:34:52.530] [INFO ]     ├─ Timeout:    15.0s
[17:34:52.530] [INFO ]     └─ Sleep:      1s after load
[17:34:54.268] [INFO ] 
[17:34:54.268] [INFO ]     ✅ PAGE LOADED
[17:34:54.268] [INFO ]     ├─ Final URL:  https://www.proofpoint.com/us/threat-reference/nist-cybersecurity-framework
[17:34:54.268] [INFO ]     ├─ Title:      What Is the NIST Cybersecurity Framework (CSF)? | Proofpoint US
[17:34:54.268] [INFO ]     └─ Load Time:  1.74s
[17:34:55.612] [INFO ] 🧑 Human behavior simulation...
[17:34:57.801] [INFO ] 🖱️ Mouse: 1 moves in 3840x2160
[17:34:57.801] [INFO ] 🖱️ Mouse completed: 1 moves
[17:34:57.801] [INFO ] 📜 Scroll: page height, viewport=2160px
[17:34:57.801] [INFO ] 📜 Scroll completed: 1 scrolls
[17:34:57.801] [INFO ] 🧑 Human behavior completed in 2.2s ✓
[17:34:57.801] [INFO ] 
[17:34:57.801] [INFO ]     🧑 HUMAN BEHAVIOR SIMULATED
[17:34:57.801] [INFO ]     ├─ Mouse Movements: 1
[17:34:57.801] [INFO ]     ├─ Scroll Actions:  1
[17:34:57.801] [INFO ]     └─ Time Spent:      2.19s
[17:34:58.002] [INFO ] 
[17:34:58.002] [INFO ]     ┌─ CONTENT METRICS ────────────────────────────────────────────┐
[17:34:58.002] [INFO ]     │ Title:            What Is the NIST Cybersecurity Framework (CSF)? | 
[17:34:58.002] [INFO ]     │ Final URL:        https://www.proofpoint.com/us/threat-reference/nist-cybersecurity-framework
[17:34:58.002] [INFO ]     │ HTML Size:        268,174 bytes
[17:34:58.002] [INFO ]     │ Text Size:        18,829 chars
[17:34:58.002] [INFO ]     │ Word Count:       ~2543 words
[17:34:58.002] [INFO ]     │ Extraction:       trafilatura
[17:34:58.002] [INFO ]     │ Has Article:      ✅ Yes
[17:34:58.002] [INFO ]     └──────────────────────────────────────────────────────────────┘
[17:34:58.046] [INFO ] 
[17:34:58.046] [INFO ] ╔══════════════════════════════════════════════════════════════════════════╗
[17:34:58.046] [INFO ] ║  ✅ SCRAPE SUCCESSFUL - SCRAPE_20260129_173452_2722
[17:34:58.046] [INFO ] ╠══════════════════════════════════════════════════════════════════════════╣
[17:34:58.046] [INFO ] 
[17:34:58.046] [INFO ]     ┌─ TIMING BREAKDOWN ───────────────────────────────────────────┐
[17:34:58.046] [INFO ]     │ Browser Launch:      0.06s
[17:34:58.046] [INFO ]     │ Page Load:           1.74s
[17:34:58.046] [INFO ]     │ Cloudflare Wait:     0.00s
[17:34:58.046] [INFO ]     │ Human Simulation:    2.19s
[17:34:58.046] [INFO ]     │
[17:34:58.046] [INFO ]     │ Content Extraction:  0.14s
[17:34:58.046] [INFO ]     │ ─────────────────────────────────────────────────────────────
[17:34:58.046] [INFO ]     │ TOTAL TIME:          4.12s
[17:34:58.046] [INFO ]     └──────────────────────────────────────────────────────────────┘
[17:34:58.046] [INFO ] 
[17:34:58.046] [INFO ]     ┌─ CONTENT METRICS ────────────────────────────────────────────┐
[17:34:58.046] [INFO ]     │ Title:            What Is the NIST Cybersecurity Framework (CSF)? | 
[17:34:58.046] [INFO ]     │ Final URL:        https://www.proofpoint.com/us/threat-reference/nist-cybersecurity-framework
[17:34:58.046] [INFO ]     │ HTML Size:        268,174 bytes
[17:34:58.046] [INFO ]     │ Text Size:        18,829 chars
[17:34:58.046] [INFO ]     │ Word Count:       ~2543 words
[17:34:58.046] [INFO ]     │ Extraction:       trafilatura
[17:34:58.046] [INFO ]     │ Has Article:      ✅ Yes
[17:34:58.046] [INFO ]     └──────────────────────────────────────────────────────────────┘
[17:34:58.046] [INFO ] ╠══════════════════════════════════════════════════════════════════════════╣
[17:34:58.046] [INFO ] ║  📊 SESSION STATS
[17:34:58.046] [INFO ] ║  ├─ Strategies Tried:   domcontentloaded
[17:34:58.046] [INFO ] ║  ├─ Popups Dismissed:   0
[17:34:58.046] [INFO ] ║  ├─ Cloudflare:         Not detected
[17:34:58.046] [INFO ] ║  └─ Proxy Used:         Direct
[17:34:58.046] [INFO ] ╚══════════════════════════════════════════════════════════════════════════╝
[17:34:58.046] [INFO ] 

================================================================================
STATUS: SUCCESS
TOTAL TIME: 5.92s
ENDED: 2026-01-29T17:34:58.046980+02:00 (Egypt Time)
END OF SCRAPE LOG
================================================================================