================================================================================
SCRAPE LOG: https://www.corporatecomplianceinsights.com/cmmc-phase-one-documentation-alone/
Started: 2026-01-29 20:35:26
Session ID: SCRAPE_20260129_203526_03CA
================================================================================
[20:35:26.128] [INFO ] 📝 Scrape log: /app/data/logs/scrapes/2026-01-29_203526_corporatecomplianceinsights.com.log
[20:35:26.128] [DEBUG] ⏱️ Timeout set to 45s for this scrape
[20:35:26.487] [INFO ] 
[20:35:26.487] [INFO ]     🚀 BROWSER LAUNCHED
[20:35:26.487] [INFO ]     ├─ Mode:       Headless
[20:35:26.487] [INFO ]     ├─ Slow Mo:    48ms
[20:35:26.487] [INFO ]     ├─ Launch Time: 0.06s
[20:35:26.487] [INFO ]     └─ Args:       Anti-automation flags enabled
[20:35:26.507] [DEBUG] Browser profile: viewport={'width': 1728, 'height': 1117}, locale=en-CA, tz=UTC
[20:35:26.507] [INFO ] 
[20:35:26.507] [INFO ] ╔══════════════════════════════════════════════════════════════════════════╗
[20:35:26.507] [INFO ] ║  📋 SESSION: SCRAPE_20260129_203526_03CA
[20:35:26.507] [INFO ] ║  🌐 URL: https://www.corporatecomplianceinsights.com/cmmc-phase-one-documentation-alone/
[20:35:26.507] [INFO ] ║  🔄 ATTEMPT: 1/2
[20:35:26.507] [INFO ] ║  ⏰ STARTED: 2026-01-29T20:35:26.507209+02:00 (Egypt Time)
[20:35:26.507] [INFO ] ╠══════════════════════════════════════════════════════════════════════════╣
[20:35:26.507] [INFO ] 
[20:35:26.507] [INFO ]     ┌─ BROWSER FINGERPRINT ────────────────────────────────────────┐
[20:35:26.507] [INFO ]     │ Browser:     CHROME v119
[20:35:26.507] [INFO ]     │ User-Agent:  Mozilla/5.0 (Macintosh; Intel Mac OS X 13_5) AppleWebKit/537.36 (KHTML...
[20:35:26.507] [INFO ]     │ Viewport:    1728x1117
[20:35:26.507] [INFO ]     │ Sec-CH-UA:   (not applicable)...
[20:35:26.507] [INFO ]     ├─ LOCATION PROFILE ───────────────────────────────────────────┤
[20:35:26.507] [INFO ]     │ Location:    Vancouver, Canada
[20:35:26.507] [INFO ]     │ Timezone:    N/A
[20:35:26.507] [INFO ]     │ Locale:      en-CA
[20:35:26.507] [INFO ]     │ Geo:         0, 0
[20:35:26.507] [INFO ]     ├─ NETWORK ────────────────────────────────────────────────────┤
[20:35:26.507] [INFO ]     │ Proxy:       Direct (no proxy)
[20:35:26.507] [INFO ]     │ Referrer:    https://www.google.com/search?q=www+corporatecomplianceinsights+com
[20:35:26.507] [INFO ]     └──────────────────────────────────────────────────────────────┘
[20:35:26.507] [INFO ] ╚══════════════════════════════════════════════════════════════════════════╝
[20:35:26.507] [INFO ] 🛡️ Injected anti-detection scripts at context level
[20:35:26.507] [DEBUG]    └─ Canvas noise, WebGL spoof, Browser patches
[20:35:26.507] [INFO ] 
[20:35:26.507] [INFO ]     🛡️ ANTI-DETECTION SCRIPTS INJECTED (CONTEXT level)
[20:35:26.507] [INFO ]     ├─ Canvas fingerprint noise
[20:35:26.507] [INFO ]     ├─ WebGL renderer/vendor spoof
[20:35:26.507] [INFO ]     ├─ Hardware concurrency randomization
[20:35:26.507] [INFO ]     ├─ Device memory randomization
[20:35:26.507] [INFO ]     ├─ Plugin masking
[20:35:26.507] [INFO ]     ├─ WebRTC IP leak protection
[20:35:26.507] [INFO ]     ├─ Network connection spoof
[20:35:26.507] [INFO ]     └─ Battery API spoof
[20:35:26.550] [INFO ] 
[20:35:26.550] [INFO ]     🥷 STEALTH MODE APPLIED
[20:35:26.550] [INFO ]     ├─ Navigator patches (webdriver, plugins, languages)
[20:35:26.550] [INFO ]     ├─ Chrome runtime patches
[20:35:26.550] [INFO ]     ├─ Console patches
[20:35:26.550] [INFO ]     └─ Permission patches
[20:35:26.550] [INFO ] 🛡️ Injected anti-detection scripts at page level
[20:35:26.550] [DEBUG]    └─ Canvas noise, WebGL spoof, Browser patches
[20:35:26.550] [INFO ] 
[20:35:26.550] [INFO ]     🛡️ ANTI-DETECTION SCRIPTS INJECTED (PAGE level)
[20:35:26.550] [INFO ]     ├─ Canvas fingerprint noise
[20:35:26.550] [INFO ]     ├─ WebGL renderer/vendor spoof
[20:35:26.550] [INFO ]     ├─ Hardware concurrency randomization
[20:35:26.550] [INFO ]     ├─ Device memory randomization
[20:35:26.550] [INFO ]     ├─ Plugin masking
[20:35:26.550] [INFO ]     ├─ WebRTC IP leak protection
[20:35:26.550] [INFO ]     ├─ Network connection spoof
[20:35:26.550] [INFO ]     └─ Battery API spoof
[20:35:26.550] [DEBUG] Enabled resource blocking (images, media, fonts)
[20:35:26.550] [INFO ] 
[20:35:26.550] [INFO ]     🔗 NAVIGATING TO URL
[20:35:26.550] [INFO ]     ├─ Strategy:   domcontentloaded
[20:35:26.550] [INFO ]     ├─ Timeout:    15.0s
[20:35:26.550] [INFO ]     └─ Sleep:      1s after load
[20:35:29.069] [INFO ] 
[20:35:29.069] [INFO ]     ✅ PAGE LOADED
[20:35:29.069] [INFO ]     ├─ Final URL:  https://www.corporatecomplianceinsights.com/cmmc-phase-one-documentation-alone/
[20:35:29.069] [INFO ]     ├─ Title:      CMMC Phase One Reality Check: Documentation Alone Won't Pass Muster | Corporate Compliance Insights
[20:35:29.069] [INFO ]     └─ Load Time:  2.52s
[20:35:30.939] [INFO ] 🧑 Human behavior simulation...
[20:35:33.417] [INFO ] 🖱️ Mouse: 1 moves in 1728x1117
[20:35:33.417] [INFO ] 🖱️ Mouse completed: 1 moves
[20:35:33.417] [INFO ] 📜 Scroll: page height, viewport=1117px
[20:35:33.417] [INFO ] 📜 Scroll completed: 1 scrolls
[20:35:33.417] [INFO ] 🧑 Human behavior completed in 2.5s ✓
[20:35:33.417] [INFO ] 
[20:35:33.417] [INFO ]     🧑 HUMAN BEHAVIOR SIMULATED
[20:35:33.417] [INFO ]     ├─ Mouse Movements: 1
[20:35:33.417] [INFO ]     ├─ Scroll Actions:  1
[20:35:33.417] [INFO ]     └─ Time Spent:      2.48s
[20:35:33.556] [INFO ] 
[20:35:33.556] [INFO ]     ┌─ CONTENT METRICS ────────────────────────────────────────────┐
[20:35:33.556] [INFO ]     │ Title:            CMMC Phase One Reality Check: Documentation Alone 
[20:35:33.556] [INFO ]     │ Final URL:        https://www.corporatecomplianceinsights.com/cmmc-phase-one-documentation-alone/
[20:35:33.556] [INFO ]     │ HTML Size:        260,462 bytes
[20:35:33.556] [INFO ]     │ Text Size:        7,862 chars
[20:35:33.556] [INFO ]     │ Word Count:       ~1079 words
[20:35:33.556] [INFO ]     │ Extraction:       trafilatura
[20:35:33.556] [INFO ]     │ Has Article:      ✅ Yes
[20:35:33.556] [INFO ]     └──────────────────────────────────────────────────────────────┘
[20:35:33.584] [INFO ] 
[20:35:33.584] [INFO ] ╔══════════════════════════════════════════════════════════════════════════╗
[20:35:33.584] [INFO ] ║  ✅ SCRAPE SUCCESSFUL - SCRAPE_20260129_203526_03CA
[20:35:33.584] [INFO ] ╠══════════════════════════════════════════════════════════════════════════╣
[20:35:33.584] [INFO ] 
[20:35:33.584] [INFO ]     ┌─ TIMING BREAKDOWN ───────────────────────────────────────────┐
[20:35:33.584] [INFO ]     │ Browser Launch:      0.06s
[20:35:33.584] [INFO ]     │ Page Load:           2.52s
[20:35:33.584] [INFO ]     │ Cloudflare Wait:     0.00s
[20:35:33.584] [INFO ]     │ Human Simulation:    2.48s
[20:35:33.584] [INFO ]     │
[20:35:33.584] [INFO ]     │ Content Extraction:  0.08s
[20:35:33.584] [INFO ]     │ ─────────────────────────────────────────────────────────────
[20:35:33.584] [INFO ]     │ TOTAL TIME:          5.13s
[20:35:33.584] [INFO ]     └──────────────────────────────────────────────────────────────┘
[20:35:33.584] [INFO ] 
[20:35:33.584] [INFO ]     ┌─ CONTENT METRICS ────────────────────────────────────────────┐
[20:35:33.584] [INFO ]     │ Title:            CMMC Phase One Reality Check: Documentation Alone 
[20:35:33.584] [INFO ]     │ Final URL:        https://www.corporatecomplianceinsights.com/cmmc-phase-one-documentation-alone/
[20:35:33.584] [INFO ]     │ HTML Size:        260,462 bytes
[20:35:33.584] [INFO ]     │ Text Size:        7,862 chars
[20:35:33.584] [INFO ]     │ Word Count:       ~1079 words
[20:35:33.584] [INFO ]     │ Extraction:       trafilatura
[20:35:33.584] [INFO ]     │ Has Article:      ✅ Yes
[20:35:33.584] [INFO ]     └──────────────────────────────────────────────────────────────┘
[20:35:33.584] [INFO ] ╠══════════════════════════════════════════════════════════════════════════╣
[20:35:33.584] [INFO ] ║  📊 SESSION STATS
[20:35:33.584] [INFO ] ║  ├─ Strategies Tried:   domcontentloaded
[20:35:33.584] [INFO ] ║  ├─ Popups Dismissed:   0
[20:35:33.584] [INFO ] ║  ├─ Cloudflare:         Not detected
[20:35:33.584] [INFO ] ║  └─ Proxy Used:         Direct
[20:35:33.584] [INFO ] ╚══════════════════════════════════════════════════════════════════════════╝
[20:35:33.584] [INFO ] 

================================================================================
STATUS: SUCCESS
TOTAL TIME: 7.46s
ENDED: 2026-01-29T20:35:33.584967+02:00 (Egypt Time)
END OF SCRAPE LOG
================================================================================