================================================================================
SCRAPE LOG: https://www.ganintegrity.com/country-profiles/egypt/
Started: 2026-01-30 02:02:34
Session ID: SCRAPE_20260130_020234_B5D6
================================================================================
[02:02:34.260] [INFO ] 📝 Scrape log: /app/data/logs/scrapes/2026-01-30_020234_ganintegrity.com.log
[02:02:34.260] [DEBUG] ⏱️ Timeout set to 45s for this scrape
[02:02:34.605] [INFO ] 
[02:02:34.605] [INFO ]     🚀 BROWSER LAUNCHED
[02:02:34.605] [INFO ]     ├─ Mode:       Headless
[02:02:34.605] [INFO ]     ├─ Slow Mo:    53ms
[02:02:34.605] [INFO ]     ├─ Launch Time: 0.06s
[02:02:34.605] [INFO ]     └─ Args:       Anti-automation flags enabled
[02:02:34.623] [DEBUG] Browser profile: viewport={'width': 1536, 'height': 864}, locale=en-US, tz=UTC
[02:02:34.623] [INFO ] 
[02:02:34.623] [INFO ] ╔══════════════════════════════════════════════════════════════════════════╗
[02:02:34.623] [INFO ] ║  📋 SESSION: SCRAPE_20260130_020234_B5D6
[02:02:34.623] [INFO ] ║  🌐 URL: https://www.ganintegrity.com/country-profiles/egypt/
[02:02:34.623] [INFO ] ║  🔄 ATTEMPT: 1/2
[02:02:34.623] [INFO ] ║  ⏰ STARTED: 2026-01-30T02:02:34.623241+02:00 (Egypt Time)
[02:02:34.623] [INFO ] ╠══════════════════════════════════════════════════════════════════════════╣
[02:02:34.623] [INFO ] 
[02:02:34.623] [INFO ]     ┌─ BROWSER FINGERPRINT ────────────────────────────────────────┐
[02:02:34.623] [INFO ]     │ Browser:     FIREFOX v123
[02:02:34.623] [INFO ]     │ User-Agent:  Mozilla/5.0 (Windows NT 10.0; Win64; x64; rv:123.0) Gecko/20100101 Fir...
[02:02:34.623] [INFO ]     │ Viewport:    1536x864
[02:02:34.623] [INFO ]     │ Sec-CH-UA:   (not applicable)...
[02:02:34.623] [INFO ]     ├─ LOCATION PROFILE ───────────────────────────────────────────┤
[02:02:34.623] [INFO ]     │ Location:    New York, USA
[02:02:34.623] [INFO ]     │ Timezone:    N/A
[02:02:34.623] [INFO ]     │ Locale:      en-US
[02:02:34.623] [INFO ]     │ Geo:         0, 0
[02:02:34.623] [INFO ]     ├─ NETWORK ────────────────────────────────────────────────────┤
[02:02:34.623] [INFO ]     │ Proxy:       Direct (no proxy)
[02:02:34.623] [INFO ]     │ Referrer:    https://www.google.com/
[02:02:34.623] [INFO ]     └──────────────────────────────────────────────────────────────┘
[02:02:34.623] [INFO ] ╚══════════════════════════════════════════════════════════════════════════╝
[02:02:34.623] [INFO ] 🛡️ Injected anti-detection scripts at context level
[02:02:34.623] [DEBUG]    └─ Canvas noise, WebGL spoof, Browser patches
[02:02:34.623] [INFO ] 
[02:02:34.623] [INFO ]     🛡️ ANTI-DETECTION SCRIPTS INJECTED (CONTEXT level)
[02:02:34.623] [INFO ]     ├─ Canvas fingerprint noise
[02:02:34.623] [INFO ]     ├─ WebGL renderer/vendor spoof
[02:02:34.623] [INFO ]     ├─ Hardware concurrency randomization
[02:02:34.623] [INFO ]     ├─ Device memory randomization
[02:02:34.623] [INFO ]     ├─ Plugin masking
[02:02:34.623] [INFO ]     ├─ WebRTC IP leak protection
[02:02:34.623] [INFO ]     ├─ Network connection spoof
[02:02:34.623] [INFO ]     └─ Battery API spoof
[02:02:34.669] [INFO ] 
[02:02:34.669] [INFO ]     🥷 STEALTH MODE APPLIED
[02:02:34.669] [INFO ]     ├─ Navigator patches (webdriver, plugins, languages)
[02:02:34.669] [INFO ]     ├─ Chrome runtime patches
[02:02:34.669] [INFO ]     ├─ Console patches
[02:02:34.669] [INFO ]     └─ Permission patches
[02:02:34.669] [INFO ] 🛡️ Injected anti-detection scripts at page level
[02:02:34.669] [DEBUG]    └─ Canvas noise, WebGL spoof, Browser patches
[02:02:34.669] [INFO ] 
[02:02:34.669] [INFO ]     🛡️ ANTI-DETECTION SCRIPTS INJECTED (PAGE level)
[02:02:34.669] [INFO ]     ├─ Canvas fingerprint noise
[02:02:34.669] [INFO ]     ├─ WebGL renderer/vendor spoof
[02:02:34.669] [INFO ]     ├─ Hardware concurrency randomization
[02:02:34.669] [INFO ]     ├─ Device memory randomization
[02:02:34.669] [INFO ]     ├─ Plugin masking
[02:02:34.669] [INFO ]     ├─ WebRTC IP leak protection
[02:02:34.669] [INFO ]     ├─ Network connection spoof
[02:02:34.669] [INFO ]     └─ Battery API spoof
[02:02:34.669] [DEBUG] Enabled resource blocking (images, media, fonts)
[02:02:34.669] [INFO ] 
[02:02:34.669] [INFO ]     🔗 NAVIGATING TO URL
[02:02:34.669] [INFO ]     ├─ Strategy:   domcontentloaded
[02:02:34.669] [INFO ]     ├─ Timeout:    15.0s
[02:02:34.669] [INFO ]     └─ Sleep:      1s after load
[02:02:38.249] [INFO ] 
[02:02:38.249] [INFO ]     ✅ PAGE LOADED
[02:02:38.249] [INFO ]     ├─ Final URL:  https://www.ganintegrity.com/country-profiles/egypt/
[02:02:38.249] [INFO ]     ├─ Title:      Egypt country risk report | GAN Integrity
[02:02:38.249] [INFO ]     └─ Load Time:  3.58s
[02:02:40.109] [INFO ] 🧑 Human behavior simulation...
[02:02:46.443] [INFO ] 🖱️ Mouse: 3 moves in 1536x864
[02:02:46.443] [INFO ] 🖱️ Mouse completed: 3 moves
[02:02:46.443] [INFO ] 📜 Scroll: page height, viewport=864px
[02:02:46.443] [INFO ] 📜 Scroll completed: 1 scrolls
[02:02:46.443] [INFO ] 🧑 Human behavior completed in 6.3s ✓
[02:02:46.443] [INFO ] 
[02:02:46.443] [INFO ]     🧑 HUMAN BEHAVIOR SIMULATED
[02:02:46.443] [INFO ]     ├─ Mouse Movements: 3
[02:02:46.443] [INFO ]     ├─ Scroll Actions:  1
[02:02:46.443] [INFO ]     └─ Time Spent:      6.33s
[02:02:46.771] [INFO ] 
[02:02:46.771] [INFO ]     ┌─ CONTENT METRICS ────────────────────────────────────────────┐
[02:02:46.771] [INFO ]     │ Title:            Egypt country risk report | GAN Integrity
[02:02:46.771] [INFO ]     │ Final URL:        https://www.ganintegrity.com/country-profiles/egypt/
[02:02:46.771] [INFO ]     │ HTML Size:        235,214 bytes
[02:02:46.771] [INFO ]     │ Text Size:        16,922 chars
[02:02:46.771] [INFO ]     │ Word Count:       ~2544 words
[02:02:46.771] [INFO ]     │ Extraction:       trafilatura
[02:02:46.771] [INFO ]     │ Has Article:      ✅ Yes
[02:02:46.771] [INFO ]     └──────────────────────────────────────────────────────────────┘
[02:02:46.806] [INFO ] 
[02:02:46.806] [INFO ] ╔══════════════════════════════════════════════════════════════════════════╗
[02:02:46.806] [INFO ] ║  ✅ SCRAPE SUCCESSFUL - SCRAPE_20260130_020234_B5D6
[02:02:46.806] [INFO ] ╠══════════════════════════════════════════════════════════════════════════╣
[02:02:46.806] [INFO ] 
[02:02:46.806] [INFO ]     ┌─ TIMING BREAKDOWN ───────────────────────────────────────────┐
[02:02:46.806] [INFO ]     │ Browser Launch:      0.06s
[02:02:46.806] [INFO ]     │ Page Load:           3.58s
[02:02:46.806] [INFO ]     │ Cloudflare Wait:     0.00s
[02:02:46.806] [INFO ]     │ Human Simulation:    6.33s
[02:02:46.806] [INFO ]     │
[02:02:46.806] [INFO ]     │ Content Extraction:  0.20s
[02:02:46.806] [INFO ]     │ ─────────────────────────────────────────────────────────────
[02:02:46.806] [INFO ]     │ TOTAL TIME:          10.17s
[02:02:46.806] [INFO ]     └──────────────────────────────────────────────────────────────┘
[02:02:46.806] [INFO ] 
[02:02:46.806] [INFO ]     ┌─ CONTENT METRICS ────────────────────────────────────────────┐
[02:02:46.806] [INFO ]     │ Title:            Egypt country risk report | GAN Integrity
[02:02:46.806] [INFO ]     │ Final URL:        https://www.ganintegrity.com/country-profiles/egypt/
[02:02:46.806] [INFO ]     │ HTML Size:        235,214 bytes
[02:02:46.806] [INFO ]     │ Text Size:        16,922 chars
[02:02:46.806] [INFO ]     │ Word Count:       ~2544 words
[02:02:46.806] [INFO ]     │ Extraction:       trafilatura
[02:02:46.806] [INFO ]     │ Has Article:      ✅ Yes
[02:02:46.806] [INFO ]     └──────────────────────────────────────────────────────────────┘
[02:02:46.806] [INFO ] ╠══════════════════════════════════════════════════════════════════════════╣
[02:02:46.806] [INFO ] ║  📊 SESSION STATS
[02:02:46.806] [INFO ] ║  ├─ Strategies Tried:   domcontentloaded
[02:02:46.806] [INFO ] ║  ├─ Popups Dismissed:   0
[02:02:46.806] [INFO ] ║  ├─ Cloudflare:         Not detected
[02:02:46.806] [INFO ] ║  └─ Proxy Used:         Direct
[02:02:46.806] [INFO ] ╚══════════════════════════════════════════════════════════════════════════╝
[02:02:46.806] [INFO ] 

================================================================================
STATUS: SUCCESS
TOTAL TIME: 12.55s
ENDED: 2026-01-30T02:02:46.806807+02:00 (Egypt Time)
END OF SCRAPE LOG
================================================================================