================================================================================
SCRAPE LOG: https://en.wikipedia.org/wiki/ISO/IEC_27001
Started: 2026-01-26 13:01:18
Session ID: SCRAPE_20260126_130118_5B94
================================================================================
[13:01:18.632] [INFO ] 📝 Scrape log: /app/data/logs/scrapes/2026-01-26_130118_en.wikipedia.org.log
[13:01:18.632] [DEBUG] ⏱️ Timeout set to 45s for this scrape
[13:01:18.978] [INFO ] 
[13:01:18.978] [INFO ]     🚀 BROWSER LAUNCHED
[13:01:18.978] [INFO ]     ├─ Mode:       Headless
[13:01:18.978] [INFO ]     ├─ Slow Mo:    47ms
[13:01:18.978] [INFO ]     ├─ Launch Time: 0.06s
[13:01:18.978] [INFO ]     └─ Args:       Anti-automation flags enabled
[13:01:18.995] [DEBUG] Browser profile: viewport={'width': 1680, 'height': 1050}, locale=en-GB, tz=UTC
[13:01:18.995] [INFO ] 
[13:01:18.995] [INFO ] ╔══════════════════════════════════════════════════════════════════════════╗
[13:01:18.995] [INFO ] ║  📋 SESSION: SCRAPE_20260126_130118_5B94
[13:01:18.995] [INFO ] ║  🌐 URL: https://en.wikipedia.org/wiki/ISO/IEC_27001
[13:01:18.995] [INFO ] ║  🔄 ATTEMPT: 1/2
[13:01:18.995] [INFO ] ║  ⏰ STARTED: 2026-01-26T13:01:18.995493+02:00 (Egypt Time)
[13:01:18.995] [INFO ] ╠══════════════════════════════════════════════════════════════════════════╣
[13:01:18.995] [INFO ] 
[13:01:18.995] [INFO ]     ┌─ BROWSER FINGERPRINT ────────────────────────────────────────┐
[13:01:18.995] [INFO ]     │ Browser:     EDGE v121
[13:01:18.995] [INFO ]     │ User-Agent:  Mozilla/5.0 (Macintosh; Intel Mac OS X 10_15_7) AppleWebKit/537.36 (KH...
[13:01:18.995] [INFO ]     │ Viewport:    1680x1050
[13:01:18.995] [INFO ]     │ Sec-CH-UA:   (not applicable)...
[13:01:18.995] [INFO ]     ├─ LOCATION PROFILE ───────────────────────────────────────────┤
[13:01:18.995] [INFO ]     │ Location:    Birmingham, UK
[13:01:18.995] [INFO ]     │ Timezone:    N/A
[13:01:18.995] [INFO ]     │ Locale:      en-GB
[13:01:18.995] [INFO ]     │ Geo:         0, 0
[13:01:18.995] [INFO ]     ├─ NETWORK ────────────────────────────────────────────────────┤
[13:01:18.995] [INFO ]     │ Proxy:       Direct (no proxy)
[13:01:18.995] [INFO ]     │ Referrer:    https://news.google.com/
[13:01:18.995] [INFO ]     └──────────────────────────────────────────────────────────────┘
[13:01:18.995] [INFO ] ╚══════════════════════════════════════════════════════════════════════════╝
[13:01:18.995] [INFO ] 🛡️ Injected anti-detection scripts at context level
[13:01:18.995] [DEBUG]    └─ Canvas noise, WebGL spoof, Browser patches
[13:01:18.995] [INFO ] 
[13:01:18.995] [INFO ]     🛡️ ANTI-DETECTION SCRIPTS INJECTED (CONTEXT level)
[13:01:18.995] [INFO ]     ├─ Canvas fingerprint noise
[13:01:18.995] [INFO ]     ├─ WebGL renderer/vendor spoof
[13:01:18.995] [INFO ]     ├─ Hardware concurrency randomization
[13:01:18.995] [INFO ]     ├─ Device memory randomization
[13:01:18.995] [INFO ]     ├─ Plugin masking
[13:01:18.995] [INFO ]     ├─ WebRTC IP leak protection
[13:01:18.995] [INFO ]     ├─ Network connection spoof
[13:01:18.995] [INFO ]     └─ Battery API spoof
[13:01:19.039] [INFO ] 
[13:01:19.039] [INFO ]     🥷 STEALTH MODE APPLIED
[13:01:19.039] [INFO ]     ├─ Navigator patches (webdriver, plugins, languages)
[13:01:19.039] [INFO ]     ├─ Chrome runtime patches
[13:01:19.039] [INFO ]     ├─ Console patches
[13:01:19.039] [INFO ]     └─ Permission patches
[13:01:19.039] [INFO ] 🛡️ Injected anti-detection scripts at page level
[13:01:19.039] [DEBUG]    └─ Canvas noise, WebGL spoof, Browser patches
[13:01:19.039] [INFO ] 
[13:01:19.039] [INFO ]     🛡️ ANTI-DETECTION SCRIPTS INJECTED (PAGE level)
[13:01:19.039] [INFO ]     ├─ Canvas fingerprint noise
[13:01:19.039] [INFO ]     ├─ WebGL renderer/vendor spoof
[13:01:19.039] [INFO ]     ├─ Hardware concurrency randomization
[13:01:19.039] [INFO ]     ├─ Device memory randomization
[13:01:19.039] [INFO ]     ├─ Plugin masking
[13:01:19.039] [INFO ]     ├─ WebRTC IP leak protection
[13:01:19.039] [INFO ]     ├─ Network connection spoof
[13:01:19.039] [INFO ]     └─ Battery API spoof
[13:01:19.039] [DEBUG] Enabled resource blocking (images, media, fonts)
[13:01:19.039] [INFO ] 
[13:01:19.039] [INFO ]     🔗 NAVIGATING TO URL
[13:01:19.039] [INFO ]     ├─ Strategy:   domcontentloaded
[13:01:19.039] [INFO ]     ├─ Timeout:    15.0s
[13:01:19.039] [INFO ]     └─ Sleep:      1s after load
[13:01:19.919] [INFO ] 
[13:01:19.919] [INFO ]     ✅ PAGE LOADED
[13:01:19.919] [INFO ]     ├─ Final URL:  https://en.wikipedia.org/wiki/ISO/IEC_27001
[13:01:19.919] [INFO ]     ├─ Title:      ISO/IEC 27001 - Wikipedia
[13:01:19.919] [INFO ]     └─ Load Time:  0.88s
[13:01:21.227] [INFO ] 🧑 Human behavior simulation...
[13:01:23.790] [INFO ] 🖱️ Mouse: 1 moves in 1680x1050
[13:01:23.790] [INFO ] 🖱️ Mouse completed: 1 moves
[13:01:23.790] [INFO ] 📜 Scroll: page height, viewport=1050px
[13:01:23.790] [INFO ] 📜 Scroll completed: 3 scrolls
[13:01:23.790] [INFO ] 🧑 Human behavior completed in 2.6s ✓
[13:01:23.790] [INFO ] 
[13:01:23.790] [INFO ]     🧑 HUMAN BEHAVIOR SIMULATED
[13:01:23.790] [INFO ]     ├─ Mouse Movements: 1
[13:01:23.790] [INFO ]     ├─ Scroll Actions:  3
[13:01:23.790] [INFO ]     └─ Time Spent:      2.56s
[13:01:24.148] [INFO ] 
[13:01:24.148] [INFO ]     ┌─ CONTENT METRICS ────────────────────────────────────────────┐
[13:01:24.148] [INFO ]     │ Title:            ISO/IEC 27001 - Wikipedia
[13:01:24.148] [INFO ]     │ Final URL:        https://en.wikipedia.org/wiki/ISO/IEC_27001
[13:01:24.148] [INFO ]     │ HTML Size:        371,105 bytes
[13:01:24.148] [INFO ]     │ Text Size:        11,875 chars
[13:01:24.148] [INFO ]     │ Word Count:       ~1725 words
[13:01:24.148] [INFO ]     │ Extraction:       trafilatura
[13:01:24.148] [INFO ]     │ Has Article:      ✅ Yes
[13:01:24.148] [INFO ]     └──────────────────────────────────────────────────────────────┘
[13:01:24.180] [INFO ] 
[13:01:24.180] [INFO ] ╔══════════════════════════════════════════════════════════════════════════╗
[13:01:24.180] [INFO ] ║  ✅ SCRAPE SUCCESSFUL - SCRAPE_20260126_130118_5B94
[13:01:24.180] [INFO ] ╠══════════════════════════════════════════════════════════════════════════╣
[13:01:24.180] [INFO ] 
[13:01:24.180] [INFO ]     ┌─ TIMING BREAKDOWN ───────────────────────────────────────────┐
[13:01:24.180] [INFO ]     │ Browser Launch:      0.06s
[13:01:24.180] [INFO ]     │ Page Load:           0.88s
[13:01:24.180] [INFO ]     │ Cloudflare Wait:     0.00s
[13:01:24.180] [INFO ]     │ Human Simulation:    2.56s
[13:01:24.180] [INFO ]     │
[13:01:24.180] [INFO ]     │ Content Extraction:  0.18s
[13:01:24.180] [INFO ]     │ ─────────────────────────────────────────────────────────────
[13:01:24.180] [INFO ]     │ TOTAL TIME:          3.68s
[13:01:24.180] [INFO ]     └──────────────────────────────────────────────────────────────┘
[13:01:24.180] [INFO ] 
[13:01:24.180] [INFO ]     ┌─ CONTENT METRICS ────────────────────────────────────────────┐
[13:01:24.180] [INFO ]     │ Title:            ISO/IEC 27001 - Wikipedia
[13:01:24.180] [INFO ]     │ Final URL:        https://en.wikipedia.org/wiki/ISO/IEC_27001
[13:01:24.180] [INFO ]     │ HTML Size:        371,105 bytes
[13:01:24.180] [INFO ]     │ Text Size:        11,875 chars
[13:01:24.180] [INFO ]     │ Word Count:       ~1725 words
[13:01:24.180] [INFO ]     │ Extraction:       trafilatura
[13:01:24.180] [INFO ]     │ Has Article:      ✅ Yes
[13:01:24.180] [INFO ]     └──────────────────────────────────────────────────────────────┘
[13:01:24.180] [INFO ] ╠══════════════════════════════════════════════════════════════════════════╣
[13:01:24.180] [INFO ] ║  📊 SESSION STATS
[13:01:24.180] [INFO ] ║  ├─ Strategies Tried:   domcontentloaded
[13:01:24.180] [INFO ] ║  ├─ Popups Dismissed:   0
[13:01:24.180] [INFO ] ║  ├─ Cloudflare:         Not detected
[13:01:24.180] [INFO ] ║  └─ Proxy Used:         Direct
[13:01:24.180] [INFO ] ╚══════════════════════════════════════════════════════════════════════════╝
[13:01:24.180] [INFO ] 

================================================================================
STATUS: SUCCESS
TOTAL TIME: 5.55s
ENDED: 2026-01-26T13:01:24.180794+02:00 (Egypt Time)
END OF SCRAPE LOG
================================================================================