================================================================================
SCRAPE LOG: https://irb.northwestern.edu/resources-guidance/policies-guidance/docs/guidance-for-general-data-protection-regulations-gdpr-compliance---general---19171.pdf
Started: 2026-01-28 12:43:38
Session ID: SCRAPE_20260128_124338_81C5
================================================================================
[12:43:38.852] [INFO ] 📝 Scrape log: /app/data/logs/scrapes/2026-01-28_124338_irb.northwestern.edu.log
[12:43:38.852] [DEBUG] ⏱️ Timeout set to 45s for this scrape
[12:43:39.194] [INFO ] 
[12:43:39.194] [INFO ]     🚀 BROWSER LAUNCHED
[12:43:39.194] [INFO ]     ├─ Mode:       Headless
[12:43:39.194] [INFO ]     ├─ Slow Mo:    51ms
[12:43:39.194] [INFO ]     ├─ Launch Time: 0.06s
[12:43:39.194] [INFO ]     └─ Args:       Anti-automation flags enabled
[12:43:39.216] [DEBUG] Browser profile: viewport={'width': 1920, 'height': 1080}, locale=en-AU, tz=UTC
[12:43:39.216] [INFO ] 
[12:43:39.216] [INFO ] ╔══════════════════════════════════════════════════════════════════════════╗
[12:43:39.216] [INFO ] ║  📋 SESSION: SCRAPE_20260128_124338_81C5
[12:43:39.216] [INFO ] ║  🌐 URL: https://irb.northwestern.edu/resources-guidance/policies-guidance/docs/guidance-for-general-data-protection-regulations-gdpr-compliance---general---19171.pdf
[12:43:39.216] [INFO ] ║  🔄 ATTEMPT: 1/2
[12:43:39.216] [INFO ] ║  ⏰ STARTED: 2026-01-28T12:43:39.216332+02:00 (Egypt Time)
[12:43:39.216] [INFO ] ╠══════════════════════════════════════════════════════════════════════════╣
[12:43:39.216] [INFO ] 
[12:43:39.216] [INFO ]     ┌─ BROWSER FINGERPRINT ────────────────────────────────────────┐
[12:43:39.216] [INFO ]     │ Browser:     CHROME v120
[12:43:39.216] [INFO ]     │ User-Agent:  Mozilla/5.0 (Windows NT 10.0; Win64; x64) AppleWebKit/537.36 (KHTML, l...
[12:43:39.216] [INFO ]     │ Viewport:    1920x1080
[12:43:39.216] [INFO ]     │ Sec-CH-UA:   (not applicable)...
[12:43:39.216] [INFO ]     ├─ LOCATION PROFILE ───────────────────────────────────────────┤
[12:43:39.216] [INFO ]     │ Location:    Sydney, Australia
[12:43:39.216] [INFO ]     │ Timezone:    N/A
[12:43:39.216] [INFO ]     │ Locale:      en-AU
[12:43:39.216] [INFO ]     │ Geo:         0, 0
[12:43:39.216] [INFO ]     ├─ NETWORK ────────────────────────────────────────────────────┤
[12:43:39.216] [INFO ]     │ Proxy:       Direct (no proxy)
[12:43:39.216] [INFO ]     │ Referrer:    https://www.google.com/
[12:43:39.216] [INFO ]     └──────────────────────────────────────────────────────────────┘
[12:43:39.216] [INFO ] ╚══════════════════════════════════════════════════════════════════════════╝
[12:43:39.216] [INFO ] 🛡️ Injected anti-detection scripts at context level
[12:43:39.216] [DEBUG]    └─ Canvas noise, WebGL spoof, Browser patches
[12:43:39.216] [INFO ] 
[12:43:39.216] [INFO ]     🛡️ ANTI-DETECTION SCRIPTS INJECTED (CONTEXT level)
[12:43:39.216] [INFO ]     ├─ Canvas fingerprint noise
[12:43:39.216] [INFO ]     ├─ WebGL renderer/vendor spoof
[12:43:39.216] [INFO ]     ├─ Hardware concurrency randomization
[12:43:39.216] [INFO ]     ├─ Device memory randomization
[12:43:39.216] [INFO ]     ├─ Plugin masking
[12:43:39.216] [INFO ]     ├─ WebRTC IP leak protection
[12:43:39.216] [INFO ]     ├─ Network connection spoof
[12:43:39.216] [INFO ]     └─ Battery API spoof
[12:43:39.265] [INFO ] 
[12:43:39.265] [INFO ]     🥷 STEALTH MODE APPLIED
[12:43:39.265] [INFO ]     ├─ Navigator patches (webdriver, plugins, languages)
[12:43:39.265] [INFO ]     ├─ Chrome runtime patches
[12:43:39.265] [INFO ]     ├─ Console patches
[12:43:39.265] [INFO ]     └─ Permission patches
[12:43:39.265] [INFO ] 🛡️ Injected anti-detection scripts at page level
[12:43:39.265] [DEBUG]    └─ Canvas noise, WebGL spoof, Browser patches
[12:43:39.265] [INFO ] 
[12:43:39.265] [INFO ]     🛡️ ANTI-DETECTION SCRIPTS INJECTED (PAGE level)
[12:43:39.265] [INFO ]     ├─ Canvas fingerprint noise
[12:43:39.265] [INFO ]     ├─ WebGL renderer/vendor spoof
[12:43:39.265] [INFO ]     ├─ Hardware concurrency randomization
[12:43:39.265] [INFO ]     ├─ Device memory randomization
[12:43:39.265] [INFO ]     ├─ Plugin masking
[12:43:39.265] [INFO ]     ├─ WebRTC IP leak protection
[12:43:39.265] [INFO ]     ├─ Network connection spoof
[12:43:39.265] [INFO ]     └─ Battery API spoof
[12:43:39.265] [DEBUG] Enabled resource blocking (images, media, fonts)
[12:43:39.265] [INFO ] 
[12:43:39.265] [INFO ]     🔗 NAVIGATING TO URL
[12:43:39.265] [INFO ]     ├─ Strategy:   domcontentloaded
[12:43:39.265] [INFO ]     ├─ Timeout:    15.0s
[12:43:39.265] [INFO ]     └─ Sleep:      1s after load
[12:43:40.746] [DEBUG] Enabled resource blocking (images, media, fonts)
[12:43:40.746] [INFO ] 
[12:43:40.746] [INFO ]     🔗 NAVIGATING TO URL
[12:43:40.746] [INFO ]     ├─ Strategy:   load
[12:43:40.746] [INFO ]     ├─ Timeout:    20.0s
[12:43:40.746] [INFO ]     └─ Sleep:      1s after load
[12:43:41.355] [DEBUG] Enabled resource blocking (images, media, fonts)
[12:43:41.355] [INFO ] 
[12:43:41.355] [INFO ]     🔗 NAVIGATING TO URL
[12:43:41.355] [INFO ]     ├─ Strategy:   networkidle
[12:43:41.355] [INFO ]     ├─ Timeout:    25.0s
[12:43:41.355] [INFO ]     └─ Sleep:      1s after load
[12:43:49.676] [INFO ] 
[12:43:49.676] [INFO ]     🚀 BROWSER LAUNCHED
[12:43:49.676] [INFO ]     ├─ Mode:       Headless
[12:43:49.676] [INFO ]     ├─ Slow Mo:    40ms
[12:43:49.676] [INFO ]     ├─ Launch Time: 0.06s
[12:43:49.676] [INFO ]     └─ Args:       Anti-automation flags enabled
[12:43:49.694] [DEBUG] Browser profile: viewport={'width': 1680, 'height': 1050}, locale=en-US, tz=UTC
[12:43:49.694] [INFO ] 
[12:43:49.694] [INFO ] ╔══════════════════════════════════════════════════════════════════════════╗
[12:43:49.694] [INFO ] ║  📋 SESSION: SCRAPE_20260128_124338_81C5
[12:43:49.694] [INFO ] ║  🌐 URL: https://irb.northwestern.edu/resources-guidance/policies-guidance/docs/guidance-for-general-data-protection-regulations-gdpr-compliance---general---19171.pdf
[12:43:49.694] [INFO ] ║  🔄 ATTEMPT: 2/2
[12:43:49.694] [INFO ] ║  ⏰ STARTED: 2026-01-28T12:43:49.694830+02:00 (Egypt Time)
[12:43:49.694] [INFO ] ╠══════════════════════════════════════════════════════════════════════════╣
[12:43:49.694] [INFO ] 
[12:43:49.694] [INFO ]     ┌─ BROWSER FINGERPRINT ────────────────────────────────────────┐
[12:43:49.694] [INFO ]     │ Browser:     OPERA v106
[12:43:49.694] [INFO ]     │ User-Agent:  Mozilla/5.0 (Macintosh; Intel Mac OS X 10_15_7) AppleWebKit/537.36 (KH...
[12:43:49.694] [INFO ]     │ Viewport:    1680x1050
[12:43:49.694] [INFO ]     │ Sec-CH-UA:   (not applicable)...
[12:43:49.694] [INFO ]     ├─ LOCATION PROFILE ───────────────────────────────────────────┤
[12:43:49.694] [INFO ]     │ Location:    Boston, USA
[12:43:49.694] [INFO ]     │ Timezone:    N/A
[12:43:49.694] [INFO ]     │ Locale:      en-US
[12:43:49.694] [INFO ]     │ Geo:         0, 0
[12:43:49.694] [INFO ]     ├─ NETWORK ────────────────────────────────────────────────────┤
[12:43:49.694] [INFO ]     │ Proxy:       Direct (no proxy)
[12:43:49.694] [INFO ]     │ Referrer:    https://www.google.com/search?q=irb+northwestern+edu
[12:43:49.694] [INFO ]     └──────────────────────────────────────────────────────────────┘
[12:43:49.694] [INFO ] ╚══════════════════════════════════════════════════════════════════════════╝
[12:43:49.694] [INFO ] 🛡️ Injected anti-detection scripts at context level
[12:43:49.694] [DEBUG]    └─ Canvas noise, WebGL spoof, Browser patches
[12:43:49.694] [INFO ] 
[12:43:49.694] [INFO ]     🛡️ ANTI-DETECTION SCRIPTS INJECTED (CONTEXT level)
[12:43:49.694] [INFO ]     ├─ Canvas fingerprint noise
[12:43:49.694] [INFO ]     ├─ WebGL renderer/vendor spoof
[12:43:49.694] [INFO ]     ├─ Hardware concurrency randomization
[12:43:49.694] [INFO ]     ├─ Device memory randomization
[12:43:49.694] [INFO ]     ├─ Plugin masking
[12:43:49.694] [INFO ]     ├─ WebRTC IP leak protection
[12:43:49.694] [INFO ]     ├─ Network connection spoof
[12:43:49.694] [INFO ]     └─ Battery API spoof
[12:43:49.737] [INFO ] 
[12:43:49.737] [INFO ]     🥷 STEALTH MODE APPLIED
[12:43:49.737] [INFO ]     ├─ Navigator patches (webdriver, plugins, languages)
[12:43:49.737] [INFO ]     ├─ Chrome runtime patches
[12:43:49.737] [INFO ]     ├─ Console patches
[12:43:49.737] [INFO ]     └─ Permission patches
[12:43:49.737] [INFO ] 🛡️ Injected anti-detection scripts at page level
[12:43:49.737] [DEBUG]    └─ Canvas noise, WebGL spoof, Browser patches
[12:43:49.737] [INFO ] 
[12:43:49.737] [INFO ]     🛡️ ANTI-DETECTION SCRIPTS INJECTED (PAGE level)
[12:43:49.737] [INFO ]     ├─ Canvas fingerprint noise
[12:43:49.737] [INFO ]     ├─ WebGL renderer/vendor spoof
[12:43:49.737] [INFO ]     ├─ Hardware concurrency randomization
[12:43:49.737] [INFO ]     ├─ Device memory randomization
[12:43:49.737] [INFO ]     ├─ Plugin masking
[12:43:49.737] [INFO ]     ├─ WebRTC IP leak protection
[12:43:49.737] [INFO ]     ├─ Network connection spoof
[12:43:49.737] [INFO ]     └─ Battery API spoof
[12:43:49.737] [DEBUG] Enabled resource blocking (images, media, fonts)
[12:43:49.737] [INFO ] 
[12:43:49.737] [INFO ]     🔗 NAVIGATING TO URL
[12:43:49.737] [INFO ]     ├─ Strategy:   domcontentloaded
[12:43:49.737] [INFO ]     ├─ Timeout:    15.0s
[12:43:49.737] [INFO ]     └─ Sleep:      1s after load
[12:43:50.516] [DEBUG] Enabled resource blocking (images, media, fonts)
[12:43:50.516] [INFO ] 
[12:43:50.516] [INFO ]     🔗 NAVIGATING TO URL
[12:43:50.516] [INFO ]     ├─ Strategy:   load
[12:43:50.516] [INFO ]     ├─ Timeout:    20.0s
[12:43:50.516] [INFO ]     └─ Sleep:      1s after load
[12:43:51.119] [DEBUG] Enabled resource blocking (images, media, fonts)
[12:43:51.120] [INFO ] 
[12:43:51.120] [INFO ]     🔗 NAVIGATING TO URL
[12:43:51.120] [INFO ]     ├─ Strategy:   networkidle
[12:43:51.120] [INFO ]     ├─ Timeout:    25.0s
[12:43:51.120] [INFO ]     └─ Sleep:      1s after load
[12:43:51.736] [INFO ] 
[12:43:51.736] [INFO ] ╔══════════════════════════════════════════════════════════════════════════╗
[12:43:51.736] [INFO ] ║  ❌ SCRAPE FAILED - SCRAPE_20260128_124338_81C5
[12:43:51.736] [INFO ] ╠══════════════════════════════════════════════════════════════════════════╣
[12:43:51.736] [INFO ] 
[12:43:51.736] [INFO ]     ┌─ FAILURE SUMMARY ────────────────────────────────────────────┐
[12:43:51.736] [INFO ]     │ URL:              https://irb.northwestern.edu/resources-guidance/policie
[12:43:51.736] [INFO ]     │ Error Type:       network
[12:43:51.736] [INFO ]     │ Likely Ban:       ❌ No
[12:43:51.736] [INFO ]     │ Retries Used:     2
[12:43:51.736] [INFO ]     │
[12:43:51.736] [INFO ]     │ Error Message:
[12:43:51.736] [INFO ]     │   Failed after 2 attempts. Last error: Page.goto: Download
[12:43:51.736] [INFO ]     │    is starting
Call log:
  - navigating to "https://irb.no
[12:43:51.736] [INFO ]     │   rthwestern.edu/resources-guidance/policies-guidance/docs
[12:43:51.736] [INFO ]     │   /guidance-for-general-data-protection-regulations-gdpr-c
[12:43:51.736] [INFO ]     │   ompliance---general---19171.pdf", waiting until "network
[12:43:51.736] [INFO ]     │   ... (truncated)
[12:43:51.736] [INFO ]     └──────────────────────────────────────────────────────────────┘
[12:43:51.736] [INFO ] 
[12:43:51.736] [INFO ]     ┌─ TIMING AT FAILURE ──────────────────────────────────────────┐
[12:43:51.736] [INFO ]     │ Browser Launch:     0.06s
[12:43:51.736] [INFO ]     │ Page Load:          0.00s
[12:43:51.736] [INFO ]     │ Cloudflare Wait:    0.00s
[12:43:51.736] [INFO ]     │ Human Simulation:   0.00s
[12:43:51.736] [INFO ]     │ ─────────────────────────────────────────────────────────────
[12:43:51.736] [INFO ]     │ FAILED AT:          0.06s
[12:43:51.736] [INFO ]     └──────────────────────────────────────────────────────────────┘
[12:43:51.736] [INFO ] 
[12:43:51.736] [INFO ]     ┌─ RECOMMENDATION ─────────────────────────────────────────────┐
[12:43:51.736] [INFO ]     │ 💡 Network connection issue
[12:43:51.736] [INFO ]     └──────────────────────────────────────────────────────────────┘
[12:43:51.736] [INFO ] 
[12:43:51.736] [INFO ] ╚══════════════════════════════════════════════════════════════════════════╝
[12:43:51.736] [INFO ] 

================================================================================
STATUS: FAILED
TOTAL TIME: 12.88s
ENDED: 2026-01-28T12:43:51.736313+02:00 (Egypt Time)
END OF SCRAPE LOG
================================================================================