================================================================================
SCRAPE LOG: https://news.google.com/rss/articles/CBMirgFBVV95cUxPRXZEbjRtUWRNYm1ZLUF3TUpkbWt4YXI3dDJHMHNUby1Sa00wV1VwRHBUbzh4N0lTN3NrdVUtdjVMTVZ5VlJzbHF5b3BBSkFsMlZ1Y0xNdm5ROV82b0pRZWV3RmsxMHNERF9QN0JRVTNsOS0yUGU0RHhqY1R2ZVQyM2RjM2R5VjJBcU5TaVRtX3VLdk8ydkdqckRkcGQ2UWpUUW9kQWFkWTRnenItTWc?oc=5
Started: 2026-02-24 14:59:48
Session ID: SCRAPE_20260224_145948_2671
================================================================================
[14:59:48.222] [INFO ] 📝 Scrape log: /app/data/logs/scrapes/2026-02-24_145948_news.google.com.log
[14:59:48.222] [DEBUG] ⏱️ Timeout set to 45s for this scrape
[14:59:48.559] [INFO ] 
[14:59:48.559] [INFO ]     🚀 BROWSER LAUNCHED
[14:59:48.559] [INFO ]     ├─ Mode:       Headless
[14:59:48.559] [INFO ]     ├─ Slow Mo:    58ms
[14:59:48.559] [INFO ]     ├─ Launch Time: 0.06s
[14:59:48.559] [INFO ]     └─ Args:       Anti-automation flags enabled
[14:59:48.578] [DEBUG] Browser profile: viewport={'width': 1920, 'height': 1080}, locale=en-US, tz=UTC
[14:59:48.578] [INFO ] 
[14:59:48.578] [INFO ] ╔══════════════════════════════════════════════════════════════════════════╗
[14:59:48.578] [INFO ] ║  📋 SESSION: SCRAPE_20260224_145948_2671
[14:59:48.578] [INFO ] ║  🌐 URL: https://news.google.com/rss/articles/CBMirgFBVV95cUxPRXZEbjRtUWRNYm1ZLUF3TUpkbWt4YXI3dDJHMHNUby1Sa00wV1VwRHBUbzh4N0lTN3NrdVUtdjVMTVZ5VlJzbHF5b3BBSkFsMlZ1Y0xNdm5ROV82b0pRZWV3RmsxMHNERF9QN0JRVTNsOS0yUGU0RHhqY1R2ZVQyM2RjM2R5VjJBcU5TaVRtX3VLdk8ydkdqckRkcGQ2UWpUUW9kQWFkWTRnenItTWc?oc=5
[14:59:48.578] [INFO ] ║  🔄 ATTEMPT: 1/2
[14:59:48.578] [INFO ] ║  ⏰ STARTED: 2026-02-24T14:59:48.578480+02:00 (Egypt Time)
[14:59:48.578] [INFO ] ╠══════════════════════════════════════════════════════════════════════════╣
[14:59:48.578] [INFO ] 
[14:59:48.578] [INFO ]     ┌─ BROWSER FINGERPRINT ────────────────────────────────────────┐
[14:59:48.578] [INFO ]     │ Browser:     FIREFOX v123
[14:59:48.578] [INFO ]     │ User-Agent:  Mozilla/5.0 (Windows NT 10.0; Win64; x64; rv:123.0) Gecko/20100101 Fir...
[14:59:48.578] [INFO ]     │ Viewport:    1920x1080
[14:59:48.578] [INFO ]     │ Sec-CH-UA:   (not applicable)...
[14:59:48.578] [INFO ]     ├─ LOCATION PROFILE ───────────────────────────────────────────┤
[14:59:48.578] [INFO ]     │ Location:    Los Angeles, USA
[14:59:48.578] [INFO ]     │ Timezone:    N/A
[14:59:48.578] [INFO ]     │ Locale:      en-US
[14:59:48.578] [INFO ]     │ Geo:         0, 0
[14:59:48.578] [INFO ]     ├─ NETWORK ────────────────────────────────────────────────────┤
[14:59:48.578] [INFO ]     │ Proxy:       Direct (no proxy)
[14:59:48.578] [INFO ]     │ Referrer:    https://www.google.com/
[14:59:48.578] [INFO ]     └──────────────────────────────────────────────────────────────┘
[14:59:48.578] [INFO ] ╚══════════════════════════════════════════════════════════════════════════╝
[14:59:48.578] [INFO ] 🛡️ Injected anti-detection scripts at context level
[14:59:48.578] [DEBUG]    └─ Canvas noise, WebGL spoof, Browser patches
[14:59:48.578] [INFO ] 
[14:59:48.578] [INFO ]     🛡️ ANTI-DETECTION SCRIPTS INJECTED (CONTEXT level)
[14:59:48.578] [INFO ]     ├─ Canvas fingerprint noise
[14:59:48.578] [INFO ]     ├─ WebGL renderer/vendor spoof
[14:59:48.578] [INFO ]     ├─ Hardware concurrency randomization
[14:59:48.578] [INFO ]     ├─ Device memory randomization
[14:59:48.578] [INFO ]     ├─ Plugin masking
[14:59:48.578] [INFO ]     ├─ WebRTC IP leak protection
[14:59:48.578] [INFO ]     ├─ Network connection spoof
[14:59:48.578] [INFO ]     └─ Battery API spoof
[14:59:48.618] [INFO ] 
[14:59:48.618] [INFO ]     🥷 STEALTH MODE APPLIED
[14:59:48.618] [INFO ]     ├─ Navigator patches (webdriver, plugins, languages)
[14:59:48.618] [INFO ]     ├─ Chrome runtime patches
[14:59:48.618] [INFO ]     ├─ Console patches
[14:59:48.618] [INFO ]     └─ Permission patches
[14:59:48.618] [INFO ] 🛡️ Injected anti-detection scripts at page level
[14:59:48.618] [DEBUG]    └─ Canvas noise, WebGL spoof, Browser patches
[14:59:48.618] [INFO ] 
[14:59:48.618] [INFO ]     🛡️ ANTI-DETECTION SCRIPTS INJECTED (PAGE level)
[14:59:48.618] [INFO ]     ├─ Canvas fingerprint noise
[14:59:48.618] [INFO ]     ├─ WebGL renderer/vendor spoof
[14:59:48.618] [INFO ]     ├─ Hardware concurrency randomization
[14:59:48.618] [INFO ]     ├─ Device memory randomization
[14:59:48.618] [INFO ]     ├─ Plugin masking
[14:59:48.618] [INFO ]     ├─ WebRTC IP leak protection
[14:59:48.618] [INFO ]     ├─ Network connection spoof
[14:59:48.618] [INFO ]     └─ Battery API spoof
[14:59:48.618] [DEBUG] Enabled resource blocking (images, media, fonts)
[14:59:48.618] [INFO ] 
[14:59:48.618] [INFO ]     🔗 NAVIGATING TO URL
[14:59:48.618] [INFO ]     ├─ Strategy:   domcontentloaded
[14:59:48.618] [INFO ]     ├─ Timeout:    15.0s
[14:59:48.618] [INFO ]     └─ Sleep:      1s after load
[14:59:50.155] [INFO ] 
[14:59:50.155] [INFO ]     ✅ PAGE LOADED
[14:59:50.155] [INFO ]     ├─ Final URL:  https://news.google.com/rss/articles/CBMirgFBVV95cUxPRXZEbjRtUWRNYm1ZLUF3TUpkbWt4YXI3dDJHMHNUby1Sa00wV1VwRHBUbzh4N0lTN3NrdVUtdjVMTVZ5VlJzbHF5b3BBSkFsMlZ1Y0xNdm5ROV82b0pRZWV3RmsxMHNERF9QN0JRVTNsOS0yUGU0RHhqY1R2ZVQyM2RjM2R5VjJBcU5TaVRtX3VLdk8ydkdqckRkcGQ2UWpUUW9kQWFkWTRnenItTWc?oc=5&hl=en-US&gl=US&ceid=US:en
[14:59:50.155] [INFO ]     ├─ Title:      Google News
[14:59:50.155] [INFO ]     └─ Load Time:  1.54s
[14:59:51.912] [INFO ] 🧑 Human behavior simulation...
[14:59:58.630] [INFO ] 🖱️ Mouse: 3 moves in 1920x1080
[14:59:58.630] [INFO ] 🖱️ Mouse completed: 3 moves
[14:59:58.630] [INFO ] 📜 Scroll: page height, viewport=1080px
[14:59:58.630] [INFO ] 📜 Scroll completed: 3 scrolls
[14:59:58.630] [INFO ] 🧑 Human behavior completed in 6.7s ✓
[14:59:58.630] [INFO ] 
[14:59:58.630] [INFO ]     🧑 HUMAN BEHAVIOR SIMULATED
[14:59:58.630] [INFO ]     ├─ Mouse Movements: 3
[14:59:58.630] [INFO ]     ├─ Scroll Actions:  3
[14:59:58.630] [INFO ]     └─ Time Spent:      6.72s
[14:59:58.869] [INFO ] 
[14:59:58.869] [INFO ]     ┌─ CONTENT METRICS ────────────────────────────────────────────┐
[14:59:58.869] [INFO ]     │ Title:            Retina Group of Washington reports massive data br
[14:59:58.869] [INFO ]     │ Final URL:        https://news.google.com/rss/articles/CBMirgFBVV95cUxPRXZEbjRtUWRNYm1ZLUF3TUpkbWt4YXI3dDJHMHNUby1Sa00wV1VwRHBUbzh4N0lTN3NrdVUtdjVMTVZ5VlJzbHF5b3BBSkFsMlZ1Y0xNdm5ROV82b0pRZWV3RmsxMHNERF9QN0JRVTNsOS0yUGU0RHhqY1R2ZVQyM2RjM2R5VjJBcU5TaVRtX3VLdk8ydkdqckRkcGQ2UWpUUW9kQWFkWTRnenItTWc?oc=5&hl=en-US&gl=US&ceid=US:en
[14:59:58.869] [INFO ]     │ HTML Size:        267,765 bytes
[14:59:58.869] [INFO ]     │ Text Size:        1,850 chars
[14:59:58.869] [INFO ]     │ Word Count:       ~271 words
[14:59:58.869] [INFO ]     │ Extraction:       trafilatura
[14:59:58.869] [INFO ]     │ Has Article:      ✅ Yes
[14:59:58.869] [INFO ]     └──────────────────────────────────────────────────────────────┘
[14:59:58.912] [INFO ] 
[14:59:58.912] [INFO ] ╔══════════════════════════════════════════════════════════════════════════╗
[14:59:58.912] [INFO ] ║  ✅ SCRAPE SUCCESSFUL - SCRAPE_20260224_145948_2671
[14:59:58.912] [INFO ] ╠══════════════════════════════════════════════════════════════════════════╣
[14:59:58.912] [INFO ] 
[14:59:58.912] [INFO ]     ┌─ TIMING BREAKDOWN ───────────────────────────────────────────┐
[14:59:58.912] [INFO ]     │ Browser Launch:      0.06s
[14:59:58.912] [INFO ]     │ Page Load:           1.54s
[14:59:58.912] [INFO ]     │ Cloudflare Wait:     0.00s
[14:59:58.912] [INFO ]     │ Human Simulation:    6.72s
[14:59:58.912] [INFO ]     │
[14:59:58.912] [INFO ]     │ Content Extraction:  0.07s
[14:59:58.912] [INFO ]     │ ─────────────────────────────────────────────────────────────
[14:59:58.912] [INFO ]     │ TOTAL TIME:          8.38s
[14:59:58.912] [INFO ]     └──────────────────────────────────────────────────────────────┘
[14:59:58.912] [INFO ] 
[14:59:58.912] [INFO ]     ┌─ CONTENT METRICS ────────────────────────────────────────────┐
[14:59:58.912] [INFO ]     │ Title:            Retina Group of Washington reports massive data br
[14:59:58.912] [INFO ]     │ Final URL:        https://news.google.com/rss/articles/CBMirgFBVV95cUxPRXZEbjRtUWRNYm1ZLUF3TUpkbWt4YXI3dDJHMHNUby1Sa00wV1VwRHBUbzh4N0lTN3NrdVUtdjVMTVZ5VlJzbHF5b3BBSkFsMlZ1Y0xNdm5ROV82b0pRZWV3RmsxMHNERF9QN0JRVTNsOS0yUGU0RHhqY1R2ZVQyM2RjM2R5VjJBcU5TaVRtX3VLdk8ydkdqckRkcGQ2UWpUUW9kQWFkWTRnenItTWc?oc=5&hl=en-US&gl=US&ceid=US:en
[14:59:58.912] [INFO ]     │ HTML Size:        267,765 bytes
[14:59:58.912] [INFO ]     │ Text Size:        1,850 chars
[14:59:58.912] [INFO ]     │ Word Count:       ~271 words
[14:59:58.912] [INFO ]     │ Extraction:       trafilatura
[14:59:58.912] [INFO ]     │ Has Article:      ✅ Yes
[14:59:58.912] [INFO ]     └──────────────────────────────────────────────────────────────┘
[14:59:58.912] [INFO ] ╠══════════════════════════════════════════════════════════════════════════╣
[14:59:58.912] [INFO ] ║  📊 SESSION STATS
[14:59:58.912] [INFO ] ║  ├─ Strategies Tried:   domcontentloaded
[14:59:58.912] [INFO ] ║  ├─ Popups Dismissed:   0
[14:59:58.912] [INFO ] ║  ├─ Cloudflare:         Not detected
[14:59:58.912] [INFO ] ║  └─ Proxy Used:         Direct
[14:59:58.912] [INFO ] ╚══════════════════════════════════════════════════════════════════════════╝
[14:59:58.912] [INFO ] 

================================================================================
STATUS: SUCCESS
TOTAL TIME: 10.69s
ENDED: 2026-02-24T14:59:58.912785+02:00 (Egypt Time)
END OF SCRAPE LOG
================================================================================