================================================================================
SCRAPE LOG: https://news.google.com/rss/articles/CBMigAFBVV85cUxNMWpnVFp6VnpXSU12ZkJ1NWg4OHN3MGkyOTVSWGI4Z0RzWFhmM25EdjZWSlA4XzFmQjU5QmJxY25uc0tVRTlpQ0twa2JlZFVGZkItd0RaWUw1RzhqM0dwbzJWUkFUYkJpM0x0dGpsU2Z5Q05pQmw1WG1scEljN0sxTQ?oc=5
Started: 2026-02-24 14:26:49
Session ID: SCRAPE_20260224_142649_1BA4
================================================================================
[14:26:49.556] [INFO ] 📝 Scrape log: /app/data/logs/scrapes/2026-02-24_142649_news.google.com.log
[14:26:49.556] [DEBUG] ⏱️ Timeout set to 45s for this scrape
[14:26:49.899] [INFO ] 
[14:26:49.899] [INFO ]     🚀 BROWSER LAUNCHED
[14:26:49.899] [INFO ]     ├─ Mode:       Headless
[14:26:49.899] [INFO ]     ├─ Slow Mo:    50ms
[14:26:49.900] [INFO ]     ├─ Launch Time: 0.06s
[14:26:49.900] [INFO ]     └─ Args:       Anti-automation flags enabled
[14:26:49.917] [DEBUG] Browser profile: viewport={'width': 2560, 'height': 1440}, locale=en-GB, tz=UTC
[14:26:49.917] [INFO ] 
[14:26:49.917] [INFO ] ╔══════════════════════════════════════════════════════════════════════════╗
[14:26:49.917] [INFO ] ║  📋 SESSION: SCRAPE_20260224_142649_1BA4
[14:26:49.917] [INFO ] ║  🌐 URL: https://news.google.com/rss/articles/CBMigAFBVV85cUxNMWpnVFp6VnpXSU12ZkJ1NWg4OHN3MGkyOTVSWGI4Z0RzWFhmM25EdjZWSlA4XzFmQjU5QmJxY25uc0tVRTlpQ0twa2JlZFVGZkItd0RaWUw1RzhqM0dwbzJWUkFUYkJpM0x0dGpsU2Z5Q05pQmw1WG1scEljN0sxTQ?oc=5
[14:26:49.917] [INFO ] ║  🔄 ATTEMPT: 1/2
[14:26:49.917] [INFO ] ║  ⏰ STARTED: 2026-02-24T14:26:49.917867+02:00 (Egypt Time)
[14:26:49.917] [INFO ] ╠══════════════════════════════════════════════════════════════════════════╣
[14:26:49.917] [INFO ] 
[14:26:49.917] [INFO ]     ┌─ BROWSER FINGERPRINT ────────────────────────────────────────┐
[14:26:49.917] [INFO ]     │ Browser:     CHROME v123
[14:26:49.917] [INFO ]     │ User-Agent:  Mozilla/5.0 (Windows NT 10.0; Win64; x64) AppleWebKit/537.36 (KHTML, l...
[14:26:49.917] [INFO ]     │ Viewport:    2560x1440
[14:26:49.917] [INFO ]     │ Sec-CH-UA:   (not applicable)...
[14:26:49.917] [INFO ]     ├─ LOCATION PROFILE ───────────────────────────────────────────┤
[14:26:49.917] [INFO ]     │ Location:    Manchester, UK
[14:26:49.917] [INFO ]     │ Timezone:    N/A
[14:26:49.917] [INFO ]     │ Locale:      en-GB
[14:26:49.917] [INFO ]     │ Geo:         0, 0
[14:26:49.917] [INFO ]     ├─ NETWORK ────────────────────────────────────────────────────┤
[14:26:49.917] [INFO ]     │ Proxy:       Direct (no proxy)
[14:26:49.917] [INFO ]     │ Referrer:    https://t.co/
[14:26:49.917] [INFO ]     └──────────────────────────────────────────────────────────────┘
[14:26:49.917] [INFO ] ╚══════════════════════════════════════════════════════════════════════════╝
[14:26:49.917] [INFO ] 🛡️ Injected anti-detection scripts at context level
[14:26:49.917] [DEBUG]    └─ Canvas noise, WebGL spoof, Browser patches
[14:26:49.917] [INFO ] 
[14:26:49.917] [INFO ]     🛡️ ANTI-DETECTION SCRIPTS INJECTED (CONTEXT level)
[14:26:49.917] [INFO ]     ├─ Canvas fingerprint noise
[14:26:49.917] [INFO ]     ├─ WebGL renderer/vendor spoof
[14:26:49.917] [INFO ]     ├─ Hardware concurrency randomization
[14:26:49.917] [INFO ]     ├─ Device memory randomization
[14:26:49.917] [INFO ]     ├─ Plugin masking
[14:26:49.917] [INFO ]     ├─ WebRTC IP leak protection
[14:26:49.917] [INFO ]     ├─ Network connection spoof
[14:26:49.917] [INFO ]     └─ Battery API spoof
[14:26:49.962] [INFO ] 
[14:26:49.962] [INFO ]     🥷 STEALTH MODE APPLIED
[14:26:49.962] [INFO ]     ├─ Navigator patches (webdriver, plugins, languages)
[14:26:49.962] [INFO ]     ├─ Chrome runtime patches
[14:26:49.962] [INFO ]     ├─ Console patches
[14:26:49.962] [INFO ]     └─ Permission patches
[14:26:49.962] [INFO ] 🛡️ Injected anti-detection scripts at page level
[14:26:49.962] [DEBUG]    └─ Canvas noise, WebGL spoof, Browser patches
[14:26:49.962] [INFO ] 
[14:26:49.962] [INFO ]     🛡️ ANTI-DETECTION SCRIPTS INJECTED (PAGE level)
[14:26:49.962] [INFO ]     ├─ Canvas fingerprint noise
[14:26:49.962] [INFO ]     ├─ WebGL renderer/vendor spoof
[14:26:49.962] [INFO ]     ├─ Hardware concurrency randomization
[14:26:49.962] [INFO ]     ├─ Device memory randomization
[14:26:49.962] [INFO ]     ├─ Plugin masking
[14:26:49.962] [INFO ]     ├─ WebRTC IP leak protection
[14:26:49.962] [INFO ]     ├─ Network connection spoof
[14:26:49.962] [INFO ]     └─ Battery API spoof
[14:26:49.962] [DEBUG] Enabled resource blocking (images, media, fonts)
[14:26:49.962] [INFO ] 
[14:26:49.962] [INFO ]     🔗 NAVIGATING TO URL
[14:26:49.962] [INFO ]     ├─ Strategy:   domcontentloaded
[14:26:49.962] [INFO ]     ├─ Timeout:    15.0s
[14:26:49.962] [INFO ]     └─ Sleep:      1s after load
[14:26:51.498] [INFO ] 
[14:26:51.498] [INFO ]     ✅ PAGE LOADED
[14:26:51.498] [INFO ]     ├─ Final URL:  https://news.google.com/rss/articles/CBMigAFBVV85cUxNMWpnVFp6VnpXSU12ZkJ1NWg4OHN3MGkyOTVSWGI4Z0RzWFhmM25EdjZWSlA4XzFmQjU5QmJxY25uc0tVRTlpQ0twa2JlZFVGZkItd0RaWUw1RzhqM0dwbzJWUkFUYkJpM0x0dGpsU2Z5Q05pQmw1WG1scEljN0sxTQ?oc=5&hl=en-GB&gl=GB&ceid=GB:en
[14:26:51.498] [INFO ]     ├─ Title:      Google News
[14:26:51.498] [INFO ]     └─ Load Time:  1.54s
[14:26:52.738] [INFO ] 🧑 Human behavior simulation...
[14:27:00.468] [INFO ] 🖱️ Mouse: 4 moves in 2560x1440
[14:27:00.468] [INFO ] 🖱️ Mouse completed: 4 moves
[14:27:00.468] [INFO ] 📜 Scroll: page height, viewport=1440px
[14:27:00.468] [INFO ] 📜 Scroll completed: 2 scrolls
[14:27:00.468] [INFO ] 🧑 Human behavior completed in 7.7s ✓
[14:27:00.468] [INFO ] 
[14:27:00.468] [INFO ]     🧑 HUMAN BEHAVIOR SIMULATED
[14:27:00.468] [INFO ]     ├─ Mouse Movements: 4
[14:27:00.468] [INFO ]     ├─ Scroll Actions:  2
[14:27:00.468] [INFO ]     └─ Time Spent:      7.73s
[14:27:06.636] [INFO ] 
[14:27:06.636] [INFO ]     🚀 BROWSER LAUNCHED
[14:27:06.636] [INFO ]     ├─ Mode:       Headless
[14:27:06.636] [INFO ]     ├─ Slow Mo:    46ms
[14:27:06.636] [INFO ]     ├─ Launch Time: 0.06s
[14:27:06.636] [INFO ]     └─ Args:       Anti-automation flags enabled
[14:27:06.653] [DEBUG] Browser profile: viewport={'width': 2560, 'height': 1440}, locale=en-US, tz=UTC
[14:27:06.653] [INFO ] 
[14:27:06.653] [INFO ] ╔══════════════════════════════════════════════════════════════════════════╗
[14:27:06.653] [INFO ] ║  📋 SESSION: SCRAPE_20260224_142649_1BA4
[14:27:06.653] [INFO ] ║  🌐 URL: https://news.google.com/rss/articles/CBMigAFBVV85cUxNMWpnVFp6VnpXSU12ZkJ1NWg4OHN3MGkyOTVSWGI4Z0RzWFhmM25EdjZWSlA4XzFmQjU5QmJxY25uc0tVRTlpQ0twa2JlZFVGZkItd0RaWUw1RzhqM0dwbzJWUkFUYkJpM0x0dGpsU2Z5Q05pQmw1WG1scEljN0sxTQ?oc=5
[14:27:06.653] [INFO ] ║  🔄 ATTEMPT: 2/2
[14:27:06.653] [INFO ] ║  ⏰ STARTED: 2026-02-24T14:27:06.653987+02:00 (Egypt Time)
[14:27:06.653] [INFO ] ╠══════════════════════════════════════════════════════════════════════════╣
[14:27:06.654] [INFO ] 
[14:27:06.654] [INFO ]     ┌─ BROWSER FINGERPRINT ────────────────────────────────────────┐
[14:27:06.654] [INFO ]     │ Browser:     CHROME v119
[14:27:06.654] [INFO ]     │ User-Agent:  Mozilla/5.0 (Windows NT 10.0; Win64; x64) AppleWebKit/537.36 (KHTML, l...
[14:27:06.654] [INFO ]     │ Viewport:    2560x1440
[14:27:06.654] [INFO ]     │ Sec-CH-UA:   (not applicable)...
[14:27:06.654] [INFO ]     ├─ LOCATION PROFILE ───────────────────────────────────────────┤
[14:27:06.654] [INFO ]     │ Location:    Houston, USA
[14:27:06.654] [INFO ]     │ Timezone:    N/A
[14:27:06.654] [INFO ]     │ Locale:      en-US
[14:27:06.654] [INFO ]     │ Geo:         0, 0
[14:27:06.654] [INFO ]     ├─ NETWORK ────────────────────────────────────────────────────┤
[14:27:06.654] [INFO ]     │ Proxy:       Direct (no proxy)
[14:27:06.654] [INFO ]     │ Referrer:    https://www.google.com/
[14:27:06.654] [INFO ]     └──────────────────────────────────────────────────────────────┘
[14:27:06.654] [INFO ] ╚══════════════════════════════════════════════════════════════════════════╝
[14:27:06.654] [INFO ] 🛡️ Injected anti-detection scripts at context level
[14:27:06.654] [DEBUG]    └─ Canvas noise, WebGL spoof, Browser patches
[14:27:06.654] [INFO ] 
[14:27:06.654] [INFO ]     🛡️ ANTI-DETECTION SCRIPTS INJECTED (CONTEXT level)
[14:27:06.654] [INFO ]     ├─ Canvas fingerprint noise
[14:27:06.654] [INFO ]     ├─ WebGL renderer/vendor spoof
[14:27:06.654] [INFO ]     ├─ Hardware concurrency randomization
[14:27:06.654] [INFO ]     ├─ Device memory randomization
[14:27:06.654] [INFO ]     ├─ Plugin masking
[14:27:06.654] [INFO ]     ├─ WebRTC IP leak protection
[14:27:06.654] [INFO ]     ├─ Network connection spoof
[14:27:06.654] [INFO ]     └─ Battery API spoof
[14:27:06.694] [INFO ] 
[14:27:06.695] [INFO ]     🥷 STEALTH MODE APPLIED
[14:27:06.695] [INFO ]     ├─ Navigator patches (webdriver, plugins, languages)
[14:27:06.695] [INFO ]     ├─ Chrome runtime patches
[14:27:06.695] [INFO ]     ├─ Console patches
[14:27:06.695] [INFO ]     └─ Permission patches
[14:27:06.695] [INFO ] 🛡️ Injected anti-detection scripts at page level
[14:27:06.695] [DEBUG]    └─ Canvas noise, WebGL spoof, Browser patches
[14:27:06.695] [INFO ] 
[14:27:06.695] [INFO ]     🛡️ ANTI-DETECTION SCRIPTS INJECTED (PAGE level)
[14:27:06.695] [INFO ]     ├─ Canvas fingerprint noise
[14:27:06.695] [INFO ]     ├─ WebGL renderer/vendor spoof
[14:27:06.695] [INFO ]     ├─ Hardware concurrency randomization
[14:27:06.695] [INFO ]     ├─ Device memory randomization
[14:27:06.695] [INFO ]     ├─ Plugin masking
[14:27:06.695] [INFO ]     ├─ WebRTC IP leak protection
[14:27:06.695] [INFO ]     ├─ Network connection spoof
[14:27:06.695] [INFO ]     └─ Battery API spoof
[14:27:06.695] [DEBUG] Enabled resource blocking (images, media, fonts)
[14:27:06.695] [INFO ] 
[14:27:06.695] [INFO ]     🔗 NAVIGATING TO URL
[14:27:06.695] [INFO ]     ├─ Strategy:   domcontentloaded
[14:27:06.695] [INFO ]     ├─ Timeout:    15.0s
[14:27:06.695] [INFO ]     └─ Sleep:      1s after load
[14:27:08.074] [INFO ] 
[14:27:08.074] [INFO ]     ✅ PAGE LOADED
[14:27:08.074] [INFO ]     ├─ Final URL:  https://news.google.com/rss/articles/CBMigAFBVV85cUxNMWpnVFp6VnpXSU12ZkJ1NWg4OHN3MGkyOTVSWGI4Z0RzWFhmM25EdjZWSlA4XzFmQjU5QmJxY25uc0tVRTlpQ0twa2JlZFVGZkItd0RaWUw1RzhqM0dwbzJWUkFUYkJpM0x0dGpsU2Z5Q05pQmw1WG1scEljN0sxTQ?oc=5&hl=en-US&gl=US&ceid=US:en
[14:27:08.074] [INFO ]     ├─ Title:      Google News
[14:27:08.074] [INFO ]     └─ Load Time:  1.38s
[14:27:09.306] [INFO ] 🧑 Human behavior simulation...
[14:27:16.945] [INFO ] 🖱️ Mouse: 4 moves in 2560x1440
[14:27:16.946] [INFO ] 🖱️ Mouse completed: 4 moves
[14:27:16.946] [INFO ] 📜 Scroll: page height, viewport=1440px
[14:27:16.946] [INFO ] 📜 Scroll completed: 3 scrolls
[14:27:16.946] [INFO ] 🧑 Human behavior completed in 7.6s ✓
[14:27:16.946] [INFO ] 
[14:27:16.946] [INFO ]     🧑 HUMAN BEHAVIOR SIMULATED
[14:27:16.946] [INFO ]     ├─ Mouse Movements: 4
[14:27:16.946] [INFO ]     ├─ Scroll Actions:  3
[14:27:16.946] [INFO ]     └─ Time Spent:      7.64s
[14:27:17.292] [INFO ] 
[14:27:17.292] [INFO ] ╔══════════════════════════════════════════════════════════════════════════╗
[14:27:17.292] [INFO ] ║  ❌ SCRAPE FAILED - SCRAPE_20260224_142649_1BA4
[14:27:17.292] [INFO ] ╠══════════════════════════════════════════════════════════════════════════╣
[14:27:17.292] [INFO ] 
[14:27:17.292] [INFO ]     ┌─ FAILURE SUMMARY ────────────────────────────────────────────┐
[14:27:17.292] [INFO ]     │ URL:              https://news.google.com/rss/articles/CBMigAFBVV85cUxNMW
[14:27:17.292] [INFO ]     │ Error Type:       unknown
[14:27:17.292] [INFO ]     │ Likely Ban:       ❌ No
[14:27:17.292] [INFO ]     │ Retries Used:     2
[14:27:17.292] [INFO ]     │
[14:27:17.292] [INFO ]     │ Error Message:
[14:27:17.292] [INFO ]     │   Failed after 2 attempts. Last error: Unknown error
[14:27:17.292] [INFO ]     └──────────────────────────────────────────────────────────────┘
[14:27:17.292] [INFO ] 
[14:27:17.292] [INFO ]     ┌─ TIMING AT FAILURE ──────────────────────────────────────────┐
[14:27:17.292] [INFO ]     │ Browser Launch:     0.06s
[14:27:17.292] [INFO ]     │ Page Load:          1.38s
[14:27:17.292] [INFO ]     │ Cloudflare Wait:    0.00s
[14:27:17.292] [INFO ]     │ Human Simulation:   7.64s
[14:27:17.292] [INFO ]     │ ─────────────────────────────────────────────────────────────
[14:27:17.292] [INFO ]     │ FAILED AT:          9.08s
[14:27:17.292] [INFO ]     └──────────────────────────────────────────────────────────────┘
[14:27:17.292] [INFO ] 
[14:27:17.292] [INFO ] ╚══════════════════════════════════════════════════════════════════════════╝
[14:27:17.292] [INFO ] 

================================================================================
STATUS: FAILED
TOTAL TIME: 27.74s
ENDED: 2026-02-24T14:27:17.292866+02:00 (Egypt Time)
END OF SCRAPE LOG
================================================================================