================================================================================
SCRAPE LOG: https://wire.com/en/blog/big-tech-data-sovereignty-failure
Started: 2026-01-29 21:05:57
Session ID: SCRAPE_20260129_210557_61BE
================================================================================
[21:05:57.561] [INFO ] 📝 Scrape log: /app/data/logs/scrapes/2026-01-29_210557_wire.com.log
[21:05:57.561] [DEBUG] ⏱️ Timeout set to 45s for this scrape
[21:05:57.908] [INFO ] 
[21:05:57.908] [INFO ]     🚀 BROWSER LAUNCHED
[21:05:57.908] [INFO ]     ├─ Mode:       Headless
[21:05:57.908] [INFO ]     ├─ Slow Mo:    60ms
[21:05:57.908] [INFO ]     ├─ Launch Time: 0.06s
[21:05:57.908] [INFO ]     └─ Args:       Anti-automation flags enabled
[21:05:57.925] [DEBUG] Browser profile: viewport={'width': 2560, 'height': 1440}, locale=en-AU, tz=UTC
[21:05:57.925] [INFO ] 
[21:05:57.925] [INFO ] ╔══════════════════════════════════════════════════════════════════════════╗
[21:05:57.925] [INFO ] ║  📋 SESSION: SCRAPE_20260129_210557_61BE
[21:05:57.925] [INFO ] ║  🌐 URL: https://wire.com/en/blog/big-tech-data-sovereignty-failure
[21:05:57.925] [INFO ] ║  🔄 ATTEMPT: 1/2
[21:05:57.925] [INFO ] ║  ⏰ STARTED: 2026-01-29T21:05:57.925986+02:00 (Egypt Time)
[21:05:57.926] [INFO ] ╠══════════════════════════════════════════════════════════════════════════╣
[21:05:57.926] [INFO ] 
[21:05:57.926] [INFO ]     ┌─ BROWSER FINGERPRINT ────────────────────────────────────────┐
[21:05:57.926] [INFO ]     │ Browser:     CHROME v119
[21:05:57.926] [INFO ]     │ User-Agent:  Mozilla/5.0 (Macintosh; Intel Mac OS X 13_5) AppleWebKit/537.36 (KHTML...
[21:05:57.926] [INFO ]     │ Viewport:    2560x1440
[21:05:57.926] [INFO ]     │ Sec-CH-UA:   (not applicable)...
[21:05:57.926] [INFO ]     ├─ LOCATION PROFILE ───────────────────────────────────────────┤
[21:05:57.926] [INFO ]     │ Location:    Melbourne, Australia
[21:05:57.926] [INFO ]     │ Timezone:    N/A
[21:05:57.926] [INFO ]     │ Locale:      en-AU
[21:05:57.926] [INFO ]     │ Geo:         0, 0
[21:05:57.926] [INFO ]     ├─ NETWORK ────────────────────────────────────────────────────┤
[21:05:57.926] [INFO ]     │ Proxy:       Direct (no proxy)
[21:05:57.926] [INFO ]     │ Referrer:    https://news.google.com/
[21:05:57.926] [INFO ]     └──────────────────────────────────────────────────────────────┘
[21:05:57.926] [INFO ] ╚══════════════════════════════════════════════════════════════════════════╝
[21:05:57.926] [INFO ] 🛡️ Injected anti-detection scripts at context level
[21:05:57.926] [DEBUG]    └─ Canvas noise, WebGL spoof, Browser patches
[21:05:57.926] [INFO ] 
[21:05:57.926] [INFO ]     🛡️ ANTI-DETECTION SCRIPTS INJECTED (CONTEXT level)
[21:05:57.926] [INFO ]     ├─ Canvas fingerprint noise
[21:05:57.926] [INFO ]     ├─ WebGL renderer/vendor spoof
[21:05:57.926] [INFO ]     ├─ Hardware concurrency randomization
[21:05:57.926] [INFO ]     ├─ Device memory randomization
[21:05:57.926] [INFO ]     ├─ Plugin masking
[21:05:57.926] [INFO ]     ├─ WebRTC IP leak protection
[21:05:57.926] [INFO ]     ├─ Network connection spoof
[21:05:57.926] [INFO ]     └─ Battery API spoof
[21:05:57.967] [INFO ] 
[21:05:57.967] [INFO ]     🥷 STEALTH MODE APPLIED
[21:05:57.967] [INFO ]     ├─ Navigator patches (webdriver, plugins, languages)
[21:05:57.967] [INFO ]     ├─ Chrome runtime patches
[21:05:57.967] [INFO ]     ├─ Console patches
[21:05:57.967] [INFO ]     └─ Permission patches
[21:05:57.967] [INFO ] 🛡️ Injected anti-detection scripts at page level
[21:05:57.967] [DEBUG]    └─ Canvas noise, WebGL spoof, Browser patches
[21:05:57.967] [INFO ] 
[21:05:57.967] [INFO ]     🛡️ ANTI-DETECTION SCRIPTS INJECTED (PAGE level)
[21:05:57.967] [INFO ]     ├─ Canvas fingerprint noise
[21:05:57.967] [INFO ]     ├─ WebGL renderer/vendor spoof
[21:05:57.967] [INFO ]     ├─ Hardware concurrency randomization
[21:05:57.967] [INFO ]     ├─ Device memory randomization
[21:05:57.967] [INFO ]     ├─ Plugin masking
[21:05:57.967] [INFO ]     ├─ WebRTC IP leak protection
[21:05:57.967] [INFO ]     ├─ Network connection spoof
[21:05:57.967] [INFO ]     └─ Battery API spoof
[21:05:57.967] [DEBUG] Enabled resource blocking (images, media, fonts)
[21:05:57.967] [INFO ] 
[21:05:57.967] [INFO ]     🔗 NAVIGATING TO URL
[21:05:57.967] [INFO ]     ├─ Strategy:   domcontentloaded
[21:05:57.967] [INFO ]     ├─ Timeout:    15.0s
[21:05:57.967] [INFO ]     └─ Sleep:      1s after load
[21:06:00.754] [INFO ] 
[21:06:00.754] [INFO ]     ✅ PAGE LOADED
[21:06:00.754] [INFO ]     ├─ Final URL:  https://wire.com/en/blog/big-tech-data-sovereignty-failure
[21:06:00.754] [INFO ]     ├─ Title:      Why Big Tech Can’t Deliver True Data Sovereignty
[21:06:00.754] [INFO ]     └─ Load Time:  2.79s
[21:06:04.193] [INFO ] 🧑 Human behavior simulation...
[21:06:13.179] [INFO ] 🖱️ Mouse: 5 moves in 2560x1440
[21:06:13.179] [INFO ] 🖱️ Mouse completed: 5 moves
[21:06:13.179] [INFO ] 📜 Scroll: page height, viewport=1440px
[21:06:13.179] [INFO ] 📜 Scroll completed: 2 scrolls
[21:06:13.179] [INFO ] 🧑 Human behavior completed in 9.0s ✓
[21:06:13.179] [INFO ] 
[21:06:13.179] [INFO ]     🧑 HUMAN BEHAVIOR SIMULATED
[21:06:13.179] [INFO ]     ├─ Mouse Movements: 5
[21:06:13.179] [INFO ]     ├─ Scroll Actions:  2
[21:06:13.179] [INFO ]     └─ Time Spent:      8.99s
[21:06:13.443] [INFO ] 
[21:06:13.443] [INFO ]     ┌─ CONTENT METRICS ────────────────────────────────────────────┐
[21:06:13.443] [INFO ]     │ Title:            Why Big Tech Can’t Deliver True Data Sovereignty
[21:06:13.443] [INFO ]     │ Final URL:        https://wire.com/en/blog/big-tech-data-sovereignty-failure
[21:06:13.443] [INFO ]     │ HTML Size:        185,565 bytes
[21:06:13.443] [INFO ]     │ Text Size:        6,350 chars
[21:06:13.443] [INFO ]     │ Word Count:       ~938 words
[21:06:13.443] [INFO ]     │ Extraction:       trafilatura
[21:06:13.443] [INFO ]     │ Has Article:      ✅ Yes
[21:06:13.443] [INFO ]     └──────────────────────────────────────────────────────────────┘
[21:06:13.479] [INFO ] 
[21:06:13.480] [INFO ] ╔══════════════════════════════════════════════════════════════════════════╗
[21:06:13.480] [INFO ] ║  ✅ SCRAPE SUCCESSFUL - SCRAPE_20260129_210557_61BE
[21:06:13.480] [INFO ] ╠══════════════════════════════════════════════════════════════════════════╣
[21:06:13.480] [INFO ] 
[21:06:13.480] [INFO ]     ┌─ TIMING BREAKDOWN ───────────────────────────────────────────┐
[21:06:13.480] [INFO ]     │ Browser Launch:      0.06s
[21:06:13.480] [INFO ]     │ Page Load:           2.79s
[21:06:13.480] [INFO ]     │ Cloudflare Wait:     0.00s
[21:06:13.480] [INFO ]     │ Human Simulation:    8.99s
[21:06:13.480] [INFO ]     │
[21:06:13.480] [INFO ]     │ Content Extraction:  0.09s
[21:06:13.480] [INFO ]     │ ─────────────────────────────────────────────────────────────
[21:06:13.480] [INFO ]     │ TOTAL TIME:          11.91s
[21:06:13.480] [INFO ]     └──────────────────────────────────────────────────────────────┘
[21:06:13.480] [INFO ] 
[21:06:13.480] [INFO ]     ┌─ CONTENT METRICS ────────────────────────────────────────────┐
[21:06:13.480] [INFO ]     │ Title:            Why Big Tech Can’t Deliver True Data Sovereignty
[21:06:13.480] [INFO ]     │ Final URL:        https://wire.com/en/blog/big-tech-data-sovereignty-failure
[21:06:13.480] [INFO ]     │ HTML Size:        185,565 bytes
[21:06:13.480] [INFO ]     │ Text Size:        6,350 chars
[21:06:13.480] [INFO ]     │ Word Count:       ~938 words
[21:06:13.480] [INFO ]     │ Extraction:       trafilatura
[21:06:13.480] [INFO ]     │ Has Article:      ✅ Yes
[21:06:13.480] [INFO ]     └──────────────────────────────────────────────────────────────┘
[21:06:13.480] [INFO ] ╠══════════════════════════════════════════════════════════════════════════╣
[21:06:13.480] [INFO ] ║  📊 SESSION STATS
[21:06:13.480] [INFO ] ║  ├─ Strategies Tried:   domcontentloaded
[21:06:13.480] [INFO ] ║  ├─ Popups Dismissed:   0
[21:06:13.480] [INFO ] ║  ├─ Cloudflare:         Not detected
[21:06:13.480] [INFO ] ║  └─ Proxy Used:         Direct
[21:06:13.480] [INFO ] ╚══════════════════════════════════════════════════════════════════════════╝
[21:06:13.480] [INFO ] 

================================================================================
STATUS: SUCCESS
TOTAL TIME: 15.92s
ENDED: 2026-01-29T21:06:13.480335+02:00 (Egypt Time)
END OF SCRAPE LOG
================================================================================