================================================================================
SCRAPE LOG: https://eldib.com/egypts-new-fintech-law-and-regulations/
Started: 2026-01-26 11:53:47
Session ID: SCRAPE_20260126_115347_3241
================================================================================
[11:53:47.456] [INFO ] 📝 Scrape log: /app/data/logs/scrapes/2026-01-26_115347_eldib.com.log
[11:53:47.456] [DEBUG] ⏱️ Timeout set to 45s for this scrape
[11:53:47.794] [INFO ] 
[11:53:47.794] [INFO ]     🚀 BROWSER LAUNCHED
[11:53:47.794] [INFO ]     ├─ Mode:       Headless
[11:53:47.794] [INFO ]     ├─ Slow Mo:    50ms
[11:53:47.794] [INFO ]     ├─ Launch Time: 0.06s
[11:53:47.795] [INFO ]     └─ Args:       Anti-automation flags enabled
[11:53:47.814] [DEBUG] Browser profile: viewport={'width': 1536, 'height': 864}, locale=en-SG, tz=UTC
[11:53:47.814] [INFO ] 
[11:53:47.814] [INFO ] ╔══════════════════════════════════════════════════════════════════════════╗
[11:53:47.814] [INFO ] ║  📋 SESSION: SCRAPE_20260126_115347_3241
[11:53:47.814] [INFO ] ║  🌐 URL: https://eldib.com/egypts-new-fintech-law-and-regulations/
[11:53:47.814] [INFO ] ║  🔄 ATTEMPT: 1/2
[11:53:47.814] [INFO ] ║  ⏰ STARTED: 2026-01-26T11:53:47.814642+02:00 (Egypt Time)
[11:53:47.814] [INFO ] ╠══════════════════════════════════════════════════════════════════════════╣
[11:53:47.814] [INFO ] 
[11:53:47.814] [INFO ]     ┌─ BROWSER FINGERPRINT ────────────────────────────────────────┐
[11:53:47.814] [INFO ]     │ Browser:     CHROME v121
[11:53:47.814] [INFO ]     │ User-Agent:  Mozilla/5.0 (Windows NT 10.0; Win64; x64) AppleWebKit/537.36 (KHTML, l...
[11:53:47.814] [INFO ]     │ Viewport:    1536x864
[11:53:47.814] [INFO ]     │ Sec-CH-UA:   (not applicable)...
[11:53:47.814] [INFO ]     ├─ LOCATION PROFILE ───────────────────────────────────────────┤
[11:53:47.814] [INFO ]     │ Location:    Singapore
[11:53:47.814] [INFO ]     │ Timezone:    N/A
[11:53:47.814] [INFO ]     │ Locale:      en-SG
[11:53:47.814] [INFO ]     │ Geo:         0, 0
[11:53:47.814] [INFO ]     ├─ NETWORK ────────────────────────────────────────────────────┤
[11:53:47.814] [INFO ]     │ Proxy:       Direct (no proxy)
[11:53:47.814] [INFO ]     │ Referrer:    https://www.google.com/search?q=eldib+com
[11:53:47.814] [INFO ]     └──────────────────────────────────────────────────────────────┘
[11:53:47.814] [INFO ] ╚══════════════════════════════════════════════════════════════════════════╝
[11:53:47.814] [INFO ] 🛡️ Injected anti-detection scripts at context level
[11:53:47.814] [DEBUG]    └─ Canvas noise, WebGL spoof, Browser patches
[11:53:47.814] [INFO ] 
[11:53:47.814] [INFO ]     🛡️ ANTI-DETECTION SCRIPTS INJECTED (CONTEXT level)
[11:53:47.814] [INFO ]     ├─ Canvas fingerprint noise
[11:53:47.814] [INFO ]     ├─ WebGL renderer/vendor spoof
[11:53:47.814] [INFO ]     ├─ Hardware concurrency randomization
[11:53:47.814] [INFO ]     ├─ Device memory randomization
[11:53:47.814] [INFO ]     ├─ Plugin masking
[11:53:47.814] [INFO ]     ├─ WebRTC IP leak protection
[11:53:47.814] [INFO ]     ├─ Network connection spoof
[11:53:47.814] [INFO ]     └─ Battery API spoof
[11:53:47.855] [INFO ] 
[11:53:47.855] [INFO ]     🥷 STEALTH MODE APPLIED
[11:53:47.855] [INFO ]     ├─ Navigator patches (webdriver, plugins, languages)
[11:53:47.855] [INFO ]     ├─ Chrome runtime patches
[11:53:47.855] [INFO ]     ├─ Console patches
[11:53:47.855] [INFO ]     └─ Permission patches
[11:53:47.855] [INFO ] 🛡️ Injected anti-detection scripts at page level
[11:53:47.855] [DEBUG]    └─ Canvas noise, WebGL spoof, Browser patches
[11:53:47.855] [INFO ] 
[11:53:47.855] [INFO ]     🛡️ ANTI-DETECTION SCRIPTS INJECTED (PAGE level)
[11:53:47.855] [INFO ]     ├─ Canvas fingerprint noise
[11:53:47.855] [INFO ]     ├─ WebGL renderer/vendor spoof
[11:53:47.855] [INFO ]     ├─ Hardware concurrency randomization
[11:53:47.855] [INFO ]     ├─ Device memory randomization
[11:53:47.855] [INFO ]     ├─ Plugin masking
[11:53:47.855] [INFO ]     ├─ WebRTC IP leak protection
[11:53:47.855] [INFO ]     ├─ Network connection spoof
[11:53:47.855] [INFO ]     └─ Battery API spoof
[11:53:47.855] [DEBUG] Enabled resource blocking (images, media, fonts)
[11:53:47.855] [INFO ] 
[11:53:47.855] [INFO ]     🔗 NAVIGATING TO URL
[11:53:47.855] [INFO ]     ├─ Strategy:   domcontentloaded
[11:53:47.855] [INFO ]     ├─ Timeout:    15.0s
[11:53:47.855] [INFO ]     └─ Sleep:      1s after load
[11:53:49.442] [INFO ] 
[11:53:49.442] [INFO ]     ✅ PAGE LOADED
[11:53:49.442] [INFO ]     ├─ Final URL:  https://eldib.com/egypts-new-fintech-law-and-regulations/
[11:53:49.442] [INFO ]     ├─ Title:      Egypt’s New Fintech Law and Regulations – ELDIB & CO
[11:53:49.442] [INFO ]     └─ Load Time:  1.59s
[11:53:50.867] [INFO ] 🧑 Human behavior simulation...
[11:53:55.954] [INFO ] 🖱️ Mouse: 3 moves in 1536x864
[11:53:55.954] [INFO ] 🖱️ Mouse completed: 3 moves
[11:53:55.954] [INFO ] 📜 Scroll: page height, viewport=864px
[11:53:55.954] [INFO ] 📜 Scroll completed: 1 scrolls
[11:53:55.954] [INFO ] 🧑 Human behavior completed in 5.1s ✓
[11:53:55.954] [INFO ] 
[11:53:55.954] [INFO ]     🧑 HUMAN BEHAVIOR SIMULATED
[11:53:55.954] [INFO ]     ├─ Mouse Movements: 3
[11:53:55.954] [INFO ]     ├─ Scroll Actions:  1
[11:53:55.954] [INFO ]     └─ Time Spent:      5.09s
[11:53:56.073] [INFO ] 
[11:53:56.073] [INFO ]     ┌─ CONTENT METRICS ────────────────────────────────────────────┐
[11:53:56.073] [INFO ]     │ Title:            Egypt’s New Fintech Law and Regulations
[11:53:56.073] [INFO ]     │ Final URL:        https://eldib.com/egypts-new-fintech-law-and-regulations/
[11:53:56.073] [INFO ]     │ HTML Size:        73,045 bytes
[11:53:56.073] [INFO ]     │ Text Size:        3,603 chars
[11:53:56.073] [INFO ]     │ Word Count:       ~564 words
[11:53:56.073] [INFO ]     │ Extraction:       trafilatura
[11:53:56.073] [INFO ]     │ Has Article:      ✅ Yes
[11:53:56.073] [INFO ]     └──────────────────────────────────────────────────────────────┘
[11:53:56.101] [INFO ] 
[11:53:56.101] [INFO ] ╔══════════════════════════════════════════════════════════════════════════╗
[11:53:56.101] [INFO ] ║  ✅ SCRAPE SUCCESSFUL - SCRAPE_20260126_115347_3241
[11:53:56.101] [INFO ] ╠══════════════════════════════════════════════════════════════════════════╣
[11:53:56.101] [INFO ] 
[11:53:56.101] [INFO ]     ┌─ TIMING BREAKDOWN ───────────────────────────────────────────┐
[11:53:56.101] [INFO ]     │ Browser Launch:      0.06s
[11:53:56.101] [INFO ]     │ Page Load:           1.59s
[11:53:56.101] [INFO ]     │ Cloudflare Wait:     0.00s
[11:53:56.101] [INFO ]     │ Human Simulation:    5.09s
[11:53:56.101] [INFO ]     │
[11:53:56.101] [INFO ]     │ Content Extraction:  0.05s
[11:53:56.101] [INFO ]     │ ─────────────────────────────────────────────────────────────
[11:53:56.101] [INFO ]     │ TOTAL TIME:          6.78s
[11:53:56.101] [INFO ]     └──────────────────────────────────────────────────────────────┘
[11:53:56.101] [INFO ] 
[11:53:56.101] [INFO ]     ┌─ CONTENT METRICS ────────────────────────────────────────────┐
[11:53:56.101] [INFO ]     │ Title:            Egypt’s New Fintech Law and Regulations
[11:53:56.101] [INFO ]     │ Final URL:        https://eldib.com/egypts-new-fintech-law-and-regulations/
[11:53:56.101] [INFO ]     │ HTML Size:        73,045 bytes
[11:53:56.101] [INFO ]     │ Text Size:        3,603 chars
[11:53:56.101] [INFO ]     │ Word Count:       ~564 words
[11:53:56.101] [INFO ]     │ Extraction:       trafilatura
[11:53:56.101] [INFO ]     │ Has Article:      ✅ Yes
[11:53:56.101] [INFO ]     └──────────────────────────────────────────────────────────────┘
[11:53:56.101] [INFO ] ╠══════════════════════════════════════════════════════════════════════════╣
[11:53:56.101] [INFO ] ║  📊 SESSION STATS
[11:53:56.101] [INFO ] ║  ├─ Strategies Tried:   domcontentloaded
[11:53:56.101] [INFO ] ║  ├─ Popups Dismissed:   0
[11:53:56.101] [INFO ] ║  ├─ Cloudflare:         Not detected
[11:53:56.101] [INFO ] ║  └─ Proxy Used:         Direct
[11:53:56.101] [INFO ] ╚══════════════════════════════════════════════════════════════════════════╝
[11:53:56.101] [INFO ] 

================================================================================
STATUS: SUCCESS
TOTAL TIME: 8.65s
ENDED: 2026-01-26T11:53:56.101695+02:00 (Egypt Time)
END OF SCRAPE LOG
================================================================================