================================================================================
SCRAPE LOG: https://www.pearlcohen.com/egypt-new-privacy-protection-law-implements-gdpr-like-principles/
Started: 2026-01-30 00:05:31
Session ID: SCRAPE_20260130_000531_FA05
================================================================================
[00:05:31.614] [INFO ] 📝 Scrape log: /app/data/logs/scrapes/2026-01-30_000531_pearlcohen.com.log
[00:05:31.614] [DEBUG] ⏱️ Timeout set to 45s for this scrape
[00:05:31.963] [INFO ] 
[00:05:31.963] [INFO ]     🚀 BROWSER LAUNCHED
[00:05:31.963] [INFO ]     ├─ Mode:       Headless
[00:05:31.963] [INFO ]     ├─ Slow Mo:    42ms
[00:05:31.963] [INFO ]     ├─ Launch Time: 0.06s
[00:05:31.963] [INFO ]     └─ Args:       Anti-automation flags enabled
[00:05:31.981] [DEBUG] Browser profile: viewport={'width': 2560, 'height': 1440}, locale=en-AU, tz=UTC
[00:05:31.981] [INFO ] 
[00:05:31.981] [INFO ] ╔══════════════════════════════════════════════════════════════════════════╗
[00:05:31.981] [INFO ] ║  📋 SESSION: SCRAPE_20260130_000531_FA05
[00:05:31.981] [INFO ] ║  🌐 URL: https://www.pearlcohen.com/egypt-new-privacy-protection-law-implements-gdpr-like-principles/
[00:05:31.981] [INFO ] ║  🔄 ATTEMPT: 1/2
[00:05:31.981] [INFO ] ║  ⏰ STARTED: 2026-01-30T00:05:31.981098+02:00 (Egypt Time)
[00:05:31.981] [INFO ] ╠══════════════════════════════════════════════════════════════════════════╣
[00:05:31.981] [INFO ] 
[00:05:31.981] [INFO ]     ┌─ BROWSER FINGERPRINT ────────────────────────────────────────┐
[00:05:31.981] [INFO ]     │ Browser:     CHROME v126
[00:05:31.981] [INFO ]     │ User-Agent:  Mozilla/5.0 (Windows NT 10.0; Win64; x64) AppleWebKit/537.36 (KHTML, l...
[00:05:31.981] [INFO ]     │ Viewport:    2560x1440
[00:05:31.981] [INFO ]     │ Sec-CH-UA:   (not applicable)...
[00:05:31.981] [INFO ]     ├─ LOCATION PROFILE ───────────────────────────────────────────┤
[00:05:31.981] [INFO ]     │ Location:    Melbourne, Australia
[00:05:31.981] [INFO ]     │ Timezone:    N/A
[00:05:31.981] [INFO ]     │ Locale:      en-AU
[00:05:31.981] [INFO ]     │ Geo:         0, 0
[00:05:31.981] [INFO ]     ├─ NETWORK ────────────────────────────────────────────────────┤
[00:05:31.981] [INFO ]     │ Proxy:       Direct (no proxy)
[00:05:31.981] [INFO ]     │ Referrer:    None
[00:05:31.981] [INFO ]     └──────────────────────────────────────────────────────────────┘
[00:05:31.981] [INFO ] ╚══════════════════════════════════════════════════════════════════════════╝
[00:05:31.981] [INFO ] 🛡️ Injected anti-detection scripts at context level
[00:05:31.981] [DEBUG]    └─ Canvas noise, WebGL spoof, Browser patches
[00:05:31.981] [INFO ] 
[00:05:31.981] [INFO ]     🛡️ ANTI-DETECTION SCRIPTS INJECTED (CONTEXT level)
[00:05:31.981] [INFO ]     ├─ Canvas fingerprint noise
[00:05:31.981] [INFO ]     ├─ WebGL renderer/vendor spoof
[00:05:31.981] [INFO ]     ├─ Hardware concurrency randomization
[00:05:31.981] [INFO ]     ├─ Device memory randomization
[00:05:31.981] [INFO ]     ├─ Plugin masking
[00:05:31.981] [INFO ]     ├─ WebRTC IP leak protection
[00:05:31.981] [INFO ]     ├─ Network connection spoof
[00:05:31.981] [INFO ]     └─ Battery API spoof
[00:05:32.024] [INFO ] 
[00:05:32.024] [INFO ]     🥷 STEALTH MODE APPLIED
[00:05:32.024] [INFO ]     ├─ Navigator patches (webdriver, plugins, languages)
[00:05:32.024] [INFO ]     ├─ Chrome runtime patches
[00:05:32.024] [INFO ]     ├─ Console patches
[00:05:32.024] [INFO ]     └─ Permission patches
[00:05:32.024] [INFO ] 🛡️ Injected anti-detection scripts at page level
[00:05:32.024] [DEBUG]    └─ Canvas noise, WebGL spoof, Browser patches
[00:05:32.024] [INFO ] 
[00:05:32.024] [INFO ]     🛡️ ANTI-DETECTION SCRIPTS INJECTED (PAGE level)
[00:05:32.024] [INFO ]     ├─ Canvas fingerprint noise
[00:05:32.025] [INFO ]     ├─ WebGL renderer/vendor spoof
[00:05:32.025] [INFO ]     ├─ Hardware concurrency randomization
[00:05:32.025] [INFO ]     ├─ Device memory randomization
[00:05:32.025] [INFO ]     ├─ Plugin masking
[00:05:32.025] [INFO ]     ├─ WebRTC IP leak protection
[00:05:32.025] [INFO ]     ├─ Network connection spoof
[00:05:32.025] [INFO ]     └─ Battery API spoof
[00:05:32.025] [DEBUG] Enabled resource blocking (images, media, fonts)
[00:05:32.025] [INFO ] 
[00:05:32.025] [INFO ]     🔗 NAVIGATING TO URL
[00:05:32.025] [INFO ]     ├─ Strategy:   domcontentloaded
[00:05:32.025] [INFO ]     ├─ Timeout:    15.0s
[00:05:32.025] [INFO ]     └─ Sleep:      1s after load
[00:05:33.356] [INFO ] 
[00:05:33.356] [INFO ]     ✅ PAGE LOADED
[00:05:33.356] [INFO ]     ├─ Final URL:  https://www.pearlcohen.com/egypt-new-privacy-protection-law-implements-gdpr-like-principles/
[00:05:33.356] [INFO ]     ├─ Title:      Egypt: New Privacy Protection Law Implements GDPR-Like Principles - Pearl Cohen
[00:05:33.356] [INFO ]     └─ Load Time:  1.33s
[00:05:34.712] [INFO ] 🧑 Human behavior simulation...
[00:05:40.346] [INFO ] 🖱️ Mouse: 4 moves in 2560x1440
[00:05:40.346] [INFO ] 🖱️ Mouse completed: 4 moves
[00:05:40.346] [INFO ] 📜 Scroll: page height, viewport=1440px
[00:05:40.346] [INFO ] 📜 Scroll completed: 2 scrolls
[00:05:40.346] [INFO ] 🧑 Human behavior completed in 5.6s ✓
[00:05:40.346] [INFO ] 
[00:05:40.346] [INFO ]     🧑 HUMAN BEHAVIOR SIMULATED
[00:05:40.346] [INFO ]     ├─ Mouse Movements: 4
[00:05:40.346] [INFO ]     ├─ Scroll Actions:  2
[00:05:40.346] [INFO ]     └─ Time Spent:      5.63s
[00:05:40.517] [INFO ] 
[00:05:40.517] [INFO ]     ┌─ CONTENT METRICS ────────────────────────────────────────────┐
[00:05:40.517] [INFO ]     │ Title:            Egypt: New Privacy Protection Law Implements GDPR-
[00:05:40.517] [INFO ]     │ Final URL:        https://www.pearlcohen.com/egypt-new-privacy-protection-law-implements-gdpr-like-principles/
[00:05:40.517] [INFO ]     │ HTML Size:        164,775 bytes
[00:05:40.517] [INFO ]     │ Text Size:        2,078 chars
[00:05:40.517] [INFO ]     │ Word Count:       ~327 words
[00:05:40.518] [INFO ]     │ Extraction:       trafilatura
[00:05:40.518] [INFO ]     │ Has Article:      ✅ Yes
[00:05:40.518] [INFO ]     └──────────────────────────────────────────────────────────────┘
[00:05:40.547] [INFO ] 
[00:05:40.547] [INFO ] ╔══════════════════════════════════════════════════════════════════════════╗
[00:05:40.547] [INFO ] ║  ✅ SCRAPE SUCCESSFUL - SCRAPE_20260130_000531_FA05
[00:05:40.547] [INFO ] ╠══════════════════════════════════════════════════════════════════════════╣
[00:05:40.547] [INFO ] 
[00:05:40.547] [INFO ]     ┌─ TIMING BREAKDOWN ───────────────────────────────────────────┐
[00:05:40.547] [INFO ]     │ Browser Launch:      0.06s
[00:05:40.547] [INFO ]     │ Page Load:           1.33s
[00:05:40.547] [INFO ]     │ Cloudflare Wait:     0.00s
[00:05:40.547] [INFO ]     │ Human Simulation:    5.63s
[00:05:40.547] [INFO ]     │
[00:05:40.547] [INFO ]     │ Content Extraction:  0.05s
[00:05:40.547] [INFO ]     │ ─────────────────────────────────────────────────────────────
[00:05:40.547] [INFO ]     │ TOTAL TIME:          7.08s
[00:05:40.547] [INFO ]     └──────────────────────────────────────────────────────────────┘
[00:05:40.547] [INFO ] 
[00:05:40.547] [INFO ]     ┌─ CONTENT METRICS ────────────────────────────────────────────┐
[00:05:40.547] [INFO ]     │ Title:            Egypt: New Privacy Protection Law Implements GDPR-
[00:05:40.547] [INFO ]     │ Final URL:        https://www.pearlcohen.com/egypt-new-privacy-protection-law-implements-gdpr-like-principles/
[00:05:40.547] [INFO ]     │ HTML Size:        164,775 bytes
[00:05:40.547] [INFO ]     │ Text Size:        2,078 chars
[00:05:40.547] [INFO ]     │ Word Count:       ~327 words
[00:05:40.547] [INFO ]     │ Extraction:       trafilatura
[00:05:40.547] [INFO ]     │ Has Article:      ✅ Yes
[00:05:40.547] [INFO ]     └──────────────────────────────────────────────────────────────┘
[00:05:40.547] [INFO ] ╠══════════════════════════════════════════════════════════════════════════╣
[00:05:40.547] [INFO ] ║  📊 SESSION STATS
[00:05:40.547] [INFO ] ║  ├─ Strategies Tried:   domcontentloaded
[00:05:40.547] [INFO ] ║  ├─ Popups Dismissed:   0
[00:05:40.547] [INFO ] ║  ├─ Cloudflare:         Not detected
[00:05:40.547] [INFO ] ║  └─ Proxy Used:         Direct
[00:05:40.547] [INFO ] ╚══════════════════════════════════════════════════════════════════════════╝
[00:05:40.547] [INFO ] 

================================================================================
STATUS: SUCCESS
TOTAL TIME: 8.93s
ENDED: 2026-01-30T00:05:40.547785+02:00 (Egypt Time)
END OF SCRAPE LOG
================================================================================