================================================================================
SCRAPE LOG: https://borgenproject.org/the-rule-of-law-in-egypt/
Started: 2026-01-30 02:03:34
Session ID: SCRAPE_20260130_020334_3CFF
================================================================================
[02:03:34.262] [INFO ] 📝 Scrape log: /app/data/logs/scrapes/2026-01-30_020334_borgenproject.org.log
[02:03:34.262] [DEBUG] ⏱️ Timeout set to 45s for this scrape
[02:03:34.598] [INFO ] 
[02:03:34.598] [INFO ]     🚀 BROWSER LAUNCHED
[02:03:34.598] [INFO ]     ├─ Mode:       Headless
[02:03:34.598] [INFO ]     ├─ Slow Mo:    44ms
[02:03:34.598] [INFO ]     ├─ Launch Time: 0.05s
[02:03:34.598] [INFO ]     └─ Args:       Anti-automation flags enabled
[02:03:34.616] [DEBUG] Browser profile: viewport={'width': 1680, 'height': 1050}, locale=en-US, tz=UTC
[02:03:34.616] [INFO ] 
[02:03:34.616] [INFO ] ╔══════════════════════════════════════════════════════════════════════════╗
[02:03:34.616] [INFO ] ║  📋 SESSION: SCRAPE_20260130_020334_3CFF
[02:03:34.616] [INFO ] ║  🌐 URL: https://borgenproject.org/the-rule-of-law-in-egypt/
[02:03:34.616] [INFO ] ║  🔄 ATTEMPT: 1/2
[02:03:34.616] [INFO ] ║  ⏰ STARTED: 2026-01-30T02:03:34.616228+02:00 (Egypt Time)
[02:03:34.616] [INFO ] ╠══════════════════════════════════════════════════════════════════════════╣
[02:03:34.616] [INFO ] 
[02:03:34.616] [INFO ]     ┌─ BROWSER FINGERPRINT ────────────────────────────────────────┐
[02:03:34.616] [INFO ]     │ Browser:     CHROME v119
[02:03:34.616] [INFO ]     │ User-Agent:  Mozilla/5.0 (Windows NT 10.0; Win64; x64) AppleWebKit/537.36 (KHTML, l...
[02:03:34.616] [INFO ]     │ Viewport:    1680x1050
[02:03:34.616] [INFO ]     │ Sec-CH-UA:   (not applicable)...
[02:03:34.616] [INFO ]     ├─ LOCATION PROFILE ───────────────────────────────────────────┤
[02:03:34.616] [INFO ]     │ Location:    Los Angeles, USA
[02:03:34.616] [INFO ]     │ Timezone:    N/A
[02:03:34.616] [INFO ]     │ Locale:      en-US
[02:03:34.616] [INFO ]     │ Geo:         0, 0
[02:03:34.616] [INFO ]     ├─ NETWORK ────────────────────────────────────────────────────┤
[02:03:34.616] [INFO ]     │ Proxy:       Direct (no proxy)
[02:03:34.616] [INFO ]     │ Referrer:    https://news.google.com/
[02:03:34.616] [INFO ]     └──────────────────────────────────────────────────────────────┘
[02:03:34.616] [INFO ] ╚══════════════════════════════════════════════════════════════════════════╝
[02:03:34.616] [INFO ] 🛡️ Injected anti-detection scripts at context level
[02:03:34.616] [DEBUG]    └─ Canvas noise, WebGL spoof, Browser patches
[02:03:34.616] [INFO ] 
[02:03:34.616] [INFO ]     🛡️ ANTI-DETECTION SCRIPTS INJECTED (CONTEXT level)
[02:03:34.616] [INFO ]     ├─ Canvas fingerprint noise
[02:03:34.616] [INFO ]     ├─ WebGL renderer/vendor spoof
[02:03:34.616] [INFO ]     ├─ Hardware concurrency randomization
[02:03:34.616] [INFO ]     ├─ Device memory randomization
[02:03:34.616] [INFO ]     ├─ Plugin masking
[02:03:34.616] [INFO ]     ├─ WebRTC IP leak protection
[02:03:34.616] [INFO ]     ├─ Network connection spoof
[02:03:34.616] [INFO ]     └─ Battery API spoof
[02:03:34.659] [INFO ] 
[02:03:34.659] [INFO ]     🥷 STEALTH MODE APPLIED
[02:03:34.659] [INFO ]     ├─ Navigator patches (webdriver, plugins, languages)
[02:03:34.659] [INFO ]     ├─ Chrome runtime patches
[02:03:34.659] [INFO ]     ├─ Console patches
[02:03:34.659] [INFO ]     └─ Permission patches
[02:03:34.659] [INFO ] 🛡️ Injected anti-detection scripts at page level
[02:03:34.659] [DEBUG]    └─ Canvas noise, WebGL spoof, Browser patches
[02:03:34.659] [INFO ] 
[02:03:34.659] [INFO ]     🛡️ ANTI-DETECTION SCRIPTS INJECTED (PAGE level)
[02:03:34.659] [INFO ]     ├─ Canvas fingerprint noise
[02:03:34.659] [INFO ]     ├─ WebGL renderer/vendor spoof
[02:03:34.659] [INFO ]     ├─ Hardware concurrency randomization
[02:03:34.659] [INFO ]     ├─ Device memory randomization
[02:03:34.660] [INFO ]     ├─ Plugin masking
[02:03:34.660] [INFO ]     ├─ WebRTC IP leak protection
[02:03:34.660] [INFO ]     ├─ Network connection spoof
[02:03:34.660] [INFO ]     └─ Battery API spoof
[02:03:34.660] [DEBUG] Enabled resource blocking (images, media, fonts)
[02:03:34.660] [INFO ] 
[02:03:34.660] [INFO ]     🔗 NAVIGATING TO URL
[02:03:34.660] [INFO ]     ├─ Strategy:   domcontentloaded
[02:03:34.660] [INFO ]     ├─ Timeout:    15.0s
[02:03:34.660] [INFO ]     └─ Sleep:      1s after load
[02:03:37.649] [INFO ] 
[02:03:37.650] [INFO ]     ✅ PAGE LOADED
[02:03:37.650] [INFO ]     ├─ Final URL:  https://borgenproject.org/the-rule-of-law-in-egypt/
[02:03:37.650] [INFO ]     ├─ Title:      Fragility and the Rule of Law in Egypt - The Borgen Project
[02:03:37.650] [INFO ]     └─ Load Time:  2.99s
[02:03:39.420] [INFO ] 🧑 Human behavior simulation...
[02:03:42.585] [INFO ] 🖱️ Mouse: 2 moves in 1680x1050
[02:03:42.585] [INFO ] 🖱️ Mouse completed: 2 moves
[02:03:42.585] [INFO ] 📜 Scroll: page height, viewport=1050px
[02:03:42.585] [INFO ] 📜 Scroll completed: 2 scrolls
[02:03:42.585] [INFO ] 🧑 Human behavior completed in 3.2s ✓
[02:03:42.585] [INFO ] 
[02:03:42.585] [INFO ]     🧑 HUMAN BEHAVIOR SIMULATED
[02:03:42.585] [INFO ]     ├─ Mouse Movements: 2
[02:03:42.585] [INFO ]     ├─ Scroll Actions:  2
[02:03:42.585] [INFO ]     └─ Time Spent:      3.17s
[02:03:42.655] [INFO ] 
[02:03:42.655] [INFO ]     ┌─ CONTENT METRICS ────────────────────────────────────────────┐
[02:03:42.655] [INFO ]     │ Title:            Fragility and the Rule of Law in Egypt - The Borge
[02:03:42.655] [INFO ]     │ Final URL:        https://borgenproject.org/the-rule-of-law-in-egypt/
[02:03:42.655] [INFO ]     │ HTML Size:        114,020 bytes
[02:03:42.655] [INFO ]     │ Text Size:        4,334 chars
[02:03:42.655] [INFO ]     │ Word Count:       ~655 words
[02:03:42.655] [INFO ]     │ Extraction:       trafilatura
[02:03:42.655] [INFO ]     │ Has Article:      ✅ Yes
[02:03:42.655] [INFO ]     └──────────────────────────────────────────────────────────────┘
[02:03:42.678] [INFO ] 
[02:03:42.679] [INFO ] ╔══════════════════════════════════════════════════════════════════════════╗
[02:03:42.679] [INFO ] ║  ✅ SCRAPE SUCCESSFUL - SCRAPE_20260130_020334_3CFF
[02:03:42.679] [INFO ] ╠══════════════════════════════════════════════════════════════════════════╣
[02:03:42.679] [INFO ] 
[02:03:42.679] [INFO ]     ┌─ TIMING BREAKDOWN ───────────────────────────────────────────┐
[02:03:42.679] [INFO ]     │ Browser Launch:      0.05s
[02:03:42.679] [INFO ]     │ Page Load:           2.99s
[02:03:42.679] [INFO ]     │ Cloudflare Wait:     0.00s
[02:03:42.679] [INFO ]     │ Human Simulation:    3.17s
[02:03:42.679] [INFO ]     │
[02:03:42.679] [INFO ]     │ Content Extraction:  0.04s
[02:03:42.679] [INFO ]     │ ─────────────────────────────────────────────────────────────
[02:03:42.679] [INFO ]     │ TOTAL TIME:          6.25s
[02:03:42.679] [INFO ]     └──────────────────────────────────────────────────────────────┘
[02:03:42.679] [INFO ] 
[02:03:42.679] [INFO ]     ┌─ CONTENT METRICS ────────────────────────────────────────────┐
[02:03:42.679] [INFO ]     │ Title:            Fragility and the Rule of Law in Egypt - The Borge
[02:03:42.679] [INFO ]     │ Final URL:        https://borgenproject.org/the-rule-of-law-in-egypt/
[02:03:42.679] [INFO ]     │ HTML Size:        114,020 bytes
[02:03:42.679] [INFO ]     │ Text Size:        4,334 chars
[02:03:42.679] [INFO ]     │ Word Count:       ~655 words
[02:03:42.679] [INFO ]     │ Extraction:       trafilatura
[02:03:42.679] [INFO ]     │ Has Article:      ✅ Yes
[02:03:42.679] [INFO ]     └──────────────────────────────────────────────────────────────┘
[02:03:42.679] [INFO ] ╠══════════════════════════════════════════════════════════════════════════╣
[02:03:42.679] [INFO ] ║  📊 SESSION STATS
[02:03:42.679] [INFO ] ║  ├─ Strategies Tried:   domcontentloaded
[02:03:42.679] [INFO ] ║  ├─ Popups Dismissed:   0
[02:03:42.679] [INFO ] ║  ├─ Cloudflare:         Not detected
[02:03:42.679] [INFO ] ║  └─ Proxy Used:         Direct
[02:03:42.679] [INFO ] ╚══════════════════════════════════════════════════════════════════════════╝
[02:03:42.679] [INFO ] 

================================================================================
STATUS: SUCCESS
TOTAL TIME: 8.42s
ENDED: 2026-01-30T02:03:42.679237+02:00 (Egypt Time)
END OF SCRAPE LOG
================================================================================