================================================================================
SCRAPE LOG: https://grcsolutions.io/implementing-iso27001/
Started: 2026-01-26 13:03:18
Session ID: SCRAPE_20260126_130318_08BC
================================================================================
[13:03:18.636] [INFO ] 📝 Scrape log: /app/data/logs/scrapes/2026-01-26_130318_grcsolutions.io.log
[13:03:18.636] [DEBUG] ⏱️ Timeout set to 45s for this scrape
[13:03:18.980] [INFO ] 
[13:03:18.980] [INFO ]     🚀 BROWSER LAUNCHED
[13:03:18.980] [INFO ]     ├─ Mode:       Headless
[13:03:18.980] [INFO ]     ├─ Slow Mo:    49ms
[13:03:18.980] [INFO ]     ├─ Launch Time: 0.06s
[13:03:18.980] [INFO ]     └─ Args:       Anti-automation flags enabled
[13:03:18.997] [DEBUG] Browser profile: viewport={'width': 2560, 'height': 1440}, locale=en-US, tz=UTC
[13:03:18.997] [INFO ] 
[13:03:18.997] [INFO ] ╔══════════════════════════════════════════════════════════════════════════╗
[13:03:18.997] [INFO ] ║  📋 SESSION: SCRAPE_20260126_130318_08BC
[13:03:18.997] [INFO ] ║  🌐 URL: https://grcsolutions.io/implementing-iso27001/
[13:03:18.997] [INFO ] ║  🔄 ATTEMPT: 1/2
[13:03:18.997] [INFO ] ║  ⏰ STARTED: 2026-01-26T13:03:18.997424+02:00 (Egypt Time)
[13:03:18.997] [INFO ] ╠══════════════════════════════════════════════════════════════════════════╣
[13:03:18.997] [INFO ] 
[13:03:18.997] [INFO ]     ┌─ BROWSER FINGERPRINT ────────────────────────────────────────┐
[13:03:18.997] [INFO ]     │ Browser:     SAFARI v17
[13:03:18.997] [INFO ]     │ User-Agent:  Mozilla/5.0 (Macintosh; Intel Mac OS X 10_15_7) AppleWebKit/605.1.15 (...
[13:03:18.997] [INFO ]     │ Viewport:    2560x1440
[13:03:18.997] [INFO ]     │ Sec-CH-UA:   (not applicable)...
[13:03:18.997] [INFO ]     ├─ LOCATION PROFILE ───────────────────────────────────────────┤
[13:03:18.997] [INFO ]     │ Location:    San Francisco, USA
[13:03:18.997] [INFO ]     │ Timezone:    N/A
[13:03:18.997] [INFO ]     │ Locale:      en-US
[13:03:18.997] [INFO ]     │ Geo:         0, 0
[13:03:18.997] [INFO ]     ├─ NETWORK ────────────────────────────────────────────────────┤
[13:03:18.997] [INFO ]     │ Proxy:       Direct (no proxy)
[13:03:18.997] [INFO ]     │ Referrer:    https://news.google.com/
[13:03:18.997] [INFO ]     └──────────────────────────────────────────────────────────────┘
[13:03:18.997] [INFO ] ╚══════════════════════════════════════════════════════════════════════════╝
[13:03:18.997] [INFO ] 🛡️ Injected anti-detection scripts at context level
[13:03:18.997] [DEBUG]    └─ Canvas noise, WebGL spoof, Browser patches
[13:03:18.997] [INFO ] 
[13:03:18.997] [INFO ]     🛡️ ANTI-DETECTION SCRIPTS INJECTED (CONTEXT level)
[13:03:18.997] [INFO ]     ├─ Canvas fingerprint noise
[13:03:18.997] [INFO ]     ├─ WebGL renderer/vendor spoof
[13:03:18.997] [INFO ]     ├─ Hardware concurrency randomization
[13:03:18.997] [INFO ]     ├─ Device memory randomization
[13:03:18.997] [INFO ]     ├─ Plugin masking
[13:03:18.997] [INFO ]     ├─ WebRTC IP leak protection
[13:03:18.997] [INFO ]     ├─ Network connection spoof
[13:03:18.997] [INFO ]     └─ Battery API spoof
[13:03:19.040] [INFO ] 
[13:03:19.040] [INFO ]     🥷 STEALTH MODE APPLIED
[13:03:19.040] [INFO ]     ├─ Navigator patches (webdriver, plugins, languages)
[13:03:19.040] [INFO ]     ├─ Chrome runtime patches
[13:03:19.040] [INFO ]     ├─ Console patches
[13:03:19.040] [INFO ]     └─ Permission patches
[13:03:19.040] [INFO ] 🛡️ Injected anti-detection scripts at page level
[13:03:19.040] [DEBUG]    └─ Canvas noise, WebGL spoof, Browser patches
[13:03:19.040] [INFO ] 
[13:03:19.040] [INFO ]     🛡️ ANTI-DETECTION SCRIPTS INJECTED (PAGE level)
[13:03:19.040] [INFO ]     ├─ Canvas fingerprint noise
[13:03:19.040] [INFO ]     ├─ WebGL renderer/vendor spoof
[13:03:19.040] [INFO ]     ├─ Hardware concurrency randomization
[13:03:19.040] [INFO ]     ├─ Device memory randomization
[13:03:19.040] [INFO ]     ├─ Plugin masking
[13:03:19.040] [INFO ]     ├─ WebRTC IP leak protection
[13:03:19.040] [INFO ]     ├─ Network connection spoof
[13:03:19.040] [INFO ]     └─ Battery API spoof
[13:03:19.040] [DEBUG] Enabled resource blocking (images, media, fonts)
[13:03:19.040] [INFO ] 
[13:03:19.040] [INFO ]     🔗 NAVIGATING TO URL
[13:03:19.040] [INFO ]     ├─ Strategy:   domcontentloaded
[13:03:19.040] [INFO ]     ├─ Timeout:    15.0s
[13:03:19.040] [INFO ]     └─ Sleep:      1s after load
[13:03:22.655] [INFO ] 
[13:03:22.655] [INFO ]     ✅ PAGE LOADED
[13:03:22.655] [INFO ]     ├─ Final URL:  https://grcsolutions.io/implementing-iso27001/
[13:03:22.655] [INFO ]     ├─ Title:      Implementing ISO27001 - GRC Solutions
[13:03:22.655] [INFO ]     └─ Load Time:  3.62s
[13:03:26.703] [INFO ] 🧑 Human behavior simulation...
[13:03:33.523] [INFO ] 🖱️ Mouse: 3 moves in 2560x1440
[13:03:33.523] [INFO ] 🖱️ Mouse completed: 3 moves
[13:03:33.523] [INFO ] 📜 Scroll: page height, viewport=1440px
[13:03:33.523] [INFO ] 📜 Scroll completed: 3 scrolls
[13:03:33.523] [INFO ] 🧑 Human behavior completed in 6.8s ✓
[13:03:33.523] [INFO ] 
[13:03:33.523] [INFO ]     🧑 HUMAN BEHAVIOR SIMULATED
[13:03:33.523] [INFO ]     ├─ Mouse Movements: 3
[13:03:33.523] [INFO ]     ├─ Scroll Actions:  3
[13:03:33.523] [INFO ]     └─ Time Spent:      6.82s
[13:03:33.796] [INFO ] 
[13:03:33.796] [INFO ]     ┌─ CONTENT METRICS ────────────────────────────────────────────┐
[13:03:33.796] [INFO ]     │ Title:            Implementing ISO27001
[13:03:33.796] [INFO ]     │ Final URL:        https://grcsolutions.io/implementing-iso27001/
[13:03:33.796] [INFO ]     │ HTML Size:        312,869 bytes
[13:03:33.796] [INFO ]     │ Text Size:        754 chars
[13:03:33.796] [INFO ]     │ Word Count:       ~109 words
[13:03:33.796] [INFO ]     │ Extraction:       trafilatura
[13:03:33.796] [INFO ]     │ Has Article:      ✅ Yes
[13:03:33.796] [INFO ]     └──────────────────────────────────────────────────────────────┘
[13:03:33.835] [INFO ] 
[13:03:33.835] [INFO ] ╔══════════════════════════════════════════════════════════════════════════╗
[13:03:33.835] [INFO ] ║  ✅ SCRAPE SUCCESSFUL - SCRAPE_20260126_130318_08BC
[13:03:33.835] [INFO ] ╠══════════════════════════════════════════════════════════════════════════╣
[13:03:33.835] [INFO ] 
[13:03:33.835] [INFO ]     ┌─ TIMING BREAKDOWN ───────────────────────────────────────────┐
[13:03:33.835] [INFO ]     │ Browser Launch:      0.06s
[13:03:33.835] [INFO ]     │ Page Load:           3.62s
[13:03:33.835] [INFO ]     │ Cloudflare Wait:     0.00s
[13:03:33.835] [INFO ]     │ Human Simulation:    6.82s
[13:03:33.835] [INFO ]     │
[13:03:33.835] [INFO ]     │ Content Extraction:  0.08s
[13:03:33.835] [INFO ]     │ ─────────────────────────────────────────────────────────────
[13:03:33.835] [INFO ]     │ TOTAL TIME:          10.57s
[13:03:33.835] [INFO ]     └──────────────────────────────────────────────────────────────┘
[13:03:33.835] [INFO ] 
[13:03:33.835] [INFO ]     ┌─ CONTENT METRICS ────────────────────────────────────────────┐
[13:03:33.835] [INFO ]     │ Title:            Implementing ISO27001
[13:03:33.835] [INFO ]     │ Final URL:        https://grcsolutions.io/implementing-iso27001/
[13:03:33.835] [INFO ]     │ HTML Size:        312,869 bytes
[13:03:33.835] [INFO ]     │ Text Size:        754 chars
[13:03:33.835] [INFO ]     │ Word Count:       ~109 words
[13:03:33.835] [INFO ]     │ Extraction:       trafilatura
[13:03:33.835] [INFO ]     │ Has Article:      ✅ Yes
[13:03:33.835] [INFO ]     └──────────────────────────────────────────────────────────────┘
[13:03:33.835] [INFO ] ╠══════════════════════════════════════════════════════════════════════════╣
[13:03:33.835] [INFO ] ║  📊 SESSION STATS
[13:03:33.835] [INFO ] ║  ├─ Strategies Tried:   domcontentloaded
[13:03:33.835] [INFO ] ║  ├─ Popups Dismissed:   0
[13:03:33.835] [INFO ] ║  ├─ Cloudflare:         Not detected
[13:03:33.835] [INFO ] ║  └─ Proxy Used:         Direct
[13:03:33.835] [INFO ] ╚══════════════════════════════════════════════════════════════════════════╝
[13:03:33.835] [INFO ] 

================================================================================
STATUS: SUCCESS
TOTAL TIME: 15.20s
ENDED: 2026-01-26T13:03:33.835420+02:00 (Egypt Time)
END OF SCRAPE LOG
================================================================================