================================================================================
SCRAPE LOG: https://uk.practicallaw.thomsonreuters.com/w-043-7596?transitionType=Default&contextData=(sc.Default)&firstPage=true
Started: 2026-01-29 16:25:45
Session ID: SCRAPE_20260129_162545_78F8
================================================================================
[16:25:45.785] [INFO ] 📝 Scrape log: /app/data/logs/scrapes/2026-01-29_162545_uk.practicallaw.thomsonreuters.com.log
[16:25:45.785] [DEBUG] ⏱️ Timeout set to 45s for this scrape
[16:25:46.139] [INFO ] 
[16:25:46.139] [INFO ]     🚀 BROWSER LAUNCHED
[16:25:46.139] [INFO ]     ├─ Mode:       Headless
[16:25:46.139] [INFO ]     ├─ Slow Mo:    58ms
[16:25:46.139] [INFO ]     ├─ Launch Time: 0.06s
[16:25:46.139] [INFO ]     └─ Args:       Anti-automation flags enabled
[16:25:46.160] [DEBUG] Browser profile: viewport={'width': 1680, 'height': 1050}, locale=en-SG, tz=UTC
[16:25:46.160] [INFO ] 
[16:25:46.160] [INFO ] ╔══════════════════════════════════════════════════════════════════════════╗
[16:25:46.160] [INFO ] ║  📋 SESSION: SCRAPE_20260129_162545_78F8
[16:25:46.160] [INFO ] ║  🌐 URL: https://uk.practicallaw.thomsonreuters.com/w-043-7596?transitionType=Default&contextData=(sc.Default)&firstPage=true
[16:25:46.160] [INFO ] ║  🔄 ATTEMPT: 1/2
[16:25:46.160] [INFO ] ║  ⏰ STARTED: 2026-01-29T16:25:46.160314+02:00 (Egypt Time)
[16:25:46.160] [INFO ] ╠══════════════════════════════════════════════════════════════════════════╣
[16:25:46.160] [INFO ] 
[16:25:46.160] [INFO ]     ┌─ BROWSER FINGERPRINT ────────────────────────────────────────┐
[16:25:46.160] [INFO ]     │ Browser:     SAFARI v17
[16:25:46.160] [INFO ]     │ User-Agent:  Mozilla/5.0 (Macintosh; Intel Mac OS X 10_15_7) AppleWebKit/605.1.15 (...
[16:25:46.160] [INFO ]     │ Viewport:    1680x1050
[16:25:46.160] [INFO ]     │ Sec-CH-UA:   (not applicable)...
[16:25:46.160] [INFO ]     ├─ LOCATION PROFILE ───────────────────────────────────────────┤
[16:25:46.160] [INFO ]     │ Location:    Singapore
[16:25:46.160] [INFO ]     │ Timezone:    N/A
[16:25:46.160] [INFO ]     │ Locale:      en-SG
[16:25:46.160] [INFO ]     │ Geo:         0, 0
[16:25:46.160] [INFO ]     ├─ NETWORK ────────────────────────────────────────────────────┤
[16:25:46.160] [INFO ]     │ Proxy:       Direct (no proxy)
[16:25:46.160] [INFO ]     │ Referrer:    https://www.google.com/search?q=uk+practicallaw+thomsonreuters+com
[16:25:46.160] [INFO ]     └──────────────────────────────────────────────────────────────┘
[16:25:46.160] [INFO ] ╚══════════════════════════════════════════════════════════════════════════╝
[16:25:46.160] [INFO ] 🛡️ Injected anti-detection scripts at context level
[16:25:46.160] [DEBUG]    └─ Canvas noise, WebGL spoof, Browser patches
[16:25:46.160] [INFO ] 
[16:25:46.160] [INFO ]     🛡️ ANTI-DETECTION SCRIPTS INJECTED (CONTEXT level)
[16:25:46.160] [INFO ]     ├─ Canvas fingerprint noise
[16:25:46.160] [INFO ]     ├─ WebGL renderer/vendor spoof
[16:25:46.160] [INFO ]     ├─ Hardware concurrency randomization
[16:25:46.160] [INFO ]     ├─ Device memory randomization
[16:25:46.160] [INFO ]     ├─ Plugin masking
[16:25:46.160] [INFO ]     ├─ WebRTC IP leak protection
[16:25:46.160] [INFO ]     ├─ Network connection spoof
[16:25:46.160] [INFO ]     └─ Battery API spoof
[16:25:46.205] [INFO ] 
[16:25:46.205] [INFO ]     🥷 STEALTH MODE APPLIED
[16:25:46.205] [INFO ]     ├─ Navigator patches (webdriver, plugins, languages)
[16:25:46.205] [INFO ]     ├─ Chrome runtime patches
[16:25:46.205] [INFO ]     ├─ Console patches
[16:25:46.205] [INFO ]     └─ Permission patches
[16:25:46.205] [INFO ] 🛡️ Injected anti-detection scripts at page level
[16:25:46.205] [DEBUG]    └─ Canvas noise, WebGL spoof, Browser patches
[16:25:46.206] [INFO ] 
[16:25:46.206] [INFO ]     🛡️ ANTI-DETECTION SCRIPTS INJECTED (PAGE level)
[16:25:46.206] [INFO ]     ├─ Canvas fingerprint noise
[16:25:46.206] [INFO ]     ├─ WebGL renderer/vendor spoof
[16:25:46.206] [INFO ]     ├─ Hardware concurrency randomization
[16:25:46.206] [INFO ]     ├─ Device memory randomization
[16:25:46.206] [INFO ]     ├─ Plugin masking
[16:25:46.206] [INFO ]     ├─ WebRTC IP leak protection
[16:25:46.206] [INFO ]     ├─ Network connection spoof
[16:25:46.206] [INFO ]     └─ Battery API spoof
[16:25:46.206] [DEBUG] Enabled resource blocking (images, media, fonts)
[16:25:46.206] [INFO ] 
[16:25:46.206] [INFO ]     🔗 NAVIGATING TO URL
[16:25:46.206] [INFO ]     ├─ Strategy:   domcontentloaded
[16:25:46.206] [INFO ]     ├─ Timeout:    15.0s
[16:25:46.206] [INFO ]     └─ Sleep:      1s after load
[16:25:55.712] [INFO ] 
[16:25:55.712] [INFO ]     ✅ PAGE LOADED
[16:25:55.712] [INFO ]     ├─ Final URL:  https://uk.practicallaw.thomsonreuters.com/w-043-7596?transitionType=Default&contextData=(sc.Default)&firstPage=true
[16:25:55.712] [INFO ]     ├─ Title:      GDPR Compliance for Egyptian Businesses | Practical Law
[16:25:55.712] [INFO ]     └─ Load Time:  9.51s
[16:25:56.968] [INFO ] 🧑 Human behavior simulation...
[16:25:58.982] [INFO ] 🖱️ Mouse: 1 moves in 1680x1050
[16:25:58.982] [INFO ] 🖱️ Mouse completed: 1 moves
[16:25:58.982] [INFO ] 📜 Scroll: page height, viewport=1050px
[16:25:58.982] [INFO ] 📜 Scroll completed: 1 scrolls
[16:25:58.982] [INFO ] 🧑 Human behavior completed in 2.0s ✓
[16:25:58.982] [INFO ] 
[16:25:58.982] [INFO ]     🧑 HUMAN BEHAVIOR SIMULATED
[16:25:58.982] [INFO ]     ├─ Mouse Movements: 1
[16:25:58.982] [INFO ]     ├─ Scroll Actions:  1
[16:25:58.982] [INFO ]     └─ Time Spent:      2.01s
[16:25:59.345] [INFO ] 
[16:25:59.345] [INFO ]     ┌─ CONTENT METRICS ────────────────────────────────────────────┐
[16:25:59.345] [INFO ]     │ Title:            Extracted Content (Fallback)
[16:25:59.345] [INFO ]     │ Final URL:        https://uk.practicallaw.thomsonreuters.com/w-043-7596?transitionType=Default&contextData=(sc.Default)&firstPage=true
[16:25:59.345] [INFO ]     │ HTML Size:        224,924 bytes
[16:25:59.345] [INFO ]     │ Text Size:        1,925 chars
[16:25:59.345] [INFO ]     │ Word Count:       ~288 words
[16:25:59.345] [INFO ]     │ Extraction:       fallback
[16:25:59.345] [INFO ]     │ Has Article:      ✅ Yes
[16:25:59.345] [INFO ]     └──────────────────────────────────────────────────────────────┘
[16:25:59.375] [INFO ] 
[16:25:59.375] [INFO ] ╔══════════════════════════════════════════════════════════════════════════╗
[16:25:59.375] [INFO ] ║  ✅ SCRAPE SUCCESSFUL - SCRAPE_20260129_162545_78F8
[16:25:59.375] [INFO ] ╠══════════════════════════════════════════════════════════════════════════╣
[16:25:59.375] [INFO ] 
[16:25:59.375] [INFO ]     ┌─ TIMING BREAKDOWN ───────────────────────────────────────────┐
[16:25:59.375] [INFO ]     │ Browser Launch:      0.06s
[16:25:59.375] [INFO ]     │ Page Load:           9.51s
[16:25:59.375] [INFO ]     │ Cloudflare Wait:     0.00s
[16:25:59.375] [INFO ]     │ Human Simulation:    2.01s
[16:25:59.375] [INFO ]     │
[16:25:59.375] [INFO ]     │ Content Extraction:  0.31s
[16:25:59.375] [INFO ]     │ ─────────────────────────────────────────────────────────────
[16:25:59.375] [INFO ]     │ TOTAL TIME:          11.89s
[16:25:59.375] [INFO ]     └──────────────────────────────────────────────────────────────┘
[16:25:59.375] [INFO ] 
[16:25:59.375] [INFO ]     ┌─ CONTENT METRICS ────────────────────────────────────────────┐
[16:25:59.375] [INFO ]     │ Title:            Extracted Content (Fallback)
[16:25:59.375] [INFO ]     │ Final URL:        https://uk.practicallaw.thomsonreuters.com/w-043-7596?transitionType=Default&contextData=(sc.Default)&firstPage=true
[16:25:59.375] [INFO ]     │ HTML Size:        224,924 bytes
[16:25:59.375] [INFO ]     │ Text Size:        1,925 chars
[16:25:59.375] [INFO ]     │ Word Count:       ~288 words
[16:25:59.375] [INFO ]     │ Extraction:       fallback
[16:25:59.375] [INFO ]     │ Has Article:      ✅ Yes
[16:25:59.375] [INFO ]     └──────────────────────────────────────────────────────────────┘
[16:25:59.375] [INFO ] ╠══════════════════════════════════════════════════════════════════════════╣
[16:25:59.375] [INFO ] ║  📊 SESSION STATS
[16:25:59.375] [INFO ] ║  ├─ Strategies Tried:   domcontentloaded
[16:25:59.375] [INFO ] ║  ├─ Popups Dismissed:   0
[16:25:59.375] [INFO ] ║  ├─ Cloudflare:         Not detected
[16:25:59.375] [INFO ] ║  └─ Proxy Used:         Direct
[16:25:59.375] [INFO ] ╚══════════════════════════════════════════════════════════════════════════╝
[16:25:59.375] [INFO ] 

================================================================================
STATUS: SUCCESS
TOTAL TIME: 13.59s
ENDED: 2026-01-29T16:25:59.375756+02:00 (Egypt Time)
END OF SCRAPE LOG
================================================================================