================================================================================
SCRAPE LOG: https://news.google.com/rss/articles/CBMi1gFBVV95cUxQaHVTSTNBUkd3T0dLUWJBX2pxYmVNV0hHLUhfQU1OckRKZ0FuSkQwWDczY1ktUDZOd1lIUGduOWpKc2Y3cm9XdG8tdTRPRjNLUTg2S3FhQ1gweGRWcVJWT2pBekEzSUJyN2JJSzFsY3ZGRFE4bjNJQ0FfdXRVN0ppQU9pd01QOUNRc0RKYmRTYW82Um40TGNveE5MTTN6eFZyc3ExYkoyS1R2YWRVaXFkUUtoTDI1bG9ueUdMUkhUVDRkS1FpZWtpV2NuRVVZakl0RnNsdGZB?oc=5
Started: 2026-02-24 15:00:15
Session ID: SCRAPE_20260224_150015_F579
================================================================================
[15:00:15.970] [INFO ] 📝 Scrape log: /app/data/logs/scrapes/2026-02-24_150015_news.google.com.log
[15:00:15.970] [DEBUG] ⏱️ Timeout set to 45s for this scrape
[15:00:16.308] [INFO ] 
[15:00:16.308] [INFO ]     🚀 BROWSER LAUNCHED
[15:00:16.308] [INFO ]     ├─ Mode:       Headless
[15:00:16.308] [INFO ]     ├─ Slow Mo:    59ms
[15:00:16.308] [INFO ]     ├─ Launch Time: 0.06s
[15:00:16.308] [INFO ]     └─ Args:       Anti-automation flags enabled
[15:00:16.324] [DEBUG] Browser profile: viewport={'width': 1680, 'height': 1050}, locale=en-SG, tz=UTC
[15:00:16.324] [INFO ] 
[15:00:16.324] [INFO ] ╔══════════════════════════════════════════════════════════════════════════╗
[15:00:16.324] [INFO ] ║  📋 SESSION: SCRAPE_20260224_150015_F579
[15:00:16.324] [INFO ] ║  🌐 URL: https://news.google.com/rss/articles/CBMi1gFBVV95cUxQaHVTSTNBUkd3T0dLUWJBX2pxYmVNV0hHLUhfQU1OckRKZ0FuSkQwWDczY1ktUDZOd1lIUGduOWpKc2Y3cm9XdG8tdTRPRjNLUTg2S3FhQ1gweGRWcVJWT2pBekEzSUJyN2JJSzFsY3ZGRFE4bjNJQ0FfdXRVN0ppQU9pd01QOUNRc0RKYmRTYW82Um40TGNveE5MTTN6eFZyc3ExYkoyS1R2YWRVaXFkUUtoTDI1bG9ueUdMUkhUVDRkS1FpZWtpV2NuRVVZakl0RnNsdGZB?oc=5
[15:00:16.324] [INFO ] ║  🔄 ATTEMPT: 1/2
[15:00:16.324] [INFO ] ║  ⏰ STARTED: 2026-02-24T15:00:16.324958+02:00 (Egypt Time)
[15:00:16.324] [INFO ] ╠══════════════════════════════════════════════════════════════════════════╣
[15:00:16.324] [INFO ] 
[15:00:16.324] [INFO ]     ┌─ BROWSER FINGERPRINT ────────────────────────────────────────┐
[15:00:16.324] [INFO ]     │ Browser:     SAFARI v17
[15:00:16.324] [INFO ]     │ User-Agent:  Mozilla/5.0 (Macintosh; Intel Mac OS X 10_15_7) AppleWebKit/605.1.15 (...
[15:00:16.324] [INFO ]     │ Viewport:    1680x1050
[15:00:16.324] [INFO ]     │ Sec-CH-UA:   (not applicable)...
[15:00:16.325] [INFO ]     ├─ LOCATION PROFILE ───────────────────────────────────────────┤
[15:00:16.325] [INFO ]     │ Location:    Singapore
[15:00:16.325] [INFO ]     │ Timezone:    N/A
[15:00:16.325] [INFO ]     │ Locale:      en-SG
[15:00:16.325] [INFO ]     │ Geo:         0, 0
[15:00:16.325] [INFO ]     ├─ NETWORK ────────────────────────────────────────────────────┤
[15:00:16.325] [INFO ]     │ Proxy:       Direct (no proxy)
[15:00:16.325] [INFO ]     │ Referrer:    https://news.google.com/
[15:00:16.325] [INFO ]     └──────────────────────────────────────────────────────────────┘
[15:00:16.325] [INFO ] ╚══════════════════════════════════════════════════════════════════════════╝
[15:00:16.325] [INFO ] 🛡️ Injected anti-detection scripts at context level
[15:00:16.325] [DEBUG]    └─ Canvas noise, WebGL spoof, Browser patches
[15:00:16.325] [INFO ] 
[15:00:16.325] [INFO ]     🛡️ ANTI-DETECTION SCRIPTS INJECTED (CONTEXT level)
[15:00:16.325] [INFO ]     ├─ Canvas fingerprint noise
[15:00:16.325] [INFO ]     ├─ WebGL renderer/vendor spoof
[15:00:16.325] [INFO ]     ├─ Hardware concurrency randomization
[15:00:16.325] [INFO ]     ├─ Device memory randomization
[15:00:16.325] [INFO ]     ├─ Plugin masking
[15:00:16.325] [INFO ]     ├─ WebRTC IP leak protection
[15:00:16.325] [INFO ]     ├─ Network connection spoof
[15:00:16.325] [INFO ]     └─ Battery API spoof
[15:00:16.365] [INFO ] 
[15:00:16.365] [INFO ]     🥷 STEALTH MODE APPLIED
[15:00:16.365] [INFO ]     ├─ Navigator patches (webdriver, plugins, languages)
[15:00:16.365] [INFO ]     ├─ Chrome runtime patches
[15:00:16.365] [INFO ]     ├─ Console patches
[15:00:16.365] [INFO ]     └─ Permission patches
[15:00:16.365] [INFO ] 🛡️ Injected anti-detection scripts at page level
[15:00:16.365] [DEBUG]    └─ Canvas noise, WebGL spoof, Browser patches
[15:00:16.365] [INFO ] 
[15:00:16.365] [INFO ]     🛡️ ANTI-DETECTION SCRIPTS INJECTED (PAGE level)
[15:00:16.365] [INFO ]     ├─ Canvas fingerprint noise
[15:00:16.365] [INFO ]     ├─ WebGL renderer/vendor spoof
[15:00:16.365] [INFO ]     ├─ Hardware concurrency randomization
[15:00:16.365] [INFO ]     ├─ Device memory randomization
[15:00:16.365] [INFO ]     ├─ Plugin masking
[15:00:16.365] [INFO ]     ├─ WebRTC IP leak protection
[15:00:16.365] [INFO ]     ├─ Network connection spoof
[15:00:16.365] [INFO ]     └─ Battery API spoof
[15:00:16.365] [DEBUG] Enabled resource blocking (images, media, fonts)
[15:00:16.365] [INFO ] 
[15:00:16.365] [INFO ]     🔗 NAVIGATING TO URL
[15:00:16.365] [INFO ]     ├─ Strategy:   domcontentloaded
[15:00:16.365] [INFO ]     ├─ Timeout:    15.0s
[15:00:16.365] [INFO ]     └─ Sleep:      1s after load
[15:00:17.770] [INFO ] 
[15:00:17.770] [INFO ]     ✅ PAGE LOADED
[15:00:17.770] [INFO ]     ├─ Final URL:  https://news.google.com/rss/articles/CBMi1gFBVV95cUxQaHVTSTNBUkd3T0dLUWJBX2pxYmVNV0hHLUhfQU1OckRKZ0FuSkQwWDczY1ktUDZOd1lIUGduOWpKc2Y3cm9XdG8tdTRPRjNLUTg2S3FhQ1gweGRWcVJWT2pBekEzSUJyN2JJSzFsY3ZGRFE4bjNJQ0FfdXRVN0ppQU9pd01QOUNRc0RKYmRTYW82Um40TGNveE5MTTN6eFZyc3ExYkoyS1R2YWRVaXFkUUtoTDI1bG9ueUdMUkhUVDRkS1FpZWtpV2NuRVVZakl0RnNsdGZB?oc=5&hl=en-SG&gl=SG&ceid=SG:en
[15:00:17.770] [INFO ]     ├─ Title:      Google News
[15:00:17.770] [INFO ]     └─ Load Time:  1.40s
[15:00:19.012] [INFO ] 🧑 Human behavior simulation...
[15:00:22.678] [INFO ] 🖱️ Mouse: 1 moves in 1680x1050
[15:00:22.678] [INFO ] 🖱️ Mouse completed: 1 moves
[15:00:22.678] [INFO ] 📜 Scroll: page height, viewport=1050px
[15:00:22.678] [INFO ] 📜 Scroll completed: 2 scrolls
[15:00:22.678] [INFO ] 🧑 Human behavior completed in 3.7s ✓
[15:00:22.678] [INFO ] 
[15:00:22.678] [INFO ]     🧑 HUMAN BEHAVIOR SIMULATED
[15:00:22.678] [INFO ]     ├─ Mouse Movements: 1
[15:00:22.678] [INFO ]     ├─ Scroll Actions:  2
[15:00:22.678] [INFO ]     └─ Time Spent:      3.67s
[15:00:22.879] [INFO ] 
[15:00:22.879] [INFO ]     ┌─ CONTENT METRICS ────────────────────────────────────────────┐
[15:00:22.879] [INFO ]     │ Title:            Exclusive: Spectrum Medical Imaging warns patients
[15:00:22.879] [INFO ]     │ Final URL:        https://news.google.com/rss/articles/CBMi1gFBVV95cUxQaHVTSTNBUkd3T0dLUWJBX2pxYmVNV0hHLUhfQU1OckRKZ0FuSkQwWDczY1ktUDZOd1lIUGduOWpKc2Y3cm9XdG8tdTRPRjNLUTg2S3FhQ1gweGRWcVJWT2pBekEzSUJyN2JJSzFsY3ZGRFE4bjNJQ0FfdXRVN0ppQU9pd01QOUNRc0RKYmRTYW82Um40TGNveE5MTTN6eFZyc3ExYkoyS1R2YWRVaXFkUUtoTDI1bG9ueUdMUkhUVDRkS1FpZWtpV2NuRVVZakl0RnNsdGZB?oc=5&hl=en-SG&gl=SG&ceid=SG:en
[15:00:22.879] [INFO ]     │ HTML Size:        190,444 bytes
[15:00:22.879] [INFO ]     │ Text Size:        2,567 chars
[15:00:22.879] [INFO ]     │ Word Count:       ~404 words
[15:00:22.879] [INFO ]     │ Extraction:       trafilatura
[15:00:22.879] [INFO ]     │ Has Article:      ✅ Yes
[15:00:22.879] [INFO ]     └──────────────────────────────────────────────────────────────┘
[15:00:22.903] [INFO ] 
[15:00:22.903] [INFO ] ╔══════════════════════════════════════════════════════════════════════════╗
[15:00:22.903] [INFO ] ║  ✅ SCRAPE SUCCESSFUL - SCRAPE_20260224_150015_F579
[15:00:22.903] [INFO ] ╠══════════════════════════════════════════════════════════════════════════╣
[15:00:22.903] [INFO ] 
[15:00:22.903] [INFO ]     ┌─ TIMING BREAKDOWN ───────────────────────────────────────────┐
[15:00:22.903] [INFO ]     │ Browser Launch:      0.06s
[15:00:22.904] [INFO ]     │ Page Load:           1.40s
[15:00:22.904] [INFO ]     │ Cloudflare Wait:     0.00s
[15:00:22.904] [INFO ]     │ Human Simulation:    3.67s
[15:00:22.904] [INFO ]     │
[15:00:22.904] [INFO ]     │ Content Extraction:  0.05s
[15:00:22.904] [INFO ]     │ ─────────────────────────────────────────────────────────────
[15:00:22.904] [INFO ]     │ TOTAL TIME:          5.18s
[15:00:22.904] [INFO ]     └──────────────────────────────────────────────────────────────┘
[15:00:22.904] [INFO ] 
[15:00:22.904] [INFO ]     ┌─ CONTENT METRICS ────────────────────────────────────────────┐
[15:00:22.904] [INFO ]     │ Title:            Exclusive: Spectrum Medical Imaging warns patients
[15:00:22.904] [INFO ]     │ Final URL:        https://news.google.com/rss/articles/CBMi1gFBVV95cUxQaHVTSTNBUkd3T0dLUWJBX2pxYmVNV0hHLUhfQU1OckRKZ0FuSkQwWDczY1ktUDZOd1lIUGduOWpKc2Y3cm9XdG8tdTRPRjNLUTg2S3FhQ1gweGRWcVJWT2pBekEzSUJyN2JJSzFsY3ZGRFE4bjNJQ0FfdXRVN0ppQU9pd01QOUNRc0RKYmRTYW82Um40TGNveE5MTTN6eFZyc3ExYkoyS1R2YWRVaXFkUUtoTDI1bG9ueUdMUkhUVDRkS1FpZWtpV2NuRVVZakl0RnNsdGZB?oc=5&hl=en-SG&gl=SG&ceid=SG:en
[15:00:22.904] [INFO ]     │ HTML Size:        190,444 bytes
[15:00:22.904] [INFO ]     │ Text Size:        2,567 chars
[15:00:22.904] [INFO ]     │ Word Count:       ~404 words
[15:00:22.904] [INFO ]     │ Extraction:       trafilatura
[15:00:22.904] [INFO ]     │ Has Article:      ✅ Yes
[15:00:22.904] [INFO ]     └──────────────────────────────────────────────────────────────┘
[15:00:22.904] [INFO ] ╠══════════════════════════════════════════════════════════════════════════╣
[15:00:22.904] [INFO ] ║  📊 SESSION STATS
[15:00:22.904] [INFO ] ║  ├─ Strategies Tried:   domcontentloaded
[15:00:22.904] [INFO ] ║  ├─ Popups Dismissed:   0
[15:00:22.904] [INFO ] ║  ├─ Cloudflare:         Not detected
[15:00:22.904] [INFO ] ║  └─ Proxy Used:         Direct
[15:00:22.904] [INFO ] ╚══════════════════════════════════════════════════════════════════════════╝
[15:00:22.904] [INFO ] 

================================================================================
STATUS: SUCCESS
TOTAL TIME: 6.93s
ENDED: 2026-02-24T15:00:22.904170+02:00 (Egypt Time)
END OF SCRAPE LOG
================================================================================