================================================================================
SCRAPE LOG: https://www.legal500.com/guides/chapter/egypt-fintech/?export-pdf
Started: 2026-01-25 15:55:16
Session ID: SCRAPE_20260125_155516_4257
================================================================================
[15:55:16.634] [INFO ] 📝 Scrape log: /app/data/logs/scrapes/2026-01-25_155516_legal500.com.log
[15:55:16.634] [DEBUG] ⏱️ Timeout set to 45s for this scrape
[15:55:16.975] [INFO ] 
[15:55:16.975] [INFO ]     🚀 BROWSER LAUNCHED
[15:55:16.975] [INFO ]     ├─ Mode:       Headless
[15:55:16.975] [INFO ]     ├─ Slow Mo:    49ms
[15:55:16.975] [INFO ]     ├─ Launch Time: 0.06s
[15:55:16.975] [INFO ]     └─ Args:       Anti-automation flags enabled
[15:55:16.994] [DEBUG] Browser profile: viewport={'width': 1680, 'height': 1050}, locale=en-US, tz=UTC
[15:55:16.994] [INFO ] 
[15:55:16.994] [INFO ] ╔══════════════════════════════════════════════════════════════════════════╗
[15:55:16.994] [INFO ] ║  📋 SESSION: SCRAPE_20260125_155516_4257
[15:55:16.994] [INFO ] ║  🌐 URL: https://www.legal500.com/guides/chapter/egypt-fintech/?export-pdf
[15:55:16.994] [INFO ] ║  🔄 ATTEMPT: 1/2
[15:55:16.994] [INFO ] ║  ⏰ STARTED: 2026-01-25T15:55:16.994627+02:00 (Egypt Time)
[15:55:16.994] [INFO ] ╠══════════════════════════════════════════════════════════════════════════╣
[15:55:16.994] [INFO ] 
[15:55:16.994] [INFO ]     ┌─ BROWSER FINGERPRINT ────────────────────────────────────────┐
[15:55:16.994] [INFO ]     │ Browser:     CHROME v120
[15:55:16.994] [INFO ]     │ User-Agent:  Mozilla/5.0 (Macintosh; Intel Mac OS X 10_15_7) AppleWebKit/537.36 (KH...
[15:55:16.994] [INFO ]     │ Viewport:    1680x1050
[15:55:16.994] [INFO ]     │ Sec-CH-UA:   (not applicable)...
[15:55:16.994] [INFO ]     ├─ LOCATION PROFILE ───────────────────────────────────────────┤
[15:55:16.994] [INFO ]     │ Location:    Chicago, USA
[15:55:16.994] [INFO ]     │ Timezone:    N/A
[15:55:16.994] [INFO ]     │ Locale:      en-US
[15:55:16.994] [INFO ]     │ Geo:         0, 0
[15:55:16.994] [INFO ]     ├─ NETWORK ────────────────────────────────────────────────────┤
[15:55:16.994] [INFO ]     │ Proxy:       Direct (no proxy)
[15:55:16.994] [INFO ]     │ Referrer:    https://news.google.com/
[15:55:16.994] [INFO ]     └──────────────────────────────────────────────────────────────┘
[15:55:16.994] [INFO ] ╚══════════════════════════════════════════════════════════════════════════╝
[15:55:16.994] [INFO ] 🛡️ Injected anti-detection scripts at context level
[15:55:16.994] [DEBUG]    └─ Canvas noise, WebGL spoof, Browser patches
[15:55:16.994] [INFO ] 
[15:55:16.994] [INFO ]     🛡️ ANTI-DETECTION SCRIPTS INJECTED (CONTEXT level)
[15:55:16.994] [INFO ]     ├─ Canvas fingerprint noise
[15:55:16.994] [INFO ]     ├─ WebGL renderer/vendor spoof
[15:55:16.994] [INFO ]     ├─ Hardware concurrency randomization
[15:55:16.994] [INFO ]     ├─ Device memory randomization
[15:55:16.994] [INFO ]     ├─ Plugin masking
[15:55:16.994] [INFO ]     ├─ WebRTC IP leak protection
[15:55:16.994] [INFO ]     ├─ Network connection spoof
[15:55:16.994] [INFO ]     └─ Battery API spoof
[15:55:17.038] [INFO ] 
[15:55:17.038] [INFO ]     🥷 STEALTH MODE APPLIED
[15:55:17.038] [INFO ]     ├─ Navigator patches (webdriver, plugins, languages)
[15:55:17.038] [INFO ]     ├─ Chrome runtime patches
[15:55:17.038] [INFO ]     ├─ Console patches
[15:55:17.038] [INFO ]     └─ Permission patches
[15:55:17.038] [INFO ] 🛡️ Injected anti-detection scripts at page level
[15:55:17.038] [DEBUG]    └─ Canvas noise, WebGL spoof, Browser patches
[15:55:17.038] [INFO ] 
[15:55:17.038] [INFO ]     🛡️ ANTI-DETECTION SCRIPTS INJECTED (PAGE level)
[15:55:17.038] [INFO ]     ├─ Canvas fingerprint noise
[15:55:17.038] [INFO ]     ├─ WebGL renderer/vendor spoof
[15:55:17.038] [INFO ]     ├─ Hardware concurrency randomization
[15:55:17.038] [INFO ]     ├─ Device memory randomization
[15:55:17.038] [INFO ]     ├─ Plugin masking
[15:55:17.038] [INFO ]     ├─ WebRTC IP leak protection
[15:55:17.038] [INFO ]     ├─ Network connection spoof
[15:55:17.038] [INFO ]     └─ Battery API spoof
[15:55:17.038] [DEBUG] Enabled resource blocking (images, media, fonts)
[15:55:17.038] [INFO ] 
[15:55:17.038] [INFO ]     🔗 NAVIGATING TO URL
[15:55:17.038] [INFO ]     ├─ Strategy:   domcontentloaded
[15:55:17.038] [INFO ]     ├─ Timeout:    15.0s
[15:55:17.038] [INFO ]     └─ Sleep:      1s after load
[15:55:20.955] [DEBUG] Enabled resource blocking (images, media, fonts)
[15:55:20.955] [INFO ] 
[15:55:20.955] [INFO ]     🔗 NAVIGATING TO URL
[15:55:20.955] [INFO ]     ├─ Strategy:   load
[15:55:20.955] [INFO ]     ├─ Timeout:    20.0s
[15:55:20.955] [INFO ]     └─ Sleep:      1s after load
[15:55:24.830] [DEBUG] Enabled resource blocking (images, media, fonts)
[15:55:24.830] [INFO ] 
[15:55:24.830] [INFO ]     🔗 NAVIGATING TO URL
[15:55:24.830] [INFO ]     ├─ Strategy:   networkidle
[15:55:24.830] [INFO ]     ├─ Timeout:    25.0s
[15:55:24.830] [INFO ]     └─ Sleep:      1s after load
[15:55:31.936] [INFO ] 
[15:55:31.936] [INFO ]     🚀 BROWSER LAUNCHED
[15:55:31.936] [INFO ]     ├─ Mode:       Headless
[15:55:31.936] [INFO ]     ├─ Slow Mo:    40ms
[15:55:31.936] [INFO ]     ├─ Launch Time: 0.06s
[15:55:31.936] [INFO ]     └─ Args:       Anti-automation flags enabled
[15:55:31.955] [DEBUG] Browser profile: viewport={'width': 1280, 'height': 720}, locale=en-US, tz=UTC
[15:55:31.955] [INFO ] 
[15:55:31.955] [INFO ] ╔══════════════════════════════════════════════════════════════════════════╗
[15:55:31.955] [INFO ] ║  📋 SESSION: SCRAPE_20260125_155516_4257
[15:55:31.955] [INFO ] ║  🌐 URL: https://www.legal500.com/guides/chapter/egypt-fintech/?export-pdf
[15:55:31.955] [INFO ] ║  🔄 ATTEMPT: 2/2
[15:55:31.955] [INFO ] ║  ⏰ STARTED: 2026-01-25T15:55:31.955699+02:00 (Egypt Time)
[15:55:31.955] [INFO ] ╠══════════════════════════════════════════════════════════════════════════╣
[15:55:31.955] [INFO ] 
[15:55:31.955] [INFO ]     ┌─ BROWSER FINGERPRINT ────────────────────────────────────────┐
[15:55:31.955] [INFO ]     │ Browser:     CHROME v125
[15:55:31.955] [INFO ]     │ User-Agent:  Mozilla/5.0 (Windows NT 10.0; Win64; x64) AppleWebKit/537.36 (KHTML, l...
[15:55:31.955] [INFO ]     │ Viewport:    1280x720
[15:55:31.955] [INFO ]     │ Sec-CH-UA:   (not applicable)...
[15:55:31.955] [INFO ]     ├─ LOCATION PROFILE ───────────────────────────────────────────┤
[15:55:31.955] [INFO ]     │ Location:    Miami, USA
[15:55:31.955] [INFO ]     │ Timezone:    N/A
[15:55:31.955] [INFO ]     │ Locale:      en-US
[15:55:31.955] [INFO ]     │ Geo:         0, 0
[15:55:31.955] [INFO ]     ├─ NETWORK ────────────────────────────────────────────────────┤
[15:55:31.955] [INFO ]     │ Proxy:       Direct (no proxy)
[15:55:31.955] [INFO ]     │ Referrer:    https://news.google.com/
[15:55:31.955] [INFO ]     └──────────────────────────────────────────────────────────────┘
[15:55:31.955] [INFO ] ╚══════════════════════════════════════════════════════════════════════════╝
[15:55:31.955] [INFO ] 🛡️ Injected anti-detection scripts at context level
[15:55:31.955] [DEBUG]    └─ Canvas noise, WebGL spoof, Browser patches
[15:55:31.955] [INFO ] 
[15:55:31.955] [INFO ]     🛡️ ANTI-DETECTION SCRIPTS INJECTED (CONTEXT level)
[15:55:31.955] [INFO ]     ├─ Canvas fingerprint noise
[15:55:31.955] [INFO ]     ├─ WebGL renderer/vendor spoof
[15:55:31.955] [INFO ]     ├─ Hardware concurrency randomization
[15:55:31.955] [INFO ]     ├─ Device memory randomization
[15:55:31.955] [INFO ]     ├─ Plugin masking
[15:55:31.955] [INFO ]     ├─ WebRTC IP leak protection
[15:55:31.955] [INFO ]     ├─ Network connection spoof
[15:55:31.955] [INFO ]     └─ Battery API spoof
[15:55:31.998] [INFO ] 
[15:55:31.998] [INFO ]     🥷 STEALTH MODE APPLIED
[15:55:31.998] [INFO ]     ├─ Navigator patches (webdriver, plugins, languages)
[15:55:31.998] [INFO ]     ├─ Chrome runtime patches
[15:55:31.998] [INFO ]     ├─ Console patches
[15:55:31.998] [INFO ]     └─ Permission patches
[15:55:31.998] [INFO ] 🛡️ Injected anti-detection scripts at page level
[15:55:31.998] [DEBUG]    └─ Canvas noise, WebGL spoof, Browser patches
[15:55:31.998] [INFO ] 
[15:55:31.998] [INFO ]     🛡️ ANTI-DETECTION SCRIPTS INJECTED (PAGE level)
[15:55:31.998] [INFO ]     ├─ Canvas fingerprint noise
[15:55:31.998] [INFO ]     ├─ WebGL renderer/vendor spoof
[15:55:31.998] [INFO ]     ├─ Hardware concurrency randomization
[15:55:31.998] [INFO ]     ├─ Device memory randomization
[15:55:31.998] [INFO ]     ├─ Plugin masking
[15:55:31.998] [INFO ]     ├─ WebRTC IP leak protection
[15:55:31.998] [INFO ]     ├─ Network connection spoof
[15:55:31.998] [INFO ]     └─ Battery API spoof
[15:55:31.998] [DEBUG] Enabled resource blocking (images, media, fonts)
[15:55:31.998] [INFO ] 
[15:55:31.998] [INFO ]     🔗 NAVIGATING TO URL
[15:55:31.998] [INFO ]     ├─ Strategy:   domcontentloaded
[15:55:31.998] [INFO ]     ├─ Timeout:    15.0s
[15:55:31.998] [INFO ]     └─ Sleep:      1s after load
[15:55:36.040] [DEBUG] Enabled resource blocking (images, media, fonts)
[15:55:36.040] [INFO ] 
[15:55:36.040] [INFO ]     🔗 NAVIGATING TO URL
[15:55:36.040] [INFO ]     ├─ Strategy:   load
[15:55:36.040] [INFO ]     ├─ Timeout:    20.0s
[15:55:36.040] [INFO ]     └─ Sleep:      1s after load
[15:55:39.875] [DEBUG] Enabled resource blocking (images, media, fonts)
[15:55:39.875] [INFO ] 
[15:55:39.875] [INFO ]     🔗 NAVIGATING TO URL
[15:55:39.875] [INFO ]     ├─ Strategy:   networkidle
[15:55:39.875] [INFO ]     ├─ Timeout:    25.0s
[15:55:39.875] [INFO ]     └─ Sleep:      1s after load
[15:55:43.817] [INFO ] 
[15:55:43.817] [INFO ] ╔══════════════════════════════════════════════════════════════════════════╗
[15:55:43.817] [INFO ] ║  ❌ SCRAPE FAILED - SCRAPE_20260125_155516_4257
[15:55:43.817] [INFO ] ╠══════════════════════════════════════════════════════════════════════════╣
[15:55:43.817] [INFO ] 
[15:55:43.817] [INFO ]     ┌─ FAILURE SUMMARY ────────────────────────────────────────────┐
[15:55:43.817] [INFO ]     │ URL:              https://www.legal500.com/guides/chapter/egypt-fintech/?
[15:55:43.817] [INFO ]     │ Error Type:       network
[15:55:43.817] [INFO ]     │ Likely Ban:       ❌ No
[15:55:43.817] [INFO ]     │ Retries Used:     2
[15:55:43.817] [INFO ]     │
[15:55:43.817] [INFO ]     │ Error Message:
[15:55:43.817] [INFO ]     │   Failed after 2 attempts. Last error: Page.goto: Download
[15:55:43.817] [INFO ]     │    is starting
Call log:
  - navigating to "https://www.le
[15:55:43.817] [INFO ]     │   gal500.com/guides/chapter/egypt-fintech/?export-pdf", wa
[15:55:43.817] [INFO ]     │   iting until "networkidle"

[15:55:43.817] [INFO ]     └──────────────────────────────────────────────────────────────┘
[15:55:43.817] [INFO ] 
[15:55:43.817] [INFO ]     ┌─ TIMING AT FAILURE ──────────────────────────────────────────┐
[15:55:43.817] [INFO ]     │ Browser Launch:     0.06s
[15:55:43.817] [INFO ]     │ Page Load:          0.00s
[15:55:43.817] [INFO ]     │ Cloudflare Wait:    0.00s
[15:55:43.817] [INFO ]     │ Human Simulation:   0.00s
[15:55:43.817] [INFO ]     │ ─────────────────────────────────────────────────────────────
[15:55:43.817] [INFO ]     │ FAILED AT:          0.06s
[15:55:43.817] [INFO ]     └──────────────────────────────────────────────────────────────┘
[15:55:43.817] [INFO ] 
[15:55:43.817] [INFO ]     ┌─ RECOMMENDATION ─────────────────────────────────────────────┐
[15:55:43.817] [INFO ]     │ 💡 Network connection issue
[15:55:43.817] [INFO ]     └──────────────────────────────────────────────────────────────┘
[15:55:43.817] [INFO ] 
[15:55:43.817] [INFO ] ╚══════════════════════════════════════════════════════════════════════════╝
[15:55:43.817] [INFO ] 

================================================================================
STATUS: FAILED
TOTAL TIME: 27.18s
ENDED: 2026-01-25T15:55:43.817954+02:00 (Egypt Time)
END OF SCRAPE LOG
================================================================================