================================================================================
SCRAPE LOG: https://news.google.com/rss/articles/CBMivgFBVV95cUxQNmo3SURMa0RuMVd0NWM0bklwVndqLV9LMXJ6bE5OdWRnSF9RR2p6UWMtZjNtYnF5eTRXS2tpSjZ0V292QkpQWWVZSkVIVHZPOFdfVHdIcER4V3NhUzNkYzk4YVZCdnJQYS16X2VCQkRzTVBkQnFWcGpqT2V4YzV0SW85Ql92RE9aVWJVSXRqQklKSk5GYXZsNnEzUkNzX2xwbHlyb0xWc3ZsZGhPcnhfZ2ljTDMzMmhBM2JTcWl3?oc=5
Started: 2026-02-25 13:56:29
Session ID: SCRAPE_20260225_135629_626C
================================================================================
[13:56:29.908] [INFO ] 📝 Scrape log: /app/data/logs/scrapes/2026-02-25_135629_news.google.com.log
[13:56:29.908] [DEBUG] ⏱️ Timeout set to 45s for this scrape
[13:56:30.377] [INFO ] 
[13:56:30.377] [INFO ]     🚀 BROWSER LAUNCHED
[13:56:30.377] [INFO ]     ├─ Mode:       Headless
[13:56:30.377] [INFO ]     ├─ Slow Mo:    41ms
[13:56:30.377] [INFO ]     ├─ Launch Time: 0.08s
[13:56:30.377] [INFO ]     └─ Args:       Anti-automation flags enabled
[13:56:30.399] [DEBUG] Browser profile: viewport={'width': 1680, 'height': 1050}, locale=en-US, tz=UTC
[13:56:30.399] [INFO ] 
[13:56:30.399] [INFO ] ╔══════════════════════════════════════════════════════════════════════════╗
[13:56:30.399] [INFO ] ║  📋 SESSION: SCRAPE_20260225_135629_626C
[13:56:30.399] [INFO ] ║  🌐 URL: https://news.google.com/rss/articles/CBMivgFBVV95cUxQNmo3SURMa0RuMVd0NWM0bklwVndqLV9LMXJ6bE5OdWRnSF9RR2p6UWMtZjNtYnF5eTRXS2tpSjZ0V292QkpQWWVZSkVIVHZPOFdfVHdIcER4V3NhUzNkYzk4YVZCdnJQYS16X2VCQkRzTVBkQnFWcGpqT2V4YzV0SW85Ql92RE9aVWJVSXRqQklKSk5GYXZsNnEzUkNzX2xwbHlyb0xWc3ZsZGhPcnhfZ2ljTDMzMmhBM2JTcWl3?oc=5
[13:56:30.399] [INFO ] ║  🔄 ATTEMPT: 1/2
[13:56:30.399] [INFO ] ║  ⏰ STARTED: 2026-02-25T13:56:30.399748+02:00 (Egypt Time)
[13:56:30.399] [INFO ] ╠══════════════════════════════════════════════════════════════════════════╣
[13:56:30.399] [INFO ] 
[13:56:30.399] [INFO ]     ┌─ BROWSER FINGERPRINT ────────────────────────────────────────┐
[13:56:30.399] [INFO ]     │ Browser:     FIREFOX v122
[13:56:30.399] [INFO ]     │ User-Agent:  Mozilla/5.0 (Macintosh; Intel Mac OS X 10.15; rv:122.0) Gecko/20100101...
[13:56:30.399] [INFO ]     │ Viewport:    1680x1050
[13:56:30.399] [INFO ]     │ Sec-CH-UA:   (not applicable)...
[13:56:30.399] [INFO ]     ├─ LOCATION PROFILE ───────────────────────────────────────────┤
[13:56:30.399] [INFO ]     │ Location:    Denver, USA
[13:56:30.399] [INFO ]     │ Timezone:    N/A
[13:56:30.399] [INFO ]     │ Locale:      en-US
[13:56:30.399] [INFO ]     │ Geo:         0, 0
[13:56:30.399] [INFO ]     ├─ NETWORK ────────────────────────────────────────────────────┤
[13:56:30.399] [INFO ]     │ Proxy:       Direct (no proxy)
[13:56:30.399] [INFO ]     │ Referrer:    https://www.google.com/search?q=news+google+com
[13:56:30.399] [INFO ]     └──────────────────────────────────────────────────────────────┘
[13:56:30.399] [INFO ] ╚══════════════════════════════════════════════════════════════════════════╝
[13:56:30.399] [INFO ] 🛡️ Injected anti-detection scripts at context level
[13:56:30.399] [DEBUG]    └─ Canvas noise, WebGL spoof, Browser patches
[13:56:30.399] [INFO ] 
[13:56:30.399] [INFO ]     🛡️ ANTI-DETECTION SCRIPTS INJECTED (CONTEXT level)
[13:56:30.399] [INFO ]     ├─ Canvas fingerprint noise
[13:56:30.399] [INFO ]     ├─ WebGL renderer/vendor spoof
[13:56:30.399] [INFO ]     ├─ Hardware concurrency randomization
[13:56:30.399] [INFO ]     ├─ Device memory randomization
[13:56:30.399] [INFO ]     ├─ Plugin masking
[13:56:30.399] [INFO ]     ├─ WebRTC IP leak protection
[13:56:30.399] [INFO ]     ├─ Network connection spoof
[13:56:30.399] [INFO ]     └─ Battery API spoof
[13:56:30.446] [INFO ] 
[13:56:30.446] [INFO ]     🥷 STEALTH MODE APPLIED
[13:56:30.446] [INFO ]     ├─ Navigator patches (webdriver, plugins, languages)
[13:56:30.446] [INFO ]     ├─ Chrome runtime patches
[13:56:30.446] [INFO ]     ├─ Console patches
[13:56:30.446] [INFO ]     └─ Permission patches
[13:56:30.446] [INFO ] 🛡️ Injected anti-detection scripts at page level
[13:56:30.446] [DEBUG]    └─ Canvas noise, WebGL spoof, Browser patches
[13:56:30.446] [INFO ] 
[13:56:30.446] [INFO ]     🛡️ ANTI-DETECTION SCRIPTS INJECTED (PAGE level)
[13:56:30.446] [INFO ]     ├─ Canvas fingerprint noise
[13:56:30.446] [INFO ]     ├─ WebGL renderer/vendor spoof
[13:56:30.446] [INFO ]     ├─ Hardware concurrency randomization
[13:56:30.446] [INFO ]     ├─ Device memory randomization
[13:56:30.446] [INFO ]     ├─ Plugin masking
[13:56:30.446] [INFO ]     ├─ WebRTC IP leak protection
[13:56:30.446] [INFO ]     ├─ Network connection spoof
[13:56:30.446] [INFO ]     └─ Battery API spoof
[13:56:30.446] [DEBUG] Enabled resource blocking (images, media, fonts)
[13:56:30.446] [INFO ] 
[13:56:30.446] [INFO ]     🔗 NAVIGATING TO URL
[13:56:30.446] [INFO ]     ├─ Strategy:   domcontentloaded
[13:56:30.446] [INFO ]     ├─ Timeout:    15.0s
[13:56:30.446] [INFO ]     └─ Sleep:      1s after load
[13:56:31.831] [INFO ] 
[13:56:31.831] [INFO ]     ✅ PAGE LOADED
[13:56:31.831] [INFO ]     ├─ Final URL:  https://news.google.com/rss/articles/CBMivgFBVV95cUxQNmo3SURMa0RuMVd0NWM0bklwVndqLV9LMXJ6bE5OdWRnSF9RR2p6UWMtZjNtYnF5eTRXS2tpSjZ0V292QkpQWWVZSkVIVHZPOFdfVHdIcER4V3NhUzNkYzk4YVZCdnJQYS16X2VCQkRzTVBkQnFWcGpqT2V4YzV0SW85Ql92RE9aVWJVSXRqQklKSk5GYXZsNnEzUkNzX2xwbHlyb0xWc3ZsZGhPcnhfZ2ljTDMzMmhBM2JTcWl3?oc=5&hl=en-US&gl=US&ceid=US:en
[13:56:31.831] [INFO ]     ├─ Title:      Google News
[13:56:31.831] [INFO ]     └─ Load Time:  1.38s
[13:56:33.061] [INFO ] 🧑 Human behavior simulation...
[13:56:38.857] [INFO ] 🖱️ Mouse: 4 moves in 1680x1050
[13:56:38.857] [INFO ] 🖱️ Mouse completed: 4 moves
[13:56:38.857] [INFO ] 📜 Scroll: page height, viewport=1050px
[13:56:38.858] [INFO ] 📜 Scroll completed: 3 scrolls
[13:56:38.858] [INFO ] 🧑 Human behavior completed in 5.8s ✓
[13:56:38.858] [INFO ] 
[13:56:38.858] [INFO ]     🧑 HUMAN BEHAVIOR SIMULATED
[13:56:38.858] [INFO ]     ├─ Mouse Movements: 4
[13:56:38.858] [INFO ]     ├─ Scroll Actions:  3
[13:56:38.858] [INFO ]     └─ Time Spent:      5.80s
[13:56:44.910] [INFO ] 
[13:56:44.910] [INFO ]     🚀 BROWSER LAUNCHED
[13:56:44.910] [INFO ]     ├─ Mode:       Headless
[13:56:44.910] [INFO ]     ├─ Slow Mo:    59ms
[13:56:44.910] [INFO ]     ├─ Launch Time: 0.06s
[13:56:44.910] [INFO ]     └─ Args:       Anti-automation flags enabled
[13:56:44.928] [DEBUG] Browser profile: viewport={'width': 1536, 'height': 864}, locale=en-IE, tz=UTC
[13:56:44.928] [INFO ] 
[13:56:44.928] [INFO ] ╔══════════════════════════════════════════════════════════════════════════╗
[13:56:44.928] [INFO ] ║  📋 SESSION: SCRAPE_20260225_135629_626C
[13:56:44.928] [INFO ] ║  🌐 URL: https://news.google.com/rss/articles/CBMivgFBVV95cUxQNmo3SURMa0RuMVd0NWM0bklwVndqLV9LMXJ6bE5OdWRnSF9RR2p6UWMtZjNtYnF5eTRXS2tpSjZ0V292QkpQWWVZSkVIVHZPOFdfVHdIcER4V3NhUzNkYzk4YVZCdnJQYS16X2VCQkRzTVBkQnFWcGpqT2V4YzV0SW85Ql92RE9aVWJVSXRqQklKSk5GYXZsNnEzUkNzX2xwbHlyb0xWc3ZsZGhPcnhfZ2ljTDMzMmhBM2JTcWl3?oc=5
[13:56:44.928] [INFO ] ║  🔄 ATTEMPT: 2/2
[13:56:44.928] [INFO ] ║  ⏰ STARTED: 2026-02-25T13:56:44.928115+02:00 (Egypt Time)
[13:56:44.928] [INFO ] ╠══════════════════════════════════════════════════════════════════════════╣
[13:56:44.928] [INFO ] 
[13:56:44.928] [INFO ]     ┌─ BROWSER FINGERPRINT ────────────────────────────────────────┐
[13:56:44.928] [INFO ]     │ Browser:     EDGE v122
[13:56:44.928] [INFO ]     │ User-Agent:  Mozilla/5.0 (Windows NT 10.0; Win64; x64) AppleWebKit/537.36 (KHTML, l...
[13:56:44.928] [INFO ]     │ Viewport:    1536x864
[13:56:44.928] [INFO ]     │ Sec-CH-UA:   (not applicable)...
[13:56:44.928] [INFO ]     ├─ LOCATION PROFILE ───────────────────────────────────────────┤
[13:56:44.928] [INFO ]     │ Location:    Dublin, Ireland
[13:56:44.928] [INFO ]     │ Timezone:    N/A
[13:56:44.928] [INFO ]     │ Locale:      en-IE
[13:56:44.928] [INFO ]     │ Geo:         0, 0
[13:56:44.928] [INFO ]     ├─ NETWORK ────────────────────────────────────────────────────┤
[13:56:44.928] [INFO ]     │ Proxy:       Direct (no proxy)
[13:56:44.928] [INFO ]     │ Referrer:    https://www.google.com/
[13:56:44.928] [INFO ]     └──────────────────────────────────────────────────────────────┘
[13:56:44.928] [INFO ] ╚══════════════════════════════════════════════════════════════════════════╝
[13:56:44.928] [INFO ] 🛡️ Injected anti-detection scripts at context level
[13:56:44.928] [DEBUG]    └─ Canvas noise, WebGL spoof, Browser patches
[13:56:44.928] [INFO ] 
[13:56:44.928] [INFO ]     🛡️ ANTI-DETECTION SCRIPTS INJECTED (CONTEXT level)
[13:56:44.928] [INFO ]     ├─ Canvas fingerprint noise
[13:56:44.928] [INFO ]     ├─ WebGL renderer/vendor spoof
[13:56:44.928] [INFO ]     ├─ Hardware concurrency randomization
[13:56:44.928] [INFO ]     ├─ Device memory randomization
[13:56:44.928] [INFO ]     ├─ Plugin masking
[13:56:44.928] [INFO ]     ├─ WebRTC IP leak protection
[13:56:44.928] [INFO ]     ├─ Network connection spoof
[13:56:44.928] [INFO ]     └─ Battery API spoof
[13:56:44.971] [INFO ] 
[13:56:44.971] [INFO ]     🥷 STEALTH MODE APPLIED
[13:56:44.971] [INFO ]     ├─ Navigator patches (webdriver, plugins, languages)
[13:56:44.971] [INFO ]     ├─ Chrome runtime patches
[13:56:44.971] [INFO ]     ├─ Console patches
[13:56:44.971] [INFO ]     └─ Permission patches
[13:56:44.971] [INFO ] 🛡️ Injected anti-detection scripts at page level
[13:56:44.971] [DEBUG]    └─ Canvas noise, WebGL spoof, Browser patches
[13:56:44.971] [INFO ] 
[13:56:44.971] [INFO ]     🛡️ ANTI-DETECTION SCRIPTS INJECTED (PAGE level)
[13:56:44.971] [INFO ]     ├─ Canvas fingerprint noise
[13:56:44.971] [INFO ]     ├─ WebGL renderer/vendor spoof
[13:56:44.971] [INFO ]     ├─ Hardware concurrency randomization
[13:56:44.971] [INFO ]     ├─ Device memory randomization
[13:56:44.971] [INFO ]     ├─ Plugin masking
[13:56:44.971] [INFO ]     ├─ WebRTC IP leak protection
[13:56:44.971] [INFO ]     ├─ Network connection spoof
[13:56:44.971] [INFO ]     └─ Battery API spoof
[13:56:44.971] [DEBUG] Enabled resource blocking (images, media, fonts)
[13:56:44.971] [INFO ] 
[13:56:44.971] [INFO ]     🔗 NAVIGATING TO URL
[13:56:44.971] [INFO ]     ├─ Strategy:   domcontentloaded
[13:56:44.971] [INFO ]     ├─ Timeout:    15.0s
[13:56:44.971] [INFO ]     └─ Sleep:      1s after load
[13:56:46.408] [INFO ] 
[13:56:46.408] [INFO ]     ✅ PAGE LOADED
[13:56:46.408] [INFO ]     ├─ Final URL:  https://news.google.com/rss/articles/CBMivgFBVV95cUxQNmo3SURMa0RuMVd0NWM0bklwVndqLV9LMXJ6bE5OdWRnSF9RR2p6UWMtZjNtYnF5eTRXS2tpSjZ0V292QkpQWWVZSkVIVHZPOFdfVHdIcER4V3NhUzNkYzk4YVZCdnJQYS16X2VCQkRzTVBkQnFWcGpqT2V4YzV0SW85Ql92RE9aVWJVSXRqQklKSk5GYXZsNnEzUkNzX2xwbHlyb0xWc3ZsZGhPcnhfZ2ljTDMzMmhBM2JTcWl3?oc=5&hl=en-IE&gl=IE&ceid=IE:en
[13:56:46.408] [INFO ]     ├─ Title:      Google News
[13:56:46.408] [INFO ]     └─ Load Time:  1.44s
[13:56:47.658] [INFO ] 🧑 Human behavior simulation...
[13:56:54.548] [INFO ] 🖱️ Mouse: 3 moves in 1536x864
[13:56:54.548] [INFO ] 🖱️ Mouse completed: 3 moves
[13:56:54.548] [INFO ] 📜 Scroll: page height, viewport=864px
[13:56:54.548] [INFO ] 📜 Scroll completed: 3 scrolls
[13:56:54.548] [INFO ] 🧑 Human behavior completed in 6.9s ✓
[13:56:54.548] [INFO ] 
[13:56:54.548] [INFO ]     🧑 HUMAN BEHAVIOR SIMULATED
[13:56:54.548] [INFO ]     ├─ Mouse Movements: 3
[13:56:54.548] [INFO ]     ├─ Scroll Actions:  3
[13:56:54.548] [INFO ]     └─ Time Spent:      6.89s
[13:56:54.688] [INFO ] 
[13:56:54.688] [INFO ]     ┌─ CONTENT METRICS ────────────────────────────────────────────┐
[13:56:54.688] [INFO ]     │ Title:            CIFC Partners with Fundbot to Launch Egypt’s First
[13:56:54.688] [INFO ]     │ Final URL:        https://news.google.com/rss/articles/CBMivgFBVV95cUxQNmo3SURMa0RuMVd0NWM0bklwVndqLV9LMXJ6bE5OdWRnSF9RR2p6UWMtZjNtYnF5eTRXS2tpSjZ0V292QkpQWWVZSkVIVHZPOFdfVHdIcER4V3NhUzNkYzk4YVZCdnJQYS16X2VCQkRzTVBkQnFWcGpqT2V4YzV0SW85Ql92RE9aVWJVSXRqQklKSk5GYXZsNnEzUkNzX2xwbHlyb0xWc3ZsZGhPcnhfZ2ljTDMzMmhBM2JTcWl3?oc=5&hl=en-IE&gl=IE&ceid=IE:en
[13:56:54.688] [INFO ]     │ HTML Size:        101,275 bytes
[13:56:54.688] [INFO ]     │ Text Size:        2,034 chars
[13:56:54.688] [INFO ]     │ Word Count:       ~296 words
[13:56:54.688] [INFO ]     │ Extraction:       trafilatura
[13:56:54.688] [INFO ]     │ Has Article:      ✅ Yes
[13:56:54.688] [INFO ]     └──────────────────────────────────────────────────────────────┘
[13:56:54.719] [INFO ] 
[13:56:54.719] [INFO ] ╔══════════════════════════════════════════════════════════════════════════╗
[13:56:54.719] [INFO ] ║  ✅ SCRAPE SUCCESSFUL - SCRAPE_20260225_135629_626C
[13:56:54.719] [INFO ] ╠══════════════════════════════════════════════════════════════════════════╣
[13:56:54.719] [INFO ] 
[13:56:54.719] [INFO ]     ┌─ TIMING BREAKDOWN ───────────────────────────────────────────┐
[13:56:54.719] [INFO ]     │ Browser Launch:      0.06s
[13:56:54.719] [INFO ]     │ Page Load:           1.44s
[13:56:54.719] [INFO ]     │ Cloudflare Wait:     0.00s
[13:56:54.719] [INFO ]     │ Human Simulation:    6.89s
[13:56:54.719] [INFO ]     │
[13:56:54.719] [INFO ]     │ Content Extraction:  0.04s
[13:56:54.719] [INFO ]     │ ─────────────────────────────────────────────────────────────
[13:56:54.719] [INFO ]     │ TOTAL TIME:          8.42s
[13:56:54.719] [INFO ]     └──────────────────────────────────────────────────────────────┘
[13:56:54.719] [INFO ] 
[13:56:54.719] [INFO ]     ┌─ CONTENT METRICS ────────────────────────────────────────────┐
[13:56:54.719] [INFO ]     │ Title:            CIFC Partners with Fundbot to Launch Egypt’s First
[13:56:54.719] [INFO ]     │ Final URL:        https://news.google.com/rss/articles/CBMivgFBVV95cUxQNmo3SURMa0RuMVd0NWM0bklwVndqLV9LMXJ6bE5OdWRnSF9RR2p6UWMtZjNtYnF5eTRXS2tpSjZ0V292QkpQWWVZSkVIVHZPOFdfVHdIcER4V3NhUzNkYzk4YVZCdnJQYS16X2VCQkRzTVBkQnFWcGpqT2V4YzV0SW85Ql92RE9aVWJVSXRqQklKSk5GYXZsNnEzUkNzX2xwbHlyb0xWc3ZsZGhPcnhfZ2ljTDMzMmhBM2JTcWl3?oc=5&hl=en-IE&gl=IE&ceid=IE:en
[13:56:54.719] [INFO ]     │ HTML Size:        101,275 bytes
[13:56:54.719] [INFO ]     │ Text Size:        2,034 chars
[13:56:54.719] [INFO ]     │ Word Count:       ~296 words
[13:56:54.719] [INFO ]     │ Extraction:       trafilatura
[13:56:54.719] [INFO ]     │ Has Article:      ✅ Yes
[13:56:54.719] [INFO ]     └──────────────────────────────────────────────────────────────┘
[13:56:54.719] [INFO ] ╠══════════════════════════════════════════════════════════════════════════╣
[13:56:54.719] [INFO ] ║  📊 SESSION STATS
[13:56:54.719] [INFO ] ║  ├─ Strategies Tried:   domcontentloaded
[13:56:54.719] [INFO ] ║  ├─ Popups Dismissed:   0
[13:56:54.719] [INFO ] ║  ├─ Cloudflare:         Not detected
[13:56:54.719] [INFO ] ║  └─ Proxy Used:         Direct
[13:56:54.719] [INFO ] ╚══════════════════════════════════════════════════════════════════════════╝
[13:56:54.719] [INFO ] 

================================================================================
STATUS: SUCCESS
TOTAL TIME: 24.81s
ENDED: 2026-02-25T13:56:54.719700+02:00 (Egypt Time)
END OF SCRAPE LOG
================================================================================