================================================================================
SCRAPE LOG: https://www.nozominetworks.com/resources/nis-2-directive-compliance-mapping-guide
Started: 2026-01-29 21:36:28
Session ID: SCRAPE_20260129_213628_C45E
================================================================================
[21:36:28.249] [INFO ] 📝 Scrape log: /app/data/logs/scrapes/2026-01-29_213628_nozominetworks.com.log
[21:36:28.249] [DEBUG] ⏱️ Timeout set to 45s for this scrape
[21:36:28.593] [INFO ] 
[21:36:28.593] [INFO ]     🚀 BROWSER LAUNCHED
[21:36:28.593] [INFO ]     ├─ Mode:       Headless
[21:36:28.593] [INFO ]     ├─ Slow Mo:    58ms
[21:36:28.593] [INFO ]     ├─ Launch Time: 0.06s
[21:36:28.593] [INFO ]     └─ Args:       Anti-automation flags enabled
[21:36:28.610] [DEBUG] Browser profile: viewport={'width': 1280, 'height': 720}, locale=en-AU, tz=UTC
[21:36:28.610] [INFO ] 
[21:36:28.610] [INFO ] ╔══════════════════════════════════════════════════════════════════════════╗
[21:36:28.611] [INFO ] ║  📋 SESSION: SCRAPE_20260129_213628_C45E
[21:36:28.611] [INFO ] ║  🌐 URL: https://www.nozominetworks.com/resources/nis-2-directive-compliance-mapping-guide
[21:36:28.611] [INFO ] ║  🔄 ATTEMPT: 1/2
[21:36:28.611] [INFO ] ║  ⏰ STARTED: 2026-01-29T21:36:28.611027+02:00 (Egypt Time)
[21:36:28.611] [INFO ] ╠══════════════════════════════════════════════════════════════════════════╣
[21:36:28.611] [INFO ] 
[21:36:28.611] [INFO ]     ┌─ BROWSER FINGERPRINT ────────────────────────────────────────┐
[21:36:28.611] [INFO ]     │ Browser:     EDGE v120
[21:36:28.611] [INFO ]     │ User-Agent:  Mozilla/5.0 (Windows NT 10.0; Win64; x64) AppleWebKit/537.36 (KHTML, l...
[21:36:28.611] [INFO ]     │ Viewport:    1280x720
[21:36:28.611] [INFO ]     │ Sec-CH-UA:   (not applicable)...
[21:36:28.611] [INFO ]     ├─ LOCATION PROFILE ───────────────────────────────────────────┤
[21:36:28.611] [INFO ]     │ Location:    Sydney, Australia
[21:36:28.611] [INFO ]     │ Timezone:    N/A
[21:36:28.611] [INFO ]     │ Locale:      en-AU
[21:36:28.611] [INFO ]     │ Geo:         0, 0
[21:36:28.611] [INFO ]     ├─ NETWORK ────────────────────────────────────────────────────┤
[21:36:28.611] [INFO ]     │ Proxy:       Direct (no proxy)
[21:36:28.611] [INFO ]     │ Referrer:    https://www.facebook.com/
[21:36:28.611] [INFO ]     └──────────────────────────────────────────────────────────────┘
[21:36:28.611] [INFO ] ╚══════════════════════════════════════════════════════════════════════════╝
[21:36:28.611] [INFO ] 🛡️ Injected anti-detection scripts at context level
[21:36:28.611] [DEBUG]    └─ Canvas noise, WebGL spoof, Browser patches
[21:36:28.611] [INFO ] 
[21:36:28.611] [INFO ]     🛡️ ANTI-DETECTION SCRIPTS INJECTED (CONTEXT level)
[21:36:28.611] [INFO ]     ├─ Canvas fingerprint noise
[21:36:28.611] [INFO ]     ├─ WebGL renderer/vendor spoof
[21:36:28.611] [INFO ]     ├─ Hardware concurrency randomization
[21:36:28.611] [INFO ]     ├─ Device memory randomization
[21:36:28.611] [INFO ]     ├─ Plugin masking
[21:36:28.611] [INFO ]     ├─ WebRTC IP leak protection
[21:36:28.611] [INFO ]     ├─ Network connection spoof
[21:36:28.611] [INFO ]     └─ Battery API spoof
[21:36:28.653] [INFO ] 
[21:36:28.653] [INFO ]     🥷 STEALTH MODE APPLIED
[21:36:28.653] [INFO ]     ├─ Navigator patches (webdriver, plugins, languages)
[21:36:28.653] [INFO ]     ├─ Chrome runtime patches
[21:36:28.653] [INFO ]     ├─ Console patches
[21:36:28.653] [INFO ]     └─ Permission patches
[21:36:28.653] [INFO ] 🛡️ Injected anti-detection scripts at page level
[21:36:28.653] [DEBUG]    └─ Canvas noise, WebGL spoof, Browser patches
[21:36:28.653] [INFO ] 
[21:36:28.653] [INFO ]     🛡️ ANTI-DETECTION SCRIPTS INJECTED (PAGE level)
[21:36:28.653] [INFO ]     ├─ Canvas fingerprint noise
[21:36:28.653] [INFO ]     ├─ WebGL renderer/vendor spoof
[21:36:28.653] [INFO ]     ├─ Hardware concurrency randomization
[21:36:28.653] [INFO ]     ├─ Device memory randomization
[21:36:28.653] [INFO ]     ├─ Plugin masking
[21:36:28.653] [INFO ]     ├─ WebRTC IP leak protection
[21:36:28.653] [INFO ]     ├─ Network connection spoof
[21:36:28.653] [INFO ]     └─ Battery API spoof
[21:36:28.653] [DEBUG] Enabled resource blocking (images, media, fonts)
[21:36:28.653] [INFO ] 
[21:36:28.653] [INFO ]     🔗 NAVIGATING TO URL
[21:36:28.653] [INFO ]     ├─ Strategy:   domcontentloaded
[21:36:28.653] [INFO ]     ├─ Timeout:    15.0s
[21:36:28.653] [INFO ]     └─ Sleep:      1s after load
[21:36:31.799] [INFO ] 
[21:36:31.799] [INFO ]     ✅ PAGE LOADED
[21:36:31.799] [INFO ]     ├─ Final URL:  https://www.nozominetworks.com/resources/nis-2-directive-compliance-mapping-guide
[21:36:31.799] [INFO ]     ├─ Title:      NIS2 Directive Compliance Guide
[21:36:31.799] [INFO ]     └─ Load Time:  3.15s
[21:36:33.016] [INFO ] 🧑 Human behavior simulation...
[21:36:37.704] [INFO ] 🖱️ Mouse: 3 moves in 1280x720
[21:36:37.704] [INFO ] 🖱️ Mouse completed: 3 moves
[21:36:37.704] [INFO ] 📜 Scroll: page height, viewport=720px
[21:36:37.704] [INFO ] 📜 Scroll completed: 1 scrolls
[21:36:37.704] [INFO ] 🧑 Human behavior completed in 4.7s ✓
[21:36:37.704] [INFO ] 
[21:36:37.704] [INFO ]     🧑 HUMAN BEHAVIOR SIMULATED
[21:36:37.704] [INFO ]     ├─ Mouse Movements: 3
[21:36:37.704] [INFO ]     ├─ Scroll Actions:  1
[21:36:37.704] [INFO ]     └─ Time Spent:      4.69s
[21:36:37.821] [INFO ] 
[21:36:37.821] [INFO ]     ┌─ CONTENT METRICS ────────────────────────────────────────────┐
[21:36:37.821] [INFO ]     │ Title:            NIS2 Directive Compliance Guide
[21:36:37.821] [INFO ]     │ Final URL:        https://www.nozominetworks.com/resources/nis-2-directive-compliance-mapping-guide
[21:36:37.821] [INFO ]     │ HTML Size:        118,427 bytes
[21:36:37.821] [INFO ]     │ Text Size:        1,863 chars
[21:36:37.821] [INFO ]     │ Word Count:       ~311 words
[21:36:37.821] [INFO ]     │ Extraction:       trafilatura
[21:36:37.821] [INFO ]     │ Has Article:      ✅ Yes
[21:36:37.821] [INFO ]     └──────────────────────────────────────────────────────────────┘
[21:36:37.852] [INFO ] 
[21:36:37.852] [INFO ] ╔══════════════════════════════════════════════════════════════════════════╗
[21:36:37.852] [INFO ] ║  ✅ SCRAPE SUCCESSFUL - SCRAPE_20260129_213628_C45E
[21:36:37.852] [INFO ] ╠══════════════════════════════════════════════════════════════════════════╣
[21:36:37.852] [INFO ] 
[21:36:37.852] [INFO ]     ┌─ TIMING BREAKDOWN ───────────────────────────────────────────┐
[21:36:37.852] [INFO ]     │ Browser Launch:      0.06s
[21:36:37.852] [INFO ]     │ Page Load:           3.15s
[21:36:37.852] [INFO ]     │ Cloudflare Wait:     0.00s
[21:36:37.852] [INFO ]     │ Human Simulation:    4.69s
[21:36:37.852] [INFO ]     │
[21:36:37.852] [INFO ]     │ Content Extraction:  0.08s
[21:36:37.852] [INFO ]     │ ─────────────────────────────────────────────────────────────
[21:36:37.852] [INFO ]     │ TOTAL TIME:          7.97s
[21:36:37.852] [INFO ]     └──────────────────────────────────────────────────────────────┘
[21:36:37.852] [INFO ] 
[21:36:37.852] [INFO ]     ┌─ CONTENT METRICS ────────────────────────────────────────────┐
[21:36:37.852] [INFO ]     │ Title:            NIS2 Directive Compliance Guide
[21:36:37.852] [INFO ]     │ Final URL:        https://www.nozominetworks.com/resources/nis-2-directive-compliance-mapping-guide
[21:36:37.852] [INFO ]     │ HTML Size:        118,427 bytes
[21:36:37.852] [INFO ]     │ Text Size:        1,863 chars
[21:36:37.852] [INFO ]     │ Word Count:       ~311 words
[21:36:37.852] [INFO ]     │ Extraction:       trafilatura
[21:36:37.852] [INFO ]     │ Has Article:      ✅ Yes
[21:36:37.852] [INFO ]     └──────────────────────────────────────────────────────────────┘
[21:36:37.852] [INFO ] ╠══════════════════════════════════════════════════════════════════════════╣
[21:36:37.852] [INFO ] ║  📊 SESSION STATS
[21:36:37.852] [INFO ] ║  ├─ Strategies Tried:   domcontentloaded
[21:36:37.852] [INFO ] ║  ├─ Popups Dismissed:   0
[21:36:37.852] [INFO ] ║  ├─ Cloudflare:         Not detected
[21:36:37.852] [INFO ] ║  └─ Proxy Used:         Direct
[21:36:37.852] [INFO ] ╚══════════════════════════════════════════════════════════════════════════╝
[21:36:37.852] [INFO ] 

================================================================================
STATUS: SUCCESS
TOTAL TIME: 9.60s
ENDED: 2026-01-29T21:36:37.852765+02:00 (Egypt Time)
END OF SCRAPE LOG
================================================================================