================================================================================
SCRAPE LOG: https://www.banknbox.com/news/banknbox-egypt-achieves-global-pci-dss-and-pci-pin
Started: 2026-02-01 12:17:50
Session ID: SCRAPE_20260201_121750_7863
================================================================================
[12:17:50.640] [INFO ] 📝 Scrape log: /app/data/logs/scrapes/2026-02-01_121750_banknbox.com.log
[12:17:50.640] [DEBUG] ⏱️ Timeout set to 45s for this scrape
[12:17:50.983] [INFO ] 
[12:17:50.984] [INFO ]     🚀 BROWSER LAUNCHED
[12:17:50.984] [INFO ]     ├─ Mode:       Headless
[12:17:50.984] [INFO ]     ├─ Slow Mo:    48ms
[12:17:50.984] [INFO ]     ├─ Launch Time: 0.06s
[12:17:50.984] [INFO ]     └─ Args:       Anti-automation flags enabled
[12:17:51.000] [DEBUG] Browser profile: viewport={'width': 1280, 'height': 800}, locale=en-GB, tz=UTC
[12:17:51.000] [INFO ] 
[12:17:51.000] [INFO ] ╔══════════════════════════════════════════════════════════════════════════╗
[12:17:51.000] [INFO ] ║  📋 SESSION: SCRAPE_20260201_121750_7863
[12:17:51.000] [INFO ] ║  🌐 URL: https://www.banknbox.com/news/banknbox-egypt-achieves-global-pci-dss-and-pci-pin
[12:17:51.000] [INFO ] ║  🔄 ATTEMPT: 1/2
[12:17:51.000] [INFO ] ║  ⏰ STARTED: 2026-02-01T12:17:51.000978+02:00 (Egypt Time)
[12:17:51.000] [INFO ] ╠══════════════════════════════════════════════════════════════════════════╣
[12:17:51.000] [INFO ] 
[12:17:51.001] [INFO ]     ┌─ BROWSER FINGERPRINT ────────────────────────────────────────┐
[12:17:51.001] [INFO ]     │ Browser:     CHROME v122
[12:17:51.001] [INFO ]     │ User-Agent:  Mozilla/5.0 (X11; Linux x86_64) AppleWebKit/537.36 (KHTML, like Gecko)...
[12:17:51.001] [INFO ]     │ Viewport:    1280x800
[12:17:51.001] [INFO ]     │ Sec-CH-UA:   (not applicable)...
[12:17:51.001] [INFO ]     ├─ LOCATION PROFILE ───────────────────────────────────────────┤
[12:17:51.001] [INFO ]     │ Location:    London, UK
[12:17:51.001] [INFO ]     │ Timezone:    N/A
[12:17:51.001] [INFO ]     │ Locale:      en-GB
[12:17:51.001] [INFO ]     │ Geo:         0, 0
[12:17:51.001] [INFO ]     ├─ NETWORK ────────────────────────────────────────────────────┤
[12:17:51.001] [INFO ]     │ Proxy:       Direct (no proxy)
[12:17:51.001] [INFO ]     │ Referrer:    https://www.google.com/
[12:17:51.001] [INFO ]     └──────────────────────────────────────────────────────────────┘
[12:17:51.001] [INFO ] ╚══════════════════════════════════════════════════════════════════════════╝
[12:17:51.001] [INFO ] 🛡️ Injected anti-detection scripts at context level
[12:17:51.001] [DEBUG]    └─ Canvas noise, WebGL spoof, Browser patches
[12:17:51.001] [INFO ] 
[12:17:51.001] [INFO ]     🛡️ ANTI-DETECTION SCRIPTS INJECTED (CONTEXT level)
[12:17:51.001] [INFO ]     ├─ Canvas fingerprint noise
[12:17:51.001] [INFO ]     ├─ WebGL renderer/vendor spoof
[12:17:51.001] [INFO ]     ├─ Hardware concurrency randomization
[12:17:51.001] [INFO ]     ├─ Device memory randomization
[12:17:51.001] [INFO ]     ├─ Plugin masking
[12:17:51.001] [INFO ]     ├─ WebRTC IP leak protection
[12:17:51.001] [INFO ]     ├─ Network connection spoof
[12:17:51.001] [INFO ]     └─ Battery API spoof
[12:17:51.041] [INFO ] 
[12:17:51.041] [INFO ]     🥷 STEALTH MODE APPLIED
[12:17:51.041] [INFO ]     ├─ Navigator patches (webdriver, plugins, languages)
[12:17:51.041] [INFO ]     ├─ Chrome runtime patches
[12:17:51.041] [INFO ]     ├─ Console patches
[12:17:51.041] [INFO ]     └─ Permission patches
[12:17:51.041] [INFO ] 🛡️ Injected anti-detection scripts at page level
[12:17:51.041] [DEBUG]    └─ Canvas noise, WebGL spoof, Browser patches
[12:17:51.041] [INFO ] 
[12:17:51.041] [INFO ]     🛡️ ANTI-DETECTION SCRIPTS INJECTED (PAGE level)
[12:17:51.041] [INFO ]     ├─ Canvas fingerprint noise
[12:17:51.041] [INFO ]     ├─ WebGL renderer/vendor spoof
[12:17:51.041] [INFO ]     ├─ Hardware concurrency randomization
[12:17:51.041] [INFO ]     ├─ Device memory randomization
[12:17:51.041] [INFO ]     ├─ Plugin masking
[12:17:51.041] [INFO ]     ├─ WebRTC IP leak protection
[12:17:51.041] [INFO ]     ├─ Network connection spoof
[12:17:51.041] [INFO ]     └─ Battery API spoof
[12:17:51.041] [DEBUG] Enabled resource blocking (images, media, fonts)
[12:17:51.041] [INFO ] 
[12:17:51.041] [INFO ]     🔗 NAVIGATING TO URL
[12:17:51.041] [INFO ]     ├─ Strategy:   domcontentloaded
[12:17:51.041] [INFO ]     ├─ Timeout:    15.0s
[12:17:51.041] [INFO ]     └─ Sleep:      1s after load
[12:17:53.189] [INFO ] 
[12:17:53.189] [INFO ]     ✅ PAGE LOADED
[12:17:53.189] [INFO ]     ├─ Final URL:  https://www.banknbox.com/news/banknbox-egypt-achieves-global-pci-dss-and-pci-pin
[12:17:53.189] [INFO ]     ├─ Title:      banknbox Egypt Achieves Global PCI DSS and PCI PIN Certifications in Collaboration with TechLine | News | Banknbox
[12:17:53.189] [INFO ]     └─ Load Time:  2.15s
[12:17:54.395] [INFO ] 🧑 Human behavior simulation...
[12:17:58.259] [INFO ] 🖱️ Mouse: 2 moves in 1280x800
[12:17:58.259] [INFO ] 🖱️ Mouse completed: 2 moves
[12:17:58.259] [INFO ] 📜 Scroll: page height, viewport=800px
[12:17:58.259] [INFO ] 📜 Scroll completed: 2 scrolls
[12:17:58.259] [INFO ] 🧑 Human behavior completed in 3.9s ✓
[12:17:58.259] [INFO ] 
[12:17:58.259] [INFO ]     🧑 HUMAN BEHAVIOR SIMULATED
[12:17:58.259] [INFO ]     ├─ Mouse Movements: 2
[12:17:58.259] [INFO ]     ├─ Scroll Actions:  2
[12:17:58.259] [INFO ]     └─ Time Spent:      3.86s
[12:17:58.330] [INFO ] 
[12:17:58.330] [INFO ]     ┌─ CONTENT METRICS ────────────────────────────────────────────┐
[12:17:58.330] [INFO ]     │ Title:            banknbox Egypt Achieves Global PCI DSS and PCI PIN
[12:17:58.330] [INFO ]     │ Final URL:        https://www.banknbox.com/news/banknbox-egypt-achieves-global-pci-dss-and-pci-pin
[12:17:58.330] [INFO ]     │ HTML Size:        70,686 bytes
[12:17:58.330] [INFO ]     │ Text Size:        2,687 chars
[12:17:58.330] [INFO ]     │ Word Count:       ~381 words
[12:17:58.330] [INFO ]     │ Extraction:       trafilatura
[12:17:58.330] [INFO ]     │ Has Article:      ✅ Yes
[12:17:58.330] [INFO ]     └──────────────────────────────────────────────────────────────┘
[12:17:58.353] [INFO ] 
[12:17:58.353] [INFO ] ╔══════════════════════════════════════════════════════════════════════════╗
[12:17:58.353] [INFO ] ║  ✅ SCRAPE SUCCESSFUL - SCRAPE_20260201_121750_7863
[12:17:58.353] [INFO ] ╠══════════════════════════════════════════════════════════════════════════╣
[12:17:58.353] [INFO ] 
[12:17:58.353] [INFO ]     ┌─ TIMING BREAKDOWN ───────────────────────────────────────────┐
[12:17:58.353] [INFO ]     │ Browser Launch:      0.06s
[12:17:58.353] [INFO ]     │ Page Load:           2.15s
[12:17:58.353] [INFO ]     │ Cloudflare Wait:     0.00s
[12:17:58.353] [INFO ]     │ Human Simulation:    3.86s
[12:17:58.353] [INFO ]     │
[12:17:58.353] [INFO ]     │ Content Extraction:  0.05s
[12:17:58.353] [INFO ]     │ ─────────────────────────────────────────────────────────────
[12:17:58.353] [INFO ]     │ TOTAL TIME:          6.12s
[12:17:58.353] [INFO ]     └──────────────────────────────────────────────────────────────┘
[12:17:58.353] [INFO ] 
[12:17:58.353] [INFO ]     ┌─ CONTENT METRICS ────────────────────────────────────────────┐
[12:17:58.353] [INFO ]     │ Title:            banknbox Egypt Achieves Global PCI DSS and PCI PIN
[12:17:58.353] [INFO ]     │ Final URL:        https://www.banknbox.com/news/banknbox-egypt-achieves-global-pci-dss-and-pci-pin
[12:17:58.353] [INFO ]     │ HTML Size:        70,686 bytes
[12:17:58.353] [INFO ]     │ Text Size:        2,687 chars
[12:17:58.353] [INFO ]     │ Word Count:       ~381 words
[12:17:58.353] [INFO ]     │ Extraction:       trafilatura
[12:17:58.353] [INFO ]     │ Has Article:      ✅ Yes
[12:17:58.353] [INFO ]     └──────────────────────────────────────────────────────────────┘
[12:17:58.353] [INFO ] ╠══════════════════════════════════════════════════════════════════════════╣
[12:17:58.353] [INFO ] ║  📊 SESSION STATS
[12:17:58.353] [INFO ] ║  ├─ Strategies Tried:   domcontentloaded
[12:17:58.353] [INFO ] ║  ├─ Popups Dismissed:   0
[12:17:58.353] [INFO ] ║  ├─ Cloudflare:         Not detected
[12:17:58.353] [INFO ] ║  └─ Proxy Used:         Direct
[12:17:58.353] [INFO ] ╚══════════════════════════════════════════════════════════════════════════╝
[12:17:58.353] [INFO ] 

================================================================================
STATUS: SUCCESS
TOTAL TIME: 7.71s
ENDED: 2026-02-01T12:17:58.353745+02:00 (Egypt Time)
END OF SCRAPE LOG
================================================================================