================================================================================
SCRAPE LOG: https://www.isms.online/iso-27001/
Started: 2026-01-26 13:12:57
Session ID: SCRAPE_20260126_131257_FE71
================================================================================
[13:12:57.164] [INFO ] 📝 Scrape log: /app/data/logs/scrapes/2026-01-26_131257_isms.online.log
[13:12:57.164] [DEBUG] ⏱️ Timeout set to 45s for this scrape
[13:12:57.503] [INFO ] 
[13:12:57.503] [INFO ]     🚀 BROWSER LAUNCHED
[13:12:57.503] [INFO ]     ├─ Mode:       Headless
[13:12:57.503] [INFO ]     ├─ Slow Mo:    54ms
[13:12:57.503] [INFO ]     ├─ Launch Time: 0.06s
[13:12:57.503] [INFO ]     └─ Args:       Anti-automation flags enabled
[13:12:57.521] [DEBUG] Browser profile: viewport={'width': 1920, 'height': 1080}, locale=en-US, tz=UTC
[13:12:57.521] [INFO ] 
[13:12:57.521] [INFO ] ╔══════════════════════════════════════════════════════════════════════════╗
[13:12:57.521] [INFO ] ║  📋 SESSION: SCRAPE_20260126_131257_FE71
[13:12:57.521] [INFO ] ║  🌐 URL: https://www.isms.online/iso-27001/
[13:12:57.521] [INFO ] ║  🔄 ATTEMPT: 1/2
[13:12:57.521] [INFO ] ║  ⏰ STARTED: 2026-01-26T13:12:57.521439+02:00 (Egypt Time)
[13:12:57.521] [INFO ] ╠══════════════════════════════════════════════════════════════════════════╣
[13:12:57.521] [INFO ] 
[13:12:57.521] [INFO ]     ┌─ BROWSER FINGERPRINT ────────────────────────────────────────┐
[13:12:57.521] [INFO ]     │ Browser:     OPERA v106
[13:12:57.521] [INFO ]     │ User-Agent:  Mozilla/5.0 (Macintosh; Intel Mac OS X 10_15_7) AppleWebKit/537.36 (KH...
[13:12:57.521] [INFO ]     │ Viewport:    1920x1080
[13:12:57.521] [INFO ]     │ Sec-CH-UA:   (not applicable)...
[13:12:57.521] [INFO ]     ├─ LOCATION PROFILE ───────────────────────────────────────────┤
[13:12:57.521] [INFO ]     │ Location:    Denver, USA
[13:12:57.521] [INFO ]     │ Timezone:    N/A
[13:12:57.521] [INFO ]     │ Locale:      en-US
[13:12:57.521] [INFO ]     │ Geo:         0, 0
[13:12:57.521] [INFO ]     ├─ NETWORK ────────────────────────────────────────────────────┤
[13:12:57.521] [INFO ]     │ Proxy:       Direct (no proxy)
[13:12:57.521] [INFO ]     │ Referrer:    https://www.google.com/search?q=www+isms+online
[13:12:57.521] [INFO ]     └──────────────────────────────────────────────────────────────┘
[13:12:57.521] [INFO ] ╚══════════════════════════════════════════════════════════════════════════╝
[13:12:57.521] [INFO ] 🛡️ Injected anti-detection scripts at context level
[13:12:57.521] [DEBUG]    └─ Canvas noise, WebGL spoof, Browser patches
[13:12:57.521] [INFO ] 
[13:12:57.521] [INFO ]     🛡️ ANTI-DETECTION SCRIPTS INJECTED (CONTEXT level)
[13:12:57.521] [INFO ]     ├─ Canvas fingerprint noise
[13:12:57.521] [INFO ]     ├─ WebGL renderer/vendor spoof
[13:12:57.521] [INFO ]     ├─ Hardware concurrency randomization
[13:12:57.521] [INFO ]     ├─ Device memory randomization
[13:12:57.521] [INFO ]     ├─ Plugin masking
[13:12:57.521] [INFO ]     ├─ WebRTC IP leak protection
[13:12:57.521] [INFO ]     ├─ Network connection spoof
[13:12:57.521] [INFO ]     └─ Battery API spoof
[13:12:57.562] [INFO ] 
[13:12:57.562] [INFO ]     🥷 STEALTH MODE APPLIED
[13:12:57.562] [INFO ]     ├─ Navigator patches (webdriver, plugins, languages)
[13:12:57.562] [INFO ]     ├─ Chrome runtime patches
[13:12:57.562] [INFO ]     ├─ Console patches
[13:12:57.562] [INFO ]     └─ Permission patches
[13:12:57.562] [INFO ] 🛡️ Injected anti-detection scripts at page level
[13:12:57.562] [DEBUG]    └─ Canvas noise, WebGL spoof, Browser patches
[13:12:57.562] [INFO ] 
[13:12:57.562] [INFO ]     🛡️ ANTI-DETECTION SCRIPTS INJECTED (PAGE level)
[13:12:57.562] [INFO ]     ├─ Canvas fingerprint noise
[13:12:57.562] [INFO ]     ├─ WebGL renderer/vendor spoof
[13:12:57.562] [INFO ]     ├─ Hardware concurrency randomization
[13:12:57.562] [INFO ]     ├─ Device memory randomization
[13:12:57.562] [INFO ]     ├─ Plugin masking
[13:12:57.562] [INFO ]     ├─ WebRTC IP leak protection
[13:12:57.562] [INFO ]     ├─ Network connection spoof
[13:12:57.562] [INFO ]     └─ Battery API spoof
[13:12:57.562] [DEBUG] Enabled resource blocking (images, media, fonts)
[13:12:57.562] [INFO ] 
[13:12:57.562] [INFO ]     🔗 NAVIGATING TO URL
[13:12:57.562] [INFO ]     ├─ Strategy:   domcontentloaded
[13:12:57.562] [INFO ]     ├─ Timeout:    15.0s
[13:12:57.562] [INFO ]     └─ Sleep:      1s after load
[13:12:58.821] [INFO ] 
[13:12:58.821] [INFO ]     ✅ PAGE LOADED
[13:12:58.821] [INFO ]     ├─ Final URL:  https://www.isms.online/iso-27001/
[13:12:58.821] [INFO ]     ├─ Title:      What is ISO/IEC 27001, The Information Security Standard
[13:12:58.821] [INFO ]     └─ Load Time:  1.26s
[13:13:02.169] [INFO ] 🧑 Human behavior simulation...
[13:13:05.162] [INFO ] 🖱️ Mouse: 2 moves in 1920x1080
[13:13:05.162] [INFO ] 🖱️ Mouse completed: 2 moves
[13:13:05.162] [INFO ] 📜 Scroll: page height, viewport=1080px
[13:13:05.162] [INFO ] 📜 Scroll completed: 1 scrolls
[13:13:05.162] [INFO ] 🧑 Human behavior completed in 3.0s ✓
[13:13:05.162] [INFO ] 
[13:13:05.162] [INFO ]     🧑 HUMAN BEHAVIOR SIMULATED
[13:13:05.162] [INFO ]     ├─ Mouse Movements: 2
[13:13:05.162] [INFO ]     ├─ Scroll Actions:  1
[13:13:05.162] [INFO ]     └─ Time Spent:      2.99s
[13:13:05.789] [INFO ] 
[13:13:05.789] [INFO ]     ┌─ CONTENT METRICS ────────────────────────────────────────────┐
[13:13:05.789] [INFO ]     │ Title:            What is ISO/IEC 27001, The Information Security St
[13:13:05.789] [INFO ]     │ Final URL:        https://www.isms.online/iso-27001/
[13:13:05.789] [INFO ]     │ HTML Size:        638,289 bytes
[13:13:05.789] [INFO ]     │ Text Size:        51,834 chars
[13:13:05.789] [INFO ]     │ Word Count:       ~7250 words
[13:13:05.789] [INFO ]     │ Extraction:       trafilatura
[13:13:05.789] [INFO ]     │ Has Article:      ✅ Yes
[13:13:05.789] [INFO ]     └──────────────────────────────────────────────────────────────┘
[13:13:05.816] [INFO ] 
[13:13:05.816] [INFO ] ╔══════════════════════════════════════════════════════════════════════════╗
[13:13:05.816] [INFO ] ║  ✅ SCRAPE SUCCESSFUL - SCRAPE_20260126_131257_FE71
[13:13:05.816] [INFO ] ╠══════════════════════════════════════════════════════════════════════════╣
[13:13:05.816] [INFO ] 
[13:13:05.816] [INFO ]     ┌─ TIMING BREAKDOWN ───────────────────────────────────────────┐
[13:13:05.816] [INFO ]     │ Browser Launch:      0.06s
[13:13:05.816] [INFO ]     │ Page Load:           1.26s
[13:13:05.816] [INFO ]     │ Cloudflare Wait:     0.00s
[13:13:05.816] [INFO ]     │ Human Simulation:    2.99s
[13:13:05.816] [INFO ]     │
[13:13:05.816] [INFO ]     │ Content Extraction:  0.49s
[13:13:05.816] [INFO ]     │ ─────────────────────────────────────────────────────────────
[13:13:05.816] [INFO ]     │ TOTAL TIME:          4.80s
[13:13:05.816] [INFO ]     └──────────────────────────────────────────────────────────────┘
[13:13:05.816] [INFO ] 
[13:13:05.818] [INFO ]     ┌─ CONTENT METRICS ────────────────────────────────────────────┐
[13:13:05.818] [INFO ]     │ Title:            What is ISO/IEC 27001, The Information Security St
[13:13:05.818] [INFO ]     │ Final URL:        https://www.isms.online/iso-27001/
[13:13:05.818] [INFO ]     │ HTML Size:        638,289 bytes
[13:13:05.818] [INFO ]     │ Text Size:        51,834 chars
[13:13:05.818] [INFO ]     │ Word Count:       ~7250 words
[13:13:05.818] [INFO ]     │ Extraction:       trafilatura
[13:13:05.818] [INFO ]     │ Has Article:      ✅ Yes
[13:13:05.818] [INFO ]     └──────────────────────────────────────────────────────────────┘
[13:13:05.818] [INFO ] ╠══════════════════════════════════════════════════════════════════════════╣
[13:13:05.818] [INFO ] ║  📊 SESSION STATS
[13:13:05.818] [INFO ] ║  ├─ Strategies Tried:   domcontentloaded
[13:13:05.818] [INFO ] ║  ├─ Popups Dismissed:   0
[13:13:05.818] [INFO ] ║  ├─ Cloudflare:         Not detected
[13:13:05.818] [INFO ] ║  └─ Proxy Used:         Direct
[13:13:05.818] [INFO ] ╚══════════════════════════════════════════════════════════════════════════╝
[13:13:05.818] [INFO ] 

================================================================================
STATUS: SUCCESS
TOTAL TIME: 8.65s
ENDED: 2026-01-26T13:13:05.818143+02:00 (Egypt Time)
END OF SCRAPE LOG
================================================================================