================================================================================
SCRAPE LOG: https://www.sai360.com/regulations/nist-csf
Started: 2026-01-29 17:32:52
Session ID: SCRAPE_20260129_173252_1BBE
================================================================================
[17:32:52.123] [INFO ] 📝 Scrape log: /app/data/logs/scrapes/2026-01-29_173252_sai360.com.log
[17:32:52.124] [DEBUG] ⏱️ Timeout set to 45s for this scrape
[17:32:52.464] [INFO ] 
[17:32:52.464] [INFO ]     🚀 BROWSER LAUNCHED
[17:32:52.464] [INFO ]     ├─ Mode:       Headless
[17:32:52.464] [INFO ]     ├─ Slow Mo:    50ms
[17:32:52.464] [INFO ]     ├─ Launch Time: 0.06s
[17:32:52.464] [INFO ]     └─ Args:       Anti-automation flags enabled
[17:32:52.483] [DEBUG] Browser profile: viewport={'width': 2560, 'height': 1440}, locale=en-AU, tz=UTC
[17:32:52.483] [INFO ] 
[17:32:52.483] [INFO ] ╔══════════════════════════════════════════════════════════════════════════╗
[17:32:52.483] [INFO ] ║  📋 SESSION: SCRAPE_20260129_173252_1BBE
[17:32:52.483] [INFO ] ║  🌐 URL: https://www.sai360.com/regulations/nist-csf
[17:32:52.483] [INFO ] ║  🔄 ATTEMPT: 1/2
[17:32:52.483] [INFO ] ║  ⏰ STARTED: 2026-01-29T17:32:52.483264+02:00 (Egypt Time)
[17:32:52.483] [INFO ] ╠══════════════════════════════════════════════════════════════════════════╣
[17:32:52.483] [INFO ] 
[17:32:52.483] [INFO ]     ┌─ BROWSER FINGERPRINT ────────────────────────────────────────┐
[17:32:52.483] [INFO ]     │ Browser:     FIREFOX v121
[17:32:52.483] [INFO ]     │ User-Agent:  Mozilla/5.0 (Windows NT 10.0; Win64; x64; rv:121.0) Gecko/20100101 Fir...
[17:32:52.483] [INFO ]     │ Viewport:    2560x1440
[17:32:52.483] [INFO ]     │ Sec-CH-UA:   (not applicable)...
[17:32:52.483] [INFO ]     ├─ LOCATION PROFILE ───────────────────────────────────────────┤
[17:32:52.483] [INFO ]     │ Location:    Melbourne, Australia
[17:32:52.483] [INFO ]     │ Timezone:    N/A
[17:32:52.483] [INFO ]     │ Locale:      en-AU
[17:32:52.483] [INFO ]     │ Geo:         0, 0
[17:32:52.483] [INFO ]     ├─ NETWORK ────────────────────────────────────────────────────┤
[17:32:52.483] [INFO ]     │ Proxy:       Direct (no proxy)
[17:32:52.483] [INFO ]     │ Referrer:    https://t.co/
[17:32:52.483] [INFO ]     └──────────────────────────────────────────────────────────────┘
[17:32:52.483] [INFO ] ╚══════════════════════════════════════════════════════════════════════════╝
[17:32:52.483] [INFO ] 🛡️ Injected anti-detection scripts at context level
[17:32:52.483] [DEBUG]    └─ Canvas noise, WebGL spoof, Browser patches
[17:32:52.483] [INFO ] 
[17:32:52.483] [INFO ]     🛡️ ANTI-DETECTION SCRIPTS INJECTED (CONTEXT level)
[17:32:52.483] [INFO ]     ├─ Canvas fingerprint noise
[17:32:52.483] [INFO ]     ├─ WebGL renderer/vendor spoof
[17:32:52.483] [INFO ]     ├─ Hardware concurrency randomization
[17:32:52.483] [INFO ]     ├─ Device memory randomization
[17:32:52.483] [INFO ]     ├─ Plugin masking
[17:32:52.483] [INFO ]     ├─ WebRTC IP leak protection
[17:32:52.483] [INFO ]     ├─ Network connection spoof
[17:32:52.483] [INFO ]     └─ Battery API spoof
[17:32:52.525] [INFO ] 
[17:32:52.525] [INFO ]     🥷 STEALTH MODE APPLIED
[17:32:52.525] [INFO ]     ├─ Navigator patches (webdriver, plugins, languages)
[17:32:52.525] [INFO ]     ├─ Chrome runtime patches
[17:32:52.525] [INFO ]     ├─ Console patches
[17:32:52.525] [INFO ]     └─ Permission patches
[17:32:52.525] [INFO ] 🛡️ Injected anti-detection scripts at page level
[17:32:52.525] [DEBUG]    └─ Canvas noise, WebGL spoof, Browser patches
[17:32:52.525] [INFO ] 
[17:32:52.525] [INFO ]     🛡️ ANTI-DETECTION SCRIPTS INJECTED (PAGE level)
[17:32:52.525] [INFO ]     ├─ Canvas fingerprint noise
[17:32:52.525] [INFO ]     ├─ WebGL renderer/vendor spoof
[17:32:52.525] [INFO ]     ├─ Hardware concurrency randomization
[17:32:52.525] [INFO ]     ├─ Device memory randomization
[17:32:52.525] [INFO ]     ├─ Plugin masking
[17:32:52.525] [INFO ]     ├─ WebRTC IP leak protection
[17:32:52.525] [INFO ]     ├─ Network connection spoof
[17:32:52.525] [INFO ]     └─ Battery API spoof
[17:32:52.525] [DEBUG] Enabled resource blocking (images, media, fonts)
[17:32:52.525] [INFO ] 
[17:32:52.526] [INFO ]     🔗 NAVIGATING TO URL
[17:32:52.526] [INFO ]     ├─ Strategy:   domcontentloaded
[17:32:52.526] [INFO ]     ├─ Timeout:    15.0s
[17:32:52.526] [INFO ]     └─ Sleep:      1s after load
[17:32:54.622] [INFO ] 
[17:32:54.622] [INFO ]     ✅ PAGE LOADED
[17:32:54.622] [INFO ]     ├─ Final URL:  https://www.sai360.com/regulations/nist-csf
[17:32:54.622] [INFO ]     ├─ Title:      What is NIST CSF Compliance? Why is it important? - SAI360
[17:32:54.622] [INFO ]     └─ Load Time:  2.10s
[17:32:56.070] [INFO ] 🧑 Human behavior simulation...
[17:33:00.383] [INFO ] 🖱️ Mouse: 2 moves in 2560x1440
[17:33:00.383] [INFO ] 🖱️ Mouse completed: 2 moves
[17:33:00.383] [INFO ] 📜 Scroll: page height, viewport=1440px
[17:33:00.383] [INFO ] 📜 Scroll completed: 1 scrolls
[17:33:00.383] [INFO ] 🧑 Human behavior completed in 4.3s ✓
[17:33:00.383] [INFO ] 
[17:33:00.383] [INFO ]     🧑 HUMAN BEHAVIOR SIMULATED
[17:33:00.383] [INFO ]     ├─ Mouse Movements: 2
[17:33:00.383] [INFO ]     ├─ Scroll Actions:  1
[17:33:00.383] [INFO ]     └─ Time Spent:      4.31s
[17:33:00.875] [INFO ] 
[17:33:00.875] [INFO ]     ┌─ CONTENT METRICS ────────────────────────────────────────────┐
[17:33:00.875] [INFO ]     │ Title:            NIST CSF
[17:33:00.875] [INFO ]     │ Final URL:        https://www.sai360.com/regulations/nist-csf
[17:33:00.875] [INFO ]     │ HTML Size:        750,424 bytes
[17:33:00.875] [INFO ]     │ Text Size:        2,512 chars
[17:33:00.875] [INFO ]     │ Word Count:       ~270 words
[17:33:00.875] [INFO ]     │ Extraction:       trafilatura
[17:33:00.875] [INFO ]     │ Has Article:      ✅ Yes
[17:33:00.875] [INFO ]     └──────────────────────────────────────────────────────────────┘
[17:33:00.922] [INFO ] 
[17:33:00.922] [INFO ] ╔══════════════════════════════════════════════════════════════════════════╗
[17:33:00.922] [INFO ] ║  ✅ SCRAPE SUCCESSFUL - SCRAPE_20260129_173252_1BBE
[17:33:00.922] [INFO ] ╠══════════════════════════════════════════════════════════════════════════╣
[17:33:00.922] [INFO ] 
[17:33:00.922] [INFO ]     ┌─ TIMING BREAKDOWN ───────────────────────────────────────────┐
[17:33:00.922] [INFO ]     │ Browser Launch:      0.06s
[17:33:00.922] [INFO ]     │ Page Load:           2.10s
[17:33:00.922] [INFO ]     │ Cloudflare Wait:     0.00s
[17:33:00.922] [INFO ]     │ Human Simulation:    4.31s
[17:33:00.922] [INFO ]     │
[17:33:00.922] [INFO ]     │ Content Extraction:  0.23s
[17:33:00.922] [INFO ]     │ ─────────────────────────────────────────────────────────────
[17:33:00.922] [INFO ]     │ TOTAL TIME:          6.69s
[17:33:00.922] [INFO ]     └──────────────────────────────────────────────────────────────┘
[17:33:00.922] [INFO ] 
[17:33:00.922] [INFO ]     ┌─ CONTENT METRICS ────────────────────────────────────────────┐
[17:33:00.922] [INFO ]     │ Title:            NIST CSF
[17:33:00.922] [INFO ]     │ Final URL:        https://www.sai360.com/regulations/nist-csf
[17:33:00.922] [INFO ]     │ HTML Size:        750,424 bytes
[17:33:00.922] [INFO ]     │ Text Size:        2,512 chars
[17:33:00.922] [INFO ]     │ Word Count:       ~270 words
[17:33:00.922] [INFO ]     │ Extraction:       trafilatura
[17:33:00.922] [INFO ]     │ Has Article:      ✅ Yes
[17:33:00.922] [INFO ]     └──────────────────────────────────────────────────────────────┘
[17:33:00.922] [INFO ] ╠══════════════════════════════════════════════════════════════════════════╣
[17:33:00.922] [INFO ] ║  📊 SESSION STATS
[17:33:00.922] [INFO ] ║  ├─ Strategies Tried:   domcontentloaded
[17:33:00.922] [INFO ] ║  ├─ Popups Dismissed:   0
[17:33:00.922] [INFO ] ║  ├─ Cloudflare:         Not detected
[17:33:00.922] [INFO ] ║  └─ Proxy Used:         Direct
[17:33:00.922] [INFO ] ╚══════════════════════════════════════════════════════════════════════════╝
[17:33:00.922] [INFO ] 

================================================================================
STATUS: SUCCESS
TOTAL TIME: 8.80s
ENDED: 2026-01-29T17:33:00.922682+02:00 (Egypt Time)
END OF SCRAPE LOG
================================================================================