================================================================================
SCRAPE LOG: https://en.wikipedia.org/wiki/Saudi_Central_Bank
Started: 2026-02-01 12:25:39
Session ID: SCRAPE_20260201_122539_E72A
================================================================================
[12:25:39.244] [INFO ] 📝 Scrape log: /app/data/logs/scrapes/2026-02-01_122539_en.wikipedia.org.log
[12:25:39.244] [DEBUG] ⏱️ Timeout set to 45s for this scrape
[12:25:39.585] [INFO ] 
[12:25:39.585] [INFO ]     🚀 BROWSER LAUNCHED
[12:25:39.585] [INFO ]     ├─ Mode:       Headless
[12:25:39.585] [INFO ]     ├─ Slow Mo:    40ms
[12:25:39.585] [INFO ]     ├─ Launch Time: 0.06s
[12:25:39.585] [INFO ]     └─ Args:       Anti-automation flags enabled
[12:25:39.602] [DEBUG] Browser profile: viewport={'width': 3840, 'height': 2160}, locale=en-US, tz=UTC
[12:25:39.602] [INFO ] 
[12:25:39.602] [INFO ] ╔══════════════════════════════════════════════════════════════════════════╗
[12:25:39.602] [INFO ] ║  📋 SESSION: SCRAPE_20260201_122539_E72A
[12:25:39.602] [INFO ] ║  🌐 URL: https://en.wikipedia.org/wiki/Saudi_Central_Bank
[12:25:39.602] [INFO ] ║  🔄 ATTEMPT: 1/2
[12:25:39.602] [INFO ] ║  ⏰ STARTED: 2026-02-01T12:25:39.602927+02:00 (Egypt Time)
[12:25:39.602] [INFO ] ╠══════════════════════════════════════════════════════════════════════════╣
[12:25:39.602] [INFO ] 
[12:25:39.602] [INFO ]     ┌─ BROWSER FINGERPRINT ────────────────────────────────────────┐
[12:25:39.602] [INFO ]     │ Browser:     FIREFOX v120
[12:25:39.602] [INFO ]     │ User-Agent:  Mozilla/5.0 (X11; Linux x86_64; rv:120.0) Gecko/20100101 Firefox/120.0...
[12:25:39.602] [INFO ]     │ Viewport:    3840x2160
[12:25:39.602] [INFO ]     │ Sec-CH-UA:   (not applicable)...
[12:25:39.602] [INFO ]     ├─ LOCATION PROFILE ───────────────────────────────────────────┤
[12:25:39.602] [INFO ]     │ Location:    Phoenix, USA
[12:25:39.602] [INFO ]     │ Timezone:    N/A
[12:25:39.603] [INFO ]     │ Locale:      en-US
[12:25:39.603] [INFO ]     │ Geo:         0, 0
[12:25:39.603] [INFO ]     ├─ NETWORK ────────────────────────────────────────────────────┤
[12:25:39.603] [INFO ]     │ Proxy:       Direct (no proxy)
[12:25:39.603] [INFO ]     │ Referrer:    https://www.google.com/
[12:25:39.603] [INFO ]     └──────────────────────────────────────────────────────────────┘
[12:25:39.603] [INFO ] ╚══════════════════════════════════════════════════════════════════════════╝
[12:25:39.603] [INFO ] 🛡️ Injected anti-detection scripts at context level
[12:25:39.603] [DEBUG]    └─ Canvas noise, WebGL spoof, Browser patches
[12:25:39.603] [INFO ] 
[12:25:39.603] [INFO ]     🛡️ ANTI-DETECTION SCRIPTS INJECTED (CONTEXT level)
[12:25:39.603] [INFO ]     ├─ Canvas fingerprint noise
[12:25:39.603] [INFO ]     ├─ WebGL renderer/vendor spoof
[12:25:39.603] [INFO ]     ├─ Hardware concurrency randomization
[12:25:39.603] [INFO ]     ├─ Device memory randomization
[12:25:39.603] [INFO ]     ├─ Plugin masking
[12:25:39.603] [INFO ]     ├─ WebRTC IP leak protection
[12:25:39.603] [INFO ]     ├─ Network connection spoof
[12:25:39.603] [INFO ]     └─ Battery API spoof
[12:25:39.645] [INFO ] 
[12:25:39.645] [INFO ]     🥷 STEALTH MODE APPLIED
[12:25:39.645] [INFO ]     ├─ Navigator patches (webdriver, plugins, languages)
[12:25:39.645] [INFO ]     ├─ Chrome runtime patches
[12:25:39.646] [INFO ]     ├─ Console patches
[12:25:39.646] [INFO ]     └─ Permission patches
[12:25:39.646] [INFO ] 🛡️ Injected anti-detection scripts at page level
[12:25:39.646] [DEBUG]    └─ Canvas noise, WebGL spoof, Browser patches
[12:25:39.646] [INFO ] 
[12:25:39.646] [INFO ]     🛡️ ANTI-DETECTION SCRIPTS INJECTED (PAGE level)
[12:25:39.646] [INFO ]     ├─ Canvas fingerprint noise
[12:25:39.646] [INFO ]     ├─ WebGL renderer/vendor spoof
[12:25:39.646] [INFO ]     ├─ Hardware concurrency randomization
[12:25:39.646] [INFO ]     ├─ Device memory randomization
[12:25:39.646] [INFO ]     ├─ Plugin masking
[12:25:39.646] [INFO ]     ├─ WebRTC IP leak protection
[12:25:39.646] [INFO ]     ├─ Network connection spoof
[12:25:39.646] [INFO ]     └─ Battery API spoof
[12:25:39.646] [DEBUG] Enabled resource blocking (images, media, fonts)
[12:25:39.646] [INFO ] 
[12:25:39.646] [INFO ]     🔗 NAVIGATING TO URL
[12:25:39.646] [INFO ]     ├─ Strategy:   domcontentloaded
[12:25:39.646] [INFO ]     ├─ Timeout:    15.0s
[12:25:39.646] [INFO ]     └─ Sleep:      1s after load
[12:25:40.230] [INFO ] 
[12:25:40.230] [INFO ]     ✅ PAGE LOADED
[12:25:40.230] [INFO ]     ├─ Final URL:  https://en.wikipedia.org/wiki/Saudi_Central_Bank
[12:25:40.230] [INFO ]     ├─ Title:      Saudi Central Bank - Wikipedia
[12:25:40.230] [INFO ]     └─ Load Time:  0.58s
[12:25:41.529] [INFO ] 🧑 Human behavior simulation...
[12:25:46.622] [INFO ] 🖱️ Mouse: 3 moves in 3840x2160
[12:25:46.622] [INFO ] 🖱️ Mouse completed: 3 moves
[12:25:46.622] [INFO ] 📜 Scroll: page height, viewport=2160px
[12:25:46.622] [INFO ] 📜 Scroll completed: 3 scrolls
[12:25:46.622] [INFO ] 🧑 Human behavior completed in 5.1s ✓
[12:25:46.622] [INFO ] 
[12:25:46.622] [INFO ]     🧑 HUMAN BEHAVIOR SIMULATED
[12:25:46.622] [INFO ]     ├─ Mouse Movements: 3
[12:25:46.622] [INFO ]     ├─ Scroll Actions:  3
[12:25:46.622] [INFO ]     └─ Time Spent:      5.09s
[12:25:46.968] [INFO ] 
[12:25:46.968] [INFO ]     ┌─ CONTENT METRICS ────────────────────────────────────────────┐
[12:25:46.968] [INFO ]     │ Title:            Saudi Central Bank - Wikipedia
[12:25:46.968] [INFO ]     │ Final URL:        https://en.wikipedia.org/wiki/Saudi_Central_Bank
[12:25:46.968] [INFO ]     │ HTML Size:        369,540 bytes
[12:25:46.968] [INFO ]     │ Text Size:        7,682 chars
[12:25:46.968] [INFO ]     │ Word Count:       ~1284 words
[12:25:46.968] [INFO ]     │ Extraction:       trafilatura
[12:25:46.968] [INFO ]     │ Has Article:      ✅ Yes
[12:25:46.968] [INFO ]     └──────────────────────────────────────────────────────────────┘
[12:25:46.996] [INFO ] 
[12:25:46.996] [INFO ] ╔══════════════════════════════════════════════════════════════════════════╗
[12:25:46.996] [INFO ] ║  ✅ SCRAPE SUCCESSFUL - SCRAPE_20260201_122539_E72A
[12:25:46.996] [INFO ] ╠══════════════════════════════════════════════════════════════════════════╣
[12:25:46.996] [INFO ] 
[12:25:46.996] [INFO ]     ┌─ TIMING BREAKDOWN ───────────────────────────────────────────┐
[12:25:46.996] [INFO ]     │ Browser Launch:      0.06s
[12:25:46.996] [INFO ]     │ Page Load:           0.58s
[12:25:46.996] [INFO ]     │ Cloudflare Wait:     0.00s
[12:25:46.996] [INFO ]     │ Human Simulation:    5.09s
[12:25:46.996] [INFO ]     │
[12:25:46.996] [INFO ]     │ Content Extraction:  0.16s
[12:25:46.996] [INFO ]     │ ─────────────────────────────────────────────────────────────
[12:25:46.996] [INFO ]     │ TOTAL TIME:          5.90s
[12:25:46.996] [INFO ]     └──────────────────────────────────────────────────────────────┘
[12:25:46.996] [INFO ] 
[12:25:46.996] [INFO ]     ┌─ CONTENT METRICS ────────────────────────────────────────────┐
[12:25:46.996] [INFO ]     │ Title:            Saudi Central Bank - Wikipedia
[12:25:46.996] [INFO ]     │ Final URL:        https://en.wikipedia.org/wiki/Saudi_Central_Bank
[12:25:46.996] [INFO ]     │ HTML Size:        369,540 bytes
[12:25:46.996] [INFO ]     │ Text Size:        7,682 chars
[12:25:46.996] [INFO ]     │ Word Count:       ~1284 words
[12:25:46.996] [INFO ]     │ Extraction:       trafilatura
[12:25:46.996] [INFO ]     │ Has Article:      ✅ Yes
[12:25:46.996] [INFO ]     └──────────────────────────────────────────────────────────────┘
[12:25:46.996] [INFO ] ╠══════════════════════════════════════════════════════════════════════════╣
[12:25:46.996] [INFO ] ║  📊 SESSION STATS
[12:25:46.996] [INFO ] ║  ├─ Strategies Tried:   domcontentloaded
[12:25:46.996] [INFO ] ║  ├─ Popups Dismissed:   0
[12:25:46.996] [INFO ] ║  ├─ Cloudflare:         Not detected
[12:25:46.996] [INFO ] ║  └─ Proxy Used:         Direct
[12:25:46.996] [INFO ] ╚══════════════════════════════════════════════════════════════════════════╝
[12:25:46.996] [INFO ] 

================================================================================
STATUS: SUCCESS
TOTAL TIME: 7.75s
ENDED: 2026-02-01T12:25:46.996923+02:00 (Egypt Time)
END OF SCRAPE LOG
================================================================================