================================================================================
SCRAPE LOG: https://protech-consulting.org/cloud-solution-providers-aws-azure-in-egypt/
Started: 2026-01-29 21:04:57
Session ID: SCRAPE_20260129_210457_0230
================================================================================
[21:04:57.560] [INFO ] 📝 Scrape log: /app/data/logs/scrapes/2026-01-29_210457_protech-consulting.org.log
[21:04:57.560] [DEBUG] ⏱️ Timeout set to 45s for this scrape
[21:04:57.912] [INFO ] 
[21:04:57.912] [INFO ]     🚀 BROWSER LAUNCHED
[21:04:57.912] [INFO ]     ├─ Mode:       Headless
[21:04:57.912] [INFO ]     ├─ Slow Mo:    55ms
[21:04:57.912] [INFO ]     ├─ Launch Time: 0.07s
[21:04:57.912] [INFO ]     └─ Args:       Anti-automation flags enabled
[21:04:57.931] [DEBUG] Browser profile: viewport={'width': 1536, 'height': 864}, locale=en-CA, tz=UTC
[21:04:57.931] [INFO ] 
[21:04:57.931] [INFO ] ╔══════════════════════════════════════════════════════════════════════════╗
[21:04:57.931] [INFO ] ║  📋 SESSION: SCRAPE_20260129_210457_0230
[21:04:57.931] [INFO ] ║  🌐 URL: https://protech-consulting.org/cloud-solution-providers-aws-azure-in-egypt/
[21:04:57.931] [INFO ] ║  🔄 ATTEMPT: 1/2
[21:04:57.931] [INFO ] ║  ⏰ STARTED: 2026-01-29T21:04:57.931073+02:00 (Egypt Time)
[21:04:57.931] [INFO ] ╠══════════════════════════════════════════════════════════════════════════╣
[21:04:57.931] [INFO ] 
[21:04:57.931] [INFO ]     ┌─ BROWSER FINGERPRINT ────────────────────────────────────────┐
[21:04:57.931] [INFO ]     │ Browser:     EDGE v119
[21:04:57.931] [INFO ]     │ User-Agent:  Mozilla/5.0 (Windows NT 10.0; Win64; x64) AppleWebKit/537.36 (KHTML, l...
[21:04:57.931] [INFO ]     │ Viewport:    1536x864
[21:04:57.931] [INFO ]     │ Sec-CH-UA:   (not applicable)...
[21:04:57.931] [INFO ]     ├─ LOCATION PROFILE ───────────────────────────────────────────┤
[21:04:57.931] [INFO ]     │ Location:    Vancouver, Canada
[21:04:57.931] [INFO ]     │ Timezone:    N/A
[21:04:57.931] [INFO ]     │ Locale:      en-CA
[21:04:57.931] [INFO ]     │ Geo:         0, 0
[21:04:57.931] [INFO ]     ├─ NETWORK ────────────────────────────────────────────────────┤
[21:04:57.931] [INFO ]     │ Proxy:       Direct (no proxy)
[21:04:57.931] [INFO ]     │ Referrer:    https://news.google.com/
[21:04:57.931] [INFO ]     └──────────────────────────────────────────────────────────────┘
[21:04:57.931] [INFO ] ╚══════════════════════════════════════════════════════════════════════════╝
[21:04:57.931] [INFO ] 🛡️ Injected anti-detection scripts at context level
[21:04:57.931] [DEBUG]    └─ Canvas noise, WebGL spoof, Browser patches
[21:04:57.931] [INFO ] 
[21:04:57.931] [INFO ]     🛡️ ANTI-DETECTION SCRIPTS INJECTED (CONTEXT level)
[21:04:57.931] [INFO ]     ├─ Canvas fingerprint noise
[21:04:57.931] [INFO ]     ├─ WebGL renderer/vendor spoof
[21:04:57.931] [INFO ]     ├─ Hardware concurrency randomization
[21:04:57.931] [INFO ]     ├─ Device memory randomization
[21:04:57.931] [INFO ]     ├─ Plugin masking
[21:04:57.931] [INFO ]     ├─ WebRTC IP leak protection
[21:04:57.931] [INFO ]     ├─ Network connection spoof
[21:04:57.931] [INFO ]     └─ Battery API spoof
[21:04:57.972] [INFO ] 
[21:04:57.972] [INFO ]     🥷 STEALTH MODE APPLIED
[21:04:57.972] [INFO ]     ├─ Navigator patches (webdriver, plugins, languages)
[21:04:57.972] [INFO ]     ├─ Chrome runtime patches
[21:04:57.972] [INFO ]     ├─ Console patches
[21:04:57.972] [INFO ]     └─ Permission patches
[21:04:57.972] [INFO ] 🛡️ Injected anti-detection scripts at page level
[21:04:57.972] [DEBUG]    └─ Canvas noise, WebGL spoof, Browser patches
[21:04:57.972] [INFO ] 
[21:04:57.972] [INFO ]     🛡️ ANTI-DETECTION SCRIPTS INJECTED (PAGE level)
[21:04:57.972] [INFO ]     ├─ Canvas fingerprint noise
[21:04:57.972] [INFO ]     ├─ WebGL renderer/vendor spoof
[21:04:57.972] [INFO ]     ├─ Hardware concurrency randomization
[21:04:57.972] [INFO ]     ├─ Device memory randomization
[21:04:57.972] [INFO ]     ├─ Plugin masking
[21:04:57.972] [INFO ]     ├─ WebRTC IP leak protection
[21:04:57.972] [INFO ]     ├─ Network connection spoof
[21:04:57.972] [INFO ]     └─ Battery API spoof
[21:04:57.972] [DEBUG] Enabled resource blocking (images, media, fonts)
[21:04:57.972] [INFO ] 
[21:04:57.972] [INFO ]     🔗 NAVIGATING TO URL
[21:04:57.972] [INFO ]     ├─ Strategy:   domcontentloaded
[21:04:57.972] [INFO ]     ├─ Timeout:    15.0s
[21:04:57.972] [INFO ]     └─ Sleep:      1s after load
[21:04:58.729] [INFO ] 
[21:04:58.729] [INFO ]     ✅ PAGE LOADED
[21:04:58.729] [INFO ]     ├─ Final URL:  https://protech-consulting.org/cgi-sys/suspendedpage.cgi
[21:04:58.729] [INFO ]     ├─ Title:      Account Suspended
[21:04:58.729] [INFO ]     └─ Load Time:  0.76s
[21:04:59.895] [INFO ] 🧑 Human behavior simulation...
[21:05:02.165] [INFO ] 🖱️ Mouse: 1 moves in 1536x864
[21:05:02.165] [INFO ] 🖱️ Mouse completed: 1 moves
[21:05:02.165] [INFO ] 📜 Scroll: page height, viewport=864px
[21:05:02.165] [INFO ] 📜 Scroll completed: 1 scrolls
[21:05:02.165] [INFO ] 🧑 Human behavior completed in 2.3s ✓
[21:05:02.165] [INFO ] 
[21:05:02.166] [INFO ]     🧑 HUMAN BEHAVIOR SIMULATED
[21:05:02.166] [INFO ]     ├─ Mouse Movements: 1
[21:05:02.166] [INFO ]     ├─ Scroll Actions:  1
[21:05:02.166] [INFO ]     └─ Time Spent:      2.27s
[21:05:09.665] [INFO ] 
[21:05:09.665] [INFO ]     🚀 BROWSER LAUNCHED
[21:05:09.665] [INFO ]     ├─ Mode:       Headless
[21:05:09.665] [INFO ]     ├─ Slow Mo:    42ms
[21:05:09.665] [INFO ]     ├─ Launch Time: 0.06s
[21:05:09.665] [INFO ]     └─ Args:       Anti-automation flags enabled
[21:05:09.681] [DEBUG] Browser profile: viewport={'width': 2560, 'height': 1440}, locale=en-CA, tz=UTC
[21:05:09.681] [INFO ] 
[21:05:09.681] [INFO ] ╔══════════════════════════════════════════════════════════════════════════╗
[21:05:09.681] [INFO ] ║  📋 SESSION: SCRAPE_20260129_210457_0230
[21:05:09.681] [INFO ] ║  🌐 URL: https://protech-consulting.org/cloud-solution-providers-aws-azure-in-egypt/
[21:05:09.681] [INFO ] ║  🔄 ATTEMPT: 2/2
[21:05:09.681] [INFO ] ║  ⏰ STARTED: 2026-01-29T21:05:09.681760+02:00 (Egypt Time)
[21:05:09.681] [INFO ] ╠══════════════════════════════════════════════════════════════════════════╣
[21:05:09.681] [INFO ] 
[21:05:09.681] [INFO ]     ┌─ BROWSER FINGERPRINT ────────────────────────────────────────┐
[21:05:09.681] [INFO ]     │ Browser:     CHROME v121
[21:05:09.681] [INFO ]     │ User-Agent:  Mozilla/5.0 (Windows NT 10.0; Win64; x64) AppleWebKit/537.36 (KHTML, l...
[21:05:09.681] [INFO ]     │ Viewport:    2560x1440
[21:05:09.681] [INFO ]     │ Sec-CH-UA:   (not applicable)...
[21:05:09.681] [INFO ]     ├─ LOCATION PROFILE ───────────────────────────────────────────┤
[21:05:09.681] [INFO ]     │ Location:    Toronto, Canada
[21:05:09.681] [INFO ]     │ Timezone:    N/A
[21:05:09.681] [INFO ]     │ Locale:      en-CA
[21:05:09.681] [INFO ]     │ Geo:         0, 0
[21:05:09.681] [INFO ]     ├─ NETWORK ────────────────────────────────────────────────────┤
[21:05:09.681] [INFO ]     │ Proxy:       Direct (no proxy)
[21:05:09.681] [INFO ]     │ Referrer:    https://www.facebook.com/
[21:05:09.681] [INFO ]     └──────────────────────────────────────────────────────────────┘
[21:05:09.681] [INFO ] ╚══════════════════════════════════════════════════════════════════════════╝
[21:05:09.681] [INFO ] 🛡️ Injected anti-detection scripts at context level
[21:05:09.681] [DEBUG]    └─ Canvas noise, WebGL spoof, Browser patches
[21:05:09.681] [INFO ] 
[21:05:09.681] [INFO ]     🛡️ ANTI-DETECTION SCRIPTS INJECTED (CONTEXT level)
[21:05:09.681] [INFO ]     ├─ Canvas fingerprint noise
[21:05:09.681] [INFO ]     ├─ WebGL renderer/vendor spoof
[21:05:09.681] [INFO ]     ├─ Hardware concurrency randomization
[21:05:09.681] [INFO ]     ├─ Device memory randomization
[21:05:09.681] [INFO ]     ├─ Plugin masking
[21:05:09.681] [INFO ]     ├─ WebRTC IP leak protection
[21:05:09.681] [INFO ]     ├─ Network connection spoof
[21:05:09.681] [INFO ]     └─ Battery API spoof
[21:05:09.724] [INFO ] 
[21:05:09.724] [INFO ]     🥷 STEALTH MODE APPLIED
[21:05:09.724] [INFO ]     ├─ Navigator patches (webdriver, plugins, languages)
[21:05:09.724] [INFO ]     ├─ Chrome runtime patches
[21:05:09.724] [INFO ]     ├─ Console patches
[21:05:09.724] [INFO ]     └─ Permission patches
[21:05:09.724] [INFO ] 🛡️ Injected anti-detection scripts at page level
[21:05:09.724] [DEBUG]    └─ Canvas noise, WebGL spoof, Browser patches
[21:05:09.724] [INFO ] 
[21:05:09.724] [INFO ]     🛡️ ANTI-DETECTION SCRIPTS INJECTED (PAGE level)
[21:05:09.724] [INFO ]     ├─ Canvas fingerprint noise
[21:05:09.724] [INFO ]     ├─ WebGL renderer/vendor spoof
[21:05:09.724] [INFO ]     ├─ Hardware concurrency randomization
[21:05:09.724] [INFO ]     ├─ Device memory randomization
[21:05:09.724] [INFO ]     ├─ Plugin masking
[21:05:09.724] [INFO ]     ├─ WebRTC IP leak protection
[21:05:09.724] [INFO ]     ├─ Network connection spoof
[21:05:09.724] [INFO ]     └─ Battery API spoof
[21:05:09.724] [DEBUG] Enabled resource blocking (images, media, fonts)
[21:05:09.724] [INFO ] 
[21:05:09.724] [INFO ]     🔗 NAVIGATING TO URL
[21:05:09.724] [INFO ]     ├─ Strategy:   domcontentloaded
[21:05:09.724] [INFO ]     ├─ Timeout:    15.0s
[21:05:09.724] [INFO ]     └─ Sleep:      1s after load
[21:05:10.463] [INFO ] 
[21:05:10.463] [INFO ]     ✅ PAGE LOADED
[21:05:10.463] [INFO ]     ├─ Final URL:  https://protech-consulting.org/cgi-sys/suspendedpage.cgi
[21:05:10.463] [INFO ]     ├─ Title:      Account Suspended
[21:05:10.463] [INFO ]     └─ Load Time:  0.74s
[21:05:11.618] [INFO ] 🧑 Human behavior simulation...
[21:05:16.441] [INFO ] 🖱️ Mouse: 3 moves in 2560x1440
[21:05:16.441] [INFO ] 🖱️ Mouse completed: 3 moves
[21:05:16.441] [INFO ] 📜 Scroll: page height, viewport=1440px
[21:05:16.441] [INFO ] 📜 Scroll completed: 3 scrolls
[21:05:16.441] [INFO ] 🧑 Human behavior completed in 4.8s ✓
[21:05:16.441] [INFO ] 
[21:05:16.441] [INFO ]     🧑 HUMAN BEHAVIOR SIMULATED
[21:05:16.441] [INFO ]     ├─ Mouse Movements: 3
[21:05:16.441] [INFO ]     ├─ Scroll Actions:  3
[21:05:16.441] [INFO ]     └─ Time Spent:      4.82s
[21:05:16.498] [INFO ] 
[21:05:16.498] [INFO ] ╔══════════════════════════════════════════════════════════════════════════╗
[21:05:16.498] [INFO ] ║  ❌ SCRAPE FAILED - SCRAPE_20260129_210457_0230
[21:05:16.498] [INFO ] ╠══════════════════════════════════════════════════════════════════════════╣
[21:05:16.498] [INFO ] 
[21:05:16.498] [INFO ]     ┌─ FAILURE SUMMARY ────────────────────────────────────────────┐
[21:05:16.498] [INFO ]     │ URL:              https://protech-consulting.org/cloud-solution-providers
[21:05:16.498] [INFO ]     │ Error Type:       unknown
[21:05:16.498] [INFO ]     │ Likely Ban:       ❌ No
[21:05:16.498] [INFO ]     │ Retries Used:     2
[21:05:16.498] [INFO ]     │
[21:05:16.498] [INFO ]     │ Error Message:
[21:05:16.498] [INFO ]     │   Failed after 2 attempts. Last error: Unknown error
[21:05:16.498] [INFO ]     └──────────────────────────────────────────────────────────────┘
[21:05:16.498] [INFO ] 
[21:05:16.498] [INFO ]     ┌─ TIMING AT FAILURE ──────────────────────────────────────────┐
[21:05:16.498] [INFO ]     │ Browser Launch:     0.06s
[21:05:16.498] [INFO ]     │ Page Load:          0.74s
[21:05:16.498] [INFO ]     │ Cloudflare Wait:    0.00s
[21:05:16.498] [INFO ]     │ Human Simulation:   4.82s
[21:05:16.498] [INFO ]     │ ─────────────────────────────────────────────────────────────
[21:05:16.498] [INFO ]     │ FAILED AT:          5.62s
[21:05:16.498] [INFO ]     └──────────────────────────────────────────────────────────────┘
[21:05:16.498] [INFO ] 
[21:05:16.498] [INFO ] ╚══════════════════════════════════════════════════════════════════════════╝
[21:05:16.498] [INFO ] 

================================================================================
STATUS: FAILED
TOTAL TIME: 18.94s
ENDED: 2026-01-29T21:05:16.498659+02:00 (Egypt Time)
END OF SCRAPE LOG
================================================================================