================================================================================
SCRAPE LOG: https://www.linkedin.com/pulse/fintech-licensing-egypt-new-frontier-real-estate-construction-wyhmf
Started: 2026-01-26 11:54:47
Session ID: SCRAPE_20260126_115447_3E3F
================================================================================
[11:54:47.458] [INFO ] 📝 Scrape log: /app/data/logs/scrapes/2026-01-26_115447_linkedin.com.log
[11:54:47.458] [DEBUG] ⏱️ Timeout set to 45s for this scrape
[11:54:47.798] [INFO ] 
[11:54:47.798] [INFO ]     🚀 BROWSER LAUNCHED
[11:54:47.798] [INFO ]     ├─ Mode:       Headless
[11:54:47.798] [INFO ]     ├─ Slow Mo:    50ms
[11:54:47.798] [INFO ]     ├─ Launch Time: 0.05s
[11:54:47.798] [INFO ]     └─ Args:       Anti-automation flags enabled
[11:54:47.821] [DEBUG] Browser profile: viewport={'width': 1440, 'height': 900}, locale=en-US, tz=UTC
[11:54:47.821] [INFO ] 
[11:54:47.821] [INFO ] ╔══════════════════════════════════════════════════════════════════════════╗
[11:54:47.821] [INFO ] ║  📋 SESSION: SCRAPE_20260126_115447_3E3F
[11:54:47.821] [INFO ] ║  🌐 URL: https://www.linkedin.com/pulse/fintech-licensing-egypt-new-frontier-real-estate-construction-wyhmf
[11:54:47.821] [INFO ] ║  🔄 ATTEMPT: 1/2
[11:54:47.821] [INFO ] ║  ⏰ STARTED: 2026-01-26T11:54:47.821097+02:00 (Egypt Time)
[11:54:47.821] [INFO ] ╠══════════════════════════════════════════════════════════════════════════╣
[11:54:47.821] [INFO ] 
[11:54:47.821] [INFO ]     ┌─ BROWSER FINGERPRINT ────────────────────────────────────────┐
[11:54:47.821] [INFO ]     │ Browser:     CHROME v121
[11:54:47.821] [INFO ]     │ User-Agent:  Mozilla/5.0 (Macintosh; Intel Mac OS X 14_1) AppleWebKit/537.36 (KHTML...
[11:54:47.821] [INFO ]     │ Viewport:    1440x900
[11:54:47.821] [INFO ]     │ Sec-CH-UA:   (not applicable)...
[11:54:47.821] [INFO ]     ├─ LOCATION PROFILE ───────────────────────────────────────────┤
[11:54:47.821] [INFO ]     │ Location:    Seattle, USA
[11:54:47.821] [INFO ]     │ Timezone:    N/A
[11:54:47.821] [INFO ]     │ Locale:      en-US
[11:54:47.821] [INFO ]     │ Geo:         0, 0
[11:54:47.821] [INFO ]     ├─ NETWORK ────────────────────────────────────────────────────┤
[11:54:47.821] [INFO ]     │ Proxy:       Direct (no proxy)
[11:54:47.821] [INFO ]     │ Referrer:    https://www.google.com/search?q=www+linkedin+com
[11:54:47.821] [INFO ]     └──────────────────────────────────────────────────────────────┘
[11:54:47.821] [INFO ] ╚══════════════════════════════════════════════════════════════════════════╝
[11:54:47.821] [INFO ] 🛡️ Injected anti-detection scripts at context level
[11:54:47.821] [DEBUG]    └─ Canvas noise, WebGL spoof, Browser patches
[11:54:47.821] [INFO ] 
[11:54:47.821] [INFO ]     🛡️ ANTI-DETECTION SCRIPTS INJECTED (CONTEXT level)
[11:54:47.821] [INFO ]     ├─ Canvas fingerprint noise
[11:54:47.821] [INFO ]     ├─ WebGL renderer/vendor spoof
[11:54:47.821] [INFO ]     ├─ Hardware concurrency randomization
[11:54:47.821] [INFO ]     ├─ Device memory randomization
[11:54:47.821] [INFO ]     ├─ Plugin masking
[11:54:47.821] [INFO ]     ├─ WebRTC IP leak protection
[11:54:47.821] [INFO ]     ├─ Network connection spoof
[11:54:47.821] [INFO ]     └─ Battery API spoof
[11:54:47.862] [INFO ] 
[11:54:47.862] [INFO ]     🥷 STEALTH MODE APPLIED
[11:54:47.862] [INFO ]     ├─ Navigator patches (webdriver, plugins, languages)
[11:54:47.862] [INFO ]     ├─ Chrome runtime patches
[11:54:47.862] [INFO ]     ├─ Console patches
[11:54:47.862] [INFO ]     └─ Permission patches
[11:54:47.862] [INFO ] 🛡️ Injected anti-detection scripts at page level
[11:54:47.862] [DEBUG]    └─ Canvas noise, WebGL spoof, Browser patches
[11:54:47.862] [INFO ] 
[11:54:47.862] [INFO ]     🛡️ ANTI-DETECTION SCRIPTS INJECTED (PAGE level)
[11:54:47.862] [INFO ]     ├─ Canvas fingerprint noise
[11:54:47.862] [INFO ]     ├─ WebGL renderer/vendor spoof
[11:54:47.862] [INFO ]     ├─ Hardware concurrency randomization
[11:54:47.862] [INFO ]     ├─ Device memory randomization
[11:54:47.862] [INFO ]     ├─ Plugin masking
[11:54:47.862] [INFO ]     ├─ WebRTC IP leak protection
[11:54:47.862] [INFO ]     ├─ Network connection spoof
[11:54:47.862] [INFO ]     └─ Battery API spoof
[11:54:47.863] [DEBUG] Enabled resource blocking (images, media, fonts)
[11:54:47.863] [INFO ] 
[11:54:47.863] [INFO ]     🔗 NAVIGATING TO URL
[11:54:47.863] [INFO ]     ├─ Strategy:   domcontentloaded
[11:54:47.863] [INFO ]     ├─ Timeout:    15.0s
[11:54:47.863] [INFO ]     └─ Sleep:      1s after load
[11:54:48.754] [INFO ] 
[11:54:48.754] [INFO ]     ✅ PAGE LOADED
[11:54:48.754] [INFO ]     ├─ Final URL:  https://www.linkedin.com/pulse/fintech-licensing-egypt-new-frontier-real-estate-construction-wyhmf
[11:54:48.754] [INFO ]     ├─ Title:      Fintech Licensing in Egypt: A New Frontier for Real Estate and Construction Financing
[11:54:48.754] [INFO ]     └─ Load Time:  0.89s
[11:54:50.022] [INFO ] 🧑 Human behavior simulation...
[11:54:53.655] [INFO ] 🖱️ Mouse: 2 moves in 1440x900
[11:54:53.655] [INFO ] 🖱️ Mouse completed: 2 moves
[11:54:53.655] [INFO ] 📜 Scroll: page height, viewport=900px
[11:54:53.655] [INFO ] 📜 Scroll completed: 2 scrolls
[11:54:53.655] [INFO ] 🧑 Human behavior completed in 3.6s ✓
[11:54:53.655] [INFO ] 
[11:54:53.655] [INFO ]     🧑 HUMAN BEHAVIOR SIMULATED
[11:54:53.655] [INFO ]     ├─ Mouse Movements: 2
[11:54:53.655] [INFO ]     ├─ Scroll Actions:  2
[11:54:53.655] [INFO ]     └─ Time Spent:      3.63s
[11:54:53.786] [INFO ] 
[11:54:53.786] [INFO ]     ┌─ CONTENT METRICS ────────────────────────────────────────────┐
[11:54:53.786] [INFO ]     │ Title:            Fintech Licensing in Egypt: A New Frontier for Rea
[11:54:53.786] [INFO ]     │ Final URL:        https://www.linkedin.com/pulse/fintech-licensing-egypt-new-frontier-real-estate-construction-wyhmf
[11:54:53.786] [INFO ]     │ HTML Size:        208,740 bytes
[11:54:53.786] [INFO ]     │ Text Size:        7,744 chars
[11:54:53.786] [INFO ]     │ Word Count:       ~1130 words
[11:54:53.786] [INFO ]     │ Extraction:       trafilatura
[11:54:53.786] [INFO ]     │ Has Article:      ✅ Yes
[11:54:53.786] [INFO ]     └──────────────────────────────────────────────────────────────┘
[11:54:53.810] [INFO ] 
[11:54:53.810] [INFO ] ╔══════════════════════════════════════════════════════════════════════════╗
[11:54:53.810] [INFO ] ║  ✅ SCRAPE SUCCESSFUL - SCRAPE_20260126_115447_3E3F
[11:54:53.810] [INFO ] ╠══════════════════════════════════════════════════════════════════════════╣
[11:54:53.810] [INFO ] 
[11:54:53.810] [INFO ]     ┌─ TIMING BREAKDOWN ───────────────────────────────────────────┐
[11:54:53.810] [INFO ]     │ Browser Launch:      0.05s
[11:54:53.810] [INFO ]     │ Page Load:           0.89s
[11:54:53.810] [INFO ]     │ Cloudflare Wait:     0.00s
[11:54:53.810] [INFO ]     │ Human Simulation:    3.63s
[11:54:53.810] [INFO ]     │
[11:54:53.810] [INFO ]     │ Content Extraction:  0.08s
[11:54:53.810] [INFO ]     │ ─────────────────────────────────────────────────────────────
[11:54:53.810] [INFO ]     │ TOTAL TIME:          4.66s
[11:54:53.810] [INFO ]     └──────────────────────────────────────────────────────────────┘
[11:54:53.810] [INFO ] 
[11:54:53.810] [INFO ]     ┌─ CONTENT METRICS ────────────────────────────────────────────┐
[11:54:53.810] [INFO ]     │ Title:            Fintech Licensing in Egypt: A New Frontier for Rea
[11:54:53.810] [INFO ]     │ Final URL:        https://www.linkedin.com/pulse/fintech-licensing-egypt-new-frontier-real-estate-construction-wyhmf
[11:54:53.810] [INFO ]     │ HTML Size:        208,740 bytes
[11:54:53.810] [INFO ]     │ Text Size:        7,744 chars
[11:54:53.810] [INFO ]     │ Word Count:       ~1130 words
[11:54:53.810] [INFO ]     │ Extraction:       trafilatura
[11:54:53.810] [INFO ]     │ Has Article:      ✅ Yes
[11:54:53.810] [INFO ]     └──────────────────────────────────────────────────────────────┘
[11:54:53.810] [INFO ] ╠══════════════════════════════════════════════════════════════════════════╣
[11:54:53.810] [INFO ] ║  📊 SESSION STATS
[11:54:53.810] [INFO ] ║  ├─ Strategies Tried:   domcontentloaded
[11:54:53.810] [INFO ] ║  ├─ Popups Dismissed:   0
[11:54:53.810] [INFO ] ║  ├─ Cloudflare:         Not detected
[11:54:53.810] [INFO ] ║  └─ Proxy Used:         Direct
[11:54:53.810] [INFO ] ╚══════════════════════════════════════════════════════════════════════════╝
[11:54:53.810] [INFO ] 

================================================================================
STATUS: SUCCESS
TOTAL TIME: 6.35s
ENDED: 2026-01-26T11:54:53.810685+02:00 (Egypt Time)
END OF SCRAPE LOG
================================================================================