================================================================================
SCRAPE LOG: https://www.kenresearch.com/egypt-cybersecurity-and-mssp-market
Started: 2026-01-29 22:05:58
Session ID: SCRAPE_20260129_220558_33EA
================================================================================
[22:05:58.616] [INFO ] 📝 Scrape log: /app/data/logs/scrapes/2026-01-29_220558_kenresearch.com.log
[22:05:58.616] [DEBUG] ⏱️ Timeout set to 45s for this scrape
[22:05:58.959] [INFO ] 
[22:05:58.959] [INFO ]     🚀 BROWSER LAUNCHED
[22:05:58.959] [INFO ]     ├─ Mode:       Headless
[22:05:58.959] [INFO ]     ├─ Slow Mo:    48ms
[22:05:58.959] [INFO ]     ├─ Launch Time: 0.06s
[22:05:58.959] [INFO ]     └─ Args:       Anti-automation flags enabled
[22:05:58.979] [DEBUG] Browser profile: viewport={'width': 1728, 'height': 1117}, locale=en-SG, tz=UTC
[22:05:58.979] [INFO ] 
[22:05:58.979] [INFO ] ╔══════════════════════════════════════════════════════════════════════════╗
[22:05:58.979] [INFO ] ║  📋 SESSION: SCRAPE_20260129_220558_33EA
[22:05:58.979] [INFO ] ║  🌐 URL: https://www.kenresearch.com/egypt-cybersecurity-and-mssp-market
[22:05:58.979] [INFO ] ║  🔄 ATTEMPT: 1/2
[22:05:58.979] [INFO ] ║  ⏰ STARTED: 2026-01-29T22:05:58.979084+02:00 (Egypt Time)
[22:05:58.979] [INFO ] ╠══════════════════════════════════════════════════════════════════════════╣
[22:05:58.979] [INFO ] 
[22:05:58.979] [INFO ]     ┌─ BROWSER FINGERPRINT ────────────────────────────────────────┐
[22:05:58.979] [INFO ]     │ Browser:     CHROME v120
[22:05:58.979] [INFO ]     │ User-Agent:  Mozilla/5.0 (Macintosh; Intel Mac OS X 10_15_7) AppleWebKit/537.36 (KH...
[22:05:58.979] [INFO ]     │ Viewport:    1728x1117
[22:05:58.979] [INFO ]     │ Sec-CH-UA:   (not applicable)...
[22:05:58.979] [INFO ]     ├─ LOCATION PROFILE ───────────────────────────────────────────┤
[22:05:58.979] [INFO ]     │ Location:    Singapore
[22:05:58.979] [INFO ]     │ Timezone:    N/A
[22:05:58.979] [INFO ]     │ Locale:      en-SG
[22:05:58.979] [INFO ]     │ Geo:         0, 0
[22:05:58.979] [INFO ]     ├─ NETWORK ────────────────────────────────────────────────────┤
[22:05:58.979] [INFO ]     │ Proxy:       Direct (no proxy)
[22:05:58.979] [INFO ]     │ Referrer:    None
[22:05:58.979] [INFO ]     └──────────────────────────────────────────────────────────────┘
[22:05:58.979] [INFO ] ╚══════════════════════════════════════════════════════════════════════════╝
[22:05:58.979] [INFO ] 🛡️ Injected anti-detection scripts at context level
[22:05:58.979] [DEBUG]    └─ Canvas noise, WebGL spoof, Browser patches
[22:05:58.979] [INFO ] 
[22:05:58.979] [INFO ]     🛡️ ANTI-DETECTION SCRIPTS INJECTED (CONTEXT level)
[22:05:58.979] [INFO ]     ├─ Canvas fingerprint noise
[22:05:58.979] [INFO ]     ├─ WebGL renderer/vendor spoof
[22:05:58.979] [INFO ]     ├─ Hardware concurrency randomization
[22:05:58.979] [INFO ]     ├─ Device memory randomization
[22:05:58.979] [INFO ]     ├─ Plugin masking
[22:05:58.979] [INFO ]     ├─ WebRTC IP leak protection
[22:05:58.979] [INFO ]     ├─ Network connection spoof
[22:05:58.979] [INFO ]     └─ Battery API spoof
[22:05:59.020] [INFO ] 
[22:05:59.020] [INFO ]     🥷 STEALTH MODE APPLIED
[22:05:59.020] [INFO ]     ├─ Navigator patches (webdriver, plugins, languages)
[22:05:59.020] [INFO ]     ├─ Chrome runtime patches
[22:05:59.020] [INFO ]     ├─ Console patches
[22:05:59.020] [INFO ]     └─ Permission patches
[22:05:59.020] [INFO ] 🛡️ Injected anti-detection scripts at page level
[22:05:59.020] [DEBUG]    └─ Canvas noise, WebGL spoof, Browser patches
[22:05:59.020] [INFO ] 
[22:05:59.020] [INFO ]     🛡️ ANTI-DETECTION SCRIPTS INJECTED (PAGE level)
[22:05:59.020] [INFO ]     ├─ Canvas fingerprint noise
[22:05:59.020] [INFO ]     ├─ WebGL renderer/vendor spoof
[22:05:59.020] [INFO ]     ├─ Hardware concurrency randomization
[22:05:59.020] [INFO ]     ├─ Device memory randomization
[22:05:59.020] [INFO ]     ├─ Plugin masking
[22:05:59.020] [INFO ]     ├─ WebRTC IP leak protection
[22:05:59.020] [INFO ]     ├─ Network connection spoof
[22:05:59.020] [INFO ]     └─ Battery API spoof
[22:05:59.020] [DEBUG] Enabled resource blocking (images, media, fonts)
[22:05:59.020] [INFO ] 
[22:05:59.020] [INFO ]     🔗 NAVIGATING TO URL
[22:05:59.020] [INFO ]     ├─ Strategy:   domcontentloaded
[22:05:59.020] [INFO ]     ├─ Timeout:    15.0s
[22:05:59.020] [INFO ]     └─ Sleep:      1s after load
[22:06:00.359] [INFO ] 
[22:06:00.359] [INFO ]     ✅ PAGE LOADED
[22:06:00.359] [INFO ]     ├─ Final URL:  https://www.kenresearch.com/egypt-cybersecurity-and-mssp-market
[22:06:00.359] [INFO ]     ├─ Title:      Egypt Cybersecurity Market | 2019 – 2030 | Ken Research
[22:06:00.359] [INFO ]     └─ Load Time:  1.34s
[22:06:01.634] [INFO ] 🧑 Human behavior simulation...
[22:06:06.232] [INFO ] 🖱️ Mouse: 2 moves in 1728x1117
[22:06:06.232] [INFO ] 🖱️ Mouse completed: 2 moves
[22:06:06.232] [INFO ] 📜 Scroll: page height, viewport=1117px
[22:06:06.232] [INFO ] 📜 Scroll completed: 3 scrolls
[22:06:06.232] [INFO ] 🧑 Human behavior completed in 4.6s ✓
[22:06:06.232] [INFO ] 
[22:06:06.233] [INFO ]     🧑 HUMAN BEHAVIOR SIMULATED
[22:06:06.233] [INFO ]     ├─ Mouse Movements: 2
[22:06:06.233] [INFO ]     ├─ Scroll Actions:  3
[22:06:06.233] [INFO ]     └─ Time Spent:      4.60s
[22:06:12.897] [INFO ] 
[22:06:12.897] [INFO ]     🚀 BROWSER LAUNCHED
[22:06:12.897] [INFO ]     ├─ Mode:       Headless
[22:06:12.897] [INFO ]     ├─ Slow Mo:    47ms
[22:06:12.897] [INFO ]     ├─ Launch Time: 0.05s
[22:06:12.897] [INFO ]     └─ Args:       Anti-automation flags enabled
[22:06:12.915] [DEBUG] Browser profile: viewport={'width': 1920, 'height': 1080}, locale=en-GB, tz=UTC
[22:06:12.915] [INFO ] 
[22:06:12.915] [INFO ] ╔══════════════════════════════════════════════════════════════════════════╗
[22:06:12.915] [INFO ] ║  📋 SESSION: SCRAPE_20260129_220558_33EA
[22:06:12.915] [INFO ] ║  🌐 URL: https://www.kenresearch.com/egypt-cybersecurity-and-mssp-market
[22:06:12.915] [INFO ] ║  🔄 ATTEMPT: 2/2
[22:06:12.915] [INFO ] ║  ⏰ STARTED: 2026-01-29T22:06:12.915779+02:00 (Egypt Time)
[22:06:12.915] [INFO ] ╠══════════════════════════════════════════════════════════════════════════╣
[22:06:12.915] [INFO ] 
[22:06:12.915] [INFO ]     ┌─ BROWSER FINGERPRINT ────────────────────────────────────────┐
[22:06:12.915] [INFO ]     │ Browser:     CHROME v120
[22:06:12.915] [INFO ]     │ User-Agent:  Mozilla/5.0 (X11; Ubuntu; Linux x86_64) AppleWebKit/537.36 (KHTML, lik...
[22:06:12.915] [INFO ]     │ Viewport:    1920x1080
[22:06:12.915] [INFO ]     │ Sec-CH-UA:   (not applicable)...
[22:06:12.915] [INFO ]     ├─ LOCATION PROFILE ───────────────────────────────────────────┤
[22:06:12.915] [INFO ]     │ Location:    London, UK
[22:06:12.915] [INFO ]     │ Timezone:    N/A
[22:06:12.915] [INFO ]     │ Locale:      en-GB
[22:06:12.915] [INFO ]     │ Geo:         0, 0
[22:06:12.915] [INFO ]     ├─ NETWORK ────────────────────────────────────────────────────┤
[22:06:12.915] [INFO ]     │ Proxy:       Direct (no proxy)
[22:06:12.915] [INFO ]     │ Referrer:    https://www.google.com/
[22:06:12.915] [INFO ]     └──────────────────────────────────────────────────────────────┘
[22:06:12.915] [INFO ] ╚══════════════════════════════════════════════════════════════════════════╝
[22:06:12.915] [INFO ] 🛡️ Injected anti-detection scripts at context level
[22:06:12.915] [DEBUG]    └─ Canvas noise, WebGL spoof, Browser patches
[22:06:12.915] [INFO ] 
[22:06:12.915] [INFO ]     🛡️ ANTI-DETECTION SCRIPTS INJECTED (CONTEXT level)
[22:06:12.915] [INFO ]     ├─ Canvas fingerprint noise
[22:06:12.915] [INFO ]     ├─ WebGL renderer/vendor spoof
[22:06:12.915] [INFO ]     ├─ Hardware concurrency randomization
[22:06:12.915] [INFO ]     ├─ Device memory randomization
[22:06:12.915] [INFO ]     ├─ Plugin masking
[22:06:12.915] [INFO ]     ├─ WebRTC IP leak protection
[22:06:12.915] [INFO ]     ├─ Network connection spoof
[22:06:12.915] [INFO ]     └─ Battery API spoof
[22:06:12.956] [INFO ] 
[22:06:12.956] [INFO ]     🥷 STEALTH MODE APPLIED
[22:06:12.956] [INFO ]     ├─ Navigator patches (webdriver, plugins, languages)
[22:06:12.956] [INFO ]     ├─ Chrome runtime patches
[22:06:12.956] [INFO ]     ├─ Console patches
[22:06:12.956] [INFO ]     └─ Permission patches
[22:06:12.956] [INFO ] 🛡️ Injected anti-detection scripts at page level
[22:06:12.956] [DEBUG]    └─ Canvas noise, WebGL spoof, Browser patches
[22:06:12.956] [INFO ] 
[22:06:12.956] [INFO ]     🛡️ ANTI-DETECTION SCRIPTS INJECTED (PAGE level)
[22:06:12.956] [INFO ]     ├─ Canvas fingerprint noise
[22:06:12.956] [INFO ]     ├─ WebGL renderer/vendor spoof
[22:06:12.956] [INFO ]     ├─ Hardware concurrency randomization
[22:06:12.956] [INFO ]     ├─ Device memory randomization
[22:06:12.956] [INFO ]     ├─ Plugin masking
[22:06:12.956] [INFO ]     ├─ WebRTC IP leak protection
[22:06:12.956] [INFO ]     ├─ Network connection spoof
[22:06:12.956] [INFO ]     └─ Battery API spoof
[22:06:12.956] [DEBUG] Enabled resource blocking (images, media, fonts)
[22:06:12.956] [INFO ] 
[22:06:12.956] [INFO ]     🔗 NAVIGATING TO URL
[22:06:12.956] [INFO ]     ├─ Strategy:   domcontentloaded
[22:06:12.956] [INFO ]     ├─ Timeout:    15.0s
[22:06:12.956] [INFO ]     └─ Sleep:      1s after load
[22:06:13.960] [INFO ] 
[22:06:13.960] [INFO ]     ✅ PAGE LOADED
[22:06:13.960] [INFO ]     ├─ Final URL:  https://www.kenresearch.com/egypt-cybersecurity-and-mssp-market
[22:06:13.960] [INFO ]     ├─ Title:      Egypt Cybersecurity Market | 2019 – 2030 | Ken Research
[22:06:13.960] [INFO ]     └─ Load Time:  1.00s
[22:06:15.233] [INFO ] 🧑 Human behavior simulation...
[22:06:17.976] [INFO ] 🖱️ Mouse: 1 moves in 1920x1080
[22:06:17.976] [INFO ] 🖱️ Mouse completed: 1 moves
[22:06:17.976] [INFO ] 📜 Scroll: page height, viewport=1080px
[22:06:17.976] [INFO ] 📜 Scroll completed: 2 scrolls
[22:06:17.976] [INFO ] 🧑 Human behavior completed in 2.7s ✓
[22:06:17.976] [INFO ] 
[22:06:17.976] [INFO ]     🧑 HUMAN BEHAVIOR SIMULATED
[22:06:17.976] [INFO ]     ├─ Mouse Movements: 1
[22:06:17.976] [INFO ]     ├─ Scroll Actions:  2
[22:06:17.976] [INFO ]     └─ Time Spent:      2.74s
[22:06:18.145] [INFO ] 
[22:06:18.145] [INFO ] ╔══════════════════════════════════════════════════════════════════════════╗
[22:06:18.145] [INFO ] ║  ❌ SCRAPE FAILED - SCRAPE_20260129_220558_33EA
[22:06:18.145] [INFO ] ╠══════════════════════════════════════════════════════════════════════════╣
[22:06:18.145] [INFO ] 
[22:06:18.145] [INFO ]     ┌─ FAILURE SUMMARY ────────────────────────────────────────────┐
[22:06:18.145] [INFO ]     │ URL:              https://www.kenresearch.com/egypt-cybersecurity-and-mss
[22:06:18.145] [INFO ]     │ Error Type:       unknown
[22:06:18.145] [INFO ]     │ Likely Ban:       ❌ No
[22:06:18.145] [INFO ]     │ Retries Used:     2
[22:06:18.145] [INFO ]     │
[22:06:18.145] [INFO ]     │ Error Message:
[22:06:18.145] [INFO ]     │   Failed after 2 attempts. Last error: Unknown error
[22:06:18.145] [INFO ]     └──────────────────────────────────────────────────────────────┘
[22:06:18.145] [INFO ] 
[22:06:18.145] [INFO ]     ┌─ TIMING AT FAILURE ──────────────────────────────────────────┐
[22:06:18.145] [INFO ]     │ Browser Launch:     0.05s
[22:06:18.145] [INFO ]     │ Page Load:          1.00s
[22:06:18.145] [INFO ]     │ Cloudflare Wait:    0.00s
[22:06:18.145] [INFO ]     │ Human Simulation:   2.74s
[22:06:18.145] [INFO ]     │ ─────────────────────────────────────────────────────────────
[22:06:18.145] [INFO ]     │ FAILED AT:          3.80s
[22:06:18.145] [INFO ]     └──────────────────────────────────────────────────────────────┘
[22:06:18.145] [INFO ] 
[22:06:18.145] [INFO ] ╚══════════════════════════════════════════════════════════════════════════╝
[22:06:18.145] [INFO ] 

================================================================================
STATUS: FAILED
TOTAL TIME: 19.53s
ENDED: 2026-01-29T22:06:18.145880+02:00 (Egypt Time)
END OF SCRAPE LOG
================================================================================