================================================================================
SCRAPE LOG: https://www.dlapiperdataprotection.com/?t=law&c=EG
Started: 2026-01-29 16:23:15
Session ID: SCRAPE_20260129_162315_EF9F
================================================================================
[16:23:15.780] [INFO ] 📝 Scrape log: /app/data/logs/scrapes/2026-01-29_162315_dlapiperdataprotection.com.log
[16:23:15.780] [DEBUG] ⏱️ Timeout set to 45s for this scrape
[16:23:16.121] [INFO ] 
[16:23:16.121] [INFO ]     🚀 BROWSER LAUNCHED
[16:23:16.121] [INFO ]     ├─ Mode:       Headless
[16:23:16.121] [INFO ]     ├─ Slow Mo:    59ms
[16:23:16.121] [INFO ]     ├─ Launch Time: 0.06s
[16:23:16.121] [INFO ]     └─ Args:       Anti-automation flags enabled
[16:23:16.141] [DEBUG] Browser profile: viewport={'width': 1366, 'height': 768}, locale=en-IE, tz=UTC
[16:23:16.141] [INFO ] 
[16:23:16.141] [INFO ] ╔══════════════════════════════════════════════════════════════════════════╗
[16:23:16.142] [INFO ] ║  📋 SESSION: SCRAPE_20260129_162315_EF9F
[16:23:16.142] [INFO ] ║  🌐 URL: https://www.dlapiperdataprotection.com/?t=law&c=EG
[16:23:16.142] [INFO ] ║  🔄 ATTEMPT: 1/2
[16:23:16.142] [INFO ] ║  ⏰ STARTED: 2026-01-29T16:23:16.142018+02:00 (Egypt Time)
[16:23:16.142] [INFO ] ╠══════════════════════════════════════════════════════════════════════════╣
[16:23:16.142] [INFO ] 
[16:23:16.142] [INFO ]     ┌─ BROWSER FINGERPRINT ────────────────────────────────────────┐
[16:23:16.142] [INFO ]     │ Browser:     CHROME v122
[16:23:16.142] [INFO ]     │ User-Agent:  Mozilla/5.0 (X11; Linux x86_64) AppleWebKit/537.36 (KHTML, like Gecko)...
[16:23:16.142] [INFO ]     │ Viewport:    1366x768
[16:23:16.142] [INFO ]     │ Sec-CH-UA:   (not applicable)...
[16:23:16.142] [INFO ]     ├─ LOCATION PROFILE ───────────────────────────────────────────┤
[16:23:16.142] [INFO ]     │ Location:    Dublin, Ireland
[16:23:16.142] [INFO ]     │ Timezone:    N/A
[16:23:16.142] [INFO ]     │ Locale:      en-IE
[16:23:16.142] [INFO ]     │ Geo:         0, 0
[16:23:16.142] [INFO ]     ├─ NETWORK ────────────────────────────────────────────────────┤
[16:23:16.142] [INFO ]     │ Proxy:       Direct (no proxy)
[16:23:16.142] [INFO ]     │ Referrer:    None
[16:23:16.142] [INFO ]     └──────────────────────────────────────────────────────────────┘
[16:23:16.142] [INFO ] ╚══════════════════════════════════════════════════════════════════════════╝
[16:23:16.142] [INFO ] 🛡️ Injected anti-detection scripts at context level
[16:23:16.142] [DEBUG]    └─ Canvas noise, WebGL spoof, Browser patches
[16:23:16.142] [INFO ] 
[16:23:16.142] [INFO ]     🛡️ ANTI-DETECTION SCRIPTS INJECTED (CONTEXT level)
[16:23:16.142] [INFO ]     ├─ Canvas fingerprint noise
[16:23:16.142] [INFO ]     ├─ WebGL renderer/vendor spoof
[16:23:16.142] [INFO ]     ├─ Hardware concurrency randomization
[16:23:16.142] [INFO ]     ├─ Device memory randomization
[16:23:16.142] [INFO ]     ├─ Plugin masking
[16:23:16.142] [INFO ]     ├─ WebRTC IP leak protection
[16:23:16.142] [INFO ]     ├─ Network connection spoof
[16:23:16.142] [INFO ]     └─ Battery API spoof
[16:23:16.184] [INFO ] 
[16:23:16.184] [INFO ]     🥷 STEALTH MODE APPLIED
[16:23:16.184] [INFO ]     ├─ Navigator patches (webdriver, plugins, languages)
[16:23:16.184] [INFO ]     ├─ Chrome runtime patches
[16:23:16.184] [INFO ]     ├─ Console patches
[16:23:16.184] [INFO ]     └─ Permission patches
[16:23:16.184] [INFO ] 🛡️ Injected anti-detection scripts at page level
[16:23:16.184] [DEBUG]    └─ Canvas noise, WebGL spoof, Browser patches
[16:23:16.184] [INFO ] 
[16:23:16.184] [INFO ]     🛡️ ANTI-DETECTION SCRIPTS INJECTED (PAGE level)
[16:23:16.184] [INFO ]     ├─ Canvas fingerprint noise
[16:23:16.184] [INFO ]     ├─ WebGL renderer/vendor spoof
[16:23:16.184] [INFO ]     ├─ Hardware concurrency randomization
[16:23:16.184] [INFO ]     ├─ Device memory randomization
[16:23:16.184] [INFO ]     ├─ Plugin masking
[16:23:16.184] [INFO ]     ├─ WebRTC IP leak protection
[16:23:16.184] [INFO ]     ├─ Network connection spoof
[16:23:16.184] [INFO ]     └─ Battery API spoof
[16:23:16.184] [DEBUG] Enabled resource blocking (images, media, fonts)
[16:23:16.184] [INFO ] 
[16:23:16.184] [INFO ]     🔗 NAVIGATING TO URL
[16:23:16.184] [INFO ]     ├─ Strategy:   domcontentloaded
[16:23:16.184] [INFO ]     ├─ Timeout:    15.0s
[16:23:16.184] [INFO ]     └─ Sleep:      1s after load
[16:23:17.223] [INFO ] 
[16:23:17.223] [INFO ]     ✅ PAGE LOADED
[16:23:17.223] [INFO ]     ├─ Final URL:  https://www.dlapiperdataprotection.com/?t=law&c=EG
[16:23:17.223] [INFO ]     ├─ Title:      Data protection laws in Egypt - Data Protection Laws of the World
[16:23:17.223] [INFO ]     └─ Load Time:  1.04s
[16:23:18.549] [INFO ] 🧑 Human behavior simulation...
[16:23:21.239] [INFO ] 🖱️ Mouse: 2 moves in 1366x768
[16:23:21.239] [INFO ] 🖱️ Mouse completed: 2 moves
[16:23:21.239] [INFO ] 📜 Scroll: page height, viewport=768px
[16:23:21.239] [INFO ] 📜 Scroll completed: 1 scrolls
[16:23:21.239] [INFO ] 🧑 Human behavior completed in 2.7s ✓
[16:23:21.239] [INFO ] 
[16:23:21.239] [INFO ]     🧑 HUMAN BEHAVIOR SIMULATED
[16:23:21.239] [INFO ]     ├─ Mouse Movements: 2
[16:23:21.239] [INFO ]     ├─ Scroll Actions:  1
[16:23:21.239] [INFO ]     └─ Time Spent:      2.69s
[16:23:21.508] [INFO ] 
[16:23:21.509] [INFO ]     ┌─ CONTENT METRICS ────────────────────────────────────────────┐
[16:23:21.509] [INFO ]     │ Title:            Data Protection in Egypt
[16:23:21.509] [INFO ]     │ Final URL:        https://www.dlapiperdataprotection.com/?t=law&c=EG
[16:23:21.509] [INFO ]     │ HTML Size:        287,288 bytes
[16:23:21.509] [INFO ]     │ Text Size:        19,427 chars
[16:23:21.509] [INFO ]     │ Word Count:       ~3071 words
[16:23:21.509] [INFO ]     │ Extraction:       trafilatura
[16:23:21.509] [INFO ]     │ Has Article:      ✅ Yes
[16:23:21.509] [INFO ]     └──────────────────────────────────────────────────────────────┘
[16:23:21.537] [INFO ] 
[16:23:21.537] [INFO ] ╔══════════════════════════════════════════════════════════════════════════╗
[16:23:21.537] [INFO ] ║  ✅ SCRAPE SUCCESSFUL - SCRAPE_20260129_162315_EF9F
[16:23:21.537] [INFO ] ╠══════════════════════════════════════════════════════════════════════════╣
[16:23:21.537] [INFO ] 
[16:23:21.537] [INFO ]     ┌─ TIMING BREAKDOWN ───────────────────────────────────────────┐
[16:23:21.537] [INFO ]     │ Browser Launch:      0.06s
[16:23:21.537] [INFO ]     │ Page Load:           1.04s
[16:23:21.537] [INFO ]     │ Cloudflare Wait:     0.00s
[16:23:21.537] [INFO ]     │ Human Simulation:    2.69s
[16:23:21.537] [INFO ]     │
[16:23:21.537] [INFO ]     │ Content Extraction:  0.20s
[16:23:21.537] [INFO ]     │ ─────────────────────────────────────────────────────────────
[16:23:21.537] [INFO ]     │ TOTAL TIME:          3.99s
[16:23:21.537] [INFO ]     └──────────────────────────────────────────────────────────────┘
[16:23:21.537] [INFO ] 
[16:23:21.538] [INFO ]     ┌─ CONTENT METRICS ────────────────────────────────────────────┐
[16:23:21.538] [INFO ]     │ Title:            Data Protection in Egypt
[16:23:21.538] [INFO ]     │ Final URL:        https://www.dlapiperdataprotection.com/?t=law&c=EG
[16:23:21.538] [INFO ]     │ HTML Size:        287,288 bytes
[16:23:21.538] [INFO ]     │ Text Size:        19,427 chars
[16:23:21.538] [INFO ]     │ Word Count:       ~3071 words
[16:23:21.538] [INFO ]     │ Extraction:       trafilatura
[16:23:21.538] [INFO ]     │ Has Article:      ✅ Yes
[16:23:21.538] [INFO ]     └──────────────────────────────────────────────────────────────┘
[16:23:21.538] [INFO ] ╠══════════════════════════════════════════════════════════════════════════╣
[16:23:21.538] [INFO ] ║  📊 SESSION STATS
[16:23:21.538] [INFO ] ║  ├─ Strategies Tried:   domcontentloaded
[16:23:21.538] [INFO ] ║  ├─ Popups Dismissed:   0
[16:23:21.538] [INFO ] ║  ├─ Cloudflare:         Not detected
[16:23:21.538] [INFO ] ║  └─ Proxy Used:         Direct
[16:23:21.538] [INFO ] ╚══════════════════════════════════════════════════════════════════════════╝
[16:23:21.538] [INFO ] 

================================================================================
STATUS: SUCCESS
TOTAL TIME: 5.76s
ENDED: 2026-01-29T16:23:21.538241+02:00 (Egypt Time)
END OF SCRAPE LOG
================================================================================