================================================================================
SCRAPE LOG: https://www.proofpoint.com/us/threat-reference/hipaa-compliance
Started: 2026-01-29 18:05:22
Session ID: SCRAPE_20260129_180522_C33D
================================================================================
[18:05:22.665] [INFO ] 📝 Scrape log: /app/data/logs/scrapes/2026-01-29_180522_proofpoint.com.log
[18:05:22.665] [DEBUG] ⏱️ Timeout set to 45s for this scrape
[18:05:23.010] [INFO ] 
[18:05:23.010] [INFO ]     🚀 BROWSER LAUNCHED
[18:05:23.010] [INFO ]     ├─ Mode:       Headless
[18:05:23.010] [INFO ]     ├─ Slow Mo:    56ms
[18:05:23.010] [INFO ]     ├─ Launch Time: 0.05s
[18:05:23.010] [INFO ]     └─ Args:       Anti-automation flags enabled
[18:05:23.030] [DEBUG] Browser profile: viewport={'width': 1536, 'height': 864}, locale=en-AU, tz=UTC
[18:05:23.030] [INFO ] 
[18:05:23.030] [INFO ] ╔══════════════════════════════════════════════════════════════════════════╗
[18:05:23.030] [INFO ] ║  📋 SESSION: SCRAPE_20260129_180522_C33D
[18:05:23.030] [INFO ] ║  🌐 URL: https://www.proofpoint.com/us/threat-reference/hipaa-compliance
[18:05:23.030] [INFO ] ║  🔄 ATTEMPT: 1/2
[18:05:23.030] [INFO ] ║  ⏰ STARTED: 2026-01-29T18:05:23.030498+02:00 (Egypt Time)
[18:05:23.030] [INFO ] ╠══════════════════════════════════════════════════════════════════════════╣
[18:05:23.030] [INFO ] 
[18:05:23.030] [INFO ]     ┌─ BROWSER FINGERPRINT ────────────────────────────────────────┐
[18:05:23.030] [INFO ]     │ Browser:     CHROME v120
[18:05:23.030] [INFO ]     │ User-Agent:  Mozilla/5.0 (Windows NT 11.0; Win64; x64) AppleWebKit/537.36 (KHTML, l...
[18:05:23.030] [INFO ]     │ Viewport:    1536x864
[18:05:23.030] [INFO ]     │ Sec-CH-UA:   (not applicable)...
[18:05:23.030] [INFO ]     ├─ LOCATION PROFILE ───────────────────────────────────────────┤
[18:05:23.030] [INFO ]     │ Location:    Melbourne, Australia
[18:05:23.030] [INFO ]     │ Timezone:    N/A
[18:05:23.030] [INFO ]     │ Locale:      en-AU
[18:05:23.030] [INFO ]     │ Geo:         0, 0
[18:05:23.030] [INFO ]     ├─ NETWORK ────────────────────────────────────────────────────┤
[18:05:23.030] [INFO ]     │ Proxy:       Direct (no proxy)
[18:05:23.030] [INFO ]     │ Referrer:    https://news.google.com/
[18:05:23.030] [INFO ]     └──────────────────────────────────────────────────────────────┘
[18:05:23.030] [INFO ] ╚══════════════════════════════════════════════════════════════════════════╝
[18:05:23.030] [INFO ] 🛡️ Injected anti-detection scripts at context level
[18:05:23.030] [DEBUG]    └─ Canvas noise, WebGL spoof, Browser patches
[18:05:23.030] [INFO ] 
[18:05:23.030] [INFO ]     🛡️ ANTI-DETECTION SCRIPTS INJECTED (CONTEXT level)
[18:05:23.030] [INFO ]     ├─ Canvas fingerprint noise
[18:05:23.030] [INFO ]     ├─ WebGL renderer/vendor spoof
[18:05:23.030] [INFO ]     ├─ Hardware concurrency randomization
[18:05:23.030] [INFO ]     ├─ Device memory randomization
[18:05:23.030] [INFO ]     ├─ Plugin masking
[18:05:23.030] [INFO ]     ├─ WebRTC IP leak protection
[18:05:23.030] [INFO ]     ├─ Network connection spoof
[18:05:23.030] [INFO ]     └─ Battery API spoof
[18:05:23.072] [INFO ] 
[18:05:23.072] [INFO ]     🥷 STEALTH MODE APPLIED
[18:05:23.072] [INFO ]     ├─ Navigator patches (webdriver, plugins, languages)
[18:05:23.072] [INFO ]     ├─ Chrome runtime patches
[18:05:23.072] [INFO ]     ├─ Console patches
[18:05:23.072] [INFO ]     └─ Permission patches
[18:05:23.072] [INFO ] 🛡️ Injected anti-detection scripts at page level
[18:05:23.072] [DEBUG]    └─ Canvas noise, WebGL spoof, Browser patches
[18:05:23.072] [INFO ] 
[18:05:23.072] [INFO ]     🛡️ ANTI-DETECTION SCRIPTS INJECTED (PAGE level)
[18:05:23.072] [INFO ]     ├─ Canvas fingerprint noise
[18:05:23.072] [INFO ]     ├─ WebGL renderer/vendor spoof
[18:05:23.072] [INFO ]     ├─ Hardware concurrency randomization
[18:05:23.072] [INFO ]     ├─ Device memory randomization
[18:05:23.072] [INFO ]     ├─ Plugin masking
[18:05:23.072] [INFO ]     ├─ WebRTC IP leak protection
[18:05:23.072] [INFO ]     ├─ Network connection spoof
[18:05:23.072] [INFO ]     └─ Battery API spoof
[18:05:23.072] [DEBUG] Enabled resource blocking (images, media, fonts)
[18:05:23.072] [INFO ] 
[18:05:23.072] [INFO ]     🔗 NAVIGATING TO URL
[18:05:23.072] [INFO ]     ├─ Strategy:   domcontentloaded
[18:05:23.072] [INFO ]     ├─ Timeout:    15.0s
[18:05:23.072] [INFO ]     └─ Sleep:      1s after load
[18:05:24.463] [INFO ] 
[18:05:24.463] [INFO ]     ✅ PAGE LOADED
[18:05:24.463] [INFO ]     ├─ Final URL:  https://www.proofpoint.com/us/threat-reference/hipaa-compliance
[18:05:24.463] [INFO ]     ├─ Title:      What Is HIPAA Compliance? HIPAA Laws & Rules | Proofpoint US
[18:05:24.463] [INFO ]     └─ Load Time:  1.39s
[18:05:25.812] [INFO ] 🧑 Human behavior simulation...
[18:05:29.735] [INFO ] 🖱️ Mouse: 3 moves in 1536x864
[18:05:29.735] [INFO ] 🖱️ Mouse completed: 3 moves
[18:05:29.735] [INFO ] 📜 Scroll: page height, viewport=864px
[18:05:29.735] [INFO ] 📜 Scroll completed: 2 scrolls
[18:05:29.735] [INFO ] 🧑 Human behavior completed in 3.9s ✓
[18:05:29.735] [INFO ] 
[18:05:29.735] [INFO ]     🧑 HUMAN BEHAVIOR SIMULATED
[18:05:29.735] [INFO ]     ├─ Mouse Movements: 3
[18:05:29.735] [INFO ]     ├─ Scroll Actions:  2
[18:05:29.735] [INFO ]     └─ Time Spent:      3.92s
[18:05:30.099] [INFO ] 
[18:05:30.099] [INFO ]     ┌─ CONTENT METRICS ────────────────────────────────────────────┐
[18:05:30.099] [INFO ]     │ Title:            What Is HIPAA Compliance? HIPAA Laws & Rules | Pro
[18:05:30.099] [INFO ]     │ Final URL:        https://www.proofpoint.com/us/threat-reference/hipaa-compliance
[18:05:30.099] [INFO ]     │ HTML Size:        282,057 bytes
[18:05:30.099] [INFO ]     │ Text Size:        27,504 chars
[18:05:30.099] [INFO ]     │ Word Count:       ~3807 words
[18:05:30.099] [INFO ]     │ Extraction:       trafilatura
[18:05:30.099] [INFO ]     │ Has Article:      ✅ Yes
[18:05:30.099] [INFO ]     └──────────────────────────────────────────────────────────────┘
[18:05:30.132] [INFO ] 
[18:05:30.132] [INFO ] ╔══════════════════════════════════════════════════════════════════════════╗
[18:05:30.132] [INFO ] ║  ✅ SCRAPE SUCCESSFUL - SCRAPE_20260129_180522_C33D
[18:05:30.132] [INFO ] ╠══════════════════════════════════════════════════════════════════════════╣
[18:05:30.132] [INFO ] 
[18:05:30.132] [INFO ]     ┌─ TIMING BREAKDOWN ───────────────────────────────────────────┐
[18:05:30.132] [INFO ]     │ Browser Launch:      0.05s
[18:05:30.132] [INFO ]     │ Page Load:           1.39s
[18:05:30.132] [INFO ]     │ Cloudflare Wait:     0.00s
[18:05:30.132] [INFO ]     │ Human Simulation:    3.92s
[18:05:30.132] [INFO ]     │
[18:05:30.132] [INFO ]     │ Content Extraction:  0.18s
[18:05:30.132] [INFO ]     │ ─────────────────────────────────────────────────────────────
[18:05:30.132] [INFO ]     │ TOTAL TIME:          5.55s
[18:05:30.132] [INFO ]     └──────────────────────────────────────────────────────────────┘
[18:05:30.132] [INFO ] 
[18:05:30.132] [INFO ]     ┌─ CONTENT METRICS ────────────────────────────────────────────┐
[18:05:30.133] [INFO ]     │ Title:            What Is HIPAA Compliance? HIPAA Laws & Rules | Pro
[18:05:30.133] [INFO ]     │ Final URL:        https://www.proofpoint.com/us/threat-reference/hipaa-compliance
[18:05:30.133] [INFO ]     │ HTML Size:        282,057 bytes
[18:05:30.133] [INFO ]     │ Text Size:        27,504 chars
[18:05:30.133] [INFO ]     │ Word Count:       ~3807 words
[18:05:30.133] [INFO ]     │ Extraction:       trafilatura
[18:05:30.133] [INFO ]     │ Has Article:      ✅ Yes
[18:05:30.133] [INFO ]     └──────────────────────────────────────────────────────────────┘
[18:05:30.133] [INFO ] ╠══════════════════════════════════════════════════════════════════════════╣
[18:05:30.133] [INFO ] ║  📊 SESSION STATS
[18:05:30.133] [INFO ] ║  ├─ Strategies Tried:   domcontentloaded
[18:05:30.133] [INFO ] ║  ├─ Popups Dismissed:   0
[18:05:30.133] [INFO ] ║  ├─ Cloudflare:         Not detected
[18:05:30.133] [INFO ] ║  └─ Proxy Used:         Direct
[18:05:30.133] [INFO ] ╚══════════════════════════════════════════════════════════════════════════╝
[18:05:30.133] [INFO ] 

================================================================================
STATUS: SUCCESS
TOTAL TIME: 7.47s
ENDED: 2026-01-29T18:05:30.133092+02:00 (Egypt Time)
END OF SCRAPE LOG
================================================================================