================================================================================
SCRAPE LOG: https://masaar.net/en/the-obligations-of-the-data-protection-officer-under-the-personal-data-protection-law/
Started: 2026-01-30 00:32:32
Session ID: SCRAPE_20260130_003232_0031
================================================================================
[00:32:32.111] [INFO ] 📝 Scrape log: /app/data/logs/scrapes/2026-01-30_003232_masaar.net.log
[00:32:32.111] [DEBUG] ⏱️ Timeout set to 45s for this scrape
[00:32:32.453] [INFO ] 
[00:32:32.453] [INFO ]     🚀 BROWSER LAUNCHED
[00:32:32.454] [INFO ]     ├─ Mode:       Headless
[00:32:32.454] [INFO ]     ├─ Slow Mo:    49ms
[00:32:32.454] [INFO ]     ├─ Launch Time: 0.06s
[00:32:32.454] [INFO ]     └─ Args:       Anti-automation flags enabled
[00:32:32.474] [DEBUG] Browser profile: viewport={'width': 1920, 'height': 1080}, locale=en-SG, tz=UTC
[00:32:32.474] [INFO ] 
[00:32:32.474] [INFO ] ╔══════════════════════════════════════════════════════════════════════════╗
[00:32:32.474] [INFO ] ║  📋 SESSION: SCRAPE_20260130_003232_0031
[00:32:32.474] [INFO ] ║  🌐 URL: https://masaar.net/en/the-obligations-of-the-data-protection-officer-under-the-personal-data-protection-law/
[00:32:32.474] [INFO ] ║  🔄 ATTEMPT: 1/2
[00:32:32.474] [INFO ] ║  ⏰ STARTED: 2026-01-30T00:32:32.474415+02:00 (Egypt Time)
[00:32:32.474] [INFO ] ╠══════════════════════════════════════════════════════════════════════════╣
[00:32:32.474] [INFO ] 
[00:32:32.474] [INFO ]     ┌─ BROWSER FINGERPRINT ────────────────────────────────────────┐
[00:32:32.474] [INFO ]     │ Browser:     SAFARI v17
[00:32:32.474] [INFO ]     │ User-Agent:  Mozilla/5.0 (Macintosh; Intel Mac OS X 14_1) AppleWebKit/605.1.15 (KHT...
[00:32:32.474] [INFO ]     │ Viewport:    1920x1080
[00:32:32.474] [INFO ]     │ Sec-CH-UA:   (not applicable)...
[00:32:32.474] [INFO ]     ├─ LOCATION PROFILE ───────────────────────────────────────────┤
[00:32:32.474] [INFO ]     │ Location:    Singapore
[00:32:32.474] [INFO ]     │ Timezone:    N/A
[00:32:32.474] [INFO ]     │ Locale:      en-SG
[00:32:32.474] [INFO ]     │ Geo:         0, 0
[00:32:32.474] [INFO ]     ├─ NETWORK ────────────────────────────────────────────────────┤
[00:32:32.474] [INFO ]     │ Proxy:       Direct (no proxy)
[00:32:32.474] [INFO ]     │ Referrer:    https://t.co/
[00:32:32.474] [INFO ]     └──────────────────────────────────────────────────────────────┘
[00:32:32.474] [INFO ] ╚══════════════════════════════════════════════════════════════════════════╝
[00:32:32.474] [INFO ] 🛡️ Injected anti-detection scripts at context level
[00:32:32.474] [DEBUG]    └─ Canvas noise, WebGL spoof, Browser patches
[00:32:32.474] [INFO ] 
[00:32:32.474] [INFO ]     🛡️ ANTI-DETECTION SCRIPTS INJECTED (CONTEXT level)
[00:32:32.474] [INFO ]     ├─ Canvas fingerprint noise
[00:32:32.474] [INFO ]     ├─ WebGL renderer/vendor spoof
[00:32:32.474] [INFO ]     ├─ Hardware concurrency randomization
[00:32:32.474] [INFO ]     ├─ Device memory randomization
[00:32:32.474] [INFO ]     ├─ Plugin masking
[00:32:32.474] [INFO ]     ├─ WebRTC IP leak protection
[00:32:32.474] [INFO ]     ├─ Network connection spoof
[00:32:32.474] [INFO ]     └─ Battery API spoof
[00:32:32.518] [INFO ] 
[00:32:32.518] [INFO ]     🥷 STEALTH MODE APPLIED
[00:32:32.518] [INFO ]     ├─ Navigator patches (webdriver, plugins, languages)
[00:32:32.518] [INFO ]     ├─ Chrome runtime patches
[00:32:32.518] [INFO ]     ├─ Console patches
[00:32:32.518] [INFO ]     └─ Permission patches
[00:32:32.518] [INFO ] 🛡️ Injected anti-detection scripts at page level
[00:32:32.519] [DEBUG]    └─ Canvas noise, WebGL spoof, Browser patches
[00:32:32.519] [INFO ] 
[00:32:32.519] [INFO ]     🛡️ ANTI-DETECTION SCRIPTS INJECTED (PAGE level)
[00:32:32.519] [INFO ]     ├─ Canvas fingerprint noise
[00:32:32.519] [INFO ]     ├─ WebGL renderer/vendor spoof
[00:32:32.519] [INFO ]     ├─ Hardware concurrency randomization
[00:32:32.519] [INFO ]     ├─ Device memory randomization
[00:32:32.519] [INFO ]     ├─ Plugin masking
[00:32:32.519] [INFO ]     ├─ WebRTC IP leak protection
[00:32:32.519] [INFO ]     ├─ Network connection spoof
[00:32:32.519] [INFO ]     └─ Battery API spoof
[00:32:32.519] [DEBUG] Enabled resource blocking (images, media, fonts)
[00:32:32.519] [INFO ] 
[00:32:32.519] [INFO ]     🔗 NAVIGATING TO URL
[00:32:32.519] [INFO ]     ├─ Strategy:   domcontentloaded
[00:32:32.519] [INFO ]     ├─ Timeout:    15.0s
[00:32:32.519] [INFO ]     └─ Sleep:      1s after load
[00:32:33.428] [INFO ] 
[00:32:33.428] [INFO ]     ✅ PAGE LOADED
[00:32:33.428] [INFO ]     ├─ Final URL:  https://masaar.net/en/the-obligations-of-the-data-protection-officer-under-the-personal-data-protection-law/
[00:32:33.428] [INFO ]     ├─ Title:      The Obligations of the Data Protection Officer under the Personal Data Protection Law - Masaar
[00:32:33.428] [INFO ]     └─ Load Time:  0.91s
[00:32:34.639] [INFO ] 🧑 Human behavior simulation...
[00:32:37.756] [INFO ] 🖱️ Mouse: 2 moves in 1920x1080
[00:32:37.756] [INFO ] 🖱️ Mouse completed: 2 moves
[00:32:37.756] [INFO ] 📜 Scroll: page height, viewport=1080px
[00:32:37.756] [INFO ] 📜 Scroll completed: 1 scrolls
[00:32:37.756] [INFO ] 🧑 Human behavior completed in 3.1s ✓
[00:32:37.756] [INFO ] 
[00:32:37.756] [INFO ]     🧑 HUMAN BEHAVIOR SIMULATED
[00:32:37.756] [INFO ]     ├─ Mouse Movements: 2
[00:32:37.756] [INFO ]     ├─ Scroll Actions:  1
[00:32:37.756] [INFO ]     └─ Time Spent:      3.12s
[00:32:37.881] [INFO ] 
[00:32:37.881] [INFO ]     ┌─ CONTENT METRICS ────────────────────────────────────────────┐
[00:32:37.881] [INFO ]     │ Title:            The Obligations of the Data Protection Officer und
[00:32:37.881] [INFO ]     │ Final URL:        https://masaar.net/en/the-obligations-of-the-data-protection-officer-under-the-personal-data-protection-law/
[00:32:37.881] [INFO ]     │ HTML Size:        123,667 bytes
[00:32:37.881] [INFO ]     │ Text Size:        22,408 chars
[00:32:37.881] [INFO ]     │ Word Count:       ~3502 words
[00:32:37.881] [INFO ]     │ Extraction:       trafilatura
[00:32:37.881] [INFO ]     │ Has Article:      ✅ Yes
[00:32:37.881] [INFO ]     └──────────────────────────────────────────────────────────────┘
[00:32:37.918] [INFO ] 
[00:32:37.918] [INFO ] ╔══════════════════════════════════════════════════════════════════════════╗
[00:32:37.918] [INFO ] ║  ✅ SCRAPE SUCCESSFUL - SCRAPE_20260130_003232_0031
[00:32:37.918] [INFO ] ╠══════════════════════════════════════════════════════════════════════════╣
[00:32:37.918] [INFO ] 
[00:32:37.918] [INFO ]     ┌─ TIMING BREAKDOWN ───────────────────────────────────────────┐
[00:32:37.918] [INFO ]     │ Browser Launch:      0.06s
[00:32:37.918] [INFO ]     │ Page Load:           0.91s
[00:32:37.918] [INFO ]     │ Cloudflare Wait:     0.00s
[00:32:37.918] [INFO ]     │ Human Simulation:    3.12s
[00:32:37.918] [INFO ]     │
[00:32:37.918] [INFO ]     │ Content Extraction:  0.09s
[00:32:37.918] [INFO ]     │ ─────────────────────────────────────────────────────────────
[00:32:37.918] [INFO ]     │ TOTAL TIME:          4.18s
[00:32:37.918] [INFO ]     └──────────────────────────────────────────────────────────────┘
[00:32:37.918] [INFO ] 
[00:32:37.919] [INFO ]     ┌─ CONTENT METRICS ────────────────────────────────────────────┐
[00:32:37.919] [INFO ]     │ Title:            The Obligations of the Data Protection Officer und
[00:32:37.919] [INFO ]     │ Final URL:        https://masaar.net/en/the-obligations-of-the-data-protection-officer-under-the-personal-data-protection-law/
[00:32:37.919] [INFO ]     │ HTML Size:        123,667 bytes
[00:32:37.919] [INFO ]     │ Text Size:        22,408 chars
[00:32:37.919] [INFO ]     │ Word Count:       ~3502 words
[00:32:37.919] [INFO ]     │ Extraction:       trafilatura
[00:32:37.919] [INFO ]     │ Has Article:      ✅ Yes
[00:32:37.919] [INFO ]     └──────────────────────────────────────────────────────────────┘
[00:32:37.919] [INFO ] ╠══════════════════════════════════════════════════════════════════════════╣
[00:32:37.919] [INFO ] ║  📊 SESSION STATS
[00:32:37.919] [INFO ] ║  ├─ Strategies Tried:   domcontentloaded
[00:32:37.919] [INFO ] ║  ├─ Popups Dismissed:   0
[00:32:37.919] [INFO ] ║  ├─ Cloudflare:         Not detected
[00:32:37.919] [INFO ] ║  └─ Proxy Used:         Direct
[00:32:37.919] [INFO ] ╚══════════════════════════════════════════════════════════════════════════╝
[00:32:37.919] [INFO ] 

================================================================================
STATUS: SUCCESS
TOTAL TIME: 5.81s
ENDED: 2026-01-30T00:32:37.919369+02:00 (Egypt Time)
END OF SCRAPE LOG
================================================================================