================================================================================
SCRAPE LOG: https://practiceguides.chambers.com/practice-guides/comparison/964/15453/24538-24539-24540-24541-24542-24543-24544-24545-24546-24547-24548-24549
Started: 2026-01-26 12:20:52
Session ID: SCRAPE_20260126_122052_549B
================================================================================
[12:20:52.293] [INFO ] 📝 Scrape log: /app/data/logs/scrapes/2026-01-26_122052_practiceguides.chambers.com.log
[12:20:52.293] [DEBUG] ⏱️ Timeout set to 45s for this scrape
[12:20:52.635] [INFO ] 
[12:20:52.635] [INFO ]     🚀 BROWSER LAUNCHED
[12:20:52.635] [INFO ]     ├─ Mode:       Headless
[12:20:52.635] [INFO ]     ├─ Slow Mo:    41ms
[12:20:52.635] [INFO ]     ├─ Launch Time: 0.06s
[12:20:52.635] [INFO ]     └─ Args:       Anti-automation flags enabled
[12:20:52.654] [DEBUG] Browser profile: viewport={'width': 1600, 'height': 900}, locale=en-AU, tz=UTC
[12:20:52.654] [INFO ] 
[12:20:52.654] [INFO ] ╔══════════════════════════════════════════════════════════════════════════╗
[12:20:52.654] [INFO ] ║  📋 SESSION: SCRAPE_20260126_122052_549B
[12:20:52.654] [INFO ] ║  🌐 URL: https://practiceguides.chambers.com/practice-guides/comparison/964/15453/24538-24539-24540-24541-24542-24543-24544-24545-24546-24547-24548-24549
[12:20:52.654] [INFO ] ║  🔄 ATTEMPT: 1/2
[12:20:52.654] [INFO ] ║  ⏰ STARTED: 2026-01-26T12:20:52.654979+02:00 (Egypt Time)
[12:20:52.654] [INFO ] ╠══════════════════════════════════════════════════════════════════════════╣
[12:20:52.654] [INFO ] 
[12:20:52.654] [INFO ]     ┌─ BROWSER FINGERPRINT ────────────────────────────────────────┐
[12:20:52.655] [INFO ]     │ Browser:     CHROME v120
[12:20:52.655] [INFO ]     │ User-Agent:  Mozilla/5.0 (Windows NT 11.0; Win64; x64) AppleWebKit/537.36 (KHTML, l...
[12:20:52.655] [INFO ]     │ Viewport:    1600x900
[12:20:52.655] [INFO ]     │ Sec-CH-UA:   (not applicable)...
[12:20:52.655] [INFO ]     ├─ LOCATION PROFILE ───────────────────────────────────────────┤
[12:20:52.655] [INFO ]     │ Location:    Melbourne, Australia
[12:20:52.655] [INFO ]     │ Timezone:    N/A
[12:20:52.655] [INFO ]     │ Locale:      en-AU
[12:20:52.655] [INFO ]     │ Geo:         0, 0
[12:20:52.655] [INFO ]     ├─ NETWORK ────────────────────────────────────────────────────┤
[12:20:52.655] [INFO ]     │ Proxy:       Direct (no proxy)
[12:20:52.655] [INFO ]     │ Referrer:    https://www.google.com/search?q=practiceguides+chambers+com
[12:20:52.655] [INFO ]     └──────────────────────────────────────────────────────────────┘
[12:20:52.655] [INFO ] ╚══════════════════════════════════════════════════════════════════════════╝
[12:20:52.655] [INFO ] 🛡️ Injected anti-detection scripts at context level
[12:20:52.655] [DEBUG]    └─ Canvas noise, WebGL spoof, Browser patches
[12:20:52.655] [INFO ] 
[12:20:52.655] [INFO ]     🛡️ ANTI-DETECTION SCRIPTS INJECTED (CONTEXT level)
[12:20:52.655] [INFO ]     ├─ Canvas fingerprint noise
[12:20:52.655] [INFO ]     ├─ WebGL renderer/vendor spoof
[12:20:52.655] [INFO ]     ├─ Hardware concurrency randomization
[12:20:52.655] [INFO ]     ├─ Device memory randomization
[12:20:52.655] [INFO ]     ├─ Plugin masking
[12:20:52.655] [INFO ]     ├─ WebRTC IP leak protection
[12:20:52.655] [INFO ]     ├─ Network connection spoof
[12:20:52.655] [INFO ]     └─ Battery API spoof
[12:20:52.697] [INFO ] 
[12:20:52.697] [INFO ]     🥷 STEALTH MODE APPLIED
[12:20:52.697] [INFO ]     ├─ Navigator patches (webdriver, plugins, languages)
[12:20:52.697] [INFO ]     ├─ Chrome runtime patches
[12:20:52.697] [INFO ]     ├─ Console patches
[12:20:52.697] [INFO ]     └─ Permission patches
[12:20:52.697] [INFO ] 🛡️ Injected anti-detection scripts at page level
[12:20:52.697] [DEBUG]    └─ Canvas noise, WebGL spoof, Browser patches
[12:20:52.697] [INFO ] 
[12:20:52.697] [INFO ]     🛡️ ANTI-DETECTION SCRIPTS INJECTED (PAGE level)
[12:20:52.697] [INFO ]     ├─ Canvas fingerprint noise
[12:20:52.697] [INFO ]     ├─ WebGL renderer/vendor spoof
[12:20:52.697] [INFO ]     ├─ Hardware concurrency randomization
[12:20:52.697] [INFO ]     ├─ Device memory randomization
[12:20:52.697] [INFO ]     ├─ Plugin masking
[12:20:52.697] [INFO ]     ├─ WebRTC IP leak protection
[12:20:52.697] [INFO ]     ├─ Network connection spoof
[12:20:52.697] [INFO ]     └─ Battery API spoof
[12:20:52.697] [DEBUG] Enabled resource blocking (images, media, fonts)
[12:20:52.697] [INFO ] 
[12:20:52.697] [INFO ]     🔗 NAVIGATING TO URL
[12:20:52.697] [INFO ]     ├─ Strategy:   domcontentloaded
[12:20:52.697] [INFO ]     ├─ Timeout:    15.0s
[12:20:52.697] [INFO ]     └─ Sleep:      1s after load
[12:20:54.383] [INFO ] 
[12:20:54.383] [INFO ]     ✅ PAGE LOADED
[12:20:54.383] [INFO ]     ├─ Final URL:  https://practiceguides.chambers.com/practice-guides/comparison/964/15453/24538-24539-24540-24541-24542-24543-24544-24545-24546-24547-24548-24549
[12:20:54.383] [INFO ]     ├─ Title:      Comparisons | Global Practice Guides | Chambers and Partners
[12:20:54.383] [INFO ]     └─ Load Time:  1.69s
[12:20:56.836] [INFO ] 🧑 Human behavior simulation...
[12:21:01.404] [INFO ] 🖱️ Mouse: 3 moves in 1600x900
[12:21:01.405] [INFO ] 🖱️ Mouse completed: 3 moves
[12:21:01.405] [INFO ] 📜 Scroll: page height, viewport=900px
[12:21:01.405] [INFO ] 📜 Scroll completed: 2 scrolls
[12:21:01.405] [INFO ] 🧑 Human behavior completed in 4.6s ✓
[12:21:01.405] [INFO ] 
[12:21:01.405] [INFO ]     🧑 HUMAN BEHAVIOR SIMULATED
[12:21:01.405] [INFO ]     ├─ Mouse Movements: 3
[12:21:01.405] [INFO ]     ├─ Scroll Actions:  2
[12:21:01.405] [INFO ]     └─ Time Spent:      4.57s
[12:21:01.697] [INFO ] 
[12:21:01.697] [INFO ]     ┌─ CONTENT METRICS ────────────────────────────────────────────┐
[12:21:01.697] [INFO ]     │ Title:            Fintech 2025
[12:21:01.697] [INFO ]     │ Final URL:        https://practiceguides.chambers.com/practice-guides/comparison/964/15453/24538-24539-24540-24541-24542-24543-24544-24545-24546-24547-24548-24549
[12:21:01.697] [INFO ]     │ HTML Size:        246,679 bytes
[12:21:01.697] [INFO ]     │ Text Size:        44,549 chars
[12:21:01.697] [INFO ]     │ Word Count:       ~6482 words
[12:21:01.697] [INFO ]     │ Extraction:       trafilatura
[12:21:01.697] [INFO ]     │ Has Article:      ✅ Yes
[12:21:01.697] [INFO ]     └──────────────────────────────────────────────────────────────┘
[12:21:01.727] [INFO ] 
[12:21:01.727] [INFO ] ╔══════════════════════════════════════════════════════════════════════════╗
[12:21:01.727] [INFO ] ║  ✅ SCRAPE SUCCESSFUL - SCRAPE_20260126_122052_549B
[12:21:01.727] [INFO ] ╠══════════════════════════════════════════════════════════════════════════╣
[12:21:01.727] [INFO ] 
[12:21:01.727] [INFO ]     ┌─ TIMING BREAKDOWN ───────────────────────────────────────────┐
[12:21:01.727] [INFO ]     │ Browser Launch:      0.06s
[12:21:01.727] [INFO ]     │ Page Load:           1.69s
[12:21:01.727] [INFO ]     │ Cloudflare Wait:     0.00s
[12:21:01.727] [INFO ]     │ Human Simulation:    4.57s
[12:21:01.727] [INFO ]     │
[12:21:01.727] [INFO ]     │ Content Extraction:  0.23s
[12:21:01.727] [INFO ]     │ ─────────────────────────────────────────────────────────────
[12:21:01.727] [INFO ]     │ TOTAL TIME:          6.54s
[12:21:01.727] [INFO ]     └──────────────────────────────────────────────────────────────┘
[12:21:01.727] [INFO ] 
[12:21:01.727] [INFO ]     ┌─ CONTENT METRICS ────────────────────────────────────────────┐
[12:21:01.727] [INFO ]     │ Title:            Fintech 2025
[12:21:01.727] [INFO ]     │ Final URL:        https://practiceguides.chambers.com/practice-guides/comparison/964/15453/24538-24539-24540-24541-24542-24543-24544-24545-24546-24547-24548-24549
[12:21:01.727] [INFO ]     │ HTML Size:        246,679 bytes
[12:21:01.727] [INFO ]     │ Text Size:        44,549 chars
[12:21:01.727] [INFO ]     │ Word Count:       ~6482 words
[12:21:01.727] [INFO ]     │ Extraction:       trafilatura
[12:21:01.727] [INFO ]     │ Has Article:      ✅ Yes
[12:21:01.727] [INFO ]     └──────────────────────────────────────────────────────────────┘
[12:21:01.727] [INFO ] ╠══════════════════════════════════════════════════════════════════════════╣
[12:21:01.727] [INFO ] ║  📊 SESSION STATS
[12:21:01.727] [INFO ] ║  ├─ Strategies Tried:   domcontentloaded
[12:21:01.727] [INFO ] ║  ├─ Popups Dismissed:   0
[12:21:01.727] [INFO ] ║  ├─ Cloudflare:         Not detected
[12:21:01.727] [INFO ] ║  └─ Proxy Used:         Direct
[12:21:01.727] [INFO ] ╚══════════════════════════════════════════════════════════════════════════╝
[12:21:01.727] [INFO ] 

================================================================================
STATUS: SUCCESS
TOTAL TIME: 9.44s
ENDED: 2026-01-26T12:21:01.727955+02:00 (Egypt Time)
END OF SCRAPE LOG
================================================================================