================================================================================
SCRAPE LOG: https://www.ibm.com/products/cloud/compliance/iso-27001
Started: 2026-01-26 13:11:57
Session ID: SCRAPE_20260126_131157_2BB8
================================================================================
[13:11:57.163] [INFO ] 📝 Scrape log: /app/data/logs/scrapes/2026-01-26_131157_ibm.com.log
[13:11:57.163] [DEBUG] ⏱️ Timeout set to 45s for this scrape
[13:11:57.501] [INFO ] 
[13:11:57.501] [INFO ]     🚀 BROWSER LAUNCHED
[13:11:57.501] [INFO ]     ├─ Mode:       Headless
[13:11:57.501] [INFO ]     ├─ Slow Mo:    57ms
[13:11:57.501] [INFO ]     ├─ Launch Time: 0.06s
[13:11:57.501] [INFO ]     └─ Args:       Anti-automation flags enabled
[13:11:57.517] [DEBUG] Browser profile: viewport={'width': 1440, 'height': 900}, locale=en-US, tz=UTC
[13:11:57.517] [INFO ] 
[13:11:57.517] [INFO ] ╔══════════════════════════════════════════════════════════════════════════╗
[13:11:57.517] [INFO ] ║  📋 SESSION: SCRAPE_20260126_131157_2BB8
[13:11:57.517] [INFO ] ║  🌐 URL: https://www.ibm.com/products/cloud/compliance/iso-27001
[13:11:57.517] [INFO ] ║  🔄 ATTEMPT: 1/2
[13:11:57.517] [INFO ] ║  ⏰ STARTED: 2026-01-26T13:11:57.517418+02:00 (Egypt Time)
[13:11:57.517] [INFO ] ╠══════════════════════════════════════════════════════════════════════════╣
[13:11:57.517] [INFO ] 
[13:11:57.517] [INFO ]     ┌─ BROWSER FINGERPRINT ────────────────────────────────────────┐
[13:11:57.517] [INFO ]     │ Browser:     SAFARI v17
[13:11:57.517] [INFO ]     │ User-Agent:  Mozilla/5.0 (Macintosh; Intel Mac OS X 10_15_7) AppleWebKit/605.1.15 (...
[13:11:57.517] [INFO ]     │ Viewport:    1440x900
[13:11:57.517] [INFO ]     │ Sec-CH-UA:   (not applicable)...
[13:11:57.517] [INFO ]     ├─ LOCATION PROFILE ───────────────────────────────────────────┤
[13:11:57.517] [INFO ]     │ Location:    New York, USA
[13:11:57.517] [INFO ]     │ Timezone:    N/A
[13:11:57.517] [INFO ]     │ Locale:      en-US
[13:11:57.517] [INFO ]     │ Geo:         0, 0
[13:11:57.517] [INFO ]     ├─ NETWORK ────────────────────────────────────────────────────┤
[13:11:57.517] [INFO ]     │ Proxy:       Direct (no proxy)
[13:11:57.517] [INFO ]     │ Referrer:    https://news.google.com/
[13:11:57.517] [INFO ]     └──────────────────────────────────────────────────────────────┘
[13:11:57.517] [INFO ] ╚══════════════════════════════════════════════════════════════════════════╝
[13:11:57.517] [INFO ] 🛡️ Injected anti-detection scripts at context level
[13:11:57.517] [DEBUG]    └─ Canvas noise, WebGL spoof, Browser patches
[13:11:57.517] [INFO ] 
[13:11:57.517] [INFO ]     🛡️ ANTI-DETECTION SCRIPTS INJECTED (CONTEXT level)
[13:11:57.517] [INFO ]     ├─ Canvas fingerprint noise
[13:11:57.517] [INFO ]     ├─ WebGL renderer/vendor spoof
[13:11:57.517] [INFO ]     ├─ Hardware concurrency randomization
[13:11:57.517] [INFO ]     ├─ Device memory randomization
[13:11:57.517] [INFO ]     ├─ Plugin masking
[13:11:57.517] [INFO ]     ├─ WebRTC IP leak protection
[13:11:57.517] [INFO ]     ├─ Network connection spoof
[13:11:57.517] [INFO ]     └─ Battery API spoof
[13:11:57.560] [INFO ] 
[13:11:57.560] [INFO ]     🥷 STEALTH MODE APPLIED
[13:11:57.560] [INFO ]     ├─ Navigator patches (webdriver, plugins, languages)
[13:11:57.560] [INFO ]     ├─ Chrome runtime patches
[13:11:57.560] [INFO ]     ├─ Console patches
[13:11:57.560] [INFO ]     └─ Permission patches
[13:11:57.560] [INFO ] 🛡️ Injected anti-detection scripts at page level
[13:11:57.560] [DEBUG]    └─ Canvas noise, WebGL spoof, Browser patches
[13:11:57.560] [INFO ] 
[13:11:57.560] [INFO ]     🛡️ ANTI-DETECTION SCRIPTS INJECTED (PAGE level)
[13:11:57.560] [INFO ]     ├─ Canvas fingerprint noise
[13:11:57.560] [INFO ]     ├─ WebGL renderer/vendor spoof
[13:11:57.560] [INFO ]     ├─ Hardware concurrency randomization
[13:11:57.560] [INFO ]     ├─ Device memory randomization
[13:11:57.560] [INFO ]     ├─ Plugin masking
[13:11:57.560] [INFO ]     ├─ WebRTC IP leak protection
[13:11:57.560] [INFO ]     ├─ Network connection spoof
[13:11:57.560] [INFO ]     └─ Battery API spoof
[13:11:57.560] [DEBUG] Enabled resource blocking (images, media, fonts)
[13:11:57.560] [INFO ] 
[13:11:57.560] [INFO ]     🔗 NAVIGATING TO URL
[13:11:57.560] [INFO ]     ├─ Strategy:   domcontentloaded
[13:11:57.560] [INFO ]     ├─ Timeout:    15.0s
[13:11:57.560] [INFO ]     └─ Sleep:      1s after load
[13:12:01.458] [INFO ] 
[13:12:01.458] [INFO ]     ✅ PAGE LOADED
[13:12:01.458] [INFO ]     ├─ Final URL:  https://www.ibm.com/products/cloud/compliance/iso-27001
[13:12:01.458] [INFO ]     ├─ Title:      What is ISO/IEC 27001? | IBM
[13:12:01.458] [INFO ]     └─ Load Time:  3.90s
[13:12:09.029] [INFO ] 🧑 Human behavior simulation...
[13:12:14.831] [INFO ] 🖱️ Mouse: 3 moves in 1440x900
[13:12:14.831] [INFO ] 🖱️ Mouse completed: 3 moves
[13:12:14.831] [INFO ] 📜 Scroll: page height, viewport=900px
[13:12:14.831] [INFO ] 📜 Scroll completed: 3 scrolls
[13:12:14.831] [INFO ] 🧑 Human behavior completed in 5.8s ✓
[13:12:14.831] [INFO ] 
[13:12:14.831] [INFO ]     🧑 HUMAN BEHAVIOR SIMULATED
[13:12:14.831] [INFO ]     ├─ Mouse Movements: 3
[13:12:14.831] [INFO ]     ├─ Scroll Actions:  3
[13:12:14.831] [INFO ]     └─ Time Spent:      5.80s
[13:12:15.188] [INFO ] 
[13:12:15.188] [INFO ]     ┌─ CONTENT METRICS ────────────────────────────────────────────┐
[13:12:15.188] [INFO ]     │ Title:            What is ISO/IEC 27001? | IBM
[13:12:15.188] [INFO ]     │ Final URL:        https://www.ibm.com/products/cloud/compliance/iso-27001
[13:12:15.188] [INFO ]     │ HTML Size:        310,010 bytes
[13:12:15.188] [INFO ]     │ Text Size:        5,354 chars
[13:12:15.188] [INFO ]     │ Word Count:       ~756 words
[13:12:15.188] [INFO ]     │ Extraction:       trafilatura
[13:12:15.188] [INFO ]     │ Has Article:      ✅ Yes
[13:12:15.188] [INFO ]     └──────────────────────────────────────────────────────────────┘
[13:12:15.234] [INFO ] 
[13:12:15.234] [INFO ] ╔══════════════════════════════════════════════════════════════════════════╗
[13:12:15.234] [INFO ] ║  ✅ SCRAPE SUCCESSFUL - SCRAPE_20260126_131157_2BB8
[13:12:15.234] [INFO ] ╠══════════════════════════════════════════════════════════════════════════╣
[13:12:15.234] [INFO ] 
[13:12:15.234] [INFO ]     ┌─ TIMING BREAKDOWN ───────────────────────────────────────────┐
[13:12:15.234] [INFO ]     │ Browser Launch:      0.06s
[13:12:15.234] [INFO ]     │ Page Load:           3.90s
[13:12:15.234] [INFO ]     │ Cloudflare Wait:     0.00s
[13:12:15.234] [INFO ]     │ Human Simulation:    5.80s
[13:12:15.234] [INFO ]     │
[13:12:15.234] [INFO ]     │ Content Extraction:  0.09s
[13:12:15.234] [INFO ]     │ ─────────────────────────────────────────────────────────────
[13:12:15.234] [INFO ]     │ TOTAL TIME:          9.85s
[13:12:15.234] [INFO ]     └──────────────────────────────────────────────────────────────┘
[13:12:15.234] [INFO ] 
[13:12:15.234] [INFO ]     ┌─ CONTENT METRICS ────────────────────────────────────────────┐
[13:12:15.234] [INFO ]     │ Title:            What is ISO/IEC 27001? | IBM
[13:12:15.234] [INFO ]     │ Final URL:        https://www.ibm.com/products/cloud/compliance/iso-27001
[13:12:15.235] [INFO ]     │ HTML Size:        310,010 bytes
[13:12:15.235] [INFO ]     │ Text Size:        5,354 chars
[13:12:15.235] [INFO ]     │ Word Count:       ~756 words
[13:12:15.235] [INFO ]     │ Extraction:       trafilatura
[13:12:15.235] [INFO ]     │ Has Article:      ✅ Yes
[13:12:15.235] [INFO ]     └──────────────────────────────────────────────────────────────┘
[13:12:15.235] [INFO ] ╠══════════════════════════════════════════════════════════════════════════╣
[13:12:15.235] [INFO ] ║  📊 SESSION STATS
[13:12:15.235] [INFO ] ║  ├─ Strategies Tried:   domcontentloaded
[13:12:15.235] [INFO ] ║  ├─ Popups Dismissed:   0
[13:12:15.235] [INFO ] ║  ├─ Cloudflare:         Not detected
[13:12:15.235] [INFO ] ║  └─ Proxy Used:         Direct
[13:12:15.235] [INFO ] ╚══════════════════════════════════════════════════════════════════════════╝
[13:12:15.235] [INFO ] 

================================================================================
STATUS: SUCCESS
TOTAL TIME: 18.07s
ENDED: 2026-01-26T13:12:15.235061+02:00 (Egypt Time)
END OF SCRAPE LOG
================================================================================