================================================================================
SCRAPE LOG: https://ar.dnb.com.eg/compliance-regulations-in-egypt-explained-how-d-b-egypt-supports-your-business/
Started: 2026-01-30 02:04:34
Session ID: SCRAPE_20260130_020434_E363
================================================================================
[02:04:34.264] [INFO ] 📝 Scrape log: /app/data/logs/scrapes/2026-01-30_020434_ar.dnb.com.eg.log
[02:04:34.264] [DEBUG] ⏱️ Timeout set to 45s for this scrape
[02:04:34.607] [INFO ] 
[02:04:34.607] [INFO ]     🚀 BROWSER LAUNCHED
[02:04:34.607] [INFO ]     ├─ Mode:       Headless
[02:04:34.607] [INFO ]     ├─ Slow Mo:    48ms
[02:04:34.607] [INFO ]     ├─ Launch Time: 0.05s
[02:04:34.607] [INFO ]     └─ Args:       Anti-automation flags enabled
[02:04:34.624] [DEBUG] Browser profile: viewport={'width': 2560, 'height': 1440}, locale=en-GB, tz=UTC
[02:04:34.624] [INFO ] 
[02:04:34.624] [INFO ] ╔══════════════════════════════════════════════════════════════════════════╗
[02:04:34.624] [INFO ] ║  📋 SESSION: SCRAPE_20260130_020434_E363
[02:04:34.624] [INFO ] ║  🌐 URL: https://ar.dnb.com.eg/compliance-regulations-in-egypt-explained-how-d-b-egypt-supports-your-business/
[02:04:34.624] [INFO ] ║  🔄 ATTEMPT: 1/2
[02:04:34.624] [INFO ] ║  ⏰ STARTED: 2026-01-30T02:04:34.624812+02:00 (Egypt Time)
[02:04:34.624] [INFO ] ╠══════════════════════════════════════════════════════════════════════════╣
[02:04:34.624] [INFO ] 
[02:04:34.624] [INFO ]     ┌─ BROWSER FINGERPRINT ────────────────────────────────────────┐
[02:04:34.624] [INFO ]     │ Browser:     CHROME v120
[02:04:34.624] [INFO ]     │ User-Agent:  Mozilla/5.0 (X11; Linux x86_64) AppleWebKit/537.36 (KHTML, like Gecko)...
[02:04:34.624] [INFO ]     │ Viewport:    2560x1440
[02:04:34.624] [INFO ]     │ Sec-CH-UA:   (not applicable)...
[02:04:34.624] [INFO ]     ├─ LOCATION PROFILE ───────────────────────────────────────────┤
[02:04:34.624] [INFO ]     │ Location:    Birmingham, UK
[02:04:34.624] [INFO ]     │ Timezone:    N/A
[02:04:34.624] [INFO ]     │ Locale:      en-GB
[02:04:34.624] [INFO ]     │ Geo:         0, 0
[02:04:34.624] [INFO ]     ├─ NETWORK ────────────────────────────────────────────────────┤
[02:04:34.624] [INFO ]     │ Proxy:       Direct (no proxy)
[02:04:34.624] [INFO ]     │ Referrer:    https://news.google.com/
[02:04:34.624] [INFO ]     └──────────────────────────────────────────────────────────────┘
[02:04:34.624] [INFO ] ╚══════════════════════════════════════════════════════════════════════════╝
[02:04:34.624] [INFO ] 🛡️ Injected anti-detection scripts at context level
[02:04:34.624] [DEBUG]    └─ Canvas noise, WebGL spoof, Browser patches
[02:04:34.624] [INFO ] 
[02:04:34.624] [INFO ]     🛡️ ANTI-DETECTION SCRIPTS INJECTED (CONTEXT level)
[02:04:34.624] [INFO ]     ├─ Canvas fingerprint noise
[02:04:34.624] [INFO ]     ├─ WebGL renderer/vendor spoof
[02:04:34.624] [INFO ]     ├─ Hardware concurrency randomization
[02:04:34.624] [INFO ]     ├─ Device memory randomization
[02:04:34.624] [INFO ]     ├─ Plugin masking
[02:04:34.624] [INFO ]     ├─ WebRTC IP leak protection
[02:04:34.624] [INFO ]     ├─ Network connection spoof
[02:04:34.624] [INFO ]     └─ Battery API spoof
[02:04:34.666] [INFO ] 
[02:04:34.666] [INFO ]     🥷 STEALTH MODE APPLIED
[02:04:34.666] [INFO ]     ├─ Navigator patches (webdriver, plugins, languages)
[02:04:34.666] [INFO ]     ├─ Chrome runtime patches
[02:04:34.666] [INFO ]     ├─ Console patches
[02:04:34.666] [INFO ]     └─ Permission patches
[02:04:34.666] [INFO ] 🛡️ Injected anti-detection scripts at page level
[02:04:34.666] [DEBUG]    └─ Canvas noise, WebGL spoof, Browser patches
[02:04:34.666] [INFO ] 
[02:04:34.666] [INFO ]     🛡️ ANTI-DETECTION SCRIPTS INJECTED (PAGE level)
[02:04:34.666] [INFO ]     ├─ Canvas fingerprint noise
[02:04:34.666] [INFO ]     ├─ WebGL renderer/vendor spoof
[02:04:34.666] [INFO ]     ├─ Hardware concurrency randomization
[02:04:34.666] [INFO ]     ├─ Device memory randomization
[02:04:34.666] [INFO ]     ├─ Plugin masking
[02:04:34.666] [INFO ]     ├─ WebRTC IP leak protection
[02:04:34.666] [INFO ]     ├─ Network connection spoof
[02:04:34.666] [INFO ]     └─ Battery API spoof
[02:04:34.666] [DEBUG] Enabled resource blocking (images, media, fonts)
[02:04:34.666] [INFO ] 
[02:04:34.666] [INFO ]     🔗 NAVIGATING TO URL
[02:04:34.666] [INFO ]     ├─ Strategy:   domcontentloaded
[02:04:34.666] [INFO ]     ├─ Timeout:    15.0s
[02:04:34.666] [INFO ]     └─ Sleep:      1s after load
[02:04:36.152] [INFO ] 
[02:04:36.152] [INFO ]     ✅ PAGE LOADED
[02:04:36.152] [INFO ]     ├─ Final URL:  https://ar.dnb.com.eg/compliance-regulations-in-egypt-explained-how-d-b-egypt-supports-your-business/
[02:04:36.152] [INFO ]     ├─ Title:      Compliance Regulations in Egypt: 2025 Guide for Businesses
[02:04:36.152] [INFO ]     └─ Load Time:  1.49s
[02:04:37.655] [INFO ] 🧑 Human behavior simulation...
[02:04:41.270] [INFO ] 🖱️ Mouse: 2 moves in 2560x1440
[02:04:41.270] [INFO ] 🖱️ Mouse completed: 2 moves
[02:04:41.270] [INFO ] 📜 Scroll: page height, viewport=1440px
[02:04:41.270] [INFO ] 📜 Scroll completed: 1 scrolls
[02:04:41.270] [INFO ] 🧑 Human behavior completed in 3.6s ✓
[02:04:41.270] [INFO ] 
[02:04:41.270] [INFO ]     🧑 HUMAN BEHAVIOR SIMULATED
[02:04:41.270] [INFO ]     ├─ Mouse Movements: 2
[02:04:41.270] [INFO ]     ├─ Scroll Actions:  1
[02:04:41.270] [INFO ]     └─ Time Spent:      3.62s
[02:04:41.424] [INFO ] 
[02:04:41.424] [INFO ]     ┌─ CONTENT METRICS ────────────────────────────────────────────┐
[02:04:41.424] [INFO ]     │ Title:            Compliance Regulations in Egypt: 2025 Guide for Bu
[02:04:41.424] [INFO ]     │ Final URL:        https://ar.dnb.com.eg/compliance-regulations-in-egypt-explained-how-d-b-egypt-supports-your-business/
[02:04:41.424] [INFO ]     │ HTML Size:        62,229 bytes
[02:04:41.424] [INFO ]     │ Text Size:        14,474 chars
[02:04:41.424] [INFO ]     │ Word Count:       ~1958 words
[02:04:41.424] [INFO ]     │ Extraction:       trafilatura
[02:04:41.424] [INFO ]     │ Has Article:      ✅ Yes
[02:04:41.424] [INFO ]     └──────────────────────────────────────────────────────────────┘
[02:04:41.454] [INFO ] 
[02:04:41.454] [INFO ] ╔══════════════════════════════════════════════════════════════════════════╗
[02:04:41.454] [INFO ] ║  ✅ SCRAPE SUCCESSFUL - SCRAPE_20260130_020434_E363
[02:04:41.454] [INFO ] ╠══════════════════════════════════════════════════════════════════════════╣
[02:04:41.454] [INFO ] 
[02:04:41.454] [INFO ]     ┌─ TIMING BREAKDOWN ───────────────────────────────────────────┐
[02:04:41.454] [INFO ]     │ Browser Launch:      0.05s
[02:04:41.454] [INFO ]     │ Page Load:           1.49s
[02:04:41.454] [INFO ]     │ Cloudflare Wait:     0.00s
[02:04:41.454] [INFO ]     │ Human Simulation:    3.62s
[02:04:41.454] [INFO ]     │
[02:04:41.454] [INFO ]     │ Content Extraction:  0.07s
[02:04:41.454] [INFO ]     │ ─────────────────────────────────────────────────────────────
[02:04:41.454] [INFO ]     │ TOTAL TIME:          5.23s
[02:04:41.454] [INFO ]     └──────────────────────────────────────────────────────────────┘
[02:04:41.454] [INFO ] 
[02:04:41.454] [INFO ]     ┌─ CONTENT METRICS ────────────────────────────────────────────┐
[02:04:41.454] [INFO ]     │ Title:            Compliance Regulations in Egypt: 2025 Guide for Bu
[02:04:41.454] [INFO ]     │ Final URL:        https://ar.dnb.com.eg/compliance-regulations-in-egypt-explained-how-d-b-egypt-supports-your-business/
[02:04:41.454] [INFO ]     │ HTML Size:        62,229 bytes
[02:04:41.454] [INFO ]     │ Text Size:        14,474 chars
[02:04:41.454] [INFO ]     │ Word Count:       ~1958 words
[02:04:41.454] [INFO ]     │ Extraction:       trafilatura
[02:04:41.454] [INFO ]     │ Has Article:      ✅ Yes
[02:04:41.454] [INFO ]     └──────────────────────────────────────────────────────────────┘
[02:04:41.454] [INFO ] ╠══════════════════════════════════════════════════════════════════════════╣
[02:04:41.454] [INFO ] ║  📊 SESSION STATS
[02:04:41.454] [INFO ] ║  ├─ Strategies Tried:   domcontentloaded
[02:04:41.454] [INFO ] ║  ├─ Popups Dismissed:   0
[02:04:41.454] [INFO ] ║  ├─ Cloudflare:         Not detected
[02:04:41.454] [INFO ] ║  └─ Proxy Used:         Direct
[02:04:41.454] [INFO ] ╚══════════════════════════════════════════════════════════════════════════╝
[02:04:41.454] [INFO ] 

================================================================================
STATUS: SUCCESS
TOTAL TIME: 7.19s
ENDED: 2026-01-30T02:04:41.454680+02:00 (Egypt Time)
END OF SCRAPE LOG
================================================================================