================================================================================
SCRAPE LOG: https://www.globalcompliancenews.com/2024/03/06/https-insightplus-bakermckenzie-com-bm-banking-finance_1-egypt-new-regulations-on-the-establishment-and-licensing-of-fintech-companies_02132024/
Started: 2026-01-26 12:13:30
Session ID: SCRAPE_20260126_121330_3B50
================================================================================
[12:13:30.309] [INFO ] 📝 Scrape log: /app/data/logs/scrapes/2026-01-26_121330_globalcompliancenews.com.log
[12:13:30.309] [DEBUG] ⏱️ Timeout set to 45s for this scrape
[12:13:30.650] [INFO ] 
[12:13:30.650] [INFO ]     🚀 BROWSER LAUNCHED
[12:13:30.650] [INFO ]     ├─ Mode:       Headless
[12:13:30.650] [INFO ]     ├─ Slow Mo:    58ms
[12:13:30.650] [INFO ]     ├─ Launch Time: 0.05s
[12:13:30.650] [INFO ]     └─ Args:       Anti-automation flags enabled
[12:13:30.670] [DEBUG] Browser profile: viewport={'width': 1728, 'height': 1117}, locale=en-US, tz=UTC
[12:13:30.670] [INFO ] 
[12:13:30.670] [INFO ] ╔══════════════════════════════════════════════════════════════════════════╗
[12:13:30.670] [INFO ] ║  📋 SESSION: SCRAPE_20260126_121330_3B50
[12:13:30.670] [INFO ] ║  🌐 URL: https://www.globalcompliancenews.com/2024/03/06/https-insightplus-bakermckenzie-com-bm-banking-finance_1-egypt-new-regulations-on-the-establishment-and-licensing-of-fintech-companies_02132024/
[12:13:30.670] [INFO ] ║  🔄 ATTEMPT: 1/2
[12:13:30.670] [INFO ] ║  ⏰ STARTED: 2026-01-26T12:13:30.670646+02:00 (Egypt Time)
[12:13:30.670] [INFO ] ╠══════════════════════════════════════════════════════════════════════════╣
[12:13:30.670] [INFO ] 
[12:13:30.670] [INFO ]     ┌─ BROWSER FINGERPRINT ────────────────────────────────────────┐
[12:13:30.670] [INFO ]     │ Browser:     CHROME v123
[12:13:30.670] [INFO ]     │ User-Agent:  Mozilla/5.0 (Macintosh; Intel Mac OS X 10_15_7) AppleWebKit/537.36 (KH...
[12:13:30.670] [INFO ]     │ Viewport:    1728x1117
[12:13:30.670] [INFO ]     │ Sec-CH-UA:   (not applicable)...
[12:13:30.670] [INFO ]     ├─ LOCATION PROFILE ───────────────────────────────────────────┤
[12:13:30.670] [INFO ]     │ Location:    San Francisco, USA
[12:13:30.670] [INFO ]     │ Timezone:    N/A
[12:13:30.670] [INFO ]     │ Locale:      en-US
[12:13:30.670] [INFO ]     │ Geo:         0, 0
[12:13:30.670] [INFO ]     ├─ NETWORK ────────────────────────────────────────────────────┤
[12:13:30.670] [INFO ]     │ Proxy:       Direct (no proxy)
[12:13:30.670] [INFO ]     │ Referrer:    https://www.google.com/
[12:13:30.670] [INFO ]     └──────────────────────────────────────────────────────────────┘
[12:13:30.670] [INFO ] ╚══════════════════════════════════════════════════════════════════════════╝
[12:13:30.670] [INFO ] 🛡️ Injected anti-detection scripts at context level
[12:13:30.670] [DEBUG]    └─ Canvas noise, WebGL spoof, Browser patches
[12:13:30.670] [INFO ] 
[12:13:30.670] [INFO ]     🛡️ ANTI-DETECTION SCRIPTS INJECTED (CONTEXT level)
[12:13:30.670] [INFO ]     ├─ Canvas fingerprint noise
[12:13:30.670] [INFO ]     ├─ WebGL renderer/vendor spoof
[12:13:30.670] [INFO ]     ├─ Hardware concurrency randomization
[12:13:30.670] [INFO ]     ├─ Device memory randomization
[12:13:30.670] [INFO ]     ├─ Plugin masking
[12:13:30.670] [INFO ]     ├─ WebRTC IP leak protection
[12:13:30.670] [INFO ]     ├─ Network connection spoof
[12:13:30.670] [INFO ]     └─ Battery API spoof
[12:13:30.712] [INFO ] 
[12:13:30.712] [INFO ]     🥷 STEALTH MODE APPLIED
[12:13:30.712] [INFO ]     ├─ Navigator patches (webdriver, plugins, languages)
[12:13:30.712] [INFO ]     ├─ Chrome runtime patches
[12:13:30.712] [INFO ]     ├─ Console patches
[12:13:30.712] [INFO ]     └─ Permission patches
[12:13:30.712] [INFO ] 🛡️ Injected anti-detection scripts at page level
[12:13:30.712] [DEBUG]    └─ Canvas noise, WebGL spoof, Browser patches
[12:13:30.712] [INFO ] 
[12:13:30.712] [INFO ]     🛡️ ANTI-DETECTION SCRIPTS INJECTED (PAGE level)
[12:13:30.712] [INFO ]     ├─ Canvas fingerprint noise
[12:13:30.712] [INFO ]     ├─ WebGL renderer/vendor spoof
[12:13:30.712] [INFO ]     ├─ Hardware concurrency randomization
[12:13:30.712] [INFO ]     ├─ Device memory randomization
[12:13:30.712] [INFO ]     ├─ Plugin masking
[12:13:30.712] [INFO ]     ├─ WebRTC IP leak protection
[12:13:30.712] [INFO ]     ├─ Network connection spoof
[12:13:30.712] [INFO ]     └─ Battery API spoof
[12:13:30.712] [DEBUG] Enabled resource blocking (images, media, fonts)
[12:13:30.712] [INFO ] 
[12:13:30.712] [INFO ]     🔗 NAVIGATING TO URL
[12:13:30.712] [INFO ]     ├─ Strategy:   domcontentloaded
[12:13:30.712] [INFO ]     ├─ Timeout:    15.0s
[12:13:30.712] [INFO ]     └─ Sleep:      1s after load
[12:13:33.472] [INFO ] 
[12:13:33.472] [INFO ]     ✅ PAGE LOADED
[12:13:33.472] [INFO ]     ├─ Final URL:  https://www.globalcompliancenews.com/2024/03/06/https-insightplus-bakermckenzie-com-bm-banking-finance_1-egypt-new-regulations-on-the-establishment-and-licensing-of-fintech-companies_02132024/
[12:13:33.472] [INFO ]     ├─ Title:      Egypt: New Regulations on the Establishment and Licensing of Fintech Companies - Global Compliance News
[12:13:33.472] [INFO ]     └─ Load Time:  2.76s
[12:13:34.689] [INFO ] 🧑 Human behavior simulation...
[12:13:42.789] [INFO ] 🖱️ Mouse: 4 moves in 1728x1117
[12:13:42.789] [INFO ] 🖱️ Mouse completed: 4 moves
[12:13:42.789] [INFO ] 📜 Scroll: page height, viewport=1117px
[12:13:42.789] [INFO ] 📜 Scroll completed: 2 scrolls
[12:13:42.789] [INFO ] 🧑 Human behavior completed in 8.1s ✓
[12:13:42.789] [INFO ] 
[12:13:42.789] [INFO ]     🧑 HUMAN BEHAVIOR SIMULATED
[12:13:42.789] [INFO ]     ├─ Mouse Movements: 4
[12:13:42.789] [INFO ]     ├─ Scroll Actions:  2
[12:13:42.789] [INFO ]     └─ Time Spent:      8.10s
[12:13:42.852] [INFO ] 
[12:13:42.852] [INFO ]     ┌─ CONTENT METRICS ────────────────────────────────────────────┐
[12:13:42.852] [INFO ]     │ Title:            Egypt: New Regulations on the Establishment and Li
[12:13:42.852] [INFO ]     │ Final URL:        https://www.globalcompliancenews.com/2024/03/06/https-insightplus-bakermckenzie-com-bm-banking-finance_1-egypt-new-regulations-on-the-establishment-and-licensing-of-fintech-companies_02132024/
[12:13:42.852] [INFO ]     │ HTML Size:        118,447 bytes
[12:13:42.852] [INFO ]     │ Text Size:        3,280 chars
[12:13:42.852] [INFO ]     │ Word Count:       ~512 words
[12:13:42.852] [INFO ]     │ Extraction:       trafilatura
[12:13:42.852] [INFO ]     │ Has Article:      ✅ Yes
[12:13:42.852] [INFO ]     └──────────────────────────────────────────────────────────────┘
[12:13:42.879] [INFO ] 
[12:13:42.879] [INFO ] ╔══════════════════════════════════════════════════════════════════════════╗
[12:13:42.879] [INFO ] ║  ✅ SCRAPE SUCCESSFUL - SCRAPE_20260126_121330_3B50
[12:13:42.879] [INFO ] ╠══════════════════════════════════════════════════════════════════════════╣
[12:13:42.879] [INFO ] 
[12:13:42.879] [INFO ]     ┌─ TIMING BREAKDOWN ───────────────────────────────────────────┐
[12:13:42.879] [INFO ]     │ Browser Launch:      0.05s
[12:13:42.879] [INFO ]     │ Page Load:           2.76s
[12:13:42.879] [INFO ]     │ Cloudflare Wait:     0.00s
[12:13:42.879] [INFO ]     │ Human Simulation:    8.10s
[12:13:42.879] [INFO ]     │
[12:13:42.879] [INFO ]     │ Content Extraction:  0.03s
[12:13:42.879] [INFO ]     │ ─────────────────────────────────────────────────────────────
[12:13:42.879] [INFO ]     │ TOTAL TIME:          10.95s
[12:13:42.879] [INFO ]     └──────────────────────────────────────────────────────────────┘
[12:13:42.879] [INFO ] 
[12:13:42.880] [INFO ]     ┌─ CONTENT METRICS ────────────────────────────────────────────┐
[12:13:42.880] [INFO ]     │ Title:            Egypt: New Regulations on the Establishment and Li
[12:13:42.880] [INFO ]     │ Final URL:        https://www.globalcompliancenews.com/2024/03/06/https-insightplus-bakermckenzie-com-bm-banking-finance_1-egypt-new-regulations-on-the-establishment-and-licensing-of-fintech-companies_02132024/
[12:13:42.880] [INFO ]     │ HTML Size:        118,447 bytes
[12:13:42.880] [INFO ]     │ Text Size:        3,280 chars
[12:13:42.880] [INFO ]     │ Word Count:       ~512 words
[12:13:42.880] [INFO ]     │ Extraction:       trafilatura
[12:13:42.880] [INFO ]     │ Has Article:      ✅ Yes
[12:13:42.880] [INFO ]     └──────────────────────────────────────────────────────────────┘
[12:13:42.880] [INFO ] ╠══════════════════════════════════════════════════════════════════════════╣
[12:13:42.880] [INFO ] ║  📊 SESSION STATS
[12:13:42.880] [INFO ] ║  ├─ Strategies Tried:   domcontentloaded
[12:13:42.880] [INFO ] ║  ├─ Popups Dismissed:   0
[12:13:42.880] [INFO ] ║  ├─ Cloudflare:         Not detected
[12:13:42.880] [INFO ] ║  └─ Proxy Used:         Direct
[12:13:42.880] [INFO ] ╚══════════════════════════════════════════════════════════════════════════╝
[12:13:42.880] [INFO ] 

================================================================================
STATUS: SUCCESS
TOTAL TIME: 12.57s
ENDED: 2026-01-26T12:13:42.880074+02:00 (Egypt Time)
END OF SCRAPE LOG
================================================================================