================================================================================
SCRAPE LOG: https://terralex.connectedcommunity.org/blogs/nicole-rudner/2023/07/17/new-regulations-and-licensing-requirements-for-dig
Started: 2026-01-26 12:11:00
Session ID: SCRAPE_20260126_121100_0DB6
================================================================================
[12:11:00.305] [INFO ] 📝 Scrape log: /app/data/logs/scrapes/2026-01-26_121100_terralex.connectedcommunity.org.log
[12:11:00.305] [DEBUG] ⏱️ Timeout set to 45s for this scrape
[12:11:00.654] [INFO ] 
[12:11:00.654] [INFO ]     🚀 BROWSER LAUNCHED
[12:11:00.654] [INFO ]     ├─ Mode:       Headless
[12:11:00.654] [INFO ]     ├─ Slow Mo:    50ms
[12:11:00.654] [INFO ]     ├─ Launch Time: 0.06s
[12:11:00.654] [INFO ]     └─ Args:       Anti-automation flags enabled
[12:11:00.669] [DEBUG] Browser profile: viewport={'width': 1680, 'height': 1050}, locale=en-US, tz=UTC
[12:11:00.669] [INFO ] 
[12:11:00.669] [INFO ] ╔══════════════════════════════════════════════════════════════════════════╗
[12:11:00.669] [INFO ] ║  📋 SESSION: SCRAPE_20260126_121100_0DB6
[12:11:00.669] [INFO ] ║  🌐 URL: https://terralex.connectedcommunity.org/blogs/nicole-rudner/2023/07/17/new-regulations-and-licensing-requirements-for-dig
[12:11:00.669] [INFO ] ║  🔄 ATTEMPT: 1/2
[12:11:00.669] [INFO ] ║  ⏰ STARTED: 2026-01-26T12:11:00.669874+02:00 (Egypt Time)
[12:11:00.669] [INFO ] ╠══════════════════════════════════════════════════════════════════════════╣
[12:11:00.669] [INFO ] 
[12:11:00.669] [INFO ]     ┌─ BROWSER FINGERPRINT ────────────────────────────────────────┐
[12:11:00.669] [INFO ]     │ Browser:     CHROME v122
[12:11:00.669] [INFO ]     │ User-Agent:  Mozilla/5.0 (Windows NT 10.0; Win64; x64) AppleWebKit/537.36 (KHTML, l...
[12:11:00.669] [INFO ]     │ Viewport:    1680x1050
[12:11:00.669] [INFO ]     │ Sec-CH-UA:   (not applicable)...
[12:11:00.669] [INFO ]     ├─ LOCATION PROFILE ───────────────────────────────────────────┤
[12:11:00.669] [INFO ]     │ Location:    Phoenix, USA
[12:11:00.669] [INFO ]     │ Timezone:    N/A
[12:11:00.669] [INFO ]     │ Locale:      en-US
[12:11:00.669] [INFO ]     │ Geo:         0, 0
[12:11:00.669] [INFO ]     ├─ NETWORK ────────────────────────────────────────────────────┤
[12:11:00.669] [INFO ]     │ Proxy:       Direct (no proxy)
[12:11:00.669] [INFO ]     │ Referrer:    None
[12:11:00.669] [INFO ]     └──────────────────────────────────────────────────────────────┘
[12:11:00.669] [INFO ] ╚══════════════════════════════════════════════════════════════════════════╝
[12:11:00.669] [INFO ] 🛡️ Injected anti-detection scripts at context level
[12:11:00.669] [DEBUG]    └─ Canvas noise, WebGL spoof, Browser patches
[12:11:00.669] [INFO ] 
[12:11:00.669] [INFO ]     🛡️ ANTI-DETECTION SCRIPTS INJECTED (CONTEXT level)
[12:11:00.669] [INFO ]     ├─ Canvas fingerprint noise
[12:11:00.669] [INFO ]     ├─ WebGL renderer/vendor spoof
[12:11:00.669] [INFO ]     ├─ Hardware concurrency randomization
[12:11:00.669] [INFO ]     ├─ Device memory randomization
[12:11:00.669] [INFO ]     ├─ Plugin masking
[12:11:00.670] [INFO ]     ├─ WebRTC IP leak protection
[12:11:00.670] [INFO ]     ├─ Network connection spoof
[12:11:00.670] [INFO ]     └─ Battery API spoof
[12:11:00.711] [INFO ] 
[12:11:00.711] [INFO ]     🥷 STEALTH MODE APPLIED
[12:11:00.711] [INFO ]     ├─ Navigator patches (webdriver, plugins, languages)
[12:11:00.711] [INFO ]     ├─ Chrome runtime patches
[12:11:00.711] [INFO ]     ├─ Console patches
[12:11:00.711] [INFO ]     └─ Permission patches
[12:11:00.711] [INFO ] 🛡️ Injected anti-detection scripts at page level
[12:11:00.711] [DEBUG]    └─ Canvas noise, WebGL spoof, Browser patches
[12:11:00.711] [INFO ] 
[12:11:00.711] [INFO ]     🛡️ ANTI-DETECTION SCRIPTS INJECTED (PAGE level)
[12:11:00.711] [INFO ]     ├─ Canvas fingerprint noise
[12:11:00.711] [INFO ]     ├─ WebGL renderer/vendor spoof
[12:11:00.711] [INFO ]     ├─ Hardware concurrency randomization
[12:11:00.711] [INFO ]     ├─ Device memory randomization
[12:11:00.711] [INFO ]     ├─ Plugin masking
[12:11:00.711] [INFO ]     ├─ WebRTC IP leak protection
[12:11:00.711] [INFO ]     ├─ Network connection spoof
[12:11:00.711] [INFO ]     └─ Battery API spoof
[12:11:00.711] [DEBUG] Enabled resource blocking (images, media, fonts)
[12:11:00.711] [INFO ] 
[12:11:00.711] [INFO ]     🔗 NAVIGATING TO URL
[12:11:00.711] [INFO ]     ├─ Strategy:   domcontentloaded
[12:11:00.711] [INFO ]     ├─ Timeout:    15.0s
[12:11:00.711] [INFO ]     └─ Sleep:      1s after load
[12:11:03.619] [INFO ] 
[12:11:03.619] [INFO ]     ✅ PAGE LOADED
[12:11:03.619] [INFO ]     ├─ Final URL:  https://terralex.connectedcommunity.org/blogs/nicole-rudner/2023/07/17/new-regulations-and-licensing-requirements-for-dig
[12:11:03.619] [INFO ]     ├─ Title:      New Regulations and Licensing Requirements for Digital Banks in Egypt
[12:11:03.619] [INFO ]     └─ Load Time:  2.91s
[12:11:04.834] [INFO ] 🧑 Human behavior simulation...
[12:11:10.655] [INFO ] 🖱️ Mouse: 3 moves in 1680x1050
[12:11:10.655] [INFO ] 🖱️ Mouse completed: 3 moves
[12:11:10.655] [INFO ] 📜 Scroll: page height, viewport=1050px
[12:11:10.655] [INFO ] 📜 Scroll completed: 3 scrolls
[12:11:10.655] [INFO ] 🧑 Human behavior completed in 5.8s ✓
[12:11:10.655] [INFO ] 
[12:11:10.655] [INFO ]     🧑 HUMAN BEHAVIOR SIMULATED
[12:11:10.655] [INFO ]     ├─ Mouse Movements: 3
[12:11:10.655] [INFO ]     ├─ Scroll Actions:  3
[12:11:10.655] [INFO ]     └─ Time Spent:      5.82s
[12:11:10.821] [INFO ] 
[12:11:10.821] [INFO ]     ┌─ CONTENT METRICS ────────────────────────────────────────────┐
[12:11:10.821] [INFO ]     │ Title:            Extracted Content (Fallback)
[12:11:10.821] [INFO ]     │ Final URL:        https://terralex.connectedcommunity.org/blogs/nicole-rudner/2023/07/17/new-regulations-and-licensing-requirements-for-dig
[12:11:10.821] [INFO ]     │ HTML Size:        135,686 bytes
[12:11:10.821] [INFO ]     │ Text Size:        5,940 chars
[12:11:10.821] [INFO ]     │ Word Count:       ~870 words
[12:11:10.821] [INFO ]     │ Extraction:       fallback
[12:11:10.821] [INFO ]     │ Has Article:      ✅ Yes
[12:11:10.821] [INFO ]     └──────────────────────────────────────────────────────────────┘
[12:11:10.851] [INFO ] 
[12:11:10.851] [INFO ] ╔══════════════════════════════════════════════════════════════════════════╗
[12:11:10.851] [INFO ] ║  ✅ SCRAPE SUCCESSFUL - SCRAPE_20260126_121100_0DB6
[12:11:10.851] [INFO ] ╠══════════════════════════════════════════════════════════════════════════╣
[12:11:10.851] [INFO ] 
[12:11:10.851] [INFO ]     ┌─ TIMING BREAKDOWN ───────────────────────────────────────────┐
[12:11:10.851] [INFO ]     │ Browser Launch:      0.06s
[12:11:10.851] [INFO ]     │ Page Load:           2.91s
[12:11:10.851] [INFO ]     │ Cloudflare Wait:     0.00s
[12:11:10.851] [INFO ]     │ Human Simulation:    5.82s
[12:11:10.851] [INFO ]     │
[12:11:10.851] [INFO ]     │ Content Extraction:  0.08s
[12:11:10.851] [INFO ]     │ ─────────────────────────────────────────────────────────────
[12:11:10.851] [INFO ]     │ TOTAL TIME:          8.87s
[12:11:10.851] [INFO ]     └──────────────────────────────────────────────────────────────┘
[12:11:10.851] [INFO ] 
[12:11:10.851] [INFO ]     ┌─ CONTENT METRICS ────────────────────────────────────────────┐
[12:11:10.851] [INFO ]     │ Title:            Extracted Content (Fallback)
[12:11:10.851] [INFO ]     │ Final URL:        https://terralex.connectedcommunity.org/blogs/nicole-rudner/2023/07/17/new-regulations-and-licensing-requirements-for-dig
[12:11:10.851] [INFO ]     │ HTML Size:        135,686 bytes
[12:11:10.851] [INFO ]     │ Text Size:        5,940 chars
[12:11:10.851] [INFO ]     │ Word Count:       ~870 words
[12:11:10.851] [INFO ]     │ Extraction:       fallback
[12:11:10.851] [INFO ]     │ Has Article:      ✅ Yes
[12:11:10.851] [INFO ]     └──────────────────────────────────────────────────────────────┘
[12:11:10.851] [INFO ] ╠══════════════════════════════════════════════════════════════════════════╣
[12:11:10.851] [INFO ] ║  📊 SESSION STATS
[12:11:10.851] [INFO ] ║  ├─ Strategies Tried:   domcontentloaded
[12:11:10.851] [INFO ] ║  ├─ Popups Dismissed:   0
[12:11:10.851] [INFO ] ║  ├─ Cloudflare:         Not detected
[12:11:10.851] [INFO ] ║  └─ Proxy Used:         Direct
[12:11:10.851] [INFO ] ╚══════════════════════════════════════════════════════════════════════════╝
[12:11:10.851] [INFO ] 

================================================================================
STATUS: SUCCESS
TOTAL TIME: 10.55s
ENDED: 2026-01-26T12:11:10.851771+02:00 (Egypt Time)
END OF SCRAPE LOG
================================================================================