================================================================================
SCRAPE LOG: https://eg.tuvaustria.com/tag/iso-iec-27005/
Started: 2026-01-29 20:06:26
Session ID: SCRAPE_20260129_200626_CC77
================================================================================
[20:06:26.117] [INFO ] 📝 Scrape log: /app/data/logs/scrapes/2026-01-29_200626_eg.tuvaustria.com.log
[20:06:26.117] [DEBUG] ⏱️ Timeout set to 45s for this scrape
[20:06:26.455] [INFO ] 
[20:06:26.455] [INFO ]     🚀 BROWSER LAUNCHED
[20:06:26.455] [INFO ]     ├─ Mode:       Headless
[20:06:26.455] [INFO ]     ├─ Slow Mo:    51ms
[20:06:26.455] [INFO ]     ├─ Launch Time: 0.05s
[20:06:26.455] [INFO ]     └─ Args:       Anti-automation flags enabled
[20:06:26.474] [DEBUG] Browser profile: viewport={'width': 1366, 'height': 768}, locale=en-US, tz=UTC
[20:06:26.474] [INFO ] 
[20:06:26.474] [INFO ] ╔══════════════════════════════════════════════════════════════════════════╗
[20:06:26.474] [INFO ] ║  📋 SESSION: SCRAPE_20260129_200626_CC77
[20:06:26.474] [INFO ] ║  🌐 URL: https://eg.tuvaustria.com/tag/iso-iec-27005/
[20:06:26.474] [INFO ] ║  🔄 ATTEMPT: 1/2
[20:06:26.474] [INFO ] ║  ⏰ STARTED: 2026-01-29T20:06:26.474116+02:00 (Egypt Time)
[20:06:26.474] [INFO ] ╠══════════════════════════════════════════════════════════════════════════╣
[20:06:26.474] [INFO ] 
[20:06:26.474] [INFO ]     ┌─ BROWSER FINGERPRINT ────────────────────────────────────────┐
[20:06:26.474] [INFO ]     │ Browser:     CHROME v121
[20:06:26.474] [INFO ]     │ User-Agent:  Mozilla/5.0 (Windows NT 10.0; Win64; x64) AppleWebKit/537.36 (KHTML, l...
[20:06:26.474] [INFO ]     │ Viewport:    1366x768
[20:06:26.474] [INFO ]     │ Sec-CH-UA:   (not applicable)...
[20:06:26.474] [INFO ]     ├─ LOCATION PROFILE ───────────────────────────────────────────┤
[20:06:26.474] [INFO ]     │ Location:    Houston, USA
[20:06:26.474] [INFO ]     │ Timezone:    N/A
[20:06:26.474] [INFO ]     │ Locale:      en-US
[20:06:26.474] [INFO ]     │ Geo:         0, 0
[20:06:26.474] [INFO ]     ├─ NETWORK ────────────────────────────────────────────────────┤
[20:06:26.474] [INFO ]     │ Proxy:       Direct (no proxy)
[20:06:26.474] [INFO ]     │ Referrer:    https://news.google.com/
[20:06:26.474] [INFO ]     └──────────────────────────────────────────────────────────────┘
[20:06:26.474] [INFO ] ╚══════════════════════════════════════════════════════════════════════════╝
[20:06:26.474] [INFO ] 🛡️ Injected anti-detection scripts at context level
[20:06:26.474] [DEBUG]    └─ Canvas noise, WebGL spoof, Browser patches
[20:06:26.474] [INFO ] 
[20:06:26.474] [INFO ]     🛡️ ANTI-DETECTION SCRIPTS INJECTED (CONTEXT level)
[20:06:26.474] [INFO ]     ├─ Canvas fingerprint noise
[20:06:26.474] [INFO ]     ├─ WebGL renderer/vendor spoof
[20:06:26.474] [INFO ]     ├─ Hardware concurrency randomization
[20:06:26.474] [INFO ]     ├─ Device memory randomization
[20:06:26.474] [INFO ]     ├─ Plugin masking
[20:06:26.474] [INFO ]     ├─ WebRTC IP leak protection
[20:06:26.474] [INFO ]     ├─ Network connection spoof
[20:06:26.474] [INFO ]     └─ Battery API spoof
[20:06:26.516] [INFO ] 
[20:06:26.516] [INFO ]     🥷 STEALTH MODE APPLIED
[20:06:26.516] [INFO ]     ├─ Navigator patches (webdriver, plugins, languages)
[20:06:26.516] [INFO ]     ├─ Chrome runtime patches
[20:06:26.516] [INFO ]     ├─ Console patches
[20:06:26.516] [INFO ]     └─ Permission patches
[20:06:26.516] [INFO ] 🛡️ Injected anti-detection scripts at page level
[20:06:26.516] [DEBUG]    └─ Canvas noise, WebGL spoof, Browser patches
[20:06:26.516] [INFO ] 
[20:06:26.516] [INFO ]     🛡️ ANTI-DETECTION SCRIPTS INJECTED (PAGE level)
[20:06:26.516] [INFO ]     ├─ Canvas fingerprint noise
[20:06:26.516] [INFO ]     ├─ WebGL renderer/vendor spoof
[20:06:26.516] [INFO ]     ├─ Hardware concurrency randomization
[20:06:26.516] [INFO ]     ├─ Device memory randomization
[20:06:26.516] [INFO ]     ├─ Plugin masking
[20:06:26.516] [INFO ]     ├─ WebRTC IP leak protection
[20:06:26.516] [INFO ]     ├─ Network connection spoof
[20:06:26.516] [INFO ]     └─ Battery API spoof
[20:06:26.516] [DEBUG] Enabled resource blocking (images, media, fonts)
[20:06:26.516] [INFO ] 
[20:06:26.516] [INFO ]     🔗 NAVIGATING TO URL
[20:06:26.516] [INFO ]     ├─ Strategy:   domcontentloaded
[20:06:26.516] [INFO ]     ├─ Timeout:    15.0s
[20:06:26.516] [INFO ]     └─ Sleep:      1s after load
[20:06:30.641] [INFO ] 
[20:06:30.641] [INFO ]     ✅ PAGE LOADED
[20:06:30.641] [INFO ]     ├─ Final URL:  https://eg.tuvaustria.com/tag/iso-iec-27005/
[20:06:30.641] [INFO ]     ├─ Title:      ISO/IEC 27005 - TÜV Austria Egypt
[20:06:30.641] [INFO ]     └─ Load Time:  4.12s
[20:06:32.609] [INFO ] 🧑 Human behavior simulation...
[20:06:34.553] [INFO ] 🖱️ Mouse: 2 moves in 1366x768
[20:06:34.553] [INFO ] 🖱️ Mouse completed: 2 moves
[20:06:34.553] [INFO ] 📜 Scroll: page height, viewport=768px
[20:06:34.553] [INFO ] 📜 Scroll completed: 1 scrolls
[20:06:34.553] [INFO ] 🧑 Human behavior completed in 1.9s ✓
[20:06:34.553] [INFO ] 
[20:06:34.553] [INFO ]     🧑 HUMAN BEHAVIOR SIMULATED
[20:06:34.553] [INFO ]     ├─ Mouse Movements: 2
[20:06:34.553] [INFO ]     ├─ Scroll Actions:  1
[20:06:34.553] [INFO ]     └─ Time Spent:      1.94s
[20:06:34.920] [INFO ] 
[20:06:34.920] [INFO ]     ┌─ CONTENT METRICS ────────────────────────────────────────────┐
[20:06:34.920] [INFO ]     │ Title:            ISO/IEC 27005 - TÜV Austria Egypt
[20:06:34.920] [INFO ]     │ Final URL:        https://eg.tuvaustria.com/tag/iso-iec-27005/
[20:06:34.920] [INFO ]     │ HTML Size:        381,746 bytes
[20:06:34.920] [INFO ]     │ Text Size:        14,070 chars
[20:06:34.920] [INFO ]     │ Word Count:       ~2144 words
[20:06:34.920] [INFO ]     │ Extraction:       trafilatura
[20:06:34.920] [INFO ]     │ Has Article:      ✅ Yes
[20:06:34.920] [INFO ]     └──────────────────────────────────────────────────────────────┘
[20:06:34.965] [INFO ] 
[20:06:34.965] [INFO ] ╔══════════════════════════════════════════════════════════════════════════╗
[20:06:34.965] [INFO ] ║  ✅ SCRAPE SUCCESSFUL - SCRAPE_20260129_200626_CC77
[20:06:34.965] [INFO ] ╠══════════════════════════════════════════════════════════════════════════╣
[20:06:34.965] [INFO ] 
[20:06:34.965] [INFO ]     ┌─ TIMING BREAKDOWN ───────────────────────────────────────────┐
[20:06:34.965] [INFO ]     │ Browser Launch:      0.05s
[20:06:34.965] [INFO ]     │ Page Load:           4.12s
[20:06:34.965] [INFO ]     │ Cloudflare Wait:     0.00s
[20:06:34.965] [INFO ]     │ Human Simulation:    1.94s
[20:06:34.965] [INFO ]     │
[20:06:34.965] [INFO ]     │ Content Extraction:  0.28s
[20:06:34.965] [INFO ]     │ ─────────────────────────────────────────────────────────────
[20:06:34.965] [INFO ]     │ TOTAL TIME:          6.40s
[20:06:34.965] [INFO ]     └──────────────────────────────────────────────────────────────┘
[20:06:34.965] [INFO ] 
[20:06:34.965] [INFO ]     ┌─ CONTENT METRICS ────────────────────────────────────────────┐
[20:06:34.965] [INFO ]     │ Title:            ISO/IEC 27005 - TÜV Austria Egypt
[20:06:34.965] [INFO ]     │ Final URL:        https://eg.tuvaustria.com/tag/iso-iec-27005/
[20:06:34.965] [INFO ]     │ HTML Size:        381,746 bytes
[20:06:34.965] [INFO ]     │ Text Size:        14,070 chars
[20:06:34.965] [INFO ]     │ Word Count:       ~2144 words
[20:06:34.965] [INFO ]     │ Extraction:       trafilatura
[20:06:34.965] [INFO ]     │ Has Article:      ✅ Yes
[20:06:34.965] [INFO ]     └──────────────────────────────────────────────────────────────┘
[20:06:34.965] [INFO ] ╠══════════════════════════════════════════════════════════════════════════╣
[20:06:34.965] [INFO ] ║  📊 SESSION STATS
[20:06:34.965] [INFO ] ║  ├─ Strategies Tried:   domcontentloaded
[20:06:34.965] [INFO ] ║  ├─ Popups Dismissed:   0
[20:06:34.965] [INFO ] ║  ├─ Cloudflare:         Not detected
[20:06:34.965] [INFO ] ║  └─ Proxy Used:         Direct
[20:06:34.965] [INFO ] ╚══════════════════════════════════════════════════════════════════════════╝
[20:06:34.965] [INFO ] 

================================================================================
STATUS: SUCCESS
TOTAL TIME: 8.85s
ENDED: 2026-01-29T20:06:34.965610+02:00 (Egypt Time)
END OF SCRAPE LOG
================================================================================