================================================================================
SCRAPE LOG: https://www.proofpoint.com/us/threat-reference/cmmc-compliance
Started: 2026-01-29 20:34:26
Session ID: SCRAPE_20260129_203426_00CD
================================================================================
[20:34:26.129] [INFO ] 📝 Scrape log: /app/data/logs/scrapes/2026-01-29_203426_proofpoint.com.log
[20:34:26.129] [DEBUG] ⏱️ Timeout set to 45s for this scrape
[20:34:26.469] [INFO ] 
[20:34:26.469] [INFO ]     🚀 BROWSER LAUNCHED
[20:34:26.469] [INFO ]     ├─ Mode:       Headless
[20:34:26.469] [INFO ]     ├─ Slow Mo:    46ms
[20:34:26.469] [INFO ]     ├─ Launch Time: 0.06s
[20:34:26.469] [INFO ]     └─ Args:       Anti-automation flags enabled
[20:34:26.485] [DEBUG] Browser profile: viewport={'width': 2560, 'height': 1440}, locale=en-CA, tz=UTC
[20:34:26.485] [INFO ] 
[20:34:26.485] [INFO ] ╔══════════════════════════════════════════════════════════════════════════╗
[20:34:26.485] [INFO ] ║  📋 SESSION: SCRAPE_20260129_203426_00CD
[20:34:26.485] [INFO ] ║  🌐 URL: https://www.proofpoint.com/us/threat-reference/cmmc-compliance
[20:34:26.485] [INFO ] ║  🔄 ATTEMPT: 1/2
[20:34:26.485] [INFO ] ║  ⏰ STARTED: 2026-01-29T20:34:26.485765+02:00 (Egypt Time)
[20:34:26.485] [INFO ] ╠══════════════════════════════════════════════════════════════════════════╣
[20:34:26.485] [INFO ] 
[20:34:26.485] [INFO ]     ┌─ BROWSER FINGERPRINT ────────────────────────────────────────┐
[20:34:26.485] [INFO ]     │ Browser:     FIREFOX v120
[20:34:26.485] [INFO ]     │ User-Agent:  Mozilla/5.0 (X11; Linux x86_64; rv:120.0) Gecko/20100101 Firefox/120.0...
[20:34:26.485] [INFO ]     │ Viewport:    2560x1440
[20:34:26.485] [INFO ]     │ Sec-CH-UA:   (not applicable)...
[20:34:26.485] [INFO ]     ├─ LOCATION PROFILE ───────────────────────────────────────────┤
[20:34:26.485] [INFO ]     │ Location:    Vancouver, Canada
[20:34:26.485] [INFO ]     │ Timezone:    N/A
[20:34:26.485] [INFO ]     │ Locale:      en-CA
[20:34:26.485] [INFO ]     │ Geo:         0, 0
[20:34:26.485] [INFO ]     ├─ NETWORK ────────────────────────────────────────────────────┤
[20:34:26.485] [INFO ]     │ Proxy:       Direct (no proxy)
[20:34:26.485] [INFO ]     │ Referrer:    https://www.google.com/
[20:34:26.485] [INFO ]     └──────────────────────────────────────────────────────────────┘
[20:34:26.485] [INFO ] ╚══════════════════════════════════════════════════════════════════════════╝
[20:34:26.485] [INFO ] 🛡️ Injected anti-detection scripts at context level
[20:34:26.485] [DEBUG]    └─ Canvas noise, WebGL spoof, Browser patches
[20:34:26.485] [INFO ] 
[20:34:26.485] [INFO ]     🛡️ ANTI-DETECTION SCRIPTS INJECTED (CONTEXT level)
[20:34:26.485] [INFO ]     ├─ Canvas fingerprint noise
[20:34:26.485] [INFO ]     ├─ WebGL renderer/vendor spoof
[20:34:26.485] [INFO ]     ├─ Hardware concurrency randomization
[20:34:26.485] [INFO ]     ├─ Device memory randomization
[20:34:26.485] [INFO ]     ├─ Plugin masking
[20:34:26.485] [INFO ]     ├─ WebRTC IP leak protection
[20:34:26.485] [INFO ]     ├─ Network connection spoof
[20:34:26.485] [INFO ]     └─ Battery API spoof
[20:34:26.526] [INFO ] 
[20:34:26.526] [INFO ]     🥷 STEALTH MODE APPLIED
[20:34:26.526] [INFO ]     ├─ Navigator patches (webdriver, plugins, languages)
[20:34:26.526] [INFO ]     ├─ Chrome runtime patches
[20:34:26.526] [INFO ]     ├─ Console patches
[20:34:26.526] [INFO ]     └─ Permission patches
[20:34:26.526] [INFO ] 🛡️ Injected anti-detection scripts at page level
[20:34:26.526] [DEBUG]    └─ Canvas noise, WebGL spoof, Browser patches
[20:34:26.526] [INFO ] 
[20:34:26.526] [INFO ]     🛡️ ANTI-DETECTION SCRIPTS INJECTED (PAGE level)
[20:34:26.526] [INFO ]     ├─ Canvas fingerprint noise
[20:34:26.526] [INFO ]     ├─ WebGL renderer/vendor spoof
[20:34:26.526] [INFO ]     ├─ Hardware concurrency randomization
[20:34:26.526] [INFO ]     ├─ Device memory randomization
[20:34:26.526] [INFO ]     ├─ Plugin masking
[20:34:26.526] [INFO ]     ├─ WebRTC IP leak protection
[20:34:26.526] [INFO ]     ├─ Network connection spoof
[20:34:26.526] [INFO ]     └─ Battery API spoof
[20:34:26.526] [DEBUG] Enabled resource blocking (images, media, fonts)
[20:34:26.526] [INFO ] 
[20:34:26.526] [INFO ]     🔗 NAVIGATING TO URL
[20:34:26.526] [INFO ]     ├─ Strategy:   domcontentloaded
[20:34:26.526] [INFO ]     ├─ Timeout:    15.0s
[20:34:26.526] [INFO ]     └─ Sleep:      1s after load
[20:34:34.269] [INFO ] 
[20:34:34.269] [INFO ]     ✅ PAGE LOADED
[20:34:34.269] [INFO ]     ├─ Final URL:  https://www.proofpoint.com/us/threat-reference/cmmc-compliance
[20:34:34.269] [INFO ]     ├─ Title:      CMMC & CMMC 2.0 – What Is It? Compliance & Certification | Proofpoint US
[20:34:34.269] [INFO ]     └─ Load Time:  7.74s
[20:34:35.789] [INFO ] 🧑 Human behavior simulation...
[20:34:38.439] [INFO ] 🖱️ Mouse: 1 moves in 2560x1440
[20:34:38.439] [INFO ] 🖱️ Mouse completed: 1 moves
[20:34:38.439] [INFO ] 📜 Scroll: page height, viewport=1440px
[20:34:38.439] [INFO ] 📜 Scroll completed: 3 scrolls
[20:34:38.439] [INFO ] 🧑 Human behavior completed in 2.6s ✓
[20:34:38.439] [INFO ] 
[20:34:38.439] [INFO ]     🧑 HUMAN BEHAVIOR SIMULATED
[20:34:38.439] [INFO ]     ├─ Mouse Movements: 1
[20:34:38.439] [INFO ]     ├─ Scroll Actions:  3
[20:34:38.439] [INFO ]     └─ Time Spent:      2.65s
[20:34:38.808] [INFO ] 
[20:34:38.808] [INFO ]     ┌─ CONTENT METRICS ────────────────────────────────────────────┐
[20:34:38.808] [INFO ]     │ Title:            Cybersecurity Maturity Model Certification (CMMC)
[20:34:38.808] [INFO ]     │ Final URL:        https://www.proofpoint.com/us/threat-reference/cmmc-compliance
[20:34:38.808] [INFO ]     │ HTML Size:        278,463 bytes
[20:34:38.808] [INFO ]     │ Text Size:        15,518 chars
[20:34:38.808] [INFO ]     │ Word Count:       ~2155 words
[20:34:38.808] [INFO ]     │ Extraction:       trafilatura
[20:34:38.808] [INFO ]     │ Has Article:      ✅ Yes
[20:34:38.808] [INFO ]     └──────────────────────────────────────────────────────────────┘
[20:34:38.850] [INFO ] 
[20:34:38.850] [INFO ] ╔══════════════════════════════════════════════════════════════════════════╗
[20:34:38.850] [INFO ] ║  ✅ SCRAPE SUCCESSFUL - SCRAPE_20260129_203426_00CD
[20:34:38.850] [INFO ] ╠══════════════════════════════════════════════════════════════════════════╣
[20:34:38.850] [INFO ] 
[20:34:38.850] [INFO ]     ┌─ TIMING BREAKDOWN ───────────────────────────────────────────┐
[20:34:38.850] [INFO ]     │ Browser Launch:      0.06s
[20:34:38.850] [INFO ]     │ Page Load:           7.74s
[20:34:38.850] [INFO ]     │ Cloudflare Wait:     0.00s
[20:34:38.850] [INFO ]     │ Human Simulation:    2.65s
[20:34:38.850] [INFO ]     │
[20:34:38.850] [INFO ]     │ Content Extraction:  0.16s
[20:34:38.850] [INFO ]     │ ─────────────────────────────────────────────────────────────
[20:34:38.850] [INFO ]     │ TOTAL TIME:          10.61s
[20:34:38.850] [INFO ]     └──────────────────────────────────────────────────────────────┘
[20:34:38.850] [INFO ] 
[20:34:38.850] [INFO ]     ┌─ CONTENT METRICS ────────────────────────────────────────────┐
[20:34:38.850] [INFO ]     │ Title:            Cybersecurity Maturity Model Certification (CMMC)
[20:34:38.850] [INFO ]     │ Final URL:        https://www.proofpoint.com/us/threat-reference/cmmc-compliance
[20:34:38.850] [INFO ]     │ HTML Size:        278,463 bytes
[20:34:38.850] [INFO ]     │ Text Size:        15,518 chars
[20:34:38.850] [INFO ]     │ Word Count:       ~2155 words
[20:34:38.850] [INFO ]     │ Extraction:       trafilatura
[20:34:38.850] [INFO ]     │ Has Article:      ✅ Yes
[20:34:38.850] [INFO ]     └──────────────────────────────────────────────────────────────┘
[20:34:38.850] [INFO ] ╠══════════════════════════════════════════════════════════════════════════╣
[20:34:38.850] [INFO ] ║  📊 SESSION STATS
[20:34:38.850] [INFO ] ║  ├─ Strategies Tried:   domcontentloaded
[20:34:38.850] [INFO ] ║  ├─ Popups Dismissed:   0
[20:34:38.850] [INFO ] ║  ├─ Cloudflare:         Not detected
[20:34:38.850] [INFO ] ║  └─ Proxy Used:         Direct
[20:34:38.850] [INFO ] ╚══════════════════════════════════════════════════════════════════════════╝
[20:34:38.850] [INFO ] 

================================================================================
STATUS: SUCCESS
TOTAL TIME: 12.72s
ENDED: 2026-01-29T20:34:38.850850+02:00 (Egypt Time)
END OF SCRAPE LOG
================================================================================