================================================================================
SCRAPE LOG: https://axaxl.com/insurance/product-families/cyber
Started: 2026-01-30 01:02:32
Session ID: SCRAPE_20260130_010232_CDE1
================================================================================
[01:02:32.921] [INFO ] 📝 Scrape log: /app/data/logs/scrapes/2026-01-30_010232_axaxl.com.log
[01:02:32.921] [DEBUG] ⏱️ Timeout set to 45s for this scrape
[01:02:33.268] [INFO ] 
[01:02:33.268] [INFO ]     🚀 BROWSER LAUNCHED
[01:02:33.268] [INFO ]     ├─ Mode:       Headless
[01:02:33.268] [INFO ]     ├─ Slow Mo:    56ms
[01:02:33.268] [INFO ]     ├─ Launch Time: 0.05s
[01:02:33.268] [INFO ]     └─ Args:       Anti-automation flags enabled
[01:02:33.290] [DEBUG] Browser profile: viewport={'width': 1366, 'height': 768}, locale=en-US, tz=UTC
[01:02:33.290] [INFO ] 
[01:02:33.290] [INFO ] ╔══════════════════════════════════════════════════════════════════════════╗
[01:02:33.290] [INFO ] ║  📋 SESSION: SCRAPE_20260130_010232_CDE1
[01:02:33.290] [INFO ] ║  🌐 URL: https://axaxl.com/insurance/product-families/cyber
[01:02:33.290] [INFO ] ║  🔄 ATTEMPT: 1/2
[01:02:33.290] [INFO ] ║  ⏰ STARTED: 2026-01-30T01:02:33.290458+02:00 (Egypt Time)
[01:02:33.290] [INFO ] ╠══════════════════════════════════════════════════════════════════════════╣
[01:02:33.290] [INFO ] 
[01:02:33.290] [INFO ]     ┌─ BROWSER FINGERPRINT ────────────────────────────────────────┐
[01:02:33.290] [INFO ]     │ Browser:     FIREFOX v124
[01:02:33.290] [INFO ]     │ User-Agent:  Mozilla/5.0 (Windows NT 10.0; Win64; x64; rv:124.0) Gecko/20100101 Fir...
[01:02:33.290] [INFO ]     │ Viewport:    1366x768
[01:02:33.290] [INFO ]     │ Sec-CH-UA:   (not applicable)...
[01:02:33.290] [INFO ]     ├─ LOCATION PROFILE ───────────────────────────────────────────┤
[01:02:33.290] [INFO ]     │ Location:    Miami, USA
[01:02:33.290] [INFO ]     │ Timezone:    N/A
[01:02:33.290] [INFO ]     │ Locale:      en-US
[01:02:33.290] [INFO ]     │ Geo:         0, 0
[01:02:33.290] [INFO ]     ├─ NETWORK ────────────────────────────────────────────────────┤
[01:02:33.290] [INFO ]     │ Proxy:       Direct (no proxy)
[01:02:33.290] [INFO ]     │ Referrer:    None
[01:02:33.290] [INFO ]     └──────────────────────────────────────────────────────────────┘
[01:02:33.290] [INFO ] ╚══════════════════════════════════════════════════════════════════════════╝
[01:02:33.290] [INFO ] 🛡️ Injected anti-detection scripts at context level
[01:02:33.290] [DEBUG]    └─ Canvas noise, WebGL spoof, Browser patches
[01:02:33.290] [INFO ] 
[01:02:33.290] [INFO ]     🛡️ ANTI-DETECTION SCRIPTS INJECTED (CONTEXT level)
[01:02:33.290] [INFO ]     ├─ Canvas fingerprint noise
[01:02:33.290] [INFO ]     ├─ WebGL renderer/vendor spoof
[01:02:33.290] [INFO ]     ├─ Hardware concurrency randomization
[01:02:33.290] [INFO ]     ├─ Device memory randomization
[01:02:33.290] [INFO ]     ├─ Plugin masking
[01:02:33.290] [INFO ]     ├─ WebRTC IP leak protection
[01:02:33.290] [INFO ]     ├─ Network connection spoof
[01:02:33.290] [INFO ]     └─ Battery API spoof
[01:02:33.335] [INFO ] 
[01:02:33.335] [INFO ]     🥷 STEALTH MODE APPLIED
[01:02:33.335] [INFO ]     ├─ Navigator patches (webdriver, plugins, languages)
[01:02:33.335] [INFO ]     ├─ Chrome runtime patches
[01:02:33.335] [INFO ]     ├─ Console patches
[01:02:33.335] [INFO ]     └─ Permission patches
[01:02:33.335] [INFO ] 🛡️ Injected anti-detection scripts at page level
[01:02:33.335] [DEBUG]    └─ Canvas noise, WebGL spoof, Browser patches
[01:02:33.335] [INFO ] 
[01:02:33.335] [INFO ]     🛡️ ANTI-DETECTION SCRIPTS INJECTED (PAGE level)
[01:02:33.335] [INFO ]     ├─ Canvas fingerprint noise
[01:02:33.335] [INFO ]     ├─ WebGL renderer/vendor spoof
[01:02:33.335] [INFO ]     ├─ Hardware concurrency randomization
[01:02:33.335] [INFO ]     ├─ Device memory randomization
[01:02:33.335] [INFO ]     ├─ Plugin masking
[01:02:33.335] [INFO ]     ├─ WebRTC IP leak protection
[01:02:33.335] [INFO ]     ├─ Network connection spoof
[01:02:33.335] [INFO ]     └─ Battery API spoof
[01:02:33.335] [DEBUG] Enabled resource blocking (images, media, fonts)
[01:02:33.335] [INFO ] 
[01:02:33.335] [INFO ]     🔗 NAVIGATING TO URL
[01:02:33.335] [INFO ]     ├─ Strategy:   domcontentloaded
[01:02:33.335] [INFO ]     ├─ Timeout:    15.0s
[01:02:33.335] [INFO ]     └─ Sleep:      1s after load
[01:02:35.792] [INFO ] 
[01:02:35.792] [INFO ]     ✅ PAGE LOADED
[01:02:35.792] [INFO ]     ├─ Final URL:  https://axaxl.com/insurance/product-families/cyber
[01:02:35.792] [INFO ]     ├─ Title:      Our Cyber Insurance Solutions | AXA XL
[01:02:35.792] [INFO ]     └─ Load Time:  2.46s
[01:02:44.052] [INFO ] 🧑 Human behavior simulation...
[01:02:48.033] [INFO ] 🖱️ Mouse: 2 moves in 1366x768
[01:02:48.033] [INFO ] 🖱️ Mouse completed: 2 moves
[01:02:48.033] [INFO ] 📜 Scroll: page height, viewport=768px
[01:02:48.033] [INFO ] 📜 Scroll completed: 1 scrolls
[01:02:48.033] [INFO ] 🧑 Human behavior completed in 4.0s ✓
[01:02:48.033] [INFO ] 
[01:02:48.033] [INFO ]     🧑 HUMAN BEHAVIOR SIMULATED
[01:02:48.033] [INFO ]     ├─ Mouse Movements: 2
[01:02:48.033] [INFO ]     ├─ Scroll Actions:  1
[01:02:48.033] [INFO ]     └─ Time Spent:      3.98s
[01:02:48.311] [INFO ] 
[01:02:48.312] [INFO ]     ┌─ CONTENT METRICS ────────────────────────────────────────────┐
[01:02:48.312] [INFO ]     │ Title:            Cyber
[01:02:48.312] [INFO ]     │ Final URL:        https://axaxl.com/insurance/product-families/cyber
[01:02:48.312] [INFO ]     │ HTML Size:        268,303 bytes
[01:02:48.312] [INFO ]     │ Text Size:        620 chars
[01:02:48.312] [INFO ]     │ Word Count:       ~81 words
[01:02:48.312] [INFO ]     │ Extraction:       trafilatura
[01:02:48.312] [INFO ]     │ Has Article:      ✅ Yes
[01:02:48.312] [INFO ]     └──────────────────────────────────────────────────────────────┘
[01:02:48.345] [INFO ] 
[01:02:48.345] [INFO ] ╔══════════════════════════════════════════════════════════════════════════╗
[01:02:48.345] [INFO ] ║  ✅ SCRAPE SUCCESSFUL - SCRAPE_20260130_010232_CDE1
[01:02:48.345] [INFO ] ╠══════════════════════════════════════════════════════════════════════════╣
[01:02:48.345] [INFO ] 
[01:02:48.345] [INFO ]     ┌─ TIMING BREAKDOWN ───────────────────────────────────────────┐
[01:02:48.345] [INFO ]     │ Browser Launch:      0.05s
[01:02:48.345] [INFO ]     │ Page Load:           2.46s
[01:02:48.345] [INFO ]     │ Cloudflare Wait:     0.00s
[01:02:48.345] [INFO ]     │ Human Simulation:    3.98s
[01:02:48.345] [INFO ]     │
[01:02:48.345] [INFO ]     │ Content Extraction:  0.11s
[01:02:48.345] [INFO ]     │ ─────────────────────────────────────────────────────────────
[01:02:48.345] [INFO ]     │ TOTAL TIME:          6.60s
[01:02:48.345] [INFO ]     └──────────────────────────────────────────────────────────────┘
[01:02:48.345] [INFO ] 
[01:02:48.345] [INFO ]     ┌─ CONTENT METRICS ────────────────────────────────────────────┐
[01:02:48.345] [INFO ]     │ Title:            Cyber
[01:02:48.345] [INFO ]     │ Final URL:        https://axaxl.com/insurance/product-families/cyber
[01:02:48.345] [INFO ]     │ HTML Size:        268,303 bytes
[01:02:48.345] [INFO ]     │ Text Size:        620 chars
[01:02:48.345] [INFO ]     │ Word Count:       ~81 words
[01:02:48.345] [INFO ]     │ Extraction:       trafilatura
[01:02:48.345] [INFO ]     │ Has Article:      ✅ Yes
[01:02:48.345] [INFO ]     └──────────────────────────────────────────────────────────────┘
[01:02:48.345] [INFO ] ╠══════════════════════════════════════════════════════════════════════════╣
[01:02:48.345] [INFO ] ║  📊 SESSION STATS
[01:02:48.345] [INFO ] ║  ├─ Strategies Tried:   domcontentloaded
[01:02:48.345] [INFO ] ║  ├─ Popups Dismissed:   0
[01:02:48.345] [INFO ] ║  ├─ Cloudflare:         Not detected
[01:02:48.345] [INFO ] ║  └─ Proxy Used:         Direct
[01:02:48.345] [INFO ] ╚══════════════════════════════════════════════════════════════════════════╝
[01:02:48.345] [INFO ] 

================================================================================
STATUS: SUCCESS
TOTAL TIME: 15.42s
ENDED: 2026-01-30T01:02:48.345468+02:00 (Egypt Time)
END OF SCRAPE LOG
================================================================================