================================================================================
SCRAPE LOG: https://grcsolutions.io/implementing-iso27001/
Started: 2026-01-26 13:22:31
Session ID: SCRAPE_20260126_132231_BCC9
================================================================================
[13:22:31.351] [INFO ] 📝 Scrape log: /app/data/logs/scrapes/2026-01-26_132231_grcsolutions.io.log
[13:22:31.351] [DEBUG] ⏱️ Timeout set to 45s for this scrape
[13:22:31.692] [INFO ] 
[13:22:31.693] [INFO ]     🚀 BROWSER LAUNCHED
[13:22:31.693] [INFO ]     ├─ Mode:       Headless
[13:22:31.693] [INFO ]     ├─ Slow Mo:    49ms
[13:22:31.693] [INFO ]     ├─ Launch Time: 0.06s
[13:22:31.693] [INFO ]     └─ Args:       Anti-automation flags enabled
[13:22:31.710] [DEBUG] Browser profile: viewport={'width': 2560, 'height': 1440}, locale=en-US, tz=UTC
[13:22:31.710] [INFO ] 
[13:22:31.710] [INFO ] ╔══════════════════════════════════════════════════════════════════════════╗
[13:22:31.710] [INFO ] ║  📋 SESSION: SCRAPE_20260126_132231_BCC9
[13:22:31.710] [INFO ] ║  🌐 URL: https://grcsolutions.io/implementing-iso27001/
[13:22:31.710] [INFO ] ║  🔄 ATTEMPT: 1/2
[13:22:31.710] [INFO ] ║  ⏰ STARTED: 2026-01-26T13:22:31.710160+02:00 (Egypt Time)
[13:22:31.710] [INFO ] ╠══════════════════════════════════════════════════════════════════════════╣
[13:22:31.710] [INFO ] 
[13:22:31.710] [INFO ]     ┌─ BROWSER FINGERPRINT ────────────────────────────────────────┐
[13:22:31.710] [INFO ]     │ Browser:     CHROME v122
[13:22:31.710] [INFO ]     │ User-Agent:  Mozilla/5.0 (Windows NT 10.0; Win64; x64) AppleWebKit/537.36 (KHTML, l...
[13:22:31.710] [INFO ]     │ Viewport:    2560x1440
[13:22:31.710] [INFO ]     │ Sec-CH-UA:   (not applicable)...
[13:22:31.710] [INFO ]     ├─ LOCATION PROFILE ───────────────────────────────────────────┤
[13:22:31.710] [INFO ]     │ Location:    Phoenix, USA
[13:22:31.710] [INFO ]     │ Timezone:    N/A
[13:22:31.710] [INFO ]     │ Locale:      en-US
[13:22:31.710] [INFO ]     │ Geo:         0, 0
[13:22:31.710] [INFO ]     ├─ NETWORK ────────────────────────────────────────────────────┤
[13:22:31.710] [INFO ]     │ Proxy:       Direct (no proxy)
[13:22:31.710] [INFO ]     │ Referrer:    https://www.google.com/search?q=grcsolutions+io
[13:22:31.710] [INFO ]     └──────────────────────────────────────────────────────────────┘
[13:22:31.710] [INFO ] ╚══════════════════════════════════════════════════════════════════════════╝
[13:22:31.710] [INFO ] 🛡️ Injected anti-detection scripts at context level
[13:22:31.710] [DEBUG]    └─ Canvas noise, WebGL spoof, Browser patches
[13:22:31.710] [INFO ] 
[13:22:31.710] [INFO ]     🛡️ ANTI-DETECTION SCRIPTS INJECTED (CONTEXT level)
[13:22:31.710] [INFO ]     ├─ Canvas fingerprint noise
[13:22:31.710] [INFO ]     ├─ WebGL renderer/vendor spoof
[13:22:31.710] [INFO ]     ├─ Hardware concurrency randomization
[13:22:31.710] [INFO ]     ├─ Device memory randomization
[13:22:31.710] [INFO ]     ├─ Plugin masking
[13:22:31.710] [INFO ]     ├─ WebRTC IP leak protection
[13:22:31.710] [INFO ]     ├─ Network connection spoof
[13:22:31.710] [INFO ]     └─ Battery API spoof
[13:22:31.751] [INFO ] 
[13:22:31.751] [INFO ]     🥷 STEALTH MODE APPLIED
[13:22:31.751] [INFO ]     ├─ Navigator patches (webdriver, plugins, languages)
[13:22:31.751] [INFO ]     ├─ Chrome runtime patches
[13:22:31.751] [INFO ]     ├─ Console patches
[13:22:31.751] [INFO ]     └─ Permission patches
[13:22:31.751] [INFO ] 🛡️ Injected anti-detection scripts at page level
[13:22:31.751] [DEBUG]    └─ Canvas noise, WebGL spoof, Browser patches
[13:22:31.751] [INFO ] 
[13:22:31.751] [INFO ]     🛡️ ANTI-DETECTION SCRIPTS INJECTED (PAGE level)
[13:22:31.751] [INFO ]     ├─ Canvas fingerprint noise
[13:22:31.751] [INFO ]     ├─ WebGL renderer/vendor spoof
[13:22:31.751] [INFO ]     ├─ Hardware concurrency randomization
[13:22:31.751] [INFO ]     ├─ Device memory randomization
[13:22:31.751] [INFO ]     ├─ Plugin masking
[13:22:31.751] [INFO ]     ├─ WebRTC IP leak protection
[13:22:31.751] [INFO ]     ├─ Network connection spoof
[13:22:31.751] [INFO ]     └─ Battery API spoof
[13:22:31.751] [DEBUG] Enabled resource blocking (images, media, fonts)
[13:22:31.751] [INFO ] 
[13:22:31.751] [INFO ]     🔗 NAVIGATING TO URL
[13:22:31.751] [INFO ]     ├─ Strategy:   domcontentloaded
[13:22:31.751] [INFO ]     ├─ Timeout:    15.0s
[13:22:31.751] [INFO ]     └─ Sleep:      1s after load
[13:22:33.795] [INFO ] 
[13:22:33.795] [INFO ]     ✅ PAGE LOADED
[13:22:33.795] [INFO ]     ├─ Final URL:  https://grcsolutions.io/implementing-iso27001/
[13:22:33.795] [INFO ]     ├─ Title:      Implementing ISO27001 - GRC Solutions
[13:22:33.795] [INFO ]     └─ Load Time:  2.04s
[13:22:37.794] [INFO ] 🧑 Human behavior simulation...
[13:22:40.919] [INFO ] 🖱️ Mouse: 2 moves in 2560x1440
[13:22:40.919] [INFO ] 🖱️ Mouse completed: 2 moves
[13:22:40.919] [INFO ] 📜 Scroll: page height, viewport=1440px
[13:22:40.919] [INFO ] 📜 Scroll completed: 1 scrolls
[13:22:40.919] [INFO ] 🧑 Human behavior completed in 3.1s ✓
[13:22:40.919] [INFO ] 
[13:22:40.919] [INFO ]     🧑 HUMAN BEHAVIOR SIMULATED
[13:22:40.919] [INFO ]     ├─ Mouse Movements: 2
[13:22:40.919] [INFO ]     ├─ Scroll Actions:  1
[13:22:40.919] [INFO ]     └─ Time Spent:      3.12s
[13:22:41.061] [INFO ] 
[13:22:41.061] [INFO ]     ┌─ CONTENT METRICS ────────────────────────────────────────────┐
[13:22:41.061] [INFO ]     │ Title:            Implementing ISO27001
[13:22:41.061] [INFO ]     │ Final URL:        https://grcsolutions.io/implementing-iso27001/
[13:22:41.061] [INFO ]     │ HTML Size:        312,755 bytes
[13:22:41.061] [INFO ]     │ Text Size:        754 chars
[13:22:41.061] [INFO ]     │ Word Count:       ~109 words
[13:22:41.061] [INFO ]     │ Extraction:       trafilatura
[13:22:41.061] [INFO ]     │ Has Article:      ✅ Yes
[13:22:41.061] [INFO ]     └──────────────────────────────────────────────────────────────┘
[13:22:41.090] [INFO ] 
[13:22:41.090] [INFO ] ╔══════════════════════════════════════════════════════════════════════════╗
[13:22:41.090] [INFO ] ║  ✅ SCRAPE SUCCESSFUL - SCRAPE_20260126_132231_BCC9
[13:22:41.091] [INFO ] ╠══════════════════════════════════════════════════════════════════════════╣
[13:22:41.091] [INFO ] 
[13:22:41.091] [INFO ]     ┌─ TIMING BREAKDOWN ───────────────────────────────────────────┐
[13:22:41.091] [INFO ]     │ Browser Launch:      0.06s
[13:22:41.091] [INFO ]     │ Page Load:           2.04s
[13:22:41.091] [INFO ]     │ Cloudflare Wait:     0.00s
[13:22:41.091] [INFO ]     │ Human Simulation:    3.12s
[13:22:41.091] [INFO ]     │
[13:22:41.091] [INFO ]     │ Content Extraction:  0.07s
[13:22:41.091] [INFO ]     │ ─────────────────────────────────────────────────────────────
[13:22:41.091] [INFO ]     │ TOTAL TIME:          5.30s
[13:22:41.091] [INFO ]     └──────────────────────────────────────────────────────────────┘
[13:22:41.091] [INFO ] 
[13:22:41.091] [INFO ]     ┌─ CONTENT METRICS ────────────────────────────────────────────┐
[13:22:41.091] [INFO ]     │ Title:            Implementing ISO27001
[13:22:41.091] [INFO ]     │ Final URL:        https://grcsolutions.io/implementing-iso27001/
[13:22:41.091] [INFO ]     │ HTML Size:        312,755 bytes
[13:22:41.091] [INFO ]     │ Text Size:        754 chars
[13:22:41.091] [INFO ]     │ Word Count:       ~109 words
[13:22:41.091] [INFO ]     │ Extraction:       trafilatura
[13:22:41.091] [INFO ]     │ Has Article:      ✅ Yes
[13:22:41.091] [INFO ]     └──────────────────────────────────────────────────────────────┘
[13:22:41.091] [INFO ] ╠══════════════════════════════════════════════════════════════════════════╣
[13:22:41.091] [INFO ] ║  📊 SESSION STATS
[13:22:41.091] [INFO ] ║  ├─ Strategies Tried:   domcontentloaded
[13:22:41.091] [INFO ] ║  ├─ Popups Dismissed:   0
[13:22:41.091] [INFO ] ║  ├─ Cloudflare:         Not detected
[13:22:41.091] [INFO ] ║  └─ Proxy Used:         Direct
[13:22:41.091] [INFO ] ╚══════════════════════════════════════════════════════════════════════════╝
[13:22:41.091] [INFO ] 

================================================================================
STATUS: SUCCESS
TOTAL TIME: 9.74s
ENDED: 2026-01-26T13:22:41.091146+02:00 (Egypt Time)
END OF SCRAPE LOG
================================================================================