================================================================================
SCRAPE LOG: https://www.trendmicro.com/en_us/research/25/i/lockbit-5-targets-windows-linux-esxi.html
Started: 2026-02-24 13:54:59
Session ID: SCRAPE_20260224_135459_2C00
================================================================================
[13:54:59.521] [INFO ] 📝 Scrape log: /app/data/logs/scrapes/2026-02-24_135459_trendmicro.com.log
[13:54:59.521] [DEBUG] ⏱️ Timeout set to 45s for this scrape
[13:54:59.864] [INFO ] 
[13:54:59.864] [INFO ]     🚀 BROWSER LAUNCHED
[13:54:59.864] [INFO ]     ├─ Mode:       Headless
[13:54:59.864] [INFO ]     ├─ Slow Mo:    46ms
[13:54:59.864] [INFO ]     ├─ Launch Time: 0.05s
[13:54:59.864] [INFO ]     └─ Args:       Anti-automation flags enabled
[13:54:59.879] [DEBUG] Browser profile: viewport={'width': 1920, 'height': 1080}, locale=en-AU, tz=UTC
[13:54:59.879] [INFO ] 
[13:54:59.879] [INFO ] ╔══════════════════════════════════════════════════════════════════════════╗
[13:54:59.879] [INFO ] ║  📋 SESSION: SCRAPE_20260224_135459_2C00
[13:54:59.879] [INFO ] ║  🌐 URL: https://www.trendmicro.com/en_us/research/25/i/lockbit-5-targets-windows-linux-esxi.html
[13:54:59.879] [INFO ] ║  🔄 ATTEMPT: 1/2
[13:54:59.879] [INFO ] ║  ⏰ STARTED: 2026-02-24T13:54:59.879162+02:00 (Egypt Time)
[13:54:59.879] [INFO ] ╠══════════════════════════════════════════════════════════════════════════╣
[13:54:59.879] [INFO ] 
[13:54:59.879] [INFO ]     ┌─ BROWSER FINGERPRINT ────────────────────────────────────────┐
[13:54:59.879] [INFO ]     │ Browser:     CHROME v119
[13:54:59.879] [INFO ]     │ User-Agent:  Mozilla/5.0 (Macintosh; Intel Mac OS X 13_5) AppleWebKit/537.36 (KHTML...
[13:54:59.879] [INFO ]     │ Viewport:    1920x1080
[13:54:59.879] [INFO ]     │ Sec-CH-UA:   (not applicable)...
[13:54:59.879] [INFO ]     ├─ LOCATION PROFILE ───────────────────────────────────────────┤
[13:54:59.879] [INFO ]     │ Location:    Sydney, Australia
[13:54:59.879] [INFO ]     │ Timezone:    N/A
[13:54:59.879] [INFO ]     │ Locale:      en-AU
[13:54:59.879] [INFO ]     │ Geo:         0, 0
[13:54:59.879] [INFO ]     ├─ NETWORK ────────────────────────────────────────────────────┤
[13:54:59.879] [INFO ]     │ Proxy:       Direct (no proxy)
[13:54:59.879] [INFO ]     │ Referrer:    https://www.google.com/
[13:54:59.879] [INFO ]     └──────────────────────────────────────────────────────────────┘
[13:54:59.879] [INFO ] ╚══════════════════════════════════════════════════════════════════════════╝
[13:54:59.879] [INFO ] 🛡️ Injected anti-detection scripts at context level
[13:54:59.879] [DEBUG]    └─ Canvas noise, WebGL spoof, Browser patches
[13:54:59.879] [INFO ] 
[13:54:59.879] [INFO ]     🛡️ ANTI-DETECTION SCRIPTS INJECTED (CONTEXT level)
[13:54:59.879] [INFO ]     ├─ Canvas fingerprint noise
[13:54:59.879] [INFO ]     ├─ WebGL renderer/vendor spoof
[13:54:59.879] [INFO ]     ├─ Hardware concurrency randomization
[13:54:59.879] [INFO ]     ├─ Device memory randomization
[13:54:59.879] [INFO ]     ├─ Plugin masking
[13:54:59.879] [INFO ]     ├─ WebRTC IP leak protection
[13:54:59.879] [INFO ]     ├─ Network connection spoof
[13:54:59.879] [INFO ]     └─ Battery API spoof
[13:54:59.920] [INFO ] 
[13:54:59.920] [INFO ]     🥷 STEALTH MODE APPLIED
[13:54:59.920] [INFO ]     ├─ Navigator patches (webdriver, plugins, languages)
[13:54:59.920] [INFO ]     ├─ Chrome runtime patches
[13:54:59.920] [INFO ]     ├─ Console patches
[13:54:59.920] [INFO ]     └─ Permission patches
[13:54:59.920] [INFO ] 🛡️ Injected anti-detection scripts at page level
[13:54:59.920] [DEBUG]    └─ Canvas noise, WebGL spoof, Browser patches
[13:54:59.920] [INFO ] 
[13:54:59.920] [INFO ]     🛡️ ANTI-DETECTION SCRIPTS INJECTED (PAGE level)
[13:54:59.920] [INFO ]     ├─ Canvas fingerprint noise
[13:54:59.920] [INFO ]     ├─ WebGL renderer/vendor spoof
[13:54:59.920] [INFO ]     ├─ Hardware concurrency randomization
[13:54:59.920] [INFO ]     ├─ Device memory randomization
[13:54:59.920] [INFO ]     ├─ Plugin masking
[13:54:59.920] [INFO ]     ├─ WebRTC IP leak protection
[13:54:59.920] [INFO ]     ├─ Network connection spoof
[13:54:59.920] [INFO ]     └─ Battery API spoof
[13:54:59.920] [DEBUG] Enabled resource blocking (images, media, fonts)
[13:54:59.920] [INFO ] 
[13:54:59.920] [INFO ]     🔗 NAVIGATING TO URL
[13:54:59.920] [INFO ]     ├─ Strategy:   domcontentloaded
[13:54:59.920] [INFO ]     ├─ Timeout:    15.0s
[13:54:59.920] [INFO ]     └─ Sleep:      1s after load
[13:55:02.296] [INFO ] 
[13:55:02.296] [INFO ]     ✅ PAGE LOADED
[13:55:02.296] [INFO ]     ├─ Final URL:  https://www.trendmicro.com/en_us/research/25/i/lockbit-5-targets-windows-linux-esxi.html
[13:55:02.296] [INFO ]     ├─ Title:      New LockBit 5.0 Targets Windows, Linux, ESXi | Trend Micro (US)
[13:55:02.296] [INFO ]     └─ Load Time:  2.38s
[13:55:04.032] [INFO ] 🧑 Human behavior simulation...
[13:55:09.206] [INFO ] 🖱️ Mouse: 3 moves in 1920x1080
[13:55:09.206] [INFO ] 🖱️ Mouse completed: 3 moves
[13:55:09.206] [INFO ] 📜 Scroll: page height, viewport=1080px
[13:55:09.206] [INFO ] 📜 Scroll completed: 3 scrolls
[13:55:09.206] [INFO ] 🧑 Human behavior completed in 5.2s ✓
[13:55:09.206] [INFO ] 
[13:55:09.206] [INFO ]     🧑 HUMAN BEHAVIOR SIMULATED
[13:55:09.206] [INFO ]     ├─ Mouse Movements: 3
[13:55:09.206] [INFO ]     ├─ Scroll Actions:  3
[13:55:09.206] [INFO ]     └─ Time Spent:      5.17s
[13:55:09.435] [INFO ] 
[13:55:09.435] [INFO ]     ┌─ CONTENT METRICS ────────────────────────────────────────────┐
[13:55:09.435] [INFO ]     │ Title:            New LockBit 5.0 Targets Windows, Linux, ESXi
[13:55:09.435] [INFO ]     │ Final URL:        https://www.trendmicro.com/en_us/research/25/i/lockbit-5-targets-windows-linux-esxi.html
[13:55:09.435] [INFO ]     │ HTML Size:        255,456 bytes
[13:55:09.435] [INFO ]     │ Text Size:        13,501 chars
[13:55:09.435] [INFO ]     │ Word Count:       ~1862 words
[13:55:09.435] [INFO ]     │ Extraction:       trafilatura
[13:55:09.435] [INFO ]     │ Has Article:      ✅ Yes
[13:55:09.435] [INFO ]     └──────────────────────────────────────────────────────────────┘
[13:55:09.469] [INFO ] 
[13:55:09.469] [INFO ] ╔══════════════════════════════════════════════════════════════════════════╗
[13:55:09.469] [INFO ] ║  ✅ SCRAPE SUCCESSFUL - SCRAPE_20260224_135459_2C00
[13:55:09.469] [INFO ] ╠══════════════════════════════════════════════════════════════════════════╣
[13:55:09.469] [INFO ] 
[13:55:09.469] [INFO ]     ┌─ TIMING BREAKDOWN ───────────────────────────────────────────┐
[13:55:09.469] [INFO ]     │ Browser Launch:      0.05s
[13:55:09.469] [INFO ]     │ Page Load:           2.38s
[13:55:09.469] [INFO ]     │ Cloudflare Wait:     0.00s
[13:55:09.469] [INFO ]     │ Human Simulation:    5.17s
[13:55:09.469] [INFO ]     │
[13:55:09.469] [INFO ]     │ Content Extraction:  0.09s
[13:55:09.469] [INFO ]     │ ─────────────────────────────────────────────────────────────
[13:55:09.469] [INFO ]     │ TOTAL TIME:          7.70s
[13:55:09.469] [INFO ]     └──────────────────────────────────────────────────────────────┘
[13:55:09.469] [INFO ] 
[13:55:09.469] [INFO ]     ┌─ CONTENT METRICS ────────────────────────────────────────────┐
[13:55:09.469] [INFO ]     │ Title:            New LockBit 5.0 Targets Windows, Linux, ESXi
[13:55:09.469] [INFO ]     │ Final URL:        https://www.trendmicro.com/en_us/research/25/i/lockbit-5-targets-windows-linux-esxi.html
[13:55:09.469] [INFO ]     │ HTML Size:        255,456 bytes
[13:55:09.469] [INFO ]     │ Text Size:        13,501 chars
[13:55:09.469] [INFO ]     │ Word Count:       ~1862 words
[13:55:09.469] [INFO ]     │ Extraction:       trafilatura
[13:55:09.469] [INFO ]     │ Has Article:      ✅ Yes
[13:55:09.469] [INFO ]     └──────────────────────────────────────────────────────────────┘
[13:55:09.469] [INFO ] ╠══════════════════════════════════════════════════════════════════════════╣
[13:55:09.469] [INFO ] ║  📊 SESSION STATS
[13:55:09.469] [INFO ] ║  ├─ Strategies Tried:   domcontentloaded
[13:55:09.469] [INFO ] ║  ├─ Popups Dismissed:   0
[13:55:09.469] [INFO ] ║  ├─ Cloudflare:         Not detected
[13:55:09.469] [INFO ] ║  └─ Proxy Used:         Direct
[13:55:09.469] [INFO ] ╚══════════════════════════════════════════════════════════════════════════╝
[13:55:09.469] [INFO ] 

================================================================================
STATUS: SUCCESS
TOTAL TIME: 9.95s
ENDED: 2026-02-24T13:55:09.469681+02:00 (Egypt Time)
END OF SCRAPE LOG
================================================================================