================================================================================
SCRAPE LOG: https://www.theknowledgeacademy.com/eg/courses/iso-27005-training/
Started: 2026-01-29 20:02:56
Session ID: SCRAPE_20260129_200256_3C4F
================================================================================
[20:02:56.112] [INFO ] 📝 Scrape log: /app/data/logs/scrapes/2026-01-29_200256_theknowledgeacademy.com.log
[20:02:56.112] [DEBUG] ⏱️ Timeout set to 45s for this scrape
[20:02:56.458] [INFO ] 
[20:02:56.458] [INFO ]     🚀 BROWSER LAUNCHED
[20:02:56.458] [INFO ]     ├─ Mode:       Headless
[20:02:56.458] [INFO ]     ├─ Slow Mo:    45ms
[20:02:56.458] [INFO ]     ├─ Launch Time: 0.06s
[20:02:56.458] [INFO ]     └─ Args:       Anti-automation flags enabled
[20:02:56.479] [DEBUG] Browser profile: viewport={'width': 1440, 'height': 900}, locale=en-GB, tz=UTC
[20:02:56.479] [INFO ] 
[20:02:56.479] [INFO ] ╔══════════════════════════════════════════════════════════════════════════╗
[20:02:56.479] [INFO ] ║  📋 SESSION: SCRAPE_20260129_200256_3C4F
[20:02:56.479] [INFO ] ║  🌐 URL: https://www.theknowledgeacademy.com/eg/courses/iso-27005-training/
[20:02:56.479] [INFO ] ║  🔄 ATTEMPT: 1/2
[20:02:56.479] [INFO ] ║  ⏰ STARTED: 2026-01-29T20:02:56.479519+02:00 (Egypt Time)
[20:02:56.479] [INFO ] ╠══════════════════════════════════════════════════════════════════════════╣
[20:02:56.479] [INFO ] 
[20:02:56.479] [INFO ]     ┌─ BROWSER FINGERPRINT ────────────────────────────────────────┐
[20:02:56.479] [INFO ]     │ Browser:     SAFARI v17
[20:02:56.479] [INFO ]     │ User-Agent:  Mozilla/5.0 (Macintosh; Intel Mac OS X 14_0) AppleWebKit/605.1.15 (KHT...
[20:02:56.479] [INFO ]     │ Viewport:    1440x900
[20:02:56.479] [INFO ]     │ Sec-CH-UA:   (not applicable)...
[20:02:56.479] [INFO ]     ├─ LOCATION PROFILE ───────────────────────────────────────────┤
[20:02:56.479] [INFO ]     │ Location:    London, UK
[20:02:56.479] [INFO ]     │ Timezone:    N/A
[20:02:56.479] [INFO ]     │ Locale:      en-GB
[20:02:56.479] [INFO ]     │ Geo:         0, 0
[20:02:56.479] [INFO ]     ├─ NETWORK ────────────────────────────────────────────────────┤
[20:02:56.479] [INFO ]     │ Proxy:       Direct (no proxy)
[20:02:56.479] [INFO ]     │ Referrer:    https://www.google.com/search?q=www+theknowledgeacademy+com
[20:02:56.479] [INFO ]     └──────────────────────────────────────────────────────────────┘
[20:02:56.479] [INFO ] ╚══════════════════════════════════════════════════════════════════════════╝
[20:02:56.479] [INFO ] 🛡️ Injected anti-detection scripts at context level
[20:02:56.479] [DEBUG]    └─ Canvas noise, WebGL spoof, Browser patches
[20:02:56.479] [INFO ] 
[20:02:56.479] [INFO ]     🛡️ ANTI-DETECTION SCRIPTS INJECTED (CONTEXT level)
[20:02:56.479] [INFO ]     ├─ Canvas fingerprint noise
[20:02:56.479] [INFO ]     ├─ WebGL renderer/vendor spoof
[20:02:56.479] [INFO ]     ├─ Hardware concurrency randomization
[20:02:56.479] [INFO ]     ├─ Device memory randomization
[20:02:56.479] [INFO ]     ├─ Plugin masking
[20:02:56.479] [INFO ]     ├─ WebRTC IP leak protection
[20:02:56.479] [INFO ]     ├─ Network connection spoof
[20:02:56.479] [INFO ]     └─ Battery API spoof
[20:02:56.521] [INFO ] 
[20:02:56.521] [INFO ]     🥷 STEALTH MODE APPLIED
[20:02:56.521] [INFO ]     ├─ Navigator patches (webdriver, plugins, languages)
[20:02:56.521] [INFO ]     ├─ Chrome runtime patches
[20:02:56.521] [INFO ]     ├─ Console patches
[20:02:56.521] [INFO ]     └─ Permission patches
[20:02:56.521] [INFO ] 🛡️ Injected anti-detection scripts at page level
[20:02:56.521] [DEBUG]    └─ Canvas noise, WebGL spoof, Browser patches
[20:02:56.521] [INFO ] 
[20:02:56.521] [INFO ]     🛡️ ANTI-DETECTION SCRIPTS INJECTED (PAGE level)
[20:02:56.521] [INFO ]     ├─ Canvas fingerprint noise
[20:02:56.521] [INFO ]     ├─ WebGL renderer/vendor spoof
[20:02:56.521] [INFO ]     ├─ Hardware concurrency randomization
[20:02:56.521] [INFO ]     ├─ Device memory randomization
[20:02:56.521] [INFO ]     ├─ Plugin masking
[20:02:56.521] [INFO ]     ├─ WebRTC IP leak protection
[20:02:56.521] [INFO ]     ├─ Network connection spoof
[20:02:56.521] [INFO ]     └─ Battery API spoof
[20:02:56.521] [DEBUG] Enabled resource blocking (images, media, fonts)
[20:02:56.521] [INFO ] 
[20:02:56.521] [INFO ]     🔗 NAVIGATING TO URL
[20:02:56.521] [INFO ]     ├─ Strategy:   domcontentloaded
[20:02:56.521] [INFO ]     ├─ Timeout:    15.0s
[20:02:56.521] [INFO ]     └─ Sleep:      1s after load
[20:02:58.201] [INFO ] 
[20:02:58.201] [INFO ]     ✅ PAGE LOADED
[20:02:58.201] [INFO ]     ├─ Final URL:  https://www.theknowledgeacademy.com/eg/courses/iso-27005-training/
[20:02:58.201] [INFO ]     ├─ Title:      ISO 27005 Training & Certification - Egypt
[20:02:58.201] [INFO ]     └─ Load Time:  1.68s
[20:02:59.872] [INFO ] 🧑 Human behavior simulation...
[20:03:05.734] [INFO ] 🖱️ Mouse: 5 moves in 1440x900
[20:03:05.734] [INFO ] 🖱️ Mouse completed: 5 moves
[20:03:05.734] [INFO ] 📜 Scroll: page height, viewport=900px
[20:03:05.734] [INFO ] 📜 Scroll completed: 2 scrolls
[20:03:05.734] [INFO ] 🧑 Human behavior completed in 5.9s ✓
[20:03:05.734] [INFO ] 
[20:03:05.734] [INFO ]     🧑 HUMAN BEHAVIOR SIMULATED
[20:03:05.734] [INFO ]     ├─ Mouse Movements: 5
[20:03:05.734] [INFO ]     ├─ Scroll Actions:  2
[20:03:05.734] [INFO ]     └─ Time Spent:      5.86s
[20:03:06.499] [INFO ] 
[20:03:06.499] [INFO ]     ┌─ CONTENT METRICS ────────────────────────────────────────────┐
[20:03:06.499] [INFO ]     │ Title:            ISO 27005 Training & Certification - Egypt
[20:03:06.499] [INFO ]     │ Final URL:        https://www.theknowledgeacademy.com/eg/courses/iso-27005-training/
[20:03:06.499] [INFO ]     │ HTML Size:        373,224 bytes
[20:03:06.499] [INFO ]     │ Text Size:        6,710 chars
[20:03:06.499] [INFO ]     │ Word Count:       ~934 words
[20:03:06.499] [INFO ]     │ Extraction:       trafilatura
[20:03:06.499] [INFO ]     │ Has Article:      ✅ Yes
[20:03:06.499] [INFO ]     └──────────────────────────────────────────────────────────────┘
[20:03:06.533] [INFO ] 
[20:03:06.533] [INFO ] ╔══════════════════════════════════════════════════════════════════════════╗
[20:03:06.533] [INFO ] ║  ✅ SCRAPE SUCCESSFUL - SCRAPE_20260129_200256_3C4F
[20:03:06.533] [INFO ] ╠══════════════════════════════════════════════════════════════════════════╣
[20:03:06.533] [INFO ] 
[20:03:06.533] [INFO ]     ┌─ TIMING BREAKDOWN ───────────────────────────────────────────┐
[20:03:06.533] [INFO ]     │ Browser Launch:      0.06s
[20:03:06.533] [INFO ]     │ Page Load:           1.68s
[20:03:06.533] [INFO ]     │ Cloudflare Wait:     0.00s
[20:03:06.533] [INFO ]     │ Human Simulation:    5.86s
[20:03:06.533] [INFO ]     │
[20:03:06.533] [INFO ]     │ Content Extraction:  0.68s
[20:03:06.533] [INFO ]     │ ─────────────────────────────────────────────────────────────
[20:03:06.533] [INFO ]     │ TOTAL TIME:          8.28s
[20:03:06.533] [INFO ]     └──────────────────────────────────────────────────────────────┘
[20:03:06.533] [INFO ] 
[20:03:06.533] [INFO ]     ┌─ CONTENT METRICS ────────────────────────────────────────────┐
[20:03:06.533] [INFO ]     │ Title:            ISO 27005 Training & Certification - Egypt
[20:03:06.533] [INFO ]     │ Final URL:        https://www.theknowledgeacademy.com/eg/courses/iso-27005-training/
[20:03:06.533] [INFO ]     │ HTML Size:        373,224 bytes
[20:03:06.533] [INFO ]     │ Text Size:        6,710 chars
[20:03:06.533] [INFO ]     │ Word Count:       ~934 words
[20:03:06.533] [INFO ]     │ Extraction:       trafilatura
[20:03:06.533] [INFO ]     │ Has Article:      ✅ Yes
[20:03:06.533] [INFO ]     └──────────────────────────────────────────────────────────────┘
[20:03:06.533] [INFO ] ╠══════════════════════════════════════════════════════════════════════════╣
[20:03:06.533] [INFO ] ║  📊 SESSION STATS
[20:03:06.533] [INFO ] ║  ├─ Strategies Tried:   domcontentloaded
[20:03:06.533] [INFO ] ║  ├─ Popups Dismissed:   0
[20:03:06.533] [INFO ] ║  ├─ Cloudflare:         Not detected
[20:03:06.533] [INFO ] ║  └─ Proxy Used:         Direct
[20:03:06.533] [INFO ] ╚══════════════════════════════════════════════════════════════════════════╝
[20:03:06.533] [INFO ] 

================================================================================
STATUS: SUCCESS
TOTAL TIME: 10.42s
ENDED: 2026-01-29T20:03:06.533511+02:00 (Egypt Time)
END OF SCRAPE LOG
================================================================================