================================================================================
SCRAPE LOG: https://advisera.com/27001academy/what-is-iso-27001/
Started: 2026-01-26 13:01:48
Session ID: SCRAPE_20260126_130148_9CFA
================================================================================
[13:01:48.634] [INFO ] 📝 Scrape log: /app/data/logs/scrapes/2026-01-26_130148_advisera.com.log
[13:01:48.634] [DEBUG] ⏱️ Timeout set to 45s for this scrape
[13:01:48.971] [INFO ] 
[13:01:48.971] [INFO ]     🚀 BROWSER LAUNCHED
[13:01:48.971] [INFO ]     ├─ Mode:       Headless
[13:01:48.971] [INFO ]     ├─ Slow Mo:    51ms
[13:01:48.971] [INFO ]     ├─ Launch Time: 0.06s
[13:01:48.971] [INFO ]     └─ Args:       Anti-automation flags enabled
[13:01:48.993] [DEBUG] Browser profile: viewport={'width': 2560, 'height': 1440}, locale=en-GB, tz=UTC
[13:01:48.993] [INFO ] 
[13:01:48.993] [INFO ] ╔══════════════════════════════════════════════════════════════════════════╗
[13:01:48.993] [INFO ] ║  📋 SESSION: SCRAPE_20260126_130148_9CFA
[13:01:48.993] [INFO ] ║  🌐 URL: https://advisera.com/27001academy/what-is-iso-27001/
[13:01:48.993] [INFO ] ║  🔄 ATTEMPT: 1/2
[13:01:48.993] [INFO ] ║  ⏰ STARTED: 2026-01-26T13:01:48.993517+02:00 (Egypt Time)
[13:01:48.993] [INFO ] ╠══════════════════════════════════════════════════════════════════════════╣
[13:01:48.993] [INFO ] 
[13:01:48.993] [INFO ]     ┌─ BROWSER FINGERPRINT ────────────────────────────────────────┐
[13:01:48.993] [INFO ]     │ Browser:     CHROME v126
[13:01:48.993] [INFO ]     │ User-Agent:  Mozilla/5.0 (Windows NT 10.0; Win64; x64) AppleWebKit/537.36 (KHTML, l...
[13:01:48.993] [INFO ]     │ Viewport:    2560x1440
[13:01:48.993] [INFO ]     │ Sec-CH-UA:   (not applicable)...
[13:01:48.993] [INFO ]     ├─ LOCATION PROFILE ───────────────────────────────────────────┤
[13:01:48.993] [INFO ]     │ Location:    London, UK
[13:01:48.993] [INFO ]     │ Timezone:    N/A
[13:01:48.993] [INFO ]     │ Locale:      en-GB
[13:01:48.993] [INFO ]     │ Geo:         0, 0
[13:01:48.993] [INFO ]     ├─ NETWORK ────────────────────────────────────────────────────┤
[13:01:48.993] [INFO ]     │ Proxy:       Direct (no proxy)
[13:01:48.993] [INFO ]     │ Referrer:    https://www.google.com/
[13:01:48.993] [INFO ]     └──────────────────────────────────────────────────────────────┘
[13:01:48.993] [INFO ] ╚══════════════════════════════════════════════════════════════════════════╝
[13:01:48.993] [INFO ] 🛡️ Injected anti-detection scripts at context level
[13:01:48.993] [DEBUG]    └─ Canvas noise, WebGL spoof, Browser patches
[13:01:48.993] [INFO ] 
[13:01:48.993] [INFO ]     🛡️ ANTI-DETECTION SCRIPTS INJECTED (CONTEXT level)
[13:01:48.993] [INFO ]     ├─ Canvas fingerprint noise
[13:01:48.993] [INFO ]     ├─ WebGL renderer/vendor spoof
[13:01:48.993] [INFO ]     ├─ Hardware concurrency randomization
[13:01:48.993] [INFO ]     ├─ Device memory randomization
[13:01:48.993] [INFO ]     ├─ Plugin masking
[13:01:48.993] [INFO ]     ├─ WebRTC IP leak protection
[13:01:48.993] [INFO ]     ├─ Network connection spoof
[13:01:48.993] [INFO ]     └─ Battery API spoof
[13:01:49.035] [INFO ] 
[13:01:49.035] [INFO ]     🥷 STEALTH MODE APPLIED
[13:01:49.035] [INFO ]     ├─ Navigator patches (webdriver, plugins, languages)
[13:01:49.035] [INFO ]     ├─ Chrome runtime patches
[13:01:49.035] [INFO ]     ├─ Console patches
[13:01:49.035] [INFO ]     └─ Permission patches
[13:01:49.035] [INFO ] 🛡️ Injected anti-detection scripts at page level
[13:01:49.035] [DEBUG]    └─ Canvas noise, WebGL spoof, Browser patches
[13:01:49.035] [INFO ] 
[13:01:49.035] [INFO ]     🛡️ ANTI-DETECTION SCRIPTS INJECTED (PAGE level)
[13:01:49.035] [INFO ]     ├─ Canvas fingerprint noise
[13:01:49.035] [INFO ]     ├─ WebGL renderer/vendor spoof
[13:01:49.035] [INFO ]     ├─ Hardware concurrency randomization
[13:01:49.035] [INFO ]     ├─ Device memory randomization
[13:01:49.035] [INFO ]     ├─ Plugin masking
[13:01:49.035] [INFO ]     ├─ WebRTC IP leak protection
[13:01:49.035] [INFO ]     ├─ Network connection spoof
[13:01:49.035] [INFO ]     └─ Battery API spoof
[13:01:49.035] [DEBUG] Enabled resource blocking (images, media, fonts)
[13:01:49.035] [INFO ] 
[13:01:49.035] [INFO ]     🔗 NAVIGATING TO URL
[13:01:49.035] [INFO ]     ├─ Strategy:   domcontentloaded
[13:01:49.035] [INFO ]     ├─ Timeout:    15.0s
[13:01:49.035] [INFO ]     └─ Sleep:      1s after load
[13:01:51.273] [INFO ] 
[13:01:51.273] [INFO ]     ✅ PAGE LOADED
[13:01:51.273] [INFO ]     ├─ Final URL:  https://advisera.com/27001academy/what-is-iso-27001/
[13:01:51.273] [INFO ]     ├─ Title:      What is ISO 27001? An easy-to-understand explanation.
[13:01:51.273] [INFO ]     └─ Load Time:  2.24s
[13:01:52.616] [INFO ] 🧑 Human behavior simulation...
[13:01:58.972] [INFO ] 🖱️ Mouse: 3 moves in 2560x1440
[13:01:58.972] [INFO ] 🖱️ Mouse completed: 3 moves
[13:01:58.972] [INFO ] 📜 Scroll: page height, viewport=1440px
[13:01:58.972] [INFO ] 📜 Scroll completed: 1 scrolls
[13:01:58.972] [INFO ] 🧑 Human behavior completed in 6.4s ✓
[13:01:58.972] [INFO ] 
[13:01:58.972] [INFO ]     🧑 HUMAN BEHAVIOR SIMULATED
[13:01:58.972] [INFO ]     ├─ Mouse Movements: 3
[13:01:58.972] [INFO ]     ├─ Scroll Actions:  1
[13:01:58.972] [INFO ]     └─ Time Spent:      6.36s
[13:01:59.420] [INFO ] 
[13:01:59.420] [INFO ]     ┌─ CONTENT METRICS ────────────────────────────────────────────┐
[13:01:59.420] [INFO ]     │ Title:            What is ISO 27001? An easy-to-understand explanati
[13:01:59.420] [INFO ]     │ Final URL:        https://advisera.com/27001academy/what-is-iso-27001/
[13:01:59.420] [INFO ]     │ HTML Size:        412,303 bytes
[13:01:59.420] [INFO ]     │ Text Size:        38,794 chars
[13:01:59.420] [INFO ]     │ Word Count:       ~5879 words
[13:01:59.420] [INFO ]     │ Extraction:       trafilatura
[13:01:59.420] [INFO ]     │ Has Article:      ✅ Yes
[13:01:59.420] [INFO ]     └──────────────────────────────────────────────────────────────┘
[13:01:59.464] [INFO ] 
[13:01:59.464] [INFO ] ╔══════════════════════════════════════════════════════════════════════════╗
[13:01:59.464] [INFO ] ║  ✅ SCRAPE SUCCESSFUL - SCRAPE_20260126_130148_9CFA
[13:01:59.464] [INFO ] ╠══════════════════════════════════════════════════════════════════════════╣
[13:01:59.464] [INFO ] 
[13:01:59.464] [INFO ]     ┌─ TIMING BREAKDOWN ───────────────────────────────────────────┐
[13:01:59.464] [INFO ]     │ Browser Launch:      0.06s
[13:01:59.464] [INFO ]     │ Page Load:           2.24s
[13:01:59.464] [INFO ]     │ Cloudflare Wait:     0.00s
[13:01:59.464] [INFO ]     │ Human Simulation:    6.36s
[13:01:59.464] [INFO ]     │
[13:01:59.464] [INFO ]     │ Content Extraction:  0.25s
[13:01:59.464] [INFO ]     │ ─────────────────────────────────────────────────────────────
[13:01:59.464] [INFO ]     │ TOTAL TIME:          8.90s
[13:01:59.464] [INFO ]     └──────────────────────────────────────────────────────────────┘
[13:01:59.464] [INFO ] 
[13:01:59.465] [INFO ]     ┌─ CONTENT METRICS ────────────────────────────────────────────┐
[13:01:59.465] [INFO ]     │ Title:            What is ISO 27001? An easy-to-understand explanati
[13:01:59.465] [INFO ]     │ Final URL:        https://advisera.com/27001academy/what-is-iso-27001/
[13:01:59.465] [INFO ]     │ HTML Size:        412,303 bytes
[13:01:59.465] [INFO ]     │ Text Size:        38,794 chars
[13:01:59.465] [INFO ]     │ Word Count:       ~5879 words
[13:01:59.465] [INFO ]     │ Extraction:       trafilatura
[13:01:59.465] [INFO ]     │ Has Article:      ✅ Yes
[13:01:59.465] [INFO ]     └──────────────────────────────────────────────────────────────┘
[13:01:59.465] [INFO ] ╠══════════════════════════════════════════════════════════════════════════╣
[13:01:59.465] [INFO ] ║  📊 SESSION STATS
[13:01:59.465] [INFO ] ║  ├─ Strategies Tried:   domcontentloaded
[13:01:59.465] [INFO ] ║  ├─ Popups Dismissed:   0
[13:01:59.465] [INFO ] ║  ├─ Cloudflare:         Not detected
[13:01:59.465] [INFO ] ║  └─ Proxy Used:         Direct
[13:01:59.465] [INFO ] ╚══════════════════════════════════════════════════════════════════════════╝
[13:01:59.465] [INFO ] 

================================================================================
STATUS: SUCCESS
TOTAL TIME: 10.83s
ENDED: 2026-01-26T13:01:59.465167+02:00 (Egypt Time)
END OF SCRAPE LOG
================================================================================