================================================================================
SCRAPE LOG: https://www.sama.gov.sa/en-US/Pages/default.aspx
Started: 2026-02-01 12:16:48
Session ID: SCRAPE_20260201_121648_A046
================================================================================
[12:16:48.445] [INFO ] 📝 Scrape log: /app/data/logs/scrapes/2026-02-01_121648_sama.gov.sa.log
[12:16:48.445] [DEBUG] ⏱️ Timeout set to 45s for this scrape
[12:16:48.789] [INFO ] 
[12:16:48.789] [INFO ]     🚀 BROWSER LAUNCHED
[12:16:48.789] [INFO ]     ├─ Mode:       Headless
[12:16:48.789] [INFO ]     ├─ Slow Mo:    50ms
[12:16:48.789] [INFO ]     ├─ Launch Time: 0.06s
[12:16:48.789] [INFO ]     └─ Args:       Anti-automation flags enabled
[12:16:48.806] [DEBUG] Browser profile: viewport={'width': 2560, 'height': 1440}, locale=en-AU, tz=UTC
[12:16:48.806] [INFO ] 
[12:16:48.806] [INFO ] ╔══════════════════════════════════════════════════════════════════════════╗
[12:16:48.806] [INFO ] ║  📋 SESSION: SCRAPE_20260201_121648_A046
[12:16:48.806] [INFO ] ║  🌐 URL: https://www.sama.gov.sa/en-US/Pages/default.aspx
[12:16:48.806] [INFO ] ║  🔄 ATTEMPT: 1/2
[12:16:48.806] [INFO ] ║  ⏰ STARTED: 2026-02-01T12:16:48.806703+02:00 (Egypt Time)
[12:16:48.806] [INFO ] ╠══════════════════════════════════════════════════════════════════════════╣
[12:16:48.806] [INFO ] 
[12:16:48.806] [INFO ]     ┌─ BROWSER FINGERPRINT ────────────────────────────────────────┐
[12:16:48.806] [INFO ]     │ Browser:     FIREFOX v120
[12:16:48.806] [INFO ]     │ User-Agent:  Mozilla/5.0 (Windows NT 10.0; Win64; x64; rv:120.0) Gecko/20100101 Fir...
[12:16:48.806] [INFO ]     │ Viewport:    2560x1440
[12:16:48.806] [INFO ]     │ Sec-CH-UA:   (not applicable)...
[12:16:48.806] [INFO ]     ├─ LOCATION PROFILE ───────────────────────────────────────────┤
[12:16:48.806] [INFO ]     │ Location:    Sydney, Australia
[12:16:48.806] [INFO ]     │ Timezone:    N/A
[12:16:48.806] [INFO ]     │ Locale:      en-AU
[12:16:48.806] [INFO ]     │ Geo:         0, 0
[12:16:48.806] [INFO ]     ├─ NETWORK ────────────────────────────────────────────────────┤
[12:16:48.806] [INFO ]     │ Proxy:       Direct (no proxy)
[12:16:48.806] [INFO ]     │ Referrer:    https://www.google.com/
[12:16:48.806] [INFO ]     └──────────────────────────────────────────────────────────────┘
[12:16:48.806] [INFO ] ╚══════════════════════════════════════════════════════════════════════════╝
[12:16:48.806] [INFO ] 🛡️ Injected anti-detection scripts at context level
[12:16:48.806] [DEBUG]    └─ Canvas noise, WebGL spoof, Browser patches
[12:16:48.806] [INFO ] 
[12:16:48.806] [INFO ]     🛡️ ANTI-DETECTION SCRIPTS INJECTED (CONTEXT level)
[12:16:48.806] [INFO ]     ├─ Canvas fingerprint noise
[12:16:48.806] [INFO ]     ├─ WebGL renderer/vendor spoof
[12:16:48.806] [INFO ]     ├─ Hardware concurrency randomization
[12:16:48.806] [INFO ]     ├─ Device memory randomization
[12:16:48.806] [INFO ]     ├─ Plugin masking
[12:16:48.806] [INFO ]     ├─ WebRTC IP leak protection
[12:16:48.806] [INFO ]     ├─ Network connection spoof
[12:16:48.806] [INFO ]     └─ Battery API spoof
[12:16:48.849] [INFO ] 
[12:16:48.849] [INFO ]     🥷 STEALTH MODE APPLIED
[12:16:48.849] [INFO ]     ├─ Navigator patches (webdriver, plugins, languages)
[12:16:48.849] [INFO ]     ├─ Chrome runtime patches
[12:16:48.849] [INFO ]     ├─ Console patches
[12:16:48.849] [INFO ]     └─ Permission patches
[12:16:48.849] [INFO ] 🛡️ Injected anti-detection scripts at page level
[12:16:48.849] [DEBUG]    └─ Canvas noise, WebGL spoof, Browser patches
[12:16:48.849] [INFO ] 
[12:16:48.849] [INFO ]     🛡️ ANTI-DETECTION SCRIPTS INJECTED (PAGE level)
[12:16:48.849] [INFO ]     ├─ Canvas fingerprint noise
[12:16:48.849] [INFO ]     ├─ WebGL renderer/vendor spoof
[12:16:48.849] [INFO ]     ├─ Hardware concurrency randomization
[12:16:48.849] [INFO ]     ├─ Device memory randomization
[12:16:48.849] [INFO ]     ├─ Plugin masking
[12:16:48.849] [INFO ]     ├─ WebRTC IP leak protection
[12:16:48.849] [INFO ]     ├─ Network connection spoof
[12:16:48.849] [INFO ]     └─ Battery API spoof
[12:16:48.849] [DEBUG] Enabled resource blocking (images, media, fonts)
[12:16:48.849] [INFO ] 
[12:16:48.849] [INFO ]     🔗 NAVIGATING TO URL
[12:16:48.849] [INFO ]     ├─ Strategy:   domcontentloaded
[12:16:48.849] [INFO ]     ├─ Timeout:    15.0s
[12:16:48.849] [INFO ]     └─ Sleep:      1s after load
[12:16:56.041] [INFO ] 
[12:16:56.041] [INFO ]     ✅ PAGE LOADED
[12:16:56.041] [INFO ]     ├─ Final URL:  https://www.sama.gov.sa/en-US/Pages/default.aspx
[12:16:56.041] [INFO ]     ├─ Title:      البنك المركزي السعودي
[12:16:56.041] [INFO ]     └─ Load Time:  7.19s
[12:16:57.317] [INFO ] 🧑 Human behavior simulation...
[12:16:59.366] [INFO ] 🖱️ Mouse: 1 moves in 2560x1440
[12:16:59.366] [INFO ] 🖱️ Mouse completed: 1 moves
[12:16:59.366] [INFO ] 📜 Scroll: page height, viewport=1440px
[12:16:59.366] [INFO ] 📜 Scroll completed: 1 scrolls
[12:16:59.366] [INFO ] 🧑 Human behavior completed in 2.0s ✓
[12:16:59.366] [INFO ] 
[12:16:59.366] [INFO ]     🧑 HUMAN BEHAVIOR SIMULATED
[12:16:59.366] [INFO ]     ├─ Mouse Movements: 1
[12:16:59.366] [INFO ]     ├─ Scroll Actions:  1
[12:16:59.366] [INFO ]     └─ Time Spent:      2.05s
[12:16:59.618] [INFO ] 
[12:16:59.618] [INFO ]     ┌─ CONTENT METRICS ────────────────────────────────────────────┐
[12:16:59.618] [INFO ]     │ Title:            SAMA.Internet.WCM - SamaServicesMostViewWP
[12:16:59.618] [INFO ]     │ Final URL:        https://www.sama.gov.sa/en-US/Pages/default.aspx
[12:16:59.618] [INFO ]     │ HTML Size:        210,643 bytes
[12:16:59.618] [INFO ]     │ Text Size:        652 chars
[12:16:59.618] [INFO ]     │ Word Count:       ~95 words
[12:16:59.618] [INFO ]     │ Extraction:       trafilatura
[12:16:59.618] [INFO ]     │ Has Article:      ✅ Yes
[12:16:59.618] [INFO ]     └──────────────────────────────────────────────────────────────┘
[12:16:59.669] [INFO ] 
[12:16:59.669] [INFO ] ╔══════════════════════════════════════════════════════════════════════════╗
[12:16:59.669] [INFO ] ║  ✅ SCRAPE SUCCESSFUL - SCRAPE_20260201_121648_A046
[12:16:59.669] [INFO ] ╠══════════════════════════════════════════════════════════════════════════╣
[12:16:59.669] [INFO ] 
[12:16:59.669] [INFO ]     ┌─ TIMING BREAKDOWN ───────────────────────────────────────────┐
[12:16:59.669] [INFO ]     │ Browser Launch:      0.06s
[12:16:59.669] [INFO ]     │ Page Load:           7.19s
[12:16:59.669] [INFO ]     │ Cloudflare Wait:     0.00s
[12:16:59.669] [INFO ]     │ Human Simulation:    2.05s
[12:16:59.669] [INFO ]     │
[12:16:59.669] [INFO ]     │ Content Extraction:  0.19s
[12:16:59.669] [INFO ]     │ ─────────────────────────────────────────────────────────────
[12:16:59.669] [INFO ]     │ TOTAL TIME:          9.49s
[12:16:59.669] [INFO ]     └──────────────────────────────────────────────────────────────┘
[12:16:59.669] [INFO ] 
[12:16:59.669] [INFO ]     ┌─ CONTENT METRICS ────────────────────────────────────────────┐
[12:16:59.669] [INFO ]     │ Title:            SAMA.Internet.WCM - SamaServicesMostViewWP
[12:16:59.669] [INFO ]     │ Final URL:        https://www.sama.gov.sa/en-US/Pages/default.aspx
[12:16:59.669] [INFO ]     │ HTML Size:        210,643 bytes
[12:16:59.669] [INFO ]     │ Text Size:        652 chars
[12:16:59.669] [INFO ]     │ Word Count:       ~95 words
[12:16:59.669] [INFO ]     │ Extraction:       trafilatura
[12:16:59.669] [INFO ]     │ Has Article:      ✅ Yes
[12:16:59.669] [INFO ]     └──────────────────────────────────────────────────────────────┘
[12:16:59.669] [INFO ] ╠══════════════════════════════════════════════════════════════════════════╣
[12:16:59.669] [INFO ] ║  📊 SESSION STATS
[12:16:59.669] [INFO ] ║  ├─ Strategies Tried:   domcontentloaded
[12:16:59.669] [INFO ] ║  ├─ Popups Dismissed:   0
[12:16:59.669] [INFO ] ║  ├─ Cloudflare:         Not detected
[12:16:59.669] [INFO ] ║  └─ Proxy Used:         Direct
[12:16:59.669] [INFO ] ╚══════════════════════════════════════════════════════════════════════════╝
[12:16:59.669] [INFO ] 

================================================================================
STATUS: SUCCESS
TOTAL TIME: 11.22s
ENDED: 2026-02-01T12:16:59.669508+02:00 (Egypt Time)
END OF SCRAPE LOG
================================================================================