================================================================================
SCRAPE LOG: https://www.iso-certification-egypt.com/iso-27001-certification.html
Started: 2026-01-29 17:02:21
Session ID: SCRAPE_20260129_170221_A59F
================================================================================
[17:02:21.339] [INFO ] 📝 Scrape log: /app/data/logs/scrapes/2026-01-29_170221_iso-certification-egypt.com.log
[17:02:21.339] [DEBUG] ⏱️ Timeout set to 45s for this scrape
[17:02:21.676] [INFO ] 
[17:02:21.676] [INFO ]     🚀 BROWSER LAUNCHED
[17:02:21.676] [INFO ]     ├─ Mode:       Headless
[17:02:21.676] [INFO ]     ├─ Slow Mo:    49ms
[17:02:21.676] [INFO ]     ├─ Launch Time: 0.06s
[17:02:21.676] [INFO ]     └─ Args:       Anti-automation flags enabled
[17:02:21.694] [DEBUG] Browser profile: viewport={'width': 1920, 'height': 1080}, locale=en-US, tz=UTC
[17:02:21.695] [INFO ] 
[17:02:21.695] [INFO ] ╔══════════════════════════════════════════════════════════════════════════╗
[17:02:21.695] [INFO ] ║  📋 SESSION: SCRAPE_20260129_170221_A59F
[17:02:21.695] [INFO ] ║  🌐 URL: https://www.iso-certification-egypt.com/iso-27001-certification.html
[17:02:21.695] [INFO ] ║  🔄 ATTEMPT: 1/2
[17:02:21.695] [INFO ] ║  ⏰ STARTED: 2026-01-29T17:02:21.695033+02:00 (Egypt Time)
[17:02:21.695] [INFO ] ╠══════════════════════════════════════════════════════════════════════════╣
[17:02:21.695] [INFO ] 
[17:02:21.695] [INFO ]     ┌─ BROWSER FINGERPRINT ────────────────────────────────────────┐
[17:02:21.695] [INFO ]     │ Browser:     CHROME v120
[17:02:21.695] [INFO ]     │ User-Agent:  Mozilla/5.0 (Windows NT 11.0; Win64; x64) AppleWebKit/537.36 (KHTML, l...
[17:02:21.695] [INFO ]     │ Viewport:    1920x1080
[17:02:21.695] [INFO ]     │ Sec-CH-UA:   (not applicable)...
[17:02:21.695] [INFO ]     ├─ LOCATION PROFILE ───────────────────────────────────────────┤
[17:02:21.695] [INFO ]     │ Location:    Los Angeles, USA
[17:02:21.695] [INFO ]     │ Timezone:    N/A
[17:02:21.695] [INFO ]     │ Locale:      en-US
[17:02:21.695] [INFO ]     │ Geo:         0, 0
[17:02:21.695] [INFO ]     ├─ NETWORK ────────────────────────────────────────────────────┤
[17:02:21.695] [INFO ]     │ Proxy:       Direct (no proxy)
[17:02:21.695] [INFO ]     │ Referrer:    None
[17:02:21.695] [INFO ]     └──────────────────────────────────────────────────────────────┘
[17:02:21.695] [INFO ] ╚══════════════════════════════════════════════════════════════════════════╝
[17:02:21.695] [INFO ] 🛡️ Injected anti-detection scripts at context level
[17:02:21.695] [DEBUG]    └─ Canvas noise, WebGL spoof, Browser patches
[17:02:21.695] [INFO ] 
[17:02:21.695] [INFO ]     🛡️ ANTI-DETECTION SCRIPTS INJECTED (CONTEXT level)
[17:02:21.695] [INFO ]     ├─ Canvas fingerprint noise
[17:02:21.695] [INFO ]     ├─ WebGL renderer/vendor spoof
[17:02:21.695] [INFO ]     ├─ Hardware concurrency randomization
[17:02:21.695] [INFO ]     ├─ Device memory randomization
[17:02:21.695] [INFO ]     ├─ Plugin masking
[17:02:21.695] [INFO ]     ├─ WebRTC IP leak protection
[17:02:21.695] [INFO ]     ├─ Network connection spoof
[17:02:21.695] [INFO ]     └─ Battery API spoof
[17:02:21.735] [INFO ] 
[17:02:21.735] [INFO ]     🥷 STEALTH MODE APPLIED
[17:02:21.735] [INFO ]     ├─ Navigator patches (webdriver, plugins, languages)
[17:02:21.735] [INFO ]     ├─ Chrome runtime patches
[17:02:21.735] [INFO ]     ├─ Console patches
[17:02:21.735] [INFO ]     └─ Permission patches
[17:02:21.735] [INFO ] 🛡️ Injected anti-detection scripts at page level
[17:02:21.735] [DEBUG]    └─ Canvas noise, WebGL spoof, Browser patches
[17:02:21.735] [INFO ] 
[17:02:21.735] [INFO ]     🛡️ ANTI-DETECTION SCRIPTS INJECTED (PAGE level)
[17:02:21.735] [INFO ]     ├─ Canvas fingerprint noise
[17:02:21.735] [INFO ]     ├─ WebGL renderer/vendor spoof
[17:02:21.735] [INFO ]     ├─ Hardware concurrency randomization
[17:02:21.735] [INFO ]     ├─ Device memory randomization
[17:02:21.735] [INFO ]     ├─ Plugin masking
[17:02:21.735] [INFO ]     ├─ WebRTC IP leak protection
[17:02:21.735] [INFO ]     ├─ Network connection spoof
[17:02:21.735] [INFO ]     └─ Battery API spoof
[17:02:21.735] [DEBUG] Enabled resource blocking (images, media, fonts)
[17:02:21.735] [INFO ] 
[17:02:21.735] [INFO ]     🔗 NAVIGATING TO URL
[17:02:21.735] [INFO ]     ├─ Strategy:   domcontentloaded
[17:02:21.735] [INFO ]     ├─ Timeout:    15.0s
[17:02:21.735] [INFO ]     └─ Sleep:      1s after load
[17:02:27.548] [INFO ] 
[17:02:27.548] [INFO ]     ✅ PAGE LOADED
[17:02:27.548] [INFO ]     ├─ Final URL:  https://www.iso-certification-egypt.com/iso-27001-certification.html
[17:02:27.548] [INFO ]     ├─ Title:      ISO 27001 Certification Consultants - Cairo, Alexandria, Giza
[17:02:27.548] [INFO ]     └─ Load Time:  5.81s
[17:02:28.821] [INFO ] 🧑 Human behavior simulation...
[17:02:32.196] [INFO ] 🖱️ Mouse: 2 moves in 1920x1080
[17:02:32.196] [INFO ] 🖱️ Mouse completed: 2 moves
[17:02:32.196] [INFO ] 📜 Scroll: page height, viewport=1080px
[17:02:32.196] [INFO ] 📜 Scroll completed: 3 scrolls
[17:02:32.196] [INFO ] 🧑 Human behavior completed in 3.4s ✓
[17:02:32.196] [INFO ] 
[17:02:32.196] [INFO ]     🧑 HUMAN BEHAVIOR SIMULATED
[17:02:32.196] [INFO ]     ├─ Mouse Movements: 2
[17:02:32.196] [INFO ]     ├─ Scroll Actions:  3
[17:02:32.196] [INFO ]     └─ Time Spent:      3.38s
[17:02:32.540] [INFO ] 
[17:02:32.540] [INFO ]     ┌─ CONTENT METRICS ────────────────────────────────────────────┐
[17:02:32.540] [INFO ]     │ Title:            ISO 27001 CERTIFICATION IN EGYPT
[17:02:32.540] [INFO ]     │ Final URL:        https://www.iso-certification-egypt.com/iso-27001-certification.html
[17:02:32.540] [INFO ]     │ HTML Size:        109,119 bytes
[17:02:32.540] [INFO ]     │ Text Size:        14,961 chars
[17:02:32.540] [INFO ]     │ Word Count:       ~2123 words
[17:02:32.540] [INFO ]     │ Extraction:       trafilatura
[17:02:32.540] [INFO ]     │ Has Article:      ✅ Yes
[17:02:32.540] [INFO ]     └──────────────────────────────────────────────────────────────┘
[17:02:32.569] [INFO ] 
[17:02:32.569] [INFO ] ╔══════════════════════════════════════════════════════════════════════════╗
[17:02:32.569] [INFO ] ║  ✅ SCRAPE SUCCESSFUL - SCRAPE_20260129_170221_A59F
[17:02:32.569] [INFO ] ╠══════════════════════════════════════════════════════════════════════════╣
[17:02:32.569] [INFO ] 
[17:02:32.569] [INFO ]     ┌─ TIMING BREAKDOWN ───────────────────────────────────────────┐
[17:02:32.569] [INFO ]     │ Browser Launch:      0.06s
[17:02:32.569] [INFO ]     │ Page Load:           5.81s
[17:02:32.569] [INFO ]     │ Cloudflare Wait:     0.00s
[17:02:32.569] [INFO ]     │ Human Simulation:    3.38s
[17:02:32.569] [INFO ]     │
[17:02:32.569] [INFO ]     │ Content Extraction:  0.26s
[17:02:32.569] [INFO ]     │ ─────────────────────────────────────────────────────────────
[17:02:32.569] [INFO ]     │ TOTAL TIME:          9.51s
[17:02:32.569] [INFO ]     └──────────────────────────────────────────────────────────────┘
[17:02:32.569] [INFO ] 
[17:02:32.569] [INFO ]     ┌─ CONTENT METRICS ────────────────────────────────────────────┐
[17:02:32.569] [INFO ]     │ Title:            ISO 27001 CERTIFICATION IN EGYPT
[17:02:32.569] [INFO ]     │ Final URL:        https://www.iso-certification-egypt.com/iso-27001-certification.html
[17:02:32.569] [INFO ]     │ HTML Size:        109,119 bytes
[17:02:32.569] [INFO ]     │ Text Size:        14,961 chars
[17:02:32.569] [INFO ]     │ Word Count:       ~2123 words
[17:02:32.569] [INFO ]     │ Extraction:       trafilatura
[17:02:32.569] [INFO ]     │ Has Article:      ✅ Yes
[17:02:32.569] [INFO ]     └──────────────────────────────────────────────────────────────┘
[17:02:32.569] [INFO ] ╠══════════════════════════════════════════════════════════════════════════╣
[17:02:32.569] [INFO ] ║  📊 SESSION STATS
[17:02:32.569] [INFO ] ║  ├─ Strategies Tried:   domcontentloaded
[17:02:32.569] [INFO ] ║  ├─ Popups Dismissed:   0
[17:02:32.569] [INFO ] ║  ├─ Cloudflare:         Not detected
[17:02:32.569] [INFO ] ║  └─ Proxy Used:         Direct
[17:02:32.569] [INFO ] ╚══════════════════════════════════════════════════════════════════════════╝
[17:02:32.569] [INFO ] 

================================================================================
STATUS: SUCCESS
TOTAL TIME: 11.23s
ENDED: 2026-01-29T17:02:32.569948+02:00 (Egypt Time)
END OF SCRAPE LOG
================================================================================