================================================================================
SCRAPE LOG: https://arabre.com/egypt-fra-requires-non-banking-companies-to-conclude-a-cyber-security-risk-insurance-policy/
Started: 2026-01-30 01:05:02
Session ID: SCRAPE_20260130_010502_1341
================================================================================
[01:05:02.925] [INFO ] 📝 Scrape log: /app/data/logs/scrapes/2026-01-30_010502_arabre.com.log
[01:05:02.925] [DEBUG] ⏱️ Timeout set to 45s for this scrape
[01:05:03.271] [INFO ] 
[01:05:03.271] [INFO ]     🚀 BROWSER LAUNCHED
[01:05:03.271] [INFO ]     ├─ Mode:       Headless
[01:05:03.271] [INFO ]     ├─ Slow Mo:    54ms
[01:05:03.271] [INFO ]     ├─ Launch Time: 0.06s
[01:05:03.271] [INFO ]     └─ Args:       Anti-automation flags enabled
[01:05:03.293] [DEBUG] Browser profile: viewport={'width': 1920, 'height': 1080}, locale=en-US, tz=UTC
[01:05:03.293] [INFO ] 
[01:05:03.293] [INFO ] ╔══════════════════════════════════════════════════════════════════════════╗
[01:05:03.293] [INFO ] ║  📋 SESSION: SCRAPE_20260130_010502_1341
[01:05:03.293] [INFO ] ║  🌐 URL: https://arabre.com/egypt-fra-requires-non-banking-companies-to-conclude-a-cyber-security-risk-insurance-policy/
[01:05:03.293] [INFO ] ║  🔄 ATTEMPT: 1/2
[01:05:03.293] [INFO ] ║  ⏰ STARTED: 2026-01-30T01:05:03.293444+02:00 (Egypt Time)
[01:05:03.293] [INFO ] ╠══════════════════════════════════════════════════════════════════════════╣
[01:05:03.293] [INFO ] 
[01:05:03.293] [INFO ]     ┌─ BROWSER FINGERPRINT ────────────────────────────────────────┐
[01:05:03.293] [INFO ]     │ Browser:     CHROME v125
[01:05:03.293] [INFO ]     │ User-Agent:  Mozilla/5.0 (Windows NT 10.0; Win64; x64) AppleWebKit/537.36 (KHTML, l...
[01:05:03.293] [INFO ]     │ Viewport:    1920x1080
[01:05:03.293] [INFO ]     │ Sec-CH-UA:   (not applicable)...
[01:05:03.293] [INFO ]     ├─ LOCATION PROFILE ───────────────────────────────────────────┤
[01:05:03.293] [INFO ]     │ Location:    Denver, USA
[01:05:03.293] [INFO ]     │ Timezone:    N/A
[01:05:03.293] [INFO ]     │ Locale:      en-US
[01:05:03.293] [INFO ]     │ Geo:         0, 0
[01:05:03.293] [INFO ]     ├─ NETWORK ────────────────────────────────────────────────────┤
[01:05:03.293] [INFO ]     │ Proxy:       Direct (no proxy)
[01:05:03.293] [INFO ]     │ Referrer:    https://www.google.com/search?q=arabre+com
[01:05:03.293] [INFO ]     └──────────────────────────────────────────────────────────────┘
[01:05:03.293] [INFO ] ╚══════════════════════════════════════════════════════════════════════════╝
[01:05:03.293] [INFO ] 🛡️ Injected anti-detection scripts at context level
[01:05:03.293] [DEBUG]    └─ Canvas noise, WebGL spoof, Browser patches
[01:05:03.293] [INFO ] 
[01:05:03.293] [INFO ]     🛡️ ANTI-DETECTION SCRIPTS INJECTED (CONTEXT level)
[01:05:03.293] [INFO ]     ├─ Canvas fingerprint noise
[01:05:03.293] [INFO ]     ├─ WebGL renderer/vendor spoof
[01:05:03.293] [INFO ]     ├─ Hardware concurrency randomization
[01:05:03.293] [INFO ]     ├─ Device memory randomization
[01:05:03.293] [INFO ]     ├─ Plugin masking
[01:05:03.293] [INFO ]     ├─ WebRTC IP leak protection
[01:05:03.293] [INFO ]     ├─ Network connection spoof
[01:05:03.293] [INFO ]     └─ Battery API spoof
[01:05:03.336] [INFO ] 
[01:05:03.336] [INFO ]     🥷 STEALTH MODE APPLIED
[01:05:03.336] [INFO ]     ├─ Navigator patches (webdriver, plugins, languages)
[01:05:03.337] [INFO ]     ├─ Chrome runtime patches
[01:05:03.337] [INFO ]     ├─ Console patches
[01:05:03.337] [INFO ]     └─ Permission patches
[01:05:03.337] [INFO ] 🛡️ Injected anti-detection scripts at page level
[01:05:03.337] [DEBUG]    └─ Canvas noise, WebGL spoof, Browser patches
[01:05:03.337] [INFO ] 
[01:05:03.337] [INFO ]     🛡️ ANTI-DETECTION SCRIPTS INJECTED (PAGE level)
[01:05:03.337] [INFO ]     ├─ Canvas fingerprint noise
[01:05:03.337] [INFO ]     ├─ WebGL renderer/vendor spoof
[01:05:03.337] [INFO ]     ├─ Hardware concurrency randomization
[01:05:03.337] [INFO ]     ├─ Device memory randomization
[01:05:03.337] [INFO ]     ├─ Plugin masking
[01:05:03.337] [INFO ]     ├─ WebRTC IP leak protection
[01:05:03.337] [INFO ]     ├─ Network connection spoof
[01:05:03.337] [INFO ]     └─ Battery API spoof
[01:05:03.337] [DEBUG] Enabled resource blocking (images, media, fonts)
[01:05:03.337] [INFO ] 
[01:05:03.337] [INFO ]     🔗 NAVIGATING TO URL
[01:05:03.337] [INFO ]     ├─ Strategy:   domcontentloaded
[01:05:03.337] [INFO ]     ├─ Timeout:    15.0s
[01:05:03.337] [INFO ]     └─ Sleep:      1s after load
[01:05:10.800] [INFO ] 
[01:05:10.800] [INFO ]     ✅ PAGE LOADED
[01:05:10.800] [INFO ]     ├─ Final URL:  https://arabre.com/egypt-fra-requires-non-banking-companies-to-conclude-a-cyber-security-risk-insurance-policy/
[01:05:10.800] [INFO ]     ├─ Title:      Egypt: FRA requires non-banking companies to conclude a cyber security risk insurance policy - Arab Reinsurance Company
[01:05:10.800] [INFO ]     └─ Load Time:  7.46s
[01:05:12.726] [INFO ] 🧑 Human behavior simulation...
[01:05:15.733] [INFO ] 🖱️ Mouse: 3 moves in 1920x1080
[01:05:15.733] [INFO ] 🖱️ Mouse completed: 3 moves
[01:05:15.733] [INFO ] 📜 Scroll: page height, viewport=1080px
[01:05:15.733] [INFO ] 📜 Scroll completed: 1 scrolls
[01:05:15.733] [INFO ] 🧑 Human behavior completed in 3.0s ✓
[01:05:15.733] [INFO ] 
[01:05:15.733] [INFO ]     🧑 HUMAN BEHAVIOR SIMULATED
[01:05:15.733] [INFO ]     ├─ Mouse Movements: 3
[01:05:15.733] [INFO ]     ├─ Scroll Actions:  1
[01:05:15.733] [INFO ]     └─ Time Spent:      3.01s
[01:05:15.932] [INFO ] 
[01:05:15.932] [INFO ]     ┌─ CONTENT METRICS ────────────────────────────────────────────┐
[01:05:15.932] [INFO ]     │ Title:            Egypt: FRA requires non-banking companies to concl
[01:05:15.932] [INFO ]     │ Final URL:        https://arabre.com/egypt-fra-requires-non-banking-companies-to-conclude-a-cyber-security-risk-insurance-policy/
[01:05:15.932] [INFO ]     │ HTML Size:        268,434 bytes
[01:05:15.932] [INFO ]     │ Text Size:        1,780 chars
[01:05:15.932] [INFO ]     │ Word Count:       ~267 words
[01:05:15.932] [INFO ]     │ Extraction:       trafilatura
[01:05:15.932] [INFO ]     │ Has Article:      ✅ Yes
[01:05:15.932] [INFO ]     └──────────────────────────────────────────────────────────────┘
[01:05:15.967] [INFO ] 
[01:05:15.967] [INFO ] ╔══════════════════════════════════════════════════════════════════════════╗
[01:05:15.967] [INFO ] ║  ✅ SCRAPE SUCCESSFUL - SCRAPE_20260130_010502_1341
[01:05:15.967] [INFO ] ╠══════════════════════════════════════════════════════════════════════════╣
[01:05:15.967] [INFO ] 
[01:05:15.967] [INFO ]     ┌─ TIMING BREAKDOWN ───────────────────────────────────────────┐
[01:05:15.967] [INFO ]     │ Browser Launch:      0.06s
[01:05:15.967] [INFO ]     │ Page Load:           7.46s
[01:05:15.967] [INFO ]     │ Cloudflare Wait:     0.00s
[01:05:15.967] [INFO ]     │ Human Simulation:    3.01s
[01:05:15.967] [INFO ]     │
[01:05:15.967] [INFO ]     │ Content Extraction:  0.09s
[01:05:15.967] [INFO ]     │ ─────────────────────────────────────────────────────────────
[01:05:15.967] [INFO ]     │ TOTAL TIME:          10.62s
[01:05:15.967] [INFO ]     └──────────────────────────────────────────────────────────────┘
[01:05:15.967] [INFO ] 
[01:05:15.967] [INFO ]     ┌─ CONTENT METRICS ────────────────────────────────────────────┐
[01:05:15.967] [INFO ]     │ Title:            Egypt: FRA requires non-banking companies to concl
[01:05:15.967] [INFO ]     │ Final URL:        https://arabre.com/egypt-fra-requires-non-banking-companies-to-conclude-a-cyber-security-risk-insurance-policy/
[01:05:15.967] [INFO ]     │ HTML Size:        268,434 bytes
[01:05:15.967] [INFO ]     │ Text Size:        1,780 chars
[01:05:15.967] [INFO ]     │ Word Count:       ~267 words
[01:05:15.967] [INFO ]     │ Extraction:       trafilatura
[01:05:15.967] [INFO ]     │ Has Article:      ✅ Yes
[01:05:15.967] [INFO ]     └──────────────────────────────────────────────────────────────┘
[01:05:15.967] [INFO ] ╠══════════════════════════════════════════════════════════════════════════╣
[01:05:15.967] [INFO ] ║  📊 SESSION STATS
[01:05:15.967] [INFO ] ║  ├─ Strategies Tried:   domcontentloaded
[01:05:15.967] [INFO ] ║  ├─ Popups Dismissed:   0
[01:05:15.967] [INFO ] ║  ├─ Cloudflare:         Not detected
[01:05:15.967] [INFO ] ║  └─ Proxy Used:         Direct
[01:05:15.967] [INFO ] ╚══════════════════════════════════════════════════════════════════════════╝
[01:05:15.967] [INFO ] 

================================================================================
STATUS: SUCCESS
TOTAL TIME: 13.04s
ENDED: 2026-01-30T01:05:15.967876+02:00 (Egypt Time)
END OF SCRAPE LOG
================================================================================