================================================================================
SCRAPE LOG: https://www.iso.org/home.html
Started: 2026-01-26 13:21:01
Session ID: SCRAPE_20260126_132101_0BF4
================================================================================
[13:21:01.350] [INFO ] 📝 Scrape log: /app/data/logs/scrapes/2026-01-26_132101_iso.org.log
[13:21:01.350] [DEBUG] ⏱️ Timeout set to 45s for this scrape
[13:21:01.701] [INFO ] 
[13:21:01.701] [INFO ]     🚀 BROWSER LAUNCHED
[13:21:01.701] [INFO ]     ├─ Mode:       Headless
[13:21:01.701] [INFO ]     ├─ Slow Mo:    47ms
[13:21:01.701] [INFO ]     ├─ Launch Time: 0.06s
[13:21:01.701] [INFO ]     └─ Args:       Anti-automation flags enabled
[13:21:01.718] [DEBUG] Browser profile: viewport={'width': 2560, 'height': 1440}, locale=en-GB, tz=UTC
[13:21:01.718] [INFO ] 
[13:21:01.718] [INFO ] ╔══════════════════════════════════════════════════════════════════════════╗
[13:21:01.718] [INFO ] ║  📋 SESSION: SCRAPE_20260126_132101_0BF4
[13:21:01.718] [INFO ] ║  🌐 URL: https://www.iso.org/home.html
[13:21:01.718] [INFO ] ║  🔄 ATTEMPT: 1/2
[13:21:01.718] [INFO ] ║  ⏰ STARTED: 2026-01-26T13:21:01.718637+02:00 (Egypt Time)
[13:21:01.718] [INFO ] ╠══════════════════════════════════════════════════════════════════════════╣
[13:21:01.718] [INFO ] 
[13:21:01.718] [INFO ]     ┌─ BROWSER FINGERPRINT ────────────────────────────────────────┐
[13:21:01.718] [INFO ]     │ Browser:     CHROME v121
[13:21:01.718] [INFO ]     │ User-Agent:  Mozilla/5.0 (Windows NT 11.0; Win64; x64) AppleWebKit/537.36 (KHTML, l...
[13:21:01.718] [INFO ]     │ Viewport:    2560x1440
[13:21:01.718] [INFO ]     │ Sec-CH-UA:   (not applicable)...
[13:21:01.718] [INFO ]     ├─ LOCATION PROFILE ───────────────────────────────────────────┤
[13:21:01.718] [INFO ]     │ Location:    Birmingham, UK
[13:21:01.718] [INFO ]     │ Timezone:    N/A
[13:21:01.718] [INFO ]     │ Locale:      en-GB
[13:21:01.718] [INFO ]     │ Geo:         0, 0
[13:21:01.718] [INFO ]     ├─ NETWORK ────────────────────────────────────────────────────┤
[13:21:01.718] [INFO ]     │ Proxy:       Direct (no proxy)
[13:21:01.718] [INFO ]     │ Referrer:    https://news.google.com/
[13:21:01.718] [INFO ]     └──────────────────────────────────────────────────────────────┘
[13:21:01.718] [INFO ] ╚══════════════════════════════════════════════════════════════════════════╝
[13:21:01.718] [INFO ] 🛡️ Injected anti-detection scripts at context level
[13:21:01.718] [DEBUG]    └─ Canvas noise, WebGL spoof, Browser patches
[13:21:01.718] [INFO ] 
[13:21:01.718] [INFO ]     🛡️ ANTI-DETECTION SCRIPTS INJECTED (CONTEXT level)
[13:21:01.718] [INFO ]     ├─ Canvas fingerprint noise
[13:21:01.718] [INFO ]     ├─ WebGL renderer/vendor spoof
[13:21:01.718] [INFO ]     ├─ Hardware concurrency randomization
[13:21:01.718] [INFO ]     ├─ Device memory randomization
[13:21:01.718] [INFO ]     ├─ Plugin masking
[13:21:01.718] [INFO ]     ├─ WebRTC IP leak protection
[13:21:01.718] [INFO ]     ├─ Network connection spoof
[13:21:01.718] [INFO ]     └─ Battery API spoof
[13:21:01.761] [INFO ] 
[13:21:01.761] [INFO ]     🥷 STEALTH MODE APPLIED
[13:21:01.761] [INFO ]     ├─ Navigator patches (webdriver, plugins, languages)
[13:21:01.761] [INFO ]     ├─ Chrome runtime patches
[13:21:01.761] [INFO ]     ├─ Console patches
[13:21:01.761] [INFO ]     └─ Permission patches
[13:21:01.761] [INFO ] 🛡️ Injected anti-detection scripts at page level
[13:21:01.761] [DEBUG]    └─ Canvas noise, WebGL spoof, Browser patches
[13:21:01.761] [INFO ] 
[13:21:01.761] [INFO ]     🛡️ ANTI-DETECTION SCRIPTS INJECTED (PAGE level)
[13:21:01.761] [INFO ]     ├─ Canvas fingerprint noise
[13:21:01.761] [INFO ]     ├─ WebGL renderer/vendor spoof
[13:21:01.761] [INFO ]     ├─ Hardware concurrency randomization
[13:21:01.761] [INFO ]     ├─ Device memory randomization
[13:21:01.761] [INFO ]     ├─ Plugin masking
[13:21:01.761] [INFO ]     ├─ WebRTC IP leak protection
[13:21:01.761] [INFO ]     ├─ Network connection spoof
[13:21:01.761] [INFO ]     └─ Battery API spoof
[13:21:01.761] [DEBUG] Enabled resource blocking (images, media, fonts)
[13:21:01.761] [INFO ] 
[13:21:01.761] [INFO ]     🔗 NAVIGATING TO URL
[13:21:01.761] [INFO ]     ├─ Strategy:   domcontentloaded
[13:21:01.761] [INFO ]     ├─ Timeout:    15.0s
[13:21:01.761] [INFO ]     └─ Sleep:      1s after load
[13:21:02.666] [INFO ] 
[13:21:02.666] [INFO ]     ✅ PAGE LOADED
[13:21:02.666] [INFO ]     ├─ Final URL:  https://www.iso.org/home.html
[13:21:02.666] [INFO ]     ├─ Title:      ISO - International Organization for Standardization
[13:21:02.666] [INFO ]     └─ Load Time:  0.90s
[13:21:03.871] [INFO ] 🧑 Human behavior simulation...
[13:21:08.884] [INFO ] 🖱️ Mouse: 3 moves in 2560x1440
[13:21:08.884] [INFO ] 🖱️ Mouse completed: 3 moves
[13:21:08.884] [INFO ] 📜 Scroll: page height, viewport=1440px
[13:21:08.884] [INFO ] 📜 Scroll completed: 1 scrolls
[13:21:08.884] [INFO ] 🧑 Human behavior completed in 5.0s ✓
[13:21:08.884] [INFO ] 
[13:21:08.884] [INFO ]     🧑 HUMAN BEHAVIOR SIMULATED
[13:21:08.884] [INFO ]     ├─ Mouse Movements: 3
[13:21:08.884] [INFO ]     ├─ Scroll Actions:  1
[13:21:08.884] [INFO ]     └─ Time Spent:      5.01s
[13:21:09.029] [INFO ] 
[13:21:09.029] [INFO ]     ┌─ CONTENT METRICS ────────────────────────────────────────────┐
[13:21:09.029] [INFO ]     │ Title:            ISO - International Organization for Standardizati
[13:21:09.029] [INFO ]     │ Final URL:        https://www.iso.org/home.html
[13:21:09.029] [INFO ]     │ HTML Size:        100,938 bytes
[13:21:09.029] [INFO ]     │ Text Size:        2,480 chars
[13:21:09.029] [INFO ]     │ Word Count:       ~363 words
[13:21:09.029] [INFO ]     │ Extraction:       trafilatura
[13:21:09.029] [INFO ]     │ Has Article:      ✅ Yes
[13:21:09.029] [INFO ]     └──────────────────────────────────────────────────────────────┘
[13:21:09.058] [INFO ] 
[13:21:09.058] [INFO ] ╔══════════════════════════════════════════════════════════════════════════╗
[13:21:09.058] [INFO ] ║  ✅ SCRAPE SUCCESSFUL - SCRAPE_20260126_132101_0BF4
[13:21:09.058] [INFO ] ╠══════════════════════════════════════════════════════════════════════════╣
[13:21:09.058] [INFO ] 
[13:21:09.058] [INFO ]     ┌─ TIMING BREAKDOWN ───────────────────────────────────────────┐
[13:21:09.058] [INFO ]     │ Browser Launch:      0.06s
[13:21:09.058] [INFO ]     │ Page Load:           0.90s
[13:21:09.058] [INFO ]     │ Cloudflare Wait:     0.00s
[13:21:09.058] [INFO ]     │ Human Simulation:    5.01s
[13:21:09.058] [INFO ]     │
[13:21:09.058] [INFO ]     │ Content Extraction:  0.07s
[13:21:09.058] [INFO ]     │ ─────────────────────────────────────────────────────────────
[13:21:09.058] [INFO ]     │ TOTAL TIME:          6.05s
[13:21:09.058] [INFO ]     └──────────────────────────────────────────────────────────────┘
[13:21:09.058] [INFO ] 
[13:21:09.058] [INFO ]     ┌─ CONTENT METRICS ────────────────────────────────────────────┐
[13:21:09.058] [INFO ]     │ Title:            ISO - International Organization for Standardizati
[13:21:09.058] [INFO ]     │ Final URL:        https://www.iso.org/home.html
[13:21:09.058] [INFO ]     │ HTML Size:        100,938 bytes
[13:21:09.058] [INFO ]     │ Text Size:        2,480 chars
[13:21:09.058] [INFO ]     │ Word Count:       ~363 words
[13:21:09.058] [INFO ]     │ Extraction:       trafilatura
[13:21:09.058] [INFO ]     │ Has Article:      ✅ Yes
[13:21:09.058] [INFO ]     └──────────────────────────────────────────────────────────────┘
[13:21:09.058] [INFO ] ╠══════════════════════════════════════════════════════════════════════════╣
[13:21:09.058] [INFO ] ║  📊 SESSION STATS
[13:21:09.058] [INFO ] ║  ├─ Strategies Tried:   domcontentloaded
[13:21:09.058] [INFO ] ║  ├─ Popups Dismissed:   0
[13:21:09.058] [INFO ] ║  ├─ Cloudflare:         Not detected
[13:21:09.058] [INFO ] ║  └─ Proxy Used:         Direct
[13:21:09.058] [INFO ] ╚══════════════════════════════════════════════════════════════════════════╝
[13:21:09.058] [INFO ] 

================================================================================
STATUS: SUCCESS
TOTAL TIME: 7.71s
ENDED: 2026-01-26T13:21:09.058522+02:00 (Egypt Time)
END OF SCRAPE LOG
================================================================================