================================================================================
SCRAPE LOG: https://www.glaco.com/blog/nbf-fintech-startups-incorporation-and-licensing-a-more-specific-take-by-the-fra/
Started: 2026-01-25 15:56:16
Session ID: SCRAPE_20260125_155616_B95B
================================================================================
[15:56:16.635] [INFO ] 📝 Scrape log: /app/data/logs/scrapes/2026-01-25_155616_glaco.com.log
[15:56:16.635] [DEBUG] ⏱️ Timeout set to 45s for this scrape
[15:56:16.976] [INFO ] 
[15:56:16.976] [INFO ]     🚀 BROWSER LAUNCHED
[15:56:16.976] [INFO ]     ├─ Mode:       Headless
[15:56:16.976] [INFO ]     ├─ Slow Mo:    54ms
[15:56:16.976] [INFO ]     ├─ Launch Time: 0.06s
[15:56:16.976] [INFO ]     └─ Args:       Anti-automation flags enabled
[15:56:16.997] [DEBUG] Browser profile: viewport={'width': 1366, 'height': 768}, locale=en-US, tz=UTC
[15:56:16.997] [INFO ] 
[15:56:16.997] [INFO ] ╔══════════════════════════════════════════════════════════════════════════╗
[15:56:16.997] [INFO ] ║  📋 SESSION: SCRAPE_20260125_155616_B95B
[15:56:16.997] [INFO ] ║  🌐 URL: https://www.glaco.com/blog/nbf-fintech-startups-incorporation-and-licensing-a-more-specific-take-by-the-fra/
[15:56:16.997] [INFO ] ║  🔄 ATTEMPT: 1/2
[15:56:16.997] [INFO ] ║  ⏰ STARTED: 2026-01-25T15:56:16.997767+02:00 (Egypt Time)
[15:56:16.997] [INFO ] ╠══════════════════════════════════════════════════════════════════════════╣
[15:56:16.997] [INFO ] 
[15:56:16.997] [INFO ]     ┌─ BROWSER FINGERPRINT ────────────────────────────────────────┐
[15:56:16.997] [INFO ]     │ Browser:     OPERA v106
[15:56:16.997] [INFO ]     │ User-Agent:  Mozilla/5.0 (Windows NT 10.0; Win64; x64) AppleWebKit/537.36 (KHTML, l...
[15:56:16.997] [INFO ]     │ Viewport:    1366x768
[15:56:16.997] [INFO ]     │ Sec-CH-UA:   (not applicable)...
[15:56:16.997] [INFO ]     ├─ LOCATION PROFILE ───────────────────────────────────────────┤
[15:56:16.997] [INFO ]     │ Location:    Chicago, USA
[15:56:16.997] [INFO ]     │ Timezone:    N/A
[15:56:16.997] [INFO ]     │ Locale:      en-US
[15:56:16.997] [INFO ]     │ Geo:         0, 0
[15:56:16.997] [INFO ]     ├─ NETWORK ────────────────────────────────────────────────────┤
[15:56:16.997] [INFO ]     │ Proxy:       Direct (no proxy)
[15:56:16.997] [INFO ]     │ Referrer:    https://www.google.com/search?q=www+glaco+com
[15:56:16.997] [INFO ]     └──────────────────────────────────────────────────────────────┘
[15:56:16.997] [INFO ] ╚══════════════════════════════════════════════════════════════════════════╝
[15:56:16.997] [INFO ] 🛡️ Injected anti-detection scripts at context level
[15:56:16.997] [DEBUG]    └─ Canvas noise, WebGL spoof, Browser patches
[15:56:16.997] [INFO ] 
[15:56:16.997] [INFO ]     🛡️ ANTI-DETECTION SCRIPTS INJECTED (CONTEXT level)
[15:56:16.997] [INFO ]     ├─ Canvas fingerprint noise
[15:56:16.997] [INFO ]     ├─ WebGL renderer/vendor spoof
[15:56:16.997] [INFO ]     ├─ Hardware concurrency randomization
[15:56:16.997] [INFO ]     ├─ Device memory randomization
[15:56:16.997] [INFO ]     ├─ Plugin masking
[15:56:16.997] [INFO ]     ├─ WebRTC IP leak protection
[15:56:16.997] [INFO ]     ├─ Network connection spoof
[15:56:16.997] [INFO ]     └─ Battery API spoof
[15:56:17.038] [INFO ] 
[15:56:17.038] [INFO ]     🥷 STEALTH MODE APPLIED
[15:56:17.038] [INFO ]     ├─ Navigator patches (webdriver, plugins, languages)
[15:56:17.038] [INFO ]     ├─ Chrome runtime patches
[15:56:17.038] [INFO ]     ├─ Console patches
[15:56:17.038] [INFO ]     └─ Permission patches
[15:56:17.038] [INFO ] 🛡️ Injected anti-detection scripts at page level
[15:56:17.038] [DEBUG]    └─ Canvas noise, WebGL spoof, Browser patches
[15:56:17.038] [INFO ] 
[15:56:17.038] [INFO ]     🛡️ ANTI-DETECTION SCRIPTS INJECTED (PAGE level)
[15:56:17.038] [INFO ]     ├─ Canvas fingerprint noise
[15:56:17.038] [INFO ]     ├─ WebGL renderer/vendor spoof
[15:56:17.038] [INFO ]     ├─ Hardware concurrency randomization
[15:56:17.038] [INFO ]     ├─ Device memory randomization
[15:56:17.038] [INFO ]     ├─ Plugin masking
[15:56:17.038] [INFO ]     ├─ WebRTC IP leak protection
[15:56:17.038] [INFO ]     ├─ Network connection spoof
[15:56:17.038] [INFO ]     └─ Battery API spoof
[15:56:17.038] [DEBUG] Enabled resource blocking (images, media, fonts)
[15:56:17.038] [INFO ] 
[15:56:17.038] [INFO ]     🔗 NAVIGATING TO URL
[15:56:17.038] [INFO ]     ├─ Strategy:   domcontentloaded
[15:56:17.038] [INFO ]     ├─ Timeout:    15.0s
[15:56:17.038] [INFO ]     └─ Sleep:      1s after load
[15:56:19.425] [INFO ] 
[15:56:19.425] [INFO ]     ✅ PAGE LOADED
[15:56:19.425] [INFO ]     ├─ Final URL:  https://www.glaco.com/blog/nbf-fintech-startups-incorporation-and-licensing-a-more-specific-take-by-the-fra/
[15:56:19.425] [INFO ]     ├─ Title:      NBF FinTech Startups Incorporation and Licensing – A More Specific Take By The FRA - GLA & Company
[15:56:19.425] [INFO ]     └─ Load Time:  2.39s
[15:56:20.634] [INFO ] 🧑 Human behavior simulation...
[15:56:27.786] [INFO ] 🖱️ Mouse: 4 moves in 1366x768
[15:56:27.786] [INFO ] 🖱️ Mouse completed: 4 moves
[15:56:27.786] [INFO ] 📜 Scroll: page height, viewport=768px
[15:56:27.786] [INFO ] 📜 Scroll completed: 2 scrolls
[15:56:27.786] [INFO ] 🧑 Human behavior completed in 7.2s ✓
[15:56:27.786] [INFO ] 
[15:56:27.786] [INFO ]     🧑 HUMAN BEHAVIOR SIMULATED
[15:56:27.786] [INFO ]     ├─ Mouse Movements: 4
[15:56:27.786] [INFO ]     ├─ Scroll Actions:  2
[15:56:27.786] [INFO ]     └─ Time Spent:      7.15s
[15:56:27.834] [INFO ] 
[15:56:27.834] [INFO ]     ┌─ CONTENT METRICS ────────────────────────────────────────────┐
[15:56:27.834] [INFO ]     │ Title:            NBF FinTech Startups Incorporation and Licensing –
[15:56:27.834] [INFO ]     │ Final URL:        https://www.glaco.com/blog/nbf-fintech-startups-incorporation-and-licensing-a-more-specific-take-by-the-fra/
[15:56:27.834] [INFO ]     │ HTML Size:        58,893 bytes
[15:56:27.834] [INFO ]     │ Text Size:        4,847 chars
[15:56:27.834] [INFO ]     │ Word Count:       ~713 words
[15:56:27.834] [INFO ]     │ Extraction:       trafilatura
[15:56:27.834] [INFO ]     │ Has Article:      ✅ Yes
[15:56:27.834] [INFO ]     └──────────────────────────────────────────────────────────────┘
[15:56:27.860] [INFO ] 
[15:56:27.860] [INFO ] ╔══════════════════════════════════════════════════════════════════════════╗
[15:56:27.860] [INFO ] ║  ✅ SCRAPE SUCCESSFUL - SCRAPE_20260125_155616_B95B
[15:56:27.860] [INFO ] ╠══════════════════════════════════════════════════════════════════════════╣
[15:56:27.860] [INFO ] 
[15:56:27.860] [INFO ]     ┌─ TIMING BREAKDOWN ───────────────────────────────────────────┐
[15:56:27.860] [INFO ]     │ Browser Launch:      0.06s
[15:56:27.860] [INFO ]     │ Page Load:           2.39s
[15:56:27.860] [INFO ]     │ Cloudflare Wait:     0.00s
[15:56:27.860] [INFO ]     │ Human Simulation:    7.15s
[15:56:27.860] [INFO ]     │
[15:56:27.860] [INFO ]     │ Content Extraction:  0.03s
[15:56:27.860] [INFO ]     │ ─────────────────────────────────────────────────────────────
[15:56:27.860] [INFO ]     │ TOTAL TIME:          9.62s
[15:56:27.860] [INFO ]     └──────────────────────────────────────────────────────────────┘
[15:56:27.860] [INFO ] 
[15:56:27.860] [INFO ]     ┌─ CONTENT METRICS ────────────────────────────────────────────┐
[15:56:27.860] [INFO ]     │ Title:            NBF FinTech Startups Incorporation and Licensing –
[15:56:27.860] [INFO ]     │ Final URL:        https://www.glaco.com/blog/nbf-fintech-startups-incorporation-and-licensing-a-more-specific-take-by-the-fra/
[15:56:27.860] [INFO ]     │ HTML Size:        58,893 bytes
[15:56:27.860] [INFO ]     │ Text Size:        4,847 chars
[15:56:27.860] [INFO ]     │ Word Count:       ~713 words
[15:56:27.860] [INFO ]     │ Extraction:       trafilatura
[15:56:27.860] [INFO ]     │ Has Article:      ✅ Yes
[15:56:27.860] [INFO ]     └──────────────────────────────────────────────────────────────┘
[15:56:27.860] [INFO ] ╠══════════════════════════════════════════════════════════════════════════╣
[15:56:27.860] [INFO ] ║  📊 SESSION STATS
[15:56:27.860] [INFO ] ║  ├─ Strategies Tried:   domcontentloaded
[15:56:27.860] [INFO ] ║  ├─ Popups Dismissed:   0
[15:56:27.860] [INFO ] ║  ├─ Cloudflare:         Not detected
[15:56:27.860] [INFO ] ║  └─ Proxy Used:         Direct
[15:56:27.860] [INFO ] ╚══════════════════════════════════════════════════════════════════════════╝
[15:56:27.860] [INFO ] 

================================================================================
STATUS: SUCCESS
TOTAL TIME: 11.23s
ENDED: 2026-01-25T15:56:27.860943+02:00 (Egypt Time)
END OF SCRAPE LOG
================================================================================