================================================================================
SCRAPE LOG: https://www.pwc.com/m1/en/services/consulting/technology/cyber-security/navigating-data-privacy-regulations/egypt-data-protection-law.html
Started: 2026-01-29 16:22:15
Session ID: SCRAPE_20260129_162215_BA74
================================================================================
[16:22:15.779] [INFO ] 📝 Scrape log: /app/data/logs/scrapes/2026-01-29_162215_pwc.com.log
[16:22:15.779] [DEBUG] ⏱️ Timeout set to 45s for this scrape
[16:22:16.119] [INFO ] 
[16:22:16.119] [INFO ]     🚀 BROWSER LAUNCHED
[16:22:16.119] [INFO ]     ├─ Mode:       Headless
[16:22:16.119] [INFO ]     ├─ Slow Mo:    46ms
[16:22:16.119] [INFO ]     ├─ Launch Time: 0.06s
[16:22:16.119] [INFO ]     └─ Args:       Anti-automation flags enabled
[16:22:16.136] [DEBUG] Browser profile: viewport={'width': 1536, 'height': 864}, locale=en-GB, tz=UTC
[16:22:16.136] [INFO ] 
[16:22:16.136] [INFO ] ╔══════════════════════════════════════════════════════════════════════════╗
[16:22:16.136] [INFO ] ║  📋 SESSION: SCRAPE_20260129_162215_BA74
[16:22:16.136] [INFO ] ║  🌐 URL: https://www.pwc.com/m1/en/services/consulting/technology/cyber-security/navigating-data-privacy-regulations/egypt-data-protection-law.html
[16:22:16.136] [INFO ] ║  🔄 ATTEMPT: 1/2
[16:22:16.136] [INFO ] ║  ⏰ STARTED: 2026-01-29T16:22:16.136558+02:00 (Egypt Time)
[16:22:16.136] [INFO ] ╠══════════════════════════════════════════════════════════════════════════╣
[16:22:16.136] [INFO ] 
[16:22:16.136] [INFO ]     ┌─ BROWSER FINGERPRINT ────────────────────────────────────────┐
[16:22:16.136] [INFO ]     │ Browser:     CHROME v121
[16:22:16.136] [INFO ]     │ User-Agent:  Mozilla/5.0 (Windows NT 10.0; Win64; x64) AppleWebKit/537.36 (KHTML, l...
[16:22:16.136] [INFO ]     │ Viewport:    1536x864
[16:22:16.136] [INFO ]     │ Sec-CH-UA:   (not applicable)...
[16:22:16.136] [INFO ]     ├─ LOCATION PROFILE ───────────────────────────────────────────┤
[16:22:16.136] [INFO ]     │ Location:    Manchester, UK
[16:22:16.136] [INFO ]     │ Timezone:    N/A
[16:22:16.136] [INFO ]     │ Locale:      en-GB
[16:22:16.136] [INFO ]     │ Geo:         0, 0
[16:22:16.136] [INFO ]     ├─ NETWORK ────────────────────────────────────────────────────┤
[16:22:16.136] [INFO ]     │ Proxy:       Direct (no proxy)
[16:22:16.136] [INFO ]     │ Referrer:    https://news.google.com/
[16:22:16.136] [INFO ]     └──────────────────────────────────────────────────────────────┘
[16:22:16.136] [INFO ] ╚══════════════════════════════════════════════════════════════════════════╝
[16:22:16.136] [INFO ] 🛡️ Injected anti-detection scripts at context level
[16:22:16.136] [DEBUG]    └─ Canvas noise, WebGL spoof, Browser patches
[16:22:16.136] [INFO ] 
[16:22:16.136] [INFO ]     🛡️ ANTI-DETECTION SCRIPTS INJECTED (CONTEXT level)
[16:22:16.136] [INFO ]     ├─ Canvas fingerprint noise
[16:22:16.136] [INFO ]     ├─ WebGL renderer/vendor spoof
[16:22:16.136] [INFO ]     ├─ Hardware concurrency randomization
[16:22:16.136] [INFO ]     ├─ Device memory randomization
[16:22:16.136] [INFO ]     ├─ Plugin masking
[16:22:16.136] [INFO ]     ├─ WebRTC IP leak protection
[16:22:16.136] [INFO ]     ├─ Network connection spoof
[16:22:16.136] [INFO ]     └─ Battery API spoof
[16:22:16.177] [INFO ] 
[16:22:16.177] [INFO ]     🥷 STEALTH MODE APPLIED
[16:22:16.177] [INFO ]     ├─ Navigator patches (webdriver, plugins, languages)
[16:22:16.177] [INFO ]     ├─ Chrome runtime patches
[16:22:16.177] [INFO ]     ├─ Console patches
[16:22:16.177] [INFO ]     └─ Permission patches
[16:22:16.177] [INFO ] 🛡️ Injected anti-detection scripts at page level
[16:22:16.177] [DEBUG]    └─ Canvas noise, WebGL spoof, Browser patches
[16:22:16.177] [INFO ] 
[16:22:16.177] [INFO ]     🛡️ ANTI-DETECTION SCRIPTS INJECTED (PAGE level)
[16:22:16.177] [INFO ]     ├─ Canvas fingerprint noise
[16:22:16.177] [INFO ]     ├─ WebGL renderer/vendor spoof
[16:22:16.177] [INFO ]     ├─ Hardware concurrency randomization
[16:22:16.177] [INFO ]     ├─ Device memory randomization
[16:22:16.177] [INFO ]     ├─ Plugin masking
[16:22:16.177] [INFO ]     ├─ WebRTC IP leak protection
[16:22:16.177] [INFO ]     ├─ Network connection spoof
[16:22:16.177] [INFO ]     └─ Battery API spoof
[16:22:16.177] [DEBUG] Enabled resource blocking (images, media, fonts)
[16:22:16.177] [INFO ] 
[16:22:16.177] [INFO ]     🔗 NAVIGATING TO URL
[16:22:16.177] [INFO ]     ├─ Strategy:   domcontentloaded
[16:22:16.177] [INFO ]     ├─ Timeout:    15.0s
[16:22:16.177] [INFO ]     └─ Sleep:      1s after load
[16:22:18.351] [INFO ] 
[16:22:18.351] [INFO ]     ✅ PAGE LOADED
[16:22:18.351] [INFO ]     ├─ Final URL:  https://www.pwc.com/m1/en/services/consulting/technology/cyber-security/navigating-data-privacy-regulations/egypt-data-protection-law.html
[16:22:18.351] [INFO ]     ├─ Title:      Egypt Data Protection Law - PwC Middle East
[16:22:18.351] [INFO ]     └─ Load Time:  2.17s
[16:22:19.855] [INFO ] 🧑 Human behavior simulation...
[16:22:24.196] [INFO ] 🖱️ Mouse: 3 moves in 1536x864
[16:22:24.196] [INFO ] 🖱️ Mouse completed: 3 moves
[16:22:24.196] [INFO ] 📜 Scroll: page height, viewport=864px
[16:22:24.196] [INFO ] 📜 Scroll completed: 2 scrolls
[16:22:24.196] [INFO ] 🧑 Human behavior completed in 4.3s ✓
[16:22:24.196] [INFO ] 
[16:22:24.196] [INFO ]     🧑 HUMAN BEHAVIOR SIMULATED
[16:22:24.196] [INFO ]     ├─ Mouse Movements: 3
[16:22:24.196] [INFO ]     ├─ Scroll Actions:  2
[16:22:24.196] [INFO ]     └─ Time Spent:      4.34s
[16:22:25.457] [INFO ] 
[16:22:25.457] [INFO ]     ┌─ CONTENT METRICS ────────────────────────────────────────────┐
[16:22:25.457] [INFO ]     │ Title:            Egypt Data Protection Law
[16:22:25.457] [INFO ]     │ Final URL:        https://www.pwc.com/m1/en/services/consulting/technology/cyber-security/navigating-data-privacy-regulations/egypt-data-protection-law.html
[16:22:25.457] [INFO ]     │ HTML Size:        337,609 bytes
[16:22:25.457] [INFO ]     │ Text Size:        1,652 chars
[16:22:25.457] [INFO ]     │ Word Count:       ~251 words
[16:22:25.457] [INFO ]     │ Extraction:       trafilatura
[16:22:25.457] [INFO ]     │ Has Article:      ✅ Yes
[16:22:25.457] [INFO ]     └──────────────────────────────────────────────────────────────┘
[16:22:25.490] [INFO ] 
[16:22:25.490] [INFO ] ╔══════════════════════════════════════════════════════════════════════════╗
[16:22:25.490] [INFO ] ║  ✅ SCRAPE SUCCESSFUL - SCRAPE_20260129_162215_BA74
[16:22:25.490] [INFO ] ╠══════════════════════════════════════════════════════════════════════════╣
[16:22:25.490] [INFO ] 
[16:22:25.490] [INFO ]     ┌─ TIMING BREAKDOWN ───────────────────────────────────────────┐
[16:22:25.490] [INFO ]     │ Browser Launch:      0.06s
[16:22:25.490] [INFO ]     │ Page Load:           2.17s
[16:22:25.490] [INFO ]     │ Cloudflare Wait:     0.00s
[16:22:25.490] [INFO ]     │ Human Simulation:    4.34s
[16:22:25.490] [INFO ]     │
[16:22:25.490] [INFO ]     │ Content Extraction:  1.14s
[16:22:25.490] [INFO ]     │ ─────────────────────────────────────────────────────────────
[16:22:25.490] [INFO ]     │ TOTAL TIME:          7.71s
[16:22:25.490] [INFO ]     └──────────────────────────────────────────────────────────────┘
[16:22:25.490] [INFO ] 
[16:22:25.490] [INFO ]     ┌─ CONTENT METRICS ────────────────────────────────────────────┐
[16:22:25.490] [INFO ]     │ Title:            Egypt Data Protection Law
[16:22:25.490] [INFO ]     │ Final URL:        https://www.pwc.com/m1/en/services/consulting/technology/cyber-security/navigating-data-privacy-regulations/egypt-data-protection-law.html
[16:22:25.490] [INFO ]     │ HTML Size:        337,609 bytes
[16:22:25.490] [INFO ]     │ Text Size:        1,652 chars
[16:22:25.490] [INFO ]     │ Word Count:       ~251 words
[16:22:25.490] [INFO ]     │ Extraction:       trafilatura
[16:22:25.490] [INFO ]     │ Has Article:      ✅ Yes
[16:22:25.490] [INFO ]     └──────────────────────────────────────────────────────────────┘
[16:22:25.490] [INFO ] ╠══════════════════════════════════════════════════════════════════════════╣
[16:22:25.490] [INFO ] ║  📊 SESSION STATS
[16:22:25.490] [INFO ] ║  ├─ Strategies Tried:   domcontentloaded
[16:22:25.490] [INFO ] ║  ├─ Popups Dismissed:   0
[16:22:25.490] [INFO ] ║  ├─ Cloudflare:         Not detected
[16:22:25.490] [INFO ] ║  └─ Proxy Used:         Direct
[16:22:25.490] [INFO ] ╚══════════════════════════════════════════════════════════════════════════╝
[16:22:25.490] [INFO ] 

================================================================================
STATUS: SUCCESS
TOTAL TIME: 9.71s
ENDED: 2026-01-29T16:22:25.490816+02:00 (Egypt Time)
END OF SCRAPE LOG
================================================================================