================================================================================
SCRAPE LOG: https://www.sisainfosec.com/case-study/sisa-helps-middle-eastern-bank-achieve-pci-dss-compliance-in-egypt-and-qatar/
Started: 2026-02-01 12:17:20
Session ID: SCRAPE_20260201_121720_231B
================================================================================
[12:17:20.640] [INFO ] 📝 Scrape log: /app/data/logs/scrapes/2026-02-01_121720_sisainfosec.com.log
[12:17:20.640] [DEBUG] ⏱️ Timeout set to 45s for this scrape
[12:17:21.027] [INFO ] 
[12:17:21.027] [INFO ]     🚀 BROWSER LAUNCHED
[12:17:21.027] [INFO ]     ├─ Mode:       Headless
[12:17:21.027] [INFO ]     ├─ Slow Mo:    55ms
[12:17:21.027] [INFO ]     ├─ Launch Time: 0.07s
[12:17:21.027] [INFO ]     └─ Args:       Anti-automation flags enabled
[12:17:21.046] [DEBUG] Browser profile: viewport={'width': 1366, 'height': 768}, locale=en-US, tz=UTC
[12:17:21.046] [INFO ] 
[12:17:21.046] [INFO ] ╔══════════════════════════════════════════════════════════════════════════╗
[12:17:21.046] [INFO ] ║  📋 SESSION: SCRAPE_20260201_121720_231B
[12:17:21.046] [INFO ] ║  🌐 URL: https://www.sisainfosec.com/case-study/sisa-helps-middle-eastern-bank-achieve-pci-dss-compliance-in-egypt-and-qatar/
[12:17:21.046] [INFO ] ║  🔄 ATTEMPT: 1/2
[12:17:21.046] [INFO ] ║  ⏰ STARTED: 2026-02-01T12:17:21.046162+02:00 (Egypt Time)
[12:17:21.046] [INFO ] ╠══════════════════════════════════════════════════════════════════════════╣
[12:17:21.046] [INFO ] 
[12:17:21.046] [INFO ]     ┌─ BROWSER FINGERPRINT ────────────────────────────────────────┐
[12:17:21.046] [INFO ]     │ Browser:     FIREFOX v121
[12:17:21.046] [INFO ]     │ User-Agent:  Mozilla/5.0 (Windows NT 11.0; Win64; x64; rv:121.0) Gecko/20100101 Fir...
[12:17:21.046] [INFO ]     │ Viewport:    1366x768
[12:17:21.046] [INFO ]     │ Sec-CH-UA:   (not applicable)...
[12:17:21.046] [INFO ]     ├─ LOCATION PROFILE ───────────────────────────────────────────┤
[12:17:21.046] [INFO ]     │ Location:    Chicago, USA
[12:17:21.046] [INFO ]     │ Timezone:    N/A
[12:17:21.046] [INFO ]     │ Locale:      en-US
[12:17:21.046] [INFO ]     │ Geo:         0, 0
[12:17:21.046] [INFO ]     ├─ NETWORK ────────────────────────────────────────────────────┤
[12:17:21.046] [INFO ]     │ Proxy:       Direct (no proxy)
[12:17:21.046] [INFO ]     │ Referrer:    https://www.google.com/search?q=www+sisainfosec+com
[12:17:21.046] [INFO ]     └──────────────────────────────────────────────────────────────┘
[12:17:21.046] [INFO ] ╚══════════════════════════════════════════════════════════════════════════╝
[12:17:21.046] [INFO ] 🛡️ Injected anti-detection scripts at context level
[12:17:21.046] [DEBUG]    └─ Canvas noise, WebGL spoof, Browser patches
[12:17:21.046] [INFO ] 
[12:17:21.046] [INFO ]     🛡️ ANTI-DETECTION SCRIPTS INJECTED (CONTEXT level)
[12:17:21.046] [INFO ]     ├─ Canvas fingerprint noise
[12:17:21.046] [INFO ]     ├─ WebGL renderer/vendor spoof
[12:17:21.046] [INFO ]     ├─ Hardware concurrency randomization
[12:17:21.046] [INFO ]     ├─ Device memory randomization
[12:17:21.046] [INFO ]     ├─ Plugin masking
[12:17:21.046] [INFO ]     ├─ WebRTC IP leak protection
[12:17:21.046] [INFO ]     ├─ Network connection spoof
[12:17:21.046] [INFO ]     └─ Battery API spoof
[12:17:21.089] [INFO ] 
[12:17:21.089] [INFO ]     🥷 STEALTH MODE APPLIED
[12:17:21.089] [INFO ]     ├─ Navigator patches (webdriver, plugins, languages)
[12:17:21.089] [INFO ]     ├─ Chrome runtime patches
[12:17:21.089] [INFO ]     ├─ Console patches
[12:17:21.089] [INFO ]     └─ Permission patches
[12:17:21.089] [INFO ] 🛡️ Injected anti-detection scripts at page level
[12:17:21.089] [DEBUG]    └─ Canvas noise, WebGL spoof, Browser patches
[12:17:21.089] [INFO ] 
[12:17:21.089] [INFO ]     🛡️ ANTI-DETECTION SCRIPTS INJECTED (PAGE level)
[12:17:21.089] [INFO ]     ├─ Canvas fingerprint noise
[12:17:21.089] [INFO ]     ├─ WebGL renderer/vendor spoof
[12:17:21.089] [INFO ]     ├─ Hardware concurrency randomization
[12:17:21.089] [INFO ]     ├─ Device memory randomization
[12:17:21.089] [INFO ]     ├─ Plugin masking
[12:17:21.089] [INFO ]     ├─ WebRTC IP leak protection
[12:17:21.089] [INFO ]     ├─ Network connection spoof
[12:17:21.089] [INFO ]     └─ Battery API spoof
[12:17:21.089] [DEBUG] Enabled resource blocking (images, media, fonts)
[12:17:21.089] [INFO ] 
[12:17:21.089] [INFO ]     🔗 NAVIGATING TO URL
[12:17:21.089] [INFO ]     ├─ Strategy:   domcontentloaded
[12:17:21.089] [INFO ]     ├─ Timeout:    15.0s
[12:17:21.089] [INFO ]     └─ Sleep:      1s after load
[12:17:23.309] [INFO ] 
[12:17:23.309] [INFO ]     ✅ PAGE LOADED
[12:17:23.309] [INFO ]     ├─ Final URL:  https://www.sisainfosec.com/case-study/sisa-helps-middle-eastern-bank-achieve-pci-dss-compliance-in-egypt-and-qatar/
[12:17:23.309] [INFO ]     ├─ Title:      SISA helps Middle East bank achieve PCI DSS compliance in Egypt and Qatar
[12:17:23.309] [INFO ]     └─ Load Time:  2.22s
[12:17:27.662] [INFO ] 🧑 Human behavior simulation...
[12:17:34.358] [INFO ] 🖱️ Mouse: 4 moves in 1366x768
[12:17:34.359] [INFO ] 🖱️ Mouse completed: 4 moves
[12:17:34.359] [INFO ] 📜 Scroll: page height, viewport=768px
[12:17:34.359] [INFO ] 📜 Scroll completed: 1 scrolls
[12:17:34.359] [INFO ] 🧑 Human behavior completed in 6.7s ✓
[12:17:34.359] [INFO ] 
[12:17:34.359] [INFO ]     🧑 HUMAN BEHAVIOR SIMULATED
[12:17:34.359] [INFO ]     ├─ Mouse Movements: 4
[12:17:34.359] [INFO ]     ├─ Scroll Actions:  1
[12:17:34.359] [INFO ]     └─ Time Spent:      6.70s
[12:17:34.740] [INFO ] 
[12:17:34.740] [INFO ]     ┌─ CONTENT METRICS ────────────────────────────────────────────┐
[12:17:34.740] [INFO ]     │ Title:            SISA helps Middle East bank achieve PCI DSS compli
[12:17:34.740] [INFO ]     │ Final URL:        https://www.sisainfosec.com/case-study/sisa-helps-middle-eastern-bank-achieve-pci-dss-compliance-in-egypt-and-qatar/
[12:17:34.740] [INFO ]     │ HTML Size:        664,887 bytes
[12:17:34.740] [INFO ]     │ Text Size:        944 chars
[12:17:34.740] [INFO ]     │ Word Count:       ~149 words
[12:17:34.740] [INFO ]     │ Extraction:       trafilatura
[12:17:34.740] [INFO ]     │ Has Article:      ✅ Yes
[12:17:34.740] [INFO ]     └──────────────────────────────────────────────────────────────┘
[12:17:34.769] [INFO ] 
[12:17:34.769] [INFO ] ╔══════════════════════════════════════════════════════════════════════════╗
[12:17:34.769] [INFO ] ║  ✅ SCRAPE SUCCESSFUL - SCRAPE_20260201_121720_231B
[12:17:34.769] [INFO ] ╠══════════════════════════════════════════════════════════════════════════╣
[12:17:34.769] [INFO ] 
[12:17:34.769] [INFO ]     ┌─ TIMING BREAKDOWN ───────────────────────────────────────────┐
[12:17:34.769] [INFO ]     │ Browser Launch:      0.07s
[12:17:34.769] [INFO ]     │ Page Load:           2.22s
[12:17:34.769] [INFO ]     │ Cloudflare Wait:     0.00s
[12:17:34.769] [INFO ]     │ Human Simulation:    6.70s
[12:17:34.769] [INFO ]     │
[12:17:34.769] [INFO ]     │ Content Extraction:  0.17s
[12:17:34.769] [INFO ]     │ ─────────────────────────────────────────────────────────────
[12:17:34.769] [INFO ]     │ TOTAL TIME:          9.15s
[12:17:34.769] [INFO ]     └──────────────────────────────────────────────────────────────┘
[12:17:34.769] [INFO ] 
[12:17:34.769] [INFO ]     ┌─ CONTENT METRICS ────────────────────────────────────────────┐
[12:17:34.769] [INFO ]     │ Title:            SISA helps Middle East bank achieve PCI DSS compli
[12:17:34.769] [INFO ]     │ Final URL:        https://www.sisainfosec.com/case-study/sisa-helps-middle-eastern-bank-achieve-pci-dss-compliance-in-egypt-and-qatar/
[12:17:34.769] [INFO ]     │ HTML Size:        664,887 bytes
[12:17:34.769] [INFO ]     │ Text Size:        944 chars
[12:17:34.769] [INFO ]     │ Word Count:       ~149 words
[12:17:34.769] [INFO ]     │ Extraction:       trafilatura
[12:17:34.769] [INFO ]     │ Has Article:      ✅ Yes
[12:17:34.769] [INFO ]     └──────────────────────────────────────────────────────────────┘
[12:17:34.769] [INFO ] ╠══════════════════════════════════════════════════════════════════════════╣
[12:17:34.769] [INFO ] ║  📊 SESSION STATS
[12:17:34.769] [INFO ] ║  ├─ Strategies Tried:   domcontentloaded
[12:17:34.769] [INFO ] ║  ├─ Popups Dismissed:   0
[12:17:34.769] [INFO ] ║  ├─ Cloudflare:         Not detected
[12:17:34.769] [INFO ] ║  └─ Proxy Used:         Direct
[12:17:34.769] [INFO ] ╚══════════════════════════════════════════════════════════════════════════╝
[12:17:34.769] [INFO ] 

================================================================================
STATUS: SUCCESS
TOTAL TIME: 14.13s
ENDED: 2026-02-01T12:17:34.769666+02:00 (Egypt Time)
END OF SCRAPE LOG
================================================================================