================================================================================
SCRAPE LOG: https://resourcehub.bakermckenzie.com/en/resources/cloud-compliance-center/emea/egypt/topics/permissibility-of-cloud
Started: 2026-01-29 21:06:27
Session ID: SCRAPE_20260129_210627_D9F4
================================================================================
[21:06:27.562] [INFO ] 📝 Scrape log: /app/data/logs/scrapes/2026-01-29_210627_resourcehub.bakermckenzie.com.log
[21:06:27.562] [DEBUG] ⏱️ Timeout set to 45s for this scrape
[21:06:27.901] [INFO ] 
[21:06:27.901] [INFO ]     🚀 BROWSER LAUNCHED
[21:06:27.901] [INFO ]     ├─ Mode:       Headless
[21:06:27.901] [INFO ]     ├─ Slow Mo:    43ms
[21:06:27.901] [INFO ]     ├─ Launch Time: 0.06s
[21:06:27.901] [INFO ]     └─ Args:       Anti-automation flags enabled
[21:06:27.923] [DEBUG] Browser profile: viewport={'width': 1680, 'height': 1050}, locale=en-AU, tz=UTC
[21:06:27.923] [INFO ] 
[21:06:27.923] [INFO ] ╔══════════════════════════════════════════════════════════════════════════╗
[21:06:27.923] [INFO ] ║  📋 SESSION: SCRAPE_20260129_210627_D9F4
[21:06:27.923] [INFO ] ║  🌐 URL: https://resourcehub.bakermckenzie.com/en/resources/cloud-compliance-center/emea/egypt/topics/permissibility-of-cloud
[21:06:27.923] [INFO ] ║  🔄 ATTEMPT: 1/2
[21:06:27.923] [INFO ] ║  ⏰ STARTED: 2026-01-29T21:06:27.923190+02:00 (Egypt Time)
[21:06:27.923] [INFO ] ╠══════════════════════════════════════════════════════════════════════════╣
[21:06:27.923] [INFO ] 
[21:06:27.923] [INFO ]     ┌─ BROWSER FINGERPRINT ────────────────────────────────────────┐
[21:06:27.923] [INFO ]     │ Browser:     SAFARI v17
[21:06:27.923] [INFO ]     │ User-Agent:  Mozilla/5.0 (Macintosh; Intel Mac OS X 14_1) AppleWebKit/605.1.15 (KHT...
[21:06:27.923] [INFO ]     │ Viewport:    1680x1050
[21:06:27.923] [INFO ]     │ Sec-CH-UA:   (not applicable)...
[21:06:27.923] [INFO ]     ├─ LOCATION PROFILE ───────────────────────────────────────────┤
[21:06:27.923] [INFO ]     │ Location:    Brisbane, Australia
[21:06:27.923] [INFO ]     │ Timezone:    N/A
[21:06:27.923] [INFO ]     │ Locale:      en-AU
[21:06:27.923] [INFO ]     │ Geo:         0, 0
[21:06:27.923] [INFO ]     ├─ NETWORK ────────────────────────────────────────────────────┤
[21:06:27.923] [INFO ]     │ Proxy:       Direct (no proxy)
[21:06:27.923] [INFO ]     │ Referrer:    https://news.google.com/
[21:06:27.923] [INFO ]     └──────────────────────────────────────────────────────────────┘
[21:06:27.923] [INFO ] ╚══════════════════════════════════════════════════════════════════════════╝
[21:06:27.923] [INFO ] 🛡️ Injected anti-detection scripts at context level
[21:06:27.923] [DEBUG]    └─ Canvas noise, WebGL spoof, Browser patches
[21:06:27.923] [INFO ] 
[21:06:27.923] [INFO ]     🛡️ ANTI-DETECTION SCRIPTS INJECTED (CONTEXT level)
[21:06:27.923] [INFO ]     ├─ Canvas fingerprint noise
[21:06:27.923] [INFO ]     ├─ WebGL renderer/vendor spoof
[21:06:27.923] [INFO ]     ├─ Hardware concurrency randomization
[21:06:27.923] [INFO ]     ├─ Device memory randomization
[21:06:27.923] [INFO ]     ├─ Plugin masking
[21:06:27.923] [INFO ]     ├─ WebRTC IP leak protection
[21:06:27.923] [INFO ]     ├─ Network connection spoof
[21:06:27.923] [INFO ]     └─ Battery API spoof
[21:06:27.963] [INFO ] 
[21:06:27.963] [INFO ]     🥷 STEALTH MODE APPLIED
[21:06:27.963] [INFO ]     ├─ Navigator patches (webdriver, plugins, languages)
[21:06:27.963] [INFO ]     ├─ Chrome runtime patches
[21:06:27.963] [INFO ]     ├─ Console patches
[21:06:27.963] [INFO ]     └─ Permission patches
[21:06:27.964] [INFO ] 🛡️ Injected anti-detection scripts at page level
[21:06:27.964] [DEBUG]    └─ Canvas noise, WebGL spoof, Browser patches
[21:06:27.964] [INFO ] 
[21:06:27.964] [INFO ]     🛡️ ANTI-DETECTION SCRIPTS INJECTED (PAGE level)
[21:06:27.964] [INFO ]     ├─ Canvas fingerprint noise
[21:06:27.964] [INFO ]     ├─ WebGL renderer/vendor spoof
[21:06:27.964] [INFO ]     ├─ Hardware concurrency randomization
[21:06:27.964] [INFO ]     ├─ Device memory randomization
[21:06:27.964] [INFO ]     ├─ Plugin masking
[21:06:27.964] [INFO ]     ├─ WebRTC IP leak protection
[21:06:27.964] [INFO ]     ├─ Network connection spoof
[21:06:27.964] [INFO ]     └─ Battery API spoof
[21:06:27.964] [DEBUG] Enabled resource blocking (images, media, fonts)
[21:06:27.964] [INFO ] 
[21:06:27.964] [INFO ]     🔗 NAVIGATING TO URL
[21:06:27.964] [INFO ]     ├─ Strategy:   domcontentloaded
[21:06:27.964] [INFO ]     ├─ Timeout:    15.0s
[21:06:27.964] [INFO ]     └─ Sleep:      1s after load
[21:06:34.443] [INFO ] 
[21:06:34.443] [INFO ]     ✅ PAGE LOADED
[21:06:34.443] [INFO ]     ├─ Final URL:  https://resourcehub.bakermckenzie.com/en/resources/cloud-compliance-center/emea/egypt/topics/permissibility-of-cloud
[21:06:34.443] [INFO ]     ├─ Title:      Permissibility of cloud | Egypt | Cloud Compliance Center | Baker McKenzie Resource Hub
[21:06:34.443] [INFO ]     └─ Load Time:  6.48s
[21:06:35.629] [INFO ] 🧑 Human behavior simulation...
[21:06:39.032] [INFO ] 🖱️ Mouse: 3 moves in 1680x1050
[21:06:39.032] [INFO ] 🖱️ Mouse completed: 3 moves
[21:06:39.032] [INFO ] 📜 Scroll: page height, viewport=1050px
[21:06:39.032] [INFO ] 📜 Scroll completed: 1 scrolls
[21:06:39.032] [INFO ] 🧑 Human behavior completed in 3.4s ✓
[21:06:39.032] [INFO ] 
[21:06:39.032] [INFO ]     🧑 HUMAN BEHAVIOR SIMULATED
[21:06:39.032] [INFO ]     ├─ Mouse Movements: 3
[21:06:39.032] [INFO ]     ├─ Scroll Actions:  1
[21:06:39.032] [INFO ]     └─ Time Spent:      3.40s
[21:06:39.222] [INFO ] 
[21:06:39.223] [INFO ]     ┌─ CONTENT METRICS ────────────────────────────────────────────┐
[21:06:39.223] [INFO ]     │ Title:            Extracted Content (Fallback)
[21:06:39.223] [INFO ]     │ Final URL:        https://resourcehub.bakermckenzie.com/en/resources/cloud-compliance-center/emea/egypt/topics/permissibility-of-cloud
[21:06:39.223] [INFO ]     │ HTML Size:        101,099 bytes
[21:06:39.223] [INFO ]     │ Text Size:        1,589 chars
[21:06:39.223] [INFO ]     │ Word Count:       ~226 words
[21:06:39.223] [INFO ]     │ Extraction:       fallback
[21:06:39.223] [INFO ]     │ Has Article:      ✅ Yes
[21:06:39.223] [INFO ]     └──────────────────────────────────────────────────────────────┘
[21:06:39.247] [INFO ] 
[21:06:39.247] [INFO ] ╔══════════════════════════════════════════════════════════════════════════╗
[21:06:39.247] [INFO ] ║  ✅ SCRAPE SUCCESSFUL - SCRAPE_20260129_210627_D9F4
[21:06:39.247] [INFO ] ╠══════════════════════════════════════════════════════════════════════════╣
[21:06:39.247] [INFO ] 
[21:06:39.247] [INFO ]     ┌─ TIMING BREAKDOWN ───────────────────────────────────────────┐
[21:06:39.247] [INFO ]     │ Browser Launch:      0.06s
[21:06:39.247] [INFO ]     │ Page Load:           6.48s
[21:06:39.247] [INFO ]     │ Cloudflare Wait:     0.00s
[21:06:39.247] [INFO ]     │ Human Simulation:    3.40s
[21:06:39.247] [INFO ]     │
[21:06:39.247] [INFO ]     │ Content Extraction:  0.17s
[21:06:39.247] [INFO ]     │ ─────────────────────────────────────────────────────────────
[21:06:39.247] [INFO ]     │ TOTAL TIME:          10.10s
[21:06:39.247] [INFO ]     └──────────────────────────────────────────────────────────────┘
[21:06:39.247] [INFO ] 
[21:06:39.247] [INFO ]     ┌─ CONTENT METRICS ────────────────────────────────────────────┐
[21:06:39.247] [INFO ]     │ Title:            Extracted Content (Fallback)
[21:06:39.247] [INFO ]     │ Final URL:        https://resourcehub.bakermckenzie.com/en/resources/cloud-compliance-center/emea/egypt/topics/permissibility-of-cloud
[21:06:39.247] [INFO ]     │ HTML Size:        101,099 bytes
[21:06:39.247] [INFO ]     │ Text Size:        1,589 chars
[21:06:39.247] [INFO ]     │ Word Count:       ~226 words
[21:06:39.247] [INFO ]     │ Extraction:       fallback
[21:06:39.247] [INFO ]     │ Has Article:      ✅ Yes
[21:06:39.247] [INFO ]     └──────────────────────────────────────────────────────────────┘
[21:06:39.247] [INFO ] ╠══════════════════════════════════════════════════════════════════════════╣
[21:06:39.247] [INFO ] ║  📊 SESSION STATS
[21:06:39.247] [INFO ] ║  ├─ Strategies Tried:   domcontentloaded
[21:06:39.247] [INFO ] ║  ├─ Popups Dismissed:   0
[21:06:39.247] [INFO ] ║  ├─ Cloudflare:         Not detected
[21:06:39.247] [INFO ] ║  └─ Proxy Used:         Direct
[21:06:39.247] [INFO ] ╚══════════════════════════════════════════════════════════════════════════╝
[21:06:39.247] [INFO ] 

================================================================================
STATUS: SUCCESS
TOTAL TIME: 11.69s
ENDED: 2026-01-29T21:06:39.247617+02:00 (Egypt Time)
END OF SCRAPE LOG
================================================================================