================================================================================
SCRAPE LOG: https://www.paloaltonetworks.com/cyberpedia/gdpr-compliance
Started: 2026-01-28 12:41:36
Session ID: SCRAPE_20260128_124136_EDCB
================================================================================
[12:41:36.265] [INFO ] 📝 Scrape log: /app/data/logs/scrapes/2026-01-28_124136_paloaltonetworks.com.log
[12:41:36.265] [DEBUG] ⏱️ Timeout set to 45s for this scrape
[12:41:36.603] [INFO ] 
[12:41:36.603] [INFO ]     🚀 BROWSER LAUNCHED
[12:41:36.603] [INFO ]     ├─ Mode:       Headless
[12:41:36.603] [INFO ]     ├─ Slow Mo:    52ms
[12:41:36.603] [INFO ]     ├─ Launch Time: 0.06s
[12:41:36.603] [INFO ]     └─ Args:       Anti-automation flags enabled
[12:41:36.622] [DEBUG] Browser profile: viewport={'width': 1366, 'height': 768}, locale=en-US, tz=UTC
[12:41:36.622] [INFO ] 
[12:41:36.622] [INFO ] ╔══════════════════════════════════════════════════════════════════════════╗
[12:41:36.622] [INFO ] ║  📋 SESSION: SCRAPE_20260128_124136_EDCB
[12:41:36.622] [INFO ] ║  🌐 URL: https://www.paloaltonetworks.com/cyberpedia/gdpr-compliance
[12:41:36.622] [INFO ] ║  🔄 ATTEMPT: 1/2
[12:41:36.622] [INFO ] ║  ⏰ STARTED: 2026-01-28T12:41:36.622477+02:00 (Egypt Time)
[12:41:36.622] [INFO ] ╠══════════════════════════════════════════════════════════════════════════╣
[12:41:36.622] [INFO ] 
[12:41:36.622] [INFO ]     ┌─ BROWSER FINGERPRINT ────────────────────────────────────────┐
[12:41:36.622] [INFO ]     │ Browser:     CHROME v123
[12:41:36.622] [INFO ]     │ User-Agent:  Mozilla/5.0 (Windows NT 10.0; Win64; x64) AppleWebKit/537.36 (KHTML, l...
[12:41:36.622] [INFO ]     │ Viewport:    1366x768
[12:41:36.622] [INFO ]     │ Sec-CH-UA:   (not applicable)...
[12:41:36.622] [INFO ]     ├─ LOCATION PROFILE ───────────────────────────────────────────┤
[12:41:36.622] [INFO ]     │ Location:    Denver, USA
[12:41:36.622] [INFO ]     │ Timezone:    N/A
[12:41:36.622] [INFO ]     │ Locale:      en-US
[12:41:36.622] [INFO ]     │ Geo:         0, 0
[12:41:36.622] [INFO ]     ├─ NETWORK ────────────────────────────────────────────────────┤
[12:41:36.622] [INFO ]     │ Proxy:       Direct (no proxy)
[12:41:36.622] [INFO ]     │ Referrer:    https://news.google.com/
[12:41:36.622] [INFO ]     └──────────────────────────────────────────────────────────────┘
[12:41:36.622] [INFO ] ╚══════════════════════════════════════════════════════════════════════════╝
[12:41:36.622] [INFO ] 🛡️ Injected anti-detection scripts at context level
[12:41:36.622] [DEBUG]    └─ Canvas noise, WebGL spoof, Browser patches
[12:41:36.622] [INFO ] 
[12:41:36.622] [INFO ]     🛡️ ANTI-DETECTION SCRIPTS INJECTED (CONTEXT level)
[12:41:36.622] [INFO ]     ├─ Canvas fingerprint noise
[12:41:36.622] [INFO ]     ├─ WebGL renderer/vendor spoof
[12:41:36.622] [INFO ]     ├─ Hardware concurrency randomization
[12:41:36.622] [INFO ]     ├─ Device memory randomization
[12:41:36.622] [INFO ]     ├─ Plugin masking
[12:41:36.622] [INFO ]     ├─ WebRTC IP leak protection
[12:41:36.622] [INFO ]     ├─ Network connection spoof
[12:41:36.622] [INFO ]     └─ Battery API spoof
[12:41:36.666] [INFO ] 
[12:41:36.666] [INFO ]     🥷 STEALTH MODE APPLIED
[12:41:36.666] [INFO ]     ├─ Navigator patches (webdriver, plugins, languages)
[12:41:36.666] [INFO ]     ├─ Chrome runtime patches
[12:41:36.666] [INFO ]     ├─ Console patches
[12:41:36.666] [INFO ]     └─ Permission patches
[12:41:36.666] [INFO ] 🛡️ Injected anti-detection scripts at page level
[12:41:36.666] [DEBUG]    └─ Canvas noise, WebGL spoof, Browser patches
[12:41:36.666] [INFO ] 
[12:41:36.666] [INFO ]     🛡️ ANTI-DETECTION SCRIPTS INJECTED (PAGE level)
[12:41:36.666] [INFO ]     ├─ Canvas fingerprint noise
[12:41:36.666] [INFO ]     ├─ WebGL renderer/vendor spoof
[12:41:36.666] [INFO ]     ├─ Hardware concurrency randomization
[12:41:36.666] [INFO ]     ├─ Device memory randomization
[12:41:36.666] [INFO ]     ├─ Plugin masking
[12:41:36.666] [INFO ]     ├─ WebRTC IP leak protection
[12:41:36.666] [INFO ]     ├─ Network connection spoof
[12:41:36.666] [INFO ]     └─ Battery API spoof
[12:41:36.666] [DEBUG] Enabled resource blocking (images, media, fonts)
[12:41:36.666] [INFO ] 
[12:41:36.666] [INFO ]     🔗 NAVIGATING TO URL
[12:41:36.666] [INFO ]     ├─ Strategy:   domcontentloaded
[12:41:36.666] [INFO ]     ├─ Timeout:    15.0s
[12:41:36.666] [INFO ]     └─ Sleep:      1s after load
[12:41:38.247] [INFO ] 
[12:41:38.247] [INFO ]     ✅ PAGE LOADED
[12:41:38.247] [INFO ]     ├─ Final URL:  https://www.paloaltonetworks.com/cyberpedia/gdpr-compliance
[12:41:38.247] [INFO ]     ├─ Title:      What Is GDPR Compliance? - Palo Alto Networks
[12:41:38.247] [INFO ]     └─ Load Time:  1.58s
[12:41:39.689] [INFO ] 🧑 Human behavior simulation...
[12:41:45.373] [INFO ] 🖱️ Mouse: 4 moves in 1366x768
[12:41:45.373] [INFO ] 🖱️ Mouse completed: 4 moves
[12:41:45.373] [INFO ] 📜 Scroll: page height, viewport=768px
[12:41:45.373] [INFO ] 📜 Scroll completed: 3 scrolls
[12:41:45.373] [INFO ] 🧑 Human behavior completed in 5.7s ✓
[12:41:45.373] [INFO ] 
[12:41:45.373] [INFO ]     🧑 HUMAN BEHAVIOR SIMULATED
[12:41:45.373] [INFO ]     ├─ Mouse Movements: 4
[12:41:45.373] [INFO ]     ├─ Scroll Actions:  3
[12:41:45.373] [INFO ]     └─ Time Spent:      5.68s
[12:41:46.706] [INFO ] 
[12:41:46.706] [INFO ]     ┌─ CONTENT METRICS ────────────────────────────────────────────┐
[12:41:46.706] [INFO ]     │ Title:            What Is GDPR Compliance?
[12:41:46.706] [INFO ]     │ Final URL:        https://www.paloaltonetworks.com/cyberpedia/gdpr-compliance
[12:41:46.706] [INFO ]     │ HTML Size:        784,310 bytes
[12:41:46.706] [INFO ]     │ Text Size:        26,884 chars
[12:41:46.706] [INFO ]     │ Word Count:       ~3923 words
[12:41:46.706] [INFO ]     │ Extraction:       trafilatura
[12:41:46.706] [INFO ]     │ Has Article:      ✅ Yes
[12:41:46.706] [INFO ]     └──────────────────────────────────────────────────────────────┘
[12:41:46.728] [INFO ] 
[12:41:46.728] [INFO ] ╔══════════════════════════════════════════════════════════════════════════╗
[12:41:46.728] [INFO ] ║  ✅ SCRAPE SUCCESSFUL - SCRAPE_20260128_124136_EDCB
[12:41:46.728] [INFO ] ╠══════════════════════════════════════════════════════════════════════════╣
[12:41:46.728] [INFO ] 
[12:41:46.728] [INFO ]     ┌─ TIMING BREAKDOWN ───────────────────────────────────────────┐
[12:41:46.728] [INFO ]     │ Browser Launch:      0.06s
[12:41:46.728] [INFO ]     │ Page Load:           1.58s
[12:41:46.728] [INFO ]     │ Cloudflare Wait:     0.00s
[12:41:46.728] [INFO ]     │ Human Simulation:    5.68s
[12:41:46.728] [INFO ]     │
[12:41:46.728] [INFO ]     │ Content Extraction:  1.17s
[12:41:46.728] [INFO ]     │ ─────────────────────────────────────────────────────────────
[12:41:46.728] [INFO ]     │ TOTAL TIME:          8.49s
[12:41:46.728] [INFO ]     └──────────────────────────────────────────────────────────────┘
[12:41:46.728] [INFO ] 
[12:41:46.729] [INFO ]     ┌─ CONTENT METRICS ────────────────────────────────────────────┐
[12:41:46.729] [INFO ]     │ Title:            What Is GDPR Compliance?
[12:41:46.729] [INFO ]     │ Final URL:        https://www.paloaltonetworks.com/cyberpedia/gdpr-compliance
[12:41:46.729] [INFO ]     │ HTML Size:        784,310 bytes
[12:41:46.729] [INFO ]     │ Text Size:        26,884 chars
[12:41:46.729] [INFO ]     │ Word Count:       ~3923 words
[12:41:46.729] [INFO ]     │ Extraction:       trafilatura
[12:41:46.729] [INFO ]     │ Has Article:      ✅ Yes
[12:41:46.729] [INFO ]     └──────────────────────────────────────────────────────────────┘
[12:41:46.729] [INFO ] ╠══════════════════════════════════════════════════════════════════════════╣
[12:41:46.729] [INFO ] ║  📊 SESSION STATS
[12:41:46.729] [INFO ] ║  ├─ Strategies Tried:   domcontentloaded
[12:41:46.729] [INFO ] ║  ├─ Popups Dismissed:   0
[12:41:46.729] [INFO ] ║  ├─ Cloudflare:         Not detected
[12:41:46.729] [INFO ] ║  └─ Proxy Used:         Direct
[12:41:46.729] [INFO ] ╚══════════════════════════════════════════════════════════════════════════╝
[12:41:46.729] [INFO ] 

================================================================================
STATUS: SUCCESS
TOTAL TIME: 10.46s
ENDED: 2026-01-28T12:41:46.729176+02:00 (Egypt Time)
END OF SCRAPE LOG
================================================================================