================================================================================
SCRAPE LOG: https://eldib.com/egypts-new-fintech-law-and-regulations/
Started: 2026-01-25 15:56:46
Session ID: SCRAPE_20260125_155646_2881
================================================================================
[15:56:46.636] [INFO ] 📝 Scrape log: /app/data/logs/scrapes/2026-01-25_155646_eldib.com.log
[15:56:46.636] [DEBUG] ⏱️ Timeout set to 45s for this scrape
[15:56:46.977] [INFO ] 
[15:56:46.978] [INFO ]     🚀 BROWSER LAUNCHED
[15:56:46.978] [INFO ]     ├─ Mode:       Headless
[15:56:46.978] [INFO ]     ├─ Slow Mo:    59ms
[15:56:46.978] [INFO ]     ├─ Launch Time: 0.06s
[15:56:46.978] [INFO ]     └─ Args:       Anti-automation flags enabled
[15:56:46.994] [DEBUG] Browser profile: viewport={'width': 1366, 'height': 768}, locale=en-US, tz=UTC
[15:56:46.994] [INFO ] 
[15:56:46.994] [INFO ] ╔══════════════════════════════════════════════════════════════════════════╗
[15:56:46.994] [INFO ] ║  📋 SESSION: SCRAPE_20260125_155646_2881
[15:56:46.994] [INFO ] ║  🌐 URL: https://eldib.com/egypts-new-fintech-law-and-regulations/
[15:56:46.994] [INFO ] ║  🔄 ATTEMPT: 1/2
[15:56:46.994] [INFO ] ║  ⏰ STARTED: 2026-01-25T15:56:46.994373+02:00 (Egypt Time)
[15:56:46.994] [INFO ] ╠══════════════════════════════════════════════════════════════════════════╣
[15:56:46.994] [INFO ] 
[15:56:46.994] [INFO ]     ┌─ BROWSER FINGERPRINT ────────────────────────────────────────┐
[15:56:46.994] [INFO ]     │ Browser:     CHROME v121
[15:56:46.994] [INFO ]     │ User-Agent:  Mozilla/5.0 (Windows NT 11.0; Win64; x64) AppleWebKit/537.36 (KHTML, l...
[15:56:46.994] [INFO ]     │ Viewport:    1366x768
[15:56:46.994] [INFO ]     │ Sec-CH-UA:   (not applicable)...
[15:56:46.994] [INFO ]     ├─ LOCATION PROFILE ───────────────────────────────────────────┤
[15:56:46.994] [INFO ]     │ Location:    Houston, USA
[15:56:46.994] [INFO ]     │ Timezone:    N/A
[15:56:46.994] [INFO ]     │ Locale:      en-US
[15:56:46.994] [INFO ]     │ Geo:         0, 0
[15:56:46.994] [INFO ]     ├─ NETWORK ────────────────────────────────────────────────────┤
[15:56:46.994] [INFO ]     │ Proxy:       Direct (no proxy)
[15:56:46.994] [INFO ]     │ Referrer:    https://www.google.com/
[15:56:46.994] [INFO ]     └──────────────────────────────────────────────────────────────┘
[15:56:46.994] [INFO ] ╚══════════════════════════════════════════════════════════════════════════╝
[15:56:46.994] [INFO ] 🛡️ Injected anti-detection scripts at context level
[15:56:46.994] [DEBUG]    └─ Canvas noise, WebGL spoof, Browser patches
[15:56:46.994] [INFO ] 
[15:56:46.994] [INFO ]     🛡️ ANTI-DETECTION SCRIPTS INJECTED (CONTEXT level)
[15:56:46.994] [INFO ]     ├─ Canvas fingerprint noise
[15:56:46.994] [INFO ]     ├─ WebGL renderer/vendor spoof
[15:56:46.994] [INFO ]     ├─ Hardware concurrency randomization
[15:56:46.994] [INFO ]     ├─ Device memory randomization
[15:56:46.994] [INFO ]     ├─ Plugin masking
[15:56:46.994] [INFO ]     ├─ WebRTC IP leak protection
[15:56:46.994] [INFO ]     ├─ Network connection spoof
[15:56:46.994] [INFO ]     └─ Battery API spoof
[15:56:47.036] [INFO ] 
[15:56:47.036] [INFO ]     🥷 STEALTH MODE APPLIED
[15:56:47.036] [INFO ]     ├─ Navigator patches (webdriver, plugins, languages)
[15:56:47.036] [INFO ]     ├─ Chrome runtime patches
[15:56:47.036] [INFO ]     ├─ Console patches
[15:56:47.036] [INFO ]     └─ Permission patches
[15:56:47.036] [INFO ] 🛡️ Injected anti-detection scripts at page level
[15:56:47.036] [DEBUG]    └─ Canvas noise, WebGL spoof, Browser patches
[15:56:47.036] [INFO ] 
[15:56:47.036] [INFO ]     🛡️ ANTI-DETECTION SCRIPTS INJECTED (PAGE level)
[15:56:47.036] [INFO ]     ├─ Canvas fingerprint noise
[15:56:47.036] [INFO ]     ├─ WebGL renderer/vendor spoof
[15:56:47.036] [INFO ]     ├─ Hardware concurrency randomization
[15:56:47.036] [INFO ]     ├─ Device memory randomization
[15:56:47.036] [INFO ]     ├─ Plugin masking
[15:56:47.036] [INFO ]     ├─ WebRTC IP leak protection
[15:56:47.036] [INFO ]     ├─ Network connection spoof
[15:56:47.036] [INFO ]     └─ Battery API spoof
[15:56:47.036] [DEBUG] Enabled resource blocking (images, media, fonts)
[15:56:47.036] [INFO ] 
[15:56:47.036] [INFO ]     🔗 NAVIGATING TO URL
[15:56:47.036] [INFO ]     ├─ Strategy:   domcontentloaded
[15:56:47.036] [INFO ]     ├─ Timeout:    15.0s
[15:56:47.036] [INFO ]     └─ Sleep:      1s after load
[15:56:48.518] [INFO ] 
[15:56:48.518] [INFO ]     ✅ PAGE LOADED
[15:56:48.518] [INFO ]     ├─ Final URL:  https://eldib.com/egypts-new-fintech-law-and-regulations/
[15:56:48.518] [INFO ]     ├─ Title:      Egypt’s New Fintech Law and Regulations – ELDIB & CO
[15:56:48.518] [INFO ]     └─ Load Time:  1.48s
[15:56:49.942] [INFO ] 🧑 Human behavior simulation...
[15:56:54.493] [INFO ] 🖱️ Mouse: 2 moves in 1366x768
[15:56:54.493] [INFO ] 🖱️ Mouse completed: 2 moves
[15:56:54.493] [INFO ] 📜 Scroll: page height, viewport=768px
[15:56:54.493] [INFO ] 📜 Scroll completed: 3 scrolls
[15:56:54.493] [INFO ] 🧑 Human behavior completed in 4.6s ✓
[15:56:54.493] [INFO ] 
[15:56:54.493] [INFO ]     🧑 HUMAN BEHAVIOR SIMULATED
[15:56:54.493] [INFO ]     ├─ Mouse Movements: 2
[15:56:54.493] [INFO ]     ├─ Scroll Actions:  3
[15:56:54.493] [INFO ]     └─ Time Spent:      4.55s
[15:56:54.615] [INFO ] 
[15:56:54.615] [INFO ]     ┌─ CONTENT METRICS ────────────────────────────────────────────┐
[15:56:54.615] [INFO ]     │ Title:            Egypt’s New Fintech Law and Regulations
[15:56:54.615] [INFO ]     │ Final URL:        https://eldib.com/egypts-new-fintech-law-and-regulations/
[15:56:54.615] [INFO ]     │ HTML Size:        73,047 bytes
[15:56:54.615] [INFO ]     │ Text Size:        3,603 chars
[15:56:54.615] [INFO ]     │ Word Count:       ~564 words
[15:56:54.615] [INFO ]     │ Extraction:       trafilatura
[15:56:54.615] [INFO ]     │ Has Article:      ✅ Yes
[15:56:54.615] [INFO ]     └──────────────────────────────────────────────────────────────┘
[15:56:54.643] [INFO ] 
[15:56:54.643] [INFO ] ╔══════════════════════════════════════════════════════════════════════════╗
[15:56:54.643] [INFO ] ║  ✅ SCRAPE SUCCESSFUL - SCRAPE_20260125_155646_2881
[15:56:54.643] [INFO ] ╠══════════════════════════════════════════════════════════════════════════╣
[15:56:54.643] [INFO ] 
[15:56:54.643] [INFO ]     ┌─ TIMING BREAKDOWN ───────────────────────────────────────────┐
[15:56:54.643] [INFO ]     │ Browser Launch:      0.06s
[15:56:54.643] [INFO ]     │ Page Load:           1.48s
[15:56:54.643] [INFO ]     │ Cloudflare Wait:     0.00s
[15:56:54.643] [INFO ]     │ Human Simulation:    4.55s
[15:56:54.643] [INFO ]     │
[15:56:54.643] [INFO ]     │ Content Extraction:  0.05s
[15:56:54.643] [INFO ]     │ ─────────────────────────────────────────────────────────────
[15:56:54.643] [INFO ]     │ TOTAL TIME:          6.14s
[15:56:54.643] [INFO ]     └──────────────────────────────────────────────────────────────┘
[15:56:54.643] [INFO ] 
[15:56:54.643] [INFO ]     ┌─ CONTENT METRICS ────────────────────────────────────────────┐
[15:56:54.643] [INFO ]     │ Title:            Egypt’s New Fintech Law and Regulations
[15:56:54.643] [INFO ]     │ Final URL:        https://eldib.com/egypts-new-fintech-law-and-regulations/
[15:56:54.643] [INFO ]     │ HTML Size:        73,047 bytes
[15:56:54.643] [INFO ]     │ Text Size:        3,603 chars
[15:56:54.643] [INFO ]     │ Word Count:       ~564 words
[15:56:54.643] [INFO ]     │ Extraction:       trafilatura
[15:56:54.643] [INFO ]     │ Has Article:      ✅ Yes
[15:56:54.643] [INFO ]     └──────────────────────────────────────────────────────────────┘
[15:56:54.643] [INFO ] ╠══════════════════════════════════════════════════════════════════════════╣
[15:56:54.643] [INFO ] ║  📊 SESSION STATS
[15:56:54.643] [INFO ] ║  ├─ Strategies Tried:   domcontentloaded
[15:56:54.643] [INFO ] ║  ├─ Popups Dismissed:   0
[15:56:54.643] [INFO ] ║  ├─ Cloudflare:         Not detected
[15:56:54.643] [INFO ] ║  └─ Proxy Used:         Direct
[15:56:54.643] [INFO ] ╚══════════════════════════════════════════════════════════════════════════╝
[15:56:54.643] [INFO ] 

================================================================================
STATUS: SUCCESS
TOTAL TIME: 8.01s
ENDED: 2026-01-25T15:56:54.643826+02:00 (Egypt Time)
END OF SCRAPE LOG
================================================================================