================================================================================
SCRAPE LOG: https://gicegypt.org/iso-270012022/
Started: 2026-01-29 17:04:21
Session ID: SCRAPE_20260129_170421_EB4A
================================================================================
[17:04:21.340] [INFO ] 📝 Scrape log: /app/data/logs/scrapes/2026-01-29_170421_gicegypt.org.log
[17:04:21.340] [DEBUG] ⏱️ Timeout set to 45s for this scrape
[17:04:21.691] [INFO ] 
[17:04:21.691] [INFO ]     🚀 BROWSER LAUNCHED
[17:04:21.691] [INFO ]     ├─ Mode:       Headless
[17:04:21.691] [INFO ]     ├─ Slow Mo:    55ms
[17:04:21.691] [INFO ]     ├─ Launch Time: 0.06s
[17:04:21.691] [INFO ]     └─ Args:       Anti-automation flags enabled
[17:04:21.710] [DEBUG] Browser profile: viewport={'width': 1680, 'height': 1050}, locale=en-CA, tz=UTC
[17:04:21.710] [INFO ] 
[17:04:21.710] [INFO ] ╔══════════════════════════════════════════════════════════════════════════╗
[17:04:21.710] [INFO ] ║  📋 SESSION: SCRAPE_20260129_170421_EB4A
[17:04:21.710] [INFO ] ║  🌐 URL: https://gicegypt.org/iso-270012022/
[17:04:21.710] [INFO ] ║  🔄 ATTEMPT: 1/2
[17:04:21.710] [INFO ] ║  ⏰ STARTED: 2026-01-29T17:04:21.710970+02:00 (Egypt Time)
[17:04:21.710] [INFO ] ╠══════════════════════════════════════════════════════════════════════════╣
[17:04:21.710] [INFO ] 
[17:04:21.710] [INFO ]     ┌─ BROWSER FINGERPRINT ────────────────────────────────────────┐
[17:04:21.710] [INFO ]     │ Browser:     CHROME v120
[17:04:21.710] [INFO ]     │ User-Agent:  Mozilla/5.0 (Windows NT 10.0; Win64; x64) AppleWebKit/537.36 (KHTML, l...
[17:04:21.711] [INFO ]     │ Viewport:    1680x1050
[17:04:21.711] [INFO ]     │ Sec-CH-UA:   (not applicable)...
[17:04:21.711] [INFO ]     ├─ LOCATION PROFILE ───────────────────────────────────────────┤
[17:04:21.711] [INFO ]     │ Location:    Vancouver, Canada
[17:04:21.711] [INFO ]     │ Timezone:    N/A
[17:04:21.711] [INFO ]     │ Locale:      en-CA
[17:04:21.711] [INFO ]     │ Geo:         0, 0
[17:04:21.711] [INFO ]     ├─ NETWORK ────────────────────────────────────────────────────┤
[17:04:21.711] [INFO ]     │ Proxy:       Direct (no proxy)
[17:04:21.711] [INFO ]     │ Referrer:    https://www.google.com/search?q=gicegypt+org
[17:04:21.711] [INFO ]     └──────────────────────────────────────────────────────────────┘
[17:04:21.711] [INFO ] ╚══════════════════════════════════════════════════════════════════════════╝
[17:04:21.711] [INFO ] 🛡️ Injected anti-detection scripts at context level
[17:04:21.711] [DEBUG]    └─ Canvas noise, WebGL spoof, Browser patches
[17:04:21.711] [INFO ] 
[17:04:21.711] [INFO ]     🛡️ ANTI-DETECTION SCRIPTS INJECTED (CONTEXT level)
[17:04:21.711] [INFO ]     ├─ Canvas fingerprint noise
[17:04:21.711] [INFO ]     ├─ WebGL renderer/vendor spoof
[17:04:21.711] [INFO ]     ├─ Hardware concurrency randomization
[17:04:21.711] [INFO ]     ├─ Device memory randomization
[17:04:21.711] [INFO ]     ├─ Plugin masking
[17:04:21.711] [INFO ]     ├─ WebRTC IP leak protection
[17:04:21.711] [INFO ]     ├─ Network connection spoof
[17:04:21.711] [INFO ]     └─ Battery API spoof
[17:04:21.753] [INFO ] 
[17:04:21.753] [INFO ]     🥷 STEALTH MODE APPLIED
[17:04:21.753] [INFO ]     ├─ Navigator patches (webdriver, plugins, languages)
[17:04:21.753] [INFO ]     ├─ Chrome runtime patches
[17:04:21.753] [INFO ]     ├─ Console patches
[17:04:21.753] [INFO ]     └─ Permission patches
[17:04:21.753] [INFO ] 🛡️ Injected anti-detection scripts at page level
[17:04:21.753] [DEBUG]    └─ Canvas noise, WebGL spoof, Browser patches
[17:04:21.753] [INFO ] 
[17:04:21.753] [INFO ]     🛡️ ANTI-DETECTION SCRIPTS INJECTED (PAGE level)
[17:04:21.753] [INFO ]     ├─ Canvas fingerprint noise
[17:04:21.753] [INFO ]     ├─ WebGL renderer/vendor spoof
[17:04:21.753] [INFO ]     ├─ Hardware concurrency randomization
[17:04:21.753] [INFO ]     ├─ Device memory randomization
[17:04:21.753] [INFO ]     ├─ Plugin masking
[17:04:21.753] [INFO ]     ├─ WebRTC IP leak protection
[17:04:21.753] [INFO ]     ├─ Network connection spoof
[17:04:21.753] [INFO ]     └─ Battery API spoof
[17:04:21.753] [DEBUG] Enabled resource blocking (images, media, fonts)
[17:04:21.753] [INFO ] 
[17:04:21.753] [INFO ]     🔗 NAVIGATING TO URL
[17:04:21.753] [INFO ]     ├─ Strategy:   domcontentloaded
[17:04:21.753] [INFO ]     ├─ Timeout:    15.0s
[17:04:21.753] [INFO ]     └─ Sleep:      1s after load
[17:04:36.808] [DEBUG] Enabled resource blocking (images, media, fonts)
[17:04:36.809] [INFO ] 
[17:04:36.809] [INFO ]     🔗 NAVIGATING TO URL
[17:04:36.809] [INFO ]     ├─ Strategy:   load
[17:04:36.809] [INFO ]     ├─ Timeout:    20.0s
[17:04:36.809] [INFO ]     └─ Sleep:      1s after load
[17:04:41.805] [INFO ] 
[17:04:41.805] [INFO ]     ✅ PAGE LOADED
[17:04:41.805] [INFO ]     ├─ Final URL:  https://gicegypt.org/iso-270012022/
[17:04:41.805] [INFO ]     ├─ Title:      ISO 27001:2022 - ISO Certifications body egypt | gic egypt
[17:04:41.805] [INFO ]     └─ Load Time:  5.00s
[17:04:43.051] [INFO ] 🧑 Human behavior simulation...
[17:04:48.744] [INFO ] 🖱️ Mouse: 3 moves in 1680x1050
[17:04:48.744] [INFO ] 🖱️ Mouse completed: 3 moves
[17:04:48.744] [INFO ] 📜 Scroll: page height, viewport=1050px
[17:04:48.744] [INFO ] 📜 Scroll completed: 1 scrolls
[17:04:48.744] [INFO ] 🧑 Human behavior completed in 5.7s ✓
[17:04:48.744] [INFO ] 
[17:04:48.744] [INFO ]     🧑 HUMAN BEHAVIOR SIMULATED
[17:04:48.744] [INFO ]     ├─ Mouse Movements: 3
[17:04:48.744] [INFO ]     ├─ Scroll Actions:  1
[17:04:48.744] [INFO ]     └─ Time Spent:      5.69s
[17:04:48.835] [INFO ] 
[17:04:48.835] [INFO ]     ┌─ CONTENT METRICS ────────────────────────────────────────────┐
[17:04:48.835] [INFO ]     │ Title:            ISO 27001:2022 - ISO Certifications body egypt | g
[17:04:48.835] [INFO ]     │ Final URL:        https://gicegypt.org/iso-270012022/
[17:04:48.835] [INFO ]     │ HTML Size:        144,494 bytes
[17:04:48.835] [INFO ]     │ Text Size:        3,424 chars
[17:04:48.835] [INFO ]     │ Word Count:       ~443 words
[17:04:48.835] [INFO ]     │ Extraction:       trafilatura
[17:04:48.835] [INFO ]     │ Has Article:      ✅ Yes
[17:04:48.835] [INFO ]     └──────────────────────────────────────────────────────────────┘
[17:04:48.862] [INFO ] 
[17:04:48.862] [INFO ] ╔══════════════════════════════════════════════════════════════════════════╗
[17:04:48.862] [INFO ] ║  ✅ SCRAPE SUCCESSFUL - SCRAPE_20260129_170421_EB4A
[17:04:48.862] [INFO ] ╠══════════════════════════════════════════════════════════════════════════╣
[17:04:48.862] [INFO ] 
[17:04:48.862] [INFO ]     ┌─ TIMING BREAKDOWN ───────────────────────────────────────────┐
[17:04:48.862] [INFO ]     │ Browser Launch:      0.06s
[17:04:48.862] [INFO ]     │ Page Load:           5.00s
[17:04:48.862] [INFO ]     │ Cloudflare Wait:     0.00s
[17:04:48.862] [INFO ]     │ Human Simulation:    5.69s
[17:04:48.862] [INFO ]     │
[17:04:48.862] [INFO ]     │ Content Extraction:  0.05s
[17:04:48.862] [INFO ]     │ ─────────────────────────────────────────────────────────────
[17:04:48.862] [INFO ]     │ TOTAL TIME:          10.80s
[17:04:48.862] [INFO ]     └──────────────────────────────────────────────────────────────┘
[17:04:48.862] [INFO ] 
[17:04:48.862] [INFO ]     ┌─ CONTENT METRICS ────────────────────────────────────────────┐
[17:04:48.862] [INFO ]     │ Title:            ISO 27001:2022 - ISO Certifications body egypt | g
[17:04:48.862] [INFO ]     │ Final URL:        https://gicegypt.org/iso-270012022/
[17:04:48.862] [INFO ]     │ HTML Size:        144,494 bytes
[17:04:48.862] [INFO ]     │ Text Size:        3,424 chars
[17:04:48.862] [INFO ]     │ Word Count:       ~443 words
[17:04:48.862] [INFO ]     │ Extraction:       trafilatura
[17:04:48.862] [INFO ]     │ Has Article:      ✅ Yes
[17:04:48.862] [INFO ]     └──────────────────────────────────────────────────────────────┘
[17:04:48.862] [INFO ] ╠══════════════════════════════════════════════════════════════════════════╣
[17:04:48.862] [INFO ] ║  📊 SESSION STATS
[17:04:48.862] [INFO ] ║  ├─ Strategies Tried:   domcontentloaded
[17:04:48.862] [INFO ] ║  ├─ Popups Dismissed:   0
[17:04:48.862] [INFO ] ║  ├─ Cloudflare:         Not detected
[17:04:48.862] [INFO ] ║  └─ Proxy Used:         Direct
[17:04:48.862] [INFO ] ╚══════════════════════════════════════════════════════════════════════════╝
[17:04:48.862] [INFO ] 

================================================================================
STATUS: SUCCESS
TOTAL TIME: 27.52s
ENDED: 2026-01-29T17:04:48.862922+02:00 (Egypt Time)
END OF SCRAPE LOG
================================================================================