================================================================================
SCRAPE LOG: https://practiceguides.chambers.com/practice-guides/data-protection-privacy-2025/egypt
Started: 2026-01-29 19:36:54
Session ID: SCRAPE_20260129_193654_D0A7
================================================================================
[19:36:54.843] [INFO ] 📝 Scrape log: /app/data/logs/scrapes/2026-01-29_193654_practiceguides.chambers.com.log
[19:36:54.843] [DEBUG] ⏱️ Timeout set to 45s for this scrape
[19:36:55.185] [INFO ] 
[19:36:55.185] [INFO ]     🚀 BROWSER LAUNCHED
[19:36:55.185] [INFO ]     ├─ Mode:       Headless
[19:36:55.185] [INFO ]     ├─ Slow Mo:    60ms
[19:36:55.185] [INFO ]     ├─ Launch Time: 0.06s
[19:36:55.185] [INFO ]     └─ Args:       Anti-automation flags enabled
[19:36:55.202] [DEBUG] Browser profile: viewport={'width': 1728, 'height': 1117}, locale=en-US, tz=UTC
[19:36:55.202] [INFO ] 
[19:36:55.202] [INFO ] ╔══════════════════════════════════════════════════════════════════════════╗
[19:36:55.202] [INFO ] ║  📋 SESSION: SCRAPE_20260129_193654_D0A7
[19:36:55.202] [INFO ] ║  🌐 URL: https://practiceguides.chambers.com/practice-guides/data-protection-privacy-2025/egypt
[19:36:55.202] [INFO ] ║  🔄 ATTEMPT: 1/2
[19:36:55.202] [INFO ] ║  ⏰ STARTED: 2026-01-29T19:36:55.202150+02:00 (Egypt Time)
[19:36:55.202] [INFO ] ╠══════════════════════════════════════════════════════════════════════════╣
[19:36:55.202] [INFO ] 
[19:36:55.202] [INFO ]     ┌─ BROWSER FINGERPRINT ────────────────────────────────────────┐
[19:36:55.202] [INFO ]     │ Browser:     SAFARI v17
[19:36:55.202] [INFO ]     │ User-Agent:  Mozilla/5.0 (Macintosh; Intel Mac OS X 14_0) AppleWebKit/605.1.15 (KHT...
[19:36:55.202] [INFO ]     │ Viewport:    1728x1117
[19:36:55.202] [INFO ]     │ Sec-CH-UA:   (not applicable)...
[19:36:55.202] [INFO ]     ├─ LOCATION PROFILE ───────────────────────────────────────────┤
[19:36:55.202] [INFO ]     │ Location:    Chicago, USA
[19:36:55.202] [INFO ]     │ Timezone:    N/A
[19:36:55.202] [INFO ]     │ Locale:      en-US
[19:36:55.202] [INFO ]     │ Geo:         0, 0
[19:36:55.202] [INFO ]     ├─ NETWORK ────────────────────────────────────────────────────┤
[19:36:55.202] [INFO ]     │ Proxy:       Direct (no proxy)
[19:36:55.202] [INFO ]     │ Referrer:    https://www.google.com/search?q=practiceguides+chambers+com
[19:36:55.202] [INFO ]     └──────────────────────────────────────────────────────────────┘
[19:36:55.202] [INFO ] ╚══════════════════════════════════════════════════════════════════════════╝
[19:36:55.202] [INFO ] 🛡️ Injected anti-detection scripts at context level
[19:36:55.202] [DEBUG]    └─ Canvas noise, WebGL spoof, Browser patches
[19:36:55.202] [INFO ] 
[19:36:55.202] [INFO ]     🛡️ ANTI-DETECTION SCRIPTS INJECTED (CONTEXT level)
[19:36:55.202] [INFO ]     ├─ Canvas fingerprint noise
[19:36:55.202] [INFO ]     ├─ WebGL renderer/vendor spoof
[19:36:55.202] [INFO ]     ├─ Hardware concurrency randomization
[19:36:55.202] [INFO ]     ├─ Device memory randomization
[19:36:55.202] [INFO ]     ├─ Plugin masking
[19:36:55.202] [INFO ]     ├─ WebRTC IP leak protection
[19:36:55.202] [INFO ]     ├─ Network connection spoof
[19:36:55.202] [INFO ]     └─ Battery API spoof
[19:36:55.243] [INFO ] 
[19:36:55.243] [INFO ]     🥷 STEALTH MODE APPLIED
[19:36:55.243] [INFO ]     ├─ Navigator patches (webdriver, plugins, languages)
[19:36:55.243] [INFO ]     ├─ Chrome runtime patches
[19:36:55.243] [INFO ]     ├─ Console patches
[19:36:55.243] [INFO ]     └─ Permission patches
[19:36:55.243] [INFO ] 🛡️ Injected anti-detection scripts at page level
[19:36:55.243] [DEBUG]    └─ Canvas noise, WebGL spoof, Browser patches
[19:36:55.243] [INFO ] 
[19:36:55.243] [INFO ]     🛡️ ANTI-DETECTION SCRIPTS INJECTED (PAGE level)
[19:36:55.243] [INFO ]     ├─ Canvas fingerprint noise
[19:36:55.243] [INFO ]     ├─ WebGL renderer/vendor spoof
[19:36:55.243] [INFO ]     ├─ Hardware concurrency randomization
[19:36:55.243] [INFO ]     ├─ Device memory randomization
[19:36:55.243] [INFO ]     ├─ Plugin masking
[19:36:55.243] [INFO ]     ├─ WebRTC IP leak protection
[19:36:55.243] [INFO ]     ├─ Network connection spoof
[19:36:55.243] [INFO ]     └─ Battery API spoof
[19:36:55.243] [DEBUG] Enabled resource blocking (images, media, fonts)
[19:36:55.243] [INFO ] 
[19:36:55.243] [INFO ]     🔗 NAVIGATING TO URL
[19:36:55.243] [INFO ]     ├─ Strategy:   domcontentloaded
[19:36:55.243] [INFO ]     ├─ Timeout:    15.0s
[19:36:55.243] [INFO ]     └─ Sleep:      1s after load
[19:36:57.065] [INFO ] 
[19:36:57.065] [INFO ]     ✅ PAGE LOADED
[19:36:57.065] [INFO ]     ├─ Final URL:  https://practiceguides.chambers.com/practice-guides/data-protection-privacy-2025/egypt
[19:36:57.065] [INFO ]     ├─ Title:      Data Protection & Privacy 2025 - Egypt | Global Practice Guides | Chambers and Partners
[19:36:57.065] [INFO ]     └─ Load Time:  1.82s
[19:36:59.672] [INFO ] 🧑 Human behavior simulation...
[19:37:02.033] [INFO ] 🖱️ Mouse: 1 moves in 1728x1117
[19:37:02.033] [INFO ] 🖱️ Mouse completed: 1 moves
[19:37:02.033] [INFO ] 📜 Scroll: page height, viewport=1117px
[19:37:02.033] [INFO ] 📜 Scroll completed: 1 scrolls
[19:37:02.033] [INFO ] 🧑 Human behavior completed in 2.4s ✓
[19:37:02.033] [INFO ] 
[19:37:02.033] [INFO ]     🧑 HUMAN BEHAVIOR SIMULATED
[19:37:02.033] [INFO ]     ├─ Mouse Movements: 1
[19:37:02.033] [INFO ]     ├─ Scroll Actions:  1
[19:37:02.033] [INFO ]     └─ Time Spent:      2.36s
[19:37:02.338] [INFO ] 
[19:37:02.338] [INFO ]     ┌─ CONTENT METRICS ────────────────────────────────────────────┐
[19:37:02.338] [INFO ]     │ Title:            Authors
[19:37:02.338] [INFO ]     │ Final URL:        https://practiceguides.chambers.com/practice-guides/data-protection-privacy-2025/egypt
[19:37:02.338] [INFO ]     │ HTML Size:        229,400 bytes
[19:37:02.338] [INFO ]     │ Text Size:        60,525 chars
[19:37:02.338] [INFO ]     │ Word Count:       ~8949 words
[19:37:02.339] [INFO ]     │ Extraction:       trafilatura
[19:37:02.339] [INFO ]     │ Has Article:      ✅ Yes
[19:37:02.339] [INFO ]     └──────────────────────────────────────────────────────────────┘
[19:37:02.366] [INFO ] 
[19:37:02.366] [INFO ] ╔══════════════════════════════════════════════════════════════════════════╗
[19:37:02.366] [INFO ] ║  ✅ SCRAPE SUCCESSFUL - SCRAPE_20260129_193654_D0A7
[19:37:02.366] [INFO ] ╠══════════════════════════════════════════════════════════════════════════╣
[19:37:02.366] [INFO ] 
[19:37:02.366] [INFO ]     ┌─ TIMING BREAKDOWN ───────────────────────────────────────────┐
[19:37:02.366] [INFO ]     │ Browser Launch:      0.06s
[19:37:02.366] [INFO ]     │ Page Load:           1.82s
[19:37:02.366] [INFO ]     │ Cloudflare Wait:     0.00s
[19:37:02.366] [INFO ]     │ Human Simulation:    2.36s
[19:37:02.366] [INFO ]     │
[19:37:02.366] [INFO ]     │ Content Extraction:  0.25s
[19:37:02.366] [INFO ]     │ ─────────────────────────────────────────────────────────────
[19:37:02.366] [INFO ]     │ TOTAL TIME:          4.49s
[19:37:02.366] [INFO ]     └──────────────────────────────────────────────────────────────┘
[19:37:02.366] [INFO ] 
[19:37:02.367] [INFO ]     ┌─ CONTENT METRICS ────────────────────────────────────────────┐
[19:37:02.367] [INFO ]     │ Title:            Authors
[19:37:02.367] [INFO ]     │ Final URL:        https://practiceguides.chambers.com/practice-guides/data-protection-privacy-2025/egypt
[19:37:02.367] [INFO ]     │ HTML Size:        229,400 bytes
[19:37:02.367] [INFO ]     │ Text Size:        60,525 chars
[19:37:02.367] [INFO ]     │ Word Count:       ~8949 words
[19:37:02.367] [INFO ]     │ Extraction:       trafilatura
[19:37:02.367] [INFO ]     │ Has Article:      ✅ Yes
[19:37:02.367] [INFO ]     └──────────────────────────────────────────────────────────────┘
[19:37:02.367] [INFO ] ╠══════════════════════════════════════════════════════════════════════════╣
[19:37:02.367] [INFO ] ║  📊 SESSION STATS
[19:37:02.367] [INFO ] ║  ├─ Strategies Tried:   domcontentloaded
[19:37:02.367] [INFO ] ║  ├─ Popups Dismissed:   0
[19:37:02.367] [INFO ] ║  ├─ Cloudflare:         Not detected
[19:37:02.367] [INFO ] ║  └─ Proxy Used:         Direct
[19:37:02.367] [INFO ] ╚══════════════════════════════════════════════════════════════════════════╝
[19:37:02.367] [INFO ] 

================================================================================
STATUS: SUCCESS
TOTAL TIME: 7.52s
ENDED: 2026-01-29T19:37:02.367476+02:00 (Egypt Time)
END OF SCRAPE LOG
================================================================================