================================================================================
SCRAPE LOG: https://www.isms.online/iso-27001/
Started: 2026-01-26 13:02:48
Session ID: SCRAPE_20260126_130248_D899
================================================================================
[13:02:48.635] [INFO ] 📝 Scrape log: /app/data/logs/scrapes/2026-01-26_130248_isms.online.log
[13:02:48.635] [DEBUG] ⏱️ Timeout set to 45s for this scrape
[13:02:48.976] [INFO ] 
[13:02:48.976] [INFO ]     🚀 BROWSER LAUNCHED
[13:02:48.976] [INFO ]     ├─ Mode:       Headless
[13:02:48.976] [INFO ]     ├─ Slow Mo:    43ms
[13:02:48.976] [INFO ]     ├─ Launch Time: 0.06s
[13:02:48.976] [INFO ]     └─ Args:       Anti-automation flags enabled
[13:02:48.995] [DEBUG] Browser profile: viewport={'width': 2560, 'height': 1440}, locale=en-US, tz=UTC
[13:02:48.995] [INFO ] 
[13:02:48.995] [INFO ] ╔══════════════════════════════════════════════════════════════════════════╗
[13:02:48.995] [INFO ] ║  📋 SESSION: SCRAPE_20260126_130248_D899
[13:02:48.995] [INFO ] ║  🌐 URL: https://www.isms.online/iso-27001/
[13:02:48.995] [INFO ] ║  🔄 ATTEMPT: 1/2
[13:02:48.995] [INFO ] ║  ⏰ STARTED: 2026-01-26T13:02:48.995713+02:00 (Egypt Time)
[13:02:48.995] [INFO ] ╠══════════════════════════════════════════════════════════════════════════╣
[13:02:48.995] [INFO ] 
[13:02:48.995] [INFO ]     ┌─ BROWSER FINGERPRINT ────────────────────────────────────────┐
[13:02:48.995] [INFO ]     │ Browser:     OPERA v106
[13:02:48.995] [INFO ]     │ User-Agent:  Mozilla/5.0 (Windows NT 10.0; Win64; x64) AppleWebKit/537.36 (KHTML, l...
[13:02:48.995] [INFO ]     │ Viewport:    2560x1440
[13:02:48.995] [INFO ]     │ Sec-CH-UA:   (not applicable)...
[13:02:48.995] [INFO ]     ├─ LOCATION PROFILE ───────────────────────────────────────────┤
[13:02:48.995] [INFO ]     │ Location:    Miami, USA
[13:02:48.995] [INFO ]     │ Timezone:    N/A
[13:02:48.995] [INFO ]     │ Locale:      en-US
[13:02:48.995] [INFO ]     │ Geo:         0, 0
[13:02:48.995] [INFO ]     ├─ NETWORK ────────────────────────────────────────────────────┤
[13:02:48.995] [INFO ]     │ Proxy:       Direct (no proxy)
[13:02:48.995] [INFO ]     │ Referrer:    https://www.google.com/search?q=www+isms+online
[13:02:48.995] [INFO ]     └──────────────────────────────────────────────────────────────┘
[13:02:48.995] [INFO ] ╚══════════════════════════════════════════════════════════════════════════╝
[13:02:48.995] [INFO ] 🛡️ Injected anti-detection scripts at context level
[13:02:48.995] [DEBUG]    └─ Canvas noise, WebGL spoof, Browser patches
[13:02:48.995] [INFO ] 
[13:02:48.995] [INFO ]     🛡️ ANTI-DETECTION SCRIPTS INJECTED (CONTEXT level)
[13:02:48.995] [INFO ]     ├─ Canvas fingerprint noise
[13:02:48.995] [INFO ]     ├─ WebGL renderer/vendor spoof
[13:02:48.995] [INFO ]     ├─ Hardware concurrency randomization
[13:02:48.995] [INFO ]     ├─ Device memory randomization
[13:02:48.995] [INFO ]     ├─ Plugin masking
[13:02:48.995] [INFO ]     ├─ WebRTC IP leak protection
[13:02:48.995] [INFO ]     ├─ Network connection spoof
[13:02:48.995] [INFO ]     └─ Battery API spoof
[13:02:49.037] [INFO ] 
[13:02:49.037] [INFO ]     🥷 STEALTH MODE APPLIED
[13:02:49.037] [INFO ]     ├─ Navigator patches (webdriver, plugins, languages)
[13:02:49.037] [INFO ]     ├─ Chrome runtime patches
[13:02:49.037] [INFO ]     ├─ Console patches
[13:02:49.037] [INFO ]     └─ Permission patches
[13:02:49.037] [INFO ] 🛡️ Injected anti-detection scripts at page level
[13:02:49.037] [DEBUG]    └─ Canvas noise, WebGL spoof, Browser patches
[13:02:49.037] [INFO ] 
[13:02:49.037] [INFO ]     🛡️ ANTI-DETECTION SCRIPTS INJECTED (PAGE level)
[13:02:49.037] [INFO ]     ├─ Canvas fingerprint noise
[13:02:49.037] [INFO ]     ├─ WebGL renderer/vendor spoof
[13:02:49.037] [INFO ]     ├─ Hardware concurrency randomization
[13:02:49.037] [INFO ]     ├─ Device memory randomization
[13:02:49.037] [INFO ]     ├─ Plugin masking
[13:02:49.037] [INFO ]     ├─ WebRTC IP leak protection
[13:02:49.037] [INFO ]     ├─ Network connection spoof
[13:02:49.037] [INFO ]     └─ Battery API spoof
[13:02:49.037] [DEBUG] Enabled resource blocking (images, media, fonts)
[13:02:49.037] [INFO ] 
[13:02:49.037] [INFO ]     🔗 NAVIGATING TO URL
[13:02:49.037] [INFO ]     ├─ Strategy:   domcontentloaded
[13:02:49.037] [INFO ]     ├─ Timeout:    15.0s
[13:02:49.037] [INFO ]     └─ Sleep:      1s after load
[13:02:51.485] [INFO ] 
[13:02:51.485] [INFO ]     ✅ PAGE LOADED
[13:02:51.485] [INFO ]     ├─ Final URL:  https://www.isms.online/iso-27001/
[13:02:51.485] [INFO ]     ├─ Title:      What is ISO/IEC 27001, The Information Security Standard
[13:02:51.485] [INFO ]     └─ Load Time:  2.45s
[13:02:54.546] [INFO ] 🧑 Human behavior simulation...
[13:02:57.541] [INFO ] 🖱️ Mouse: 2 moves in 2560x1440
[13:02:57.541] [INFO ] 🖱️ Mouse completed: 2 moves
[13:02:57.541] [INFO ] 📜 Scroll: page height, viewport=1440px
[13:02:57.541] [INFO ] 📜 Scroll completed: 3 scrolls
[13:02:57.541] [INFO ] 🧑 Human behavior completed in 3.0s ✓
[13:02:57.541] [INFO ] 
[13:02:57.541] [INFO ]     🧑 HUMAN BEHAVIOR SIMULATED
[13:02:57.541] [INFO ]     ├─ Mouse Movements: 2
[13:02:57.541] [INFO ]     ├─ Scroll Actions:  3
[13:02:57.541] [INFO ]     └─ Time Spent:      3.00s
[13:02:58.098] [INFO ] 
[13:02:58.098] [INFO ]     ┌─ CONTENT METRICS ────────────────────────────────────────────┐
[13:02:58.098] [INFO ]     │ Title:            What is ISO/IEC 27001, The Information Security St
[13:02:58.098] [INFO ]     │ Final URL:        https://www.isms.online/iso-27001/
[13:02:58.098] [INFO ]     │ HTML Size:        638,274 bytes
[13:02:58.098] [INFO ]     │ Text Size:        51,834 chars
[13:02:58.098] [INFO ]     │ Word Count:       ~7250 words
[13:02:58.098] [INFO ]     │ Extraction:       trafilatura
[13:02:58.098] [INFO ]     │ Has Article:      ✅ Yes
[13:02:58.098] [INFO ]     └──────────────────────────────────────────────────────────────┘
[13:02:58.131] [INFO ] 
[13:02:58.131] [INFO ] ╔══════════════════════════════════════════════════════════════════════════╗
[13:02:58.131] [INFO ] ║  ✅ SCRAPE SUCCESSFUL - SCRAPE_20260126_130248_D899
[13:02:58.131] [INFO ] ╠══════════════════════════════════════════════════════════════════════════╣
[13:02:58.131] [INFO ] 
[13:02:58.131] [INFO ]     ┌─ TIMING BREAKDOWN ───────────────────────────────────────────┐
[13:02:58.131] [INFO ]     │ Browser Launch:      0.06s
[13:02:58.131] [INFO ]     │ Page Load:           2.45s
[13:02:58.131] [INFO ]     │ Cloudflare Wait:     0.00s
[13:02:58.131] [INFO ]     │ Human Simulation:    3.00s
[13:02:58.131] [INFO ]     │
[13:02:58.131] [INFO ]     │ Content Extraction:  0.42s
[13:02:58.131] [INFO ]     │ ─────────────────────────────────────────────────────────────
[13:02:58.131] [INFO ]     │ TOTAL TIME:          5.92s
[13:02:58.131] [INFO ]     └──────────────────────────────────────────────────────────────┘
[13:02:58.131] [INFO ] 
[13:02:58.132] [INFO ]     ┌─ CONTENT METRICS ────────────────────────────────────────────┐
[13:02:58.132] [INFO ]     │ Title:            What is ISO/IEC 27001, The Information Security St
[13:02:58.132] [INFO ]     │ Final URL:        https://www.isms.online/iso-27001/
[13:02:58.132] [INFO ]     │ HTML Size:        638,274 bytes
[13:02:58.132] [INFO ]     │ Text Size:        51,834 chars
[13:02:58.132] [INFO ]     │ Word Count:       ~7250 words
[13:02:58.132] [INFO ]     │ Extraction:       trafilatura
[13:02:58.132] [INFO ]     │ Has Article:      ✅ Yes
[13:02:58.132] [INFO ]     └──────────────────────────────────────────────────────────────┘
[13:02:58.132] [INFO ] ╠══════════════════════════════════════════════════════════════════════════╣
[13:02:58.132] [INFO ] ║  📊 SESSION STATS
[13:02:58.133] [INFO ] ║  ├─ Strategies Tried:   domcontentloaded
[13:02:58.133] [INFO ] ║  ├─ Popups Dismissed:   0
[13:02:58.133] [INFO ] ║  ├─ Cloudflare:         Not detected
[13:02:58.133] [INFO ] ║  └─ Proxy Used:         Direct
[13:02:58.133] [INFO ] ╚══════════════════════════════════════════════════════════════════════════╝
[13:02:58.133] [INFO ] 

================================================================================
STATUS: SUCCESS
TOTAL TIME: 9.50s
ENDED: 2026-01-26T13:02:58.133055+02:00 (Egypt Time)
END OF SCRAPE LOG
================================================================================