================================================================================
SCRAPE LOG: https://www.hubspot.com/data-privacy/gdpr
Started: 2026-01-28 12:43:51
Session ID: SCRAPE_20260128_124351_BC46
================================================================================
[12:43:51.967] [INFO ] 📝 Scrape log: /app/data/logs/scrapes/2026-01-28_124351_hubspot.com.log
[12:43:51.967] [DEBUG] ⏱️ Timeout set to 45s for this scrape
[12:43:52.307] [INFO ] 
[12:43:52.307] [INFO ]     🚀 BROWSER LAUNCHED
[12:43:52.307] [INFO ]     ├─ Mode:       Headless
[12:43:52.307] [INFO ]     ├─ Slow Mo:    55ms
[12:43:52.307] [INFO ]     ├─ Launch Time: 0.06s
[12:43:52.307] [INFO ]     └─ Args:       Anti-automation flags enabled
[12:43:52.325] [DEBUG] Browser profile: viewport={'width': 1280, 'height': 720}, locale=en-US, tz=UTC
[12:43:52.325] [INFO ] 
[12:43:52.325] [INFO ] ╔══════════════════════════════════════════════════════════════════════════╗
[12:43:52.325] [INFO ] ║  📋 SESSION: SCRAPE_20260128_124351_BC46
[12:43:52.325] [INFO ] ║  🌐 URL: https://www.hubspot.com/data-privacy/gdpr
[12:43:52.325] [INFO ] ║  🔄 ATTEMPT: 1/2
[12:43:52.325] [INFO ] ║  ⏰ STARTED: 2026-01-28T12:43:52.325505+02:00 (Egypt Time)
[12:43:52.325] [INFO ] ╠══════════════════════════════════════════════════════════════════════════╣
[12:43:52.325] [INFO ] 
[12:43:52.325] [INFO ]     ┌─ BROWSER FINGERPRINT ────────────────────────────────────────┐
[12:43:52.325] [INFO ]     │ Browser:     EDGE v120
[12:43:52.325] [INFO ]     │ User-Agent:  Mozilla/5.0 (Windows NT 11.0; Win64; x64) AppleWebKit/537.36 (KHTML, l...
[12:43:52.325] [INFO ]     │ Viewport:    1280x720
[12:43:52.325] [INFO ]     │ Sec-CH-UA:   (not applicable)...
[12:43:52.325] [INFO ]     ├─ LOCATION PROFILE ───────────────────────────────────────────┤
[12:43:52.325] [INFO ]     │ Location:    Phoenix, USA
[12:43:52.325] [INFO ]     │ Timezone:    N/A
[12:43:52.325] [INFO ]     │ Locale:      en-US
[12:43:52.325] [INFO ]     │ Geo:         0, 0
[12:43:52.325] [INFO ]     ├─ NETWORK ────────────────────────────────────────────────────┤
[12:43:52.325] [INFO ]     │ Proxy:       Direct (no proxy)
[12:43:52.325] [INFO ]     │ Referrer:    https://www.google.com/search?q=www+hubspot+com
[12:43:52.325] [INFO ]     └──────────────────────────────────────────────────────────────┘
[12:43:52.325] [INFO ] ╚══════════════════════════════════════════════════════════════════════════╝
[12:43:52.325] [INFO ] 🛡️ Injected anti-detection scripts at context level
[12:43:52.325] [DEBUG]    └─ Canvas noise, WebGL spoof, Browser patches
[12:43:52.325] [INFO ] 
[12:43:52.325] [INFO ]     🛡️ ANTI-DETECTION SCRIPTS INJECTED (CONTEXT level)
[12:43:52.325] [INFO ]     ├─ Canvas fingerprint noise
[12:43:52.325] [INFO ]     ├─ WebGL renderer/vendor spoof
[12:43:52.325] [INFO ]     ├─ Hardware concurrency randomization
[12:43:52.325] [INFO ]     ├─ Device memory randomization
[12:43:52.325] [INFO ]     ├─ Plugin masking
[12:43:52.325] [INFO ]     ├─ WebRTC IP leak protection
[12:43:52.325] [INFO ]     ├─ Network connection spoof
[12:43:52.325] [INFO ]     └─ Battery API spoof
[12:43:52.365] [INFO ] 
[12:43:52.366] [INFO ]     🥷 STEALTH MODE APPLIED
[12:43:52.366] [INFO ]     ├─ Navigator patches (webdriver, plugins, languages)
[12:43:52.366] [INFO ]     ├─ Chrome runtime patches
[12:43:52.366] [INFO ]     ├─ Console patches
[12:43:52.366] [INFO ]     └─ Permission patches
[12:43:52.366] [INFO ] 🛡️ Injected anti-detection scripts at page level
[12:43:52.366] [DEBUG]    └─ Canvas noise, WebGL spoof, Browser patches
[12:43:52.366] [INFO ] 
[12:43:52.366] [INFO ]     🛡️ ANTI-DETECTION SCRIPTS INJECTED (PAGE level)
[12:43:52.366] [INFO ]     ├─ Canvas fingerprint noise
[12:43:52.366] [INFO ]     ├─ WebGL renderer/vendor spoof
[12:43:52.366] [INFO ]     ├─ Hardware concurrency randomization
[12:43:52.366] [INFO ]     ├─ Device memory randomization
[12:43:52.366] [INFO ]     ├─ Plugin masking
[12:43:52.366] [INFO ]     ├─ WebRTC IP leak protection
[12:43:52.366] [INFO ]     ├─ Network connection spoof
[12:43:52.366] [INFO ]     └─ Battery API spoof
[12:43:52.366] [DEBUG] Enabled resource blocking (images, media, fonts)
[12:43:52.366] [INFO ] 
[12:43:52.366] [INFO ]     🔗 NAVIGATING TO URL
[12:43:52.366] [INFO ]     ├─ Strategy:   domcontentloaded
[12:43:52.366] [INFO ]     ├─ Timeout:    15.0s
[12:43:52.366] [INFO ]     └─ Sleep:      1s after load
[12:43:57.825] [INFO ] 
[12:43:57.825] [INFO ]     ✅ PAGE LOADED
[12:43:57.825] [INFO ]     ├─ Final URL:  https://www.hubspot.com/data-privacy/gdpr
[12:43:57.825] [INFO ]     ├─ Title:      General Data Protection Regulation | HubSpot
[12:43:57.825] [INFO ]     └─ Load Time:  5.46s
[12:44:00.693] [INFO ] 🧑 Human behavior simulation...
[12:44:04.021] [INFO ] 🖱️ Mouse: 2 moves in 1280x720
[12:44:04.022] [INFO ] 🖱️ Mouse completed: 2 moves
[12:44:04.022] [INFO ] 📜 Scroll: page height, viewport=720px
[12:44:04.022] [INFO ] 📜 Scroll completed: 1 scrolls
[12:44:04.022] [INFO ] 🧑 Human behavior completed in 3.3s ✓
[12:44:04.022] [INFO ] 
[12:44:04.022] [INFO ]     🧑 HUMAN BEHAVIOR SIMULATED
[12:44:04.022] [INFO ]     ├─ Mouse Movements: 2
[12:44:04.022] [INFO ]     ├─ Scroll Actions:  1
[12:44:04.022] [INFO ]     └─ Time Spent:      3.33s
[12:44:05.277] [INFO ] 
[12:44:05.277] [INFO ]     ┌─ CONTENT METRICS ────────────────────────────────────────────┐
[12:44:05.277] [INFO ]     │ Title:            General Data Protection Regulation | HubSpot
[12:44:05.277] [INFO ]     │ Final URL:        https://www.hubspot.com/data-privacy/gdpr
[12:44:05.277] [INFO ]     │ HTML Size:        796,148 bytes
[12:44:05.277] [INFO ]     │ Text Size:        10,766 chars
[12:44:05.277] [INFO ]     │ Word Count:       ~1732 words
[12:44:05.277] [INFO ]     │ Extraction:       trafilatura
[12:44:05.277] [INFO ]     │ Has Article:      ✅ Yes
[12:44:05.277] [INFO ]     └──────────────────────────────────────────────────────────────┘
[12:44:05.314] [INFO ] 
[12:44:05.314] [INFO ] ╔══════════════════════════════════════════════════════════════════════════╗
[12:44:05.314] [INFO ] ║  ✅ SCRAPE SUCCESSFUL - SCRAPE_20260128_124351_BC46
[12:44:05.314] [INFO ] ╠══════════════════════════════════════════════════════════════════════════╣
[12:44:05.314] [INFO ] 
[12:44:05.314] [INFO ]     ┌─ TIMING BREAKDOWN ───────────────────────────────────────────┐
[12:44:05.314] [INFO ]     │ Browser Launch:      0.06s
[12:44:05.315] [INFO ]     │ Page Load:           5.46s
[12:44:05.315] [INFO ]     │ Cloudflare Wait:     0.00s
[12:44:05.315] [INFO ]     │ Human Simulation:    3.33s
[12:44:05.315] [INFO ]     │
[12:44:05.315] [INFO ]     │ Content Extraction:  0.96s
[12:44:05.315] [INFO ]     │ ─────────────────────────────────────────────────────────────
[12:44:05.315] [INFO ]     │ TOTAL TIME:          9.81s
[12:44:05.315] [INFO ]     └──────────────────────────────────────────────────────────────┘
[12:44:05.315] [INFO ] 
[12:44:05.315] [INFO ]     ┌─ CONTENT METRICS ────────────────────────────────────────────┐
[12:44:05.315] [INFO ]     │ Title:            General Data Protection Regulation | HubSpot
[12:44:05.315] [INFO ]     │ Final URL:        https://www.hubspot.com/data-privacy/gdpr
[12:44:05.315] [INFO ]     │ HTML Size:        796,148 bytes
[12:44:05.315] [INFO ]     │ Text Size:        10,766 chars
[12:44:05.315] [INFO ]     │ Word Count:       ~1732 words
[12:44:05.315] [INFO ]     │ Extraction:       trafilatura
[12:44:05.315] [INFO ]     │ Has Article:      ✅ Yes
[12:44:05.315] [INFO ]     └──────────────────────────────────────────────────────────────┘
[12:44:05.315] [INFO ] ╠══════════════════════════════════════════════════════════════════════════╣
[12:44:05.315] [INFO ] ║  📊 SESSION STATS
[12:44:05.315] [INFO ] ║  ├─ Strategies Tried:   domcontentloaded
[12:44:05.315] [INFO ] ║  ├─ Popups Dismissed:   0
[12:44:05.315] [INFO ] ║  ├─ Cloudflare:         Not detected
[12:44:05.315] [INFO ] ║  └─ Proxy Used:         Direct
[12:44:05.315] [INFO ] ╚══════════════════════════════════════════════════════════════════════════╝
[12:44:05.315] [INFO ] 

================================================================================
STATUS: SUCCESS
TOTAL TIME: 13.35s
ENDED: 2026-01-28T12:44:05.315493+02:00 (Egypt Time)
END OF SCRAPE LOG
================================================================================