================================================================================
SCRAPE LOG: https://www.sama.gov.sa/en-US/Pages/default.aspx
Started: 2026-02-01 12:24:39
Session ID: SCRAPE_20260201_122439_83A2
================================================================================
[12:24:39.243] [INFO ] 📝 Scrape log: /app/data/logs/scrapes/2026-02-01_122439_sama.gov.sa.log
[12:24:39.243] [DEBUG] ⏱️ Timeout set to 45s for this scrape
[12:24:39.586] [INFO ] 
[12:24:39.586] [INFO ]     🚀 BROWSER LAUNCHED
[12:24:39.586] [INFO ]     ├─ Mode:       Headless
[12:24:39.586] [INFO ]     ├─ Slow Mo:    45ms
[12:24:39.586] [INFO ]     ├─ Launch Time: 0.06s
[12:24:39.586] [INFO ]     └─ Args:       Anti-automation flags enabled
[12:24:39.608] [DEBUG] Browser profile: viewport={'width': 2560, 'height': 1440}, locale=en-GB, tz=UTC
[12:24:39.608] [INFO ] 
[12:24:39.608] [INFO ] ╔══════════════════════════════════════════════════════════════════════════╗
[12:24:39.608] [INFO ] ║  📋 SESSION: SCRAPE_20260201_122439_83A2
[12:24:39.608] [INFO ] ║  🌐 URL: https://www.sama.gov.sa/en-US/Pages/default.aspx
[12:24:39.608] [INFO ] ║  🔄 ATTEMPT: 1/2
[12:24:39.608] [INFO ] ║  ⏰ STARTED: 2026-02-01T12:24:39.608394+02:00 (Egypt Time)
[12:24:39.608] [INFO ] ╠══════════════════════════════════════════════════════════════════════════╣
[12:24:39.608] [INFO ] 
[12:24:39.608] [INFO ]     ┌─ BROWSER FINGERPRINT ────────────────────────────────────────┐
[12:24:39.608] [INFO ]     │ Browser:     CHROME v122
[12:24:39.608] [INFO ]     │ User-Agent:  Mozilla/5.0 (Windows NT 10.0; Win64; x64) AppleWebKit/537.36 (KHTML, l...
[12:24:39.608] [INFO ]     │ Viewport:    2560x1440
[12:24:39.608] [INFO ]     │ Sec-CH-UA:   (not applicable)...
[12:24:39.608] [INFO ]     ├─ LOCATION PROFILE ───────────────────────────────────────────┤
[12:24:39.608] [INFO ]     │ Location:    Manchester, UK
[12:24:39.608] [INFO ]     │ Timezone:    N/A
[12:24:39.608] [INFO ]     │ Locale:      en-GB
[12:24:39.608] [INFO ]     │ Geo:         0, 0
[12:24:39.608] [INFO ]     ├─ NETWORK ────────────────────────────────────────────────────┤
[12:24:39.608] [INFO ]     │ Proxy:       Direct (no proxy)
[12:24:39.608] [INFO ]     │ Referrer:    https://www.google.com/search?q=www+sama+gov+sa
[12:24:39.608] [INFO ]     └──────────────────────────────────────────────────────────────┘
[12:24:39.608] [INFO ] ╚══════════════════════════════════════════════════════════════════════════╝
[12:24:39.608] [INFO ] 🛡️ Injected anti-detection scripts at context level
[12:24:39.608] [DEBUG]    └─ Canvas noise, WebGL spoof, Browser patches
[12:24:39.608] [INFO ] 
[12:24:39.608] [INFO ]     🛡️ ANTI-DETECTION SCRIPTS INJECTED (CONTEXT level)
[12:24:39.608] [INFO ]     ├─ Canvas fingerprint noise
[12:24:39.608] [INFO ]     ├─ WebGL renderer/vendor spoof
[12:24:39.608] [INFO ]     ├─ Hardware concurrency randomization
[12:24:39.608] [INFO ]     ├─ Device memory randomization
[12:24:39.608] [INFO ]     ├─ Plugin masking
[12:24:39.608] [INFO ]     ├─ WebRTC IP leak protection
[12:24:39.608] [INFO ]     ├─ Network connection spoof
[12:24:39.608] [INFO ]     └─ Battery API spoof
[12:24:39.648] [INFO ] 
[12:24:39.648] [INFO ]     🥷 STEALTH MODE APPLIED
[12:24:39.648] [INFO ]     ├─ Navigator patches (webdriver, plugins, languages)
[12:24:39.648] [INFO ]     ├─ Chrome runtime patches
[12:24:39.648] [INFO ]     ├─ Console patches
[12:24:39.648] [INFO ]     └─ Permission patches
[12:24:39.648] [INFO ] 🛡️ Injected anti-detection scripts at page level
[12:24:39.648] [DEBUG]    └─ Canvas noise, WebGL spoof, Browser patches
[12:24:39.648] [INFO ] 
[12:24:39.648] [INFO ]     🛡️ ANTI-DETECTION SCRIPTS INJECTED (PAGE level)
[12:24:39.648] [INFO ]     ├─ Canvas fingerprint noise
[12:24:39.648] [INFO ]     ├─ WebGL renderer/vendor spoof
[12:24:39.648] [INFO ]     ├─ Hardware concurrency randomization
[12:24:39.648] [INFO ]     ├─ Device memory randomization
[12:24:39.648] [INFO ]     ├─ Plugin masking
[12:24:39.648] [INFO ]     ├─ WebRTC IP leak protection
[12:24:39.648] [INFO ]     ├─ Network connection spoof
[12:24:39.648] [INFO ]     └─ Battery API spoof
[12:24:39.648] [DEBUG] Enabled resource blocking (images, media, fonts)
[12:24:39.648] [INFO ] 
[12:24:39.648] [INFO ]     🔗 NAVIGATING TO URL
[12:24:39.648] [INFO ]     ├─ Strategy:   domcontentloaded
[12:24:39.648] [INFO ]     ├─ Timeout:    15.0s
[12:24:39.648] [INFO ]     └─ Sleep:      1s after load
[12:24:47.355] [INFO ] 
[12:24:47.355] [INFO ]     ✅ PAGE LOADED
[12:24:47.355] [INFO ]     ├─ Final URL:  https://www.sama.gov.sa/en-US/Pages/default.aspx
[12:24:47.355] [INFO ]     ├─ Title:      البنك المركزي السعودي
[12:24:47.355] [INFO ]     └─ Load Time:  7.71s
[12:24:48.594] [INFO ] 🧑 Human behavior simulation...
[12:24:54.035] [INFO ] 🖱️ Mouse: 3 moves in 2560x1440
[12:24:54.035] [INFO ] 🖱️ Mouse completed: 3 moves
[12:24:54.035] [INFO ] 📜 Scroll: page height, viewport=1440px
[12:24:54.035] [INFO ] 📜 Scroll completed: 2 scrolls
[12:24:54.035] [INFO ] 🧑 Human behavior completed in 5.4s ✓
[12:24:54.035] [INFO ] 
[12:24:54.035] [INFO ]     🧑 HUMAN BEHAVIOR SIMULATED
[12:24:54.035] [INFO ]     ├─ Mouse Movements: 3
[12:24:54.035] [INFO ]     ├─ Scroll Actions:  2
[12:24:54.035] [INFO ]     └─ Time Spent:      5.44s
[12:24:54.217] [INFO ] 
[12:24:54.217] [INFO ]     ┌─ CONTENT METRICS ────────────────────────────────────────────┐
[12:24:54.217] [INFO ]     │ Title:            SAMA.Internet.WCM - SamaServicesMostViewWP
[12:24:54.217] [INFO ]     │ Final URL:        https://www.sama.gov.sa/en-US/Pages/default.aspx
[12:24:54.217] [INFO ]     │ HTML Size:        210,704 bytes
[12:24:54.217] [INFO ]     │ Text Size:        516 chars
[12:24:54.217] [INFO ]     │ Word Count:       ~76 words
[12:24:54.217] [INFO ]     │ Extraction:       trafilatura
[12:24:54.217] [INFO ]     │ Has Article:      ✅ Yes
[12:24:54.217] [INFO ]     └──────────────────────────────────────────────────────────────┘
[12:24:54.241] [INFO ] 
[12:24:54.241] [INFO ] ╔══════════════════════════════════════════════════════════════════════════╗
[12:24:54.241] [INFO ] ║  ✅ SCRAPE SUCCESSFUL - SCRAPE_20260201_122439_83A2
[12:24:54.241] [INFO ] ╠══════════════════════════════════════════════════════════════════════════╣
[12:24:54.241] [INFO ] 
[12:24:54.241] [INFO ]     ┌─ TIMING BREAKDOWN ───────────────────────────────────────────┐
[12:24:54.241] [INFO ]     │ Browser Launch:      0.06s
[12:24:54.241] [INFO ]     │ Page Load:           7.71s
[12:24:54.241] [INFO ]     │ Cloudflare Wait:     0.00s
[12:24:54.241] [INFO ]     │ Human Simulation:    5.44s
[12:24:54.241] [INFO ]     │
[12:24:54.241] [INFO ]     │ Content Extraction:  0.13s
[12:24:54.241] [INFO ]     │ ─────────────────────────────────────────────────────────────
[12:24:54.241] [INFO ]     │ TOTAL TIME:          13.34s
[12:24:54.241] [INFO ]     └──────────────────────────────────────────────────────────────┘
[12:24:54.241] [INFO ] 
[12:24:54.241] [INFO ]     ┌─ CONTENT METRICS ────────────────────────────────────────────┐
[12:24:54.241] [INFO ]     │ Title:            SAMA.Internet.WCM - SamaServicesMostViewWP
[12:24:54.241] [INFO ]     │ Final URL:        https://www.sama.gov.sa/en-US/Pages/default.aspx
[12:24:54.241] [INFO ]     │ HTML Size:        210,704 bytes
[12:24:54.241] [INFO ]     │ Text Size:        516 chars
[12:24:54.241] [INFO ]     │ Word Count:       ~76 words
[12:24:54.241] [INFO ]     │ Extraction:       trafilatura
[12:24:54.241] [INFO ]     │ Has Article:      ✅ Yes
[12:24:54.241] [INFO ]     └──────────────────────────────────────────────────────────────┘
[12:24:54.241] [INFO ] ╠══════════════════════════════════════════════════════════════════════════╣
[12:24:54.241] [INFO ] ║  📊 SESSION STATS
[12:24:54.241] [INFO ] ║  ├─ Strategies Tried:   domcontentloaded
[12:24:54.241] [INFO ] ║  ├─ Popups Dismissed:   0
[12:24:54.241] [INFO ] ║  ├─ Cloudflare:         Not detected
[12:24:54.241] [INFO ] ║  └─ Proxy Used:         Direct
[12:24:54.241] [INFO ] ╚══════════════════════════════════════════════════════════════════════════╝
[12:24:54.241] [INFO ] 

================================================================================
STATUS: SUCCESS
TOTAL TIME: 15.00s
ENDED: 2026-02-01T12:24:54.241286+02:00 (Egypt Time)
END OF SCRAPE LOG
================================================================================