================================================================================
SCRAPE LOG: https://www.linkedin.com/posts/gigegypt_gigegypt-investedinyou-insurance-activity-7418995234912714752-1eBG
Started: 2026-01-30 01:03:32
Session ID: SCRAPE_20260130_010332_0CFE
================================================================================
[01:03:32.923] [INFO ] 📝 Scrape log: /app/data/logs/scrapes/2026-01-30_010332_linkedin.com.log
[01:03:32.923] [DEBUG] ⏱️ Timeout set to 45s for this scrape
[01:03:33.268] [INFO ] 
[01:03:33.268] [INFO ]     🚀 BROWSER LAUNCHED
[01:03:33.268] [INFO ]     ├─ Mode:       Headless
[01:03:33.268] [INFO ]     ├─ Slow Mo:    57ms
[01:03:33.268] [INFO ]     ├─ Launch Time: 0.06s
[01:03:33.268] [INFO ]     └─ Args:       Anti-automation flags enabled
[01:03:33.287] [DEBUG] Browser profile: viewport={'width': 1366, 'height': 768}, locale=en-US, tz=UTC
[01:03:33.287] [INFO ] 
[01:03:33.287] [INFO ] ╔══════════════════════════════════════════════════════════════════════════╗
[01:03:33.287] [INFO ] ║  📋 SESSION: SCRAPE_20260130_010332_0CFE
[01:03:33.287] [INFO ] ║  🌐 URL: https://www.linkedin.com/posts/gigegypt_gigegypt-investedinyou-insurance-activity-7418995234912714752-1eBG
[01:03:33.287] [INFO ] ║  🔄 ATTEMPT: 1/2
[01:03:33.287] [INFO ] ║  ⏰ STARTED: 2026-01-30T01:03:33.287197+02:00 (Egypt Time)
[01:03:33.287] [INFO ] ╠══════════════════════════════════════════════════════════════════════════╣
[01:03:33.287] [INFO ] 
[01:03:33.287] [INFO ]     ┌─ BROWSER FINGERPRINT ────────────────────────────────────────┐
[01:03:33.287] [INFO ]     │ Browser:     CHROME v123
[01:03:33.287] [INFO ]     │ User-Agent:  Mozilla/5.0 (Windows NT 10.0; Win64; x64) AppleWebKit/537.36 (KHTML, l...
[01:03:33.287] [INFO ]     │ Viewport:    1366x768
[01:03:33.287] [INFO ]     │ Sec-CH-UA:   (not applicable)...
[01:03:33.287] [INFO ]     ├─ LOCATION PROFILE ───────────────────────────────────────────┤
[01:03:33.287] [INFO ]     │ Location:    New York, USA
[01:03:33.287] [INFO ]     │ Timezone:    N/A
[01:03:33.287] [INFO ]     │ Locale:      en-US
[01:03:33.287] [INFO ]     │ Geo:         0, 0
[01:03:33.287] [INFO ]     ├─ NETWORK ────────────────────────────────────────────────────┤
[01:03:33.287] [INFO ]     │ Proxy:       Direct (no proxy)
[01:03:33.287] [INFO ]     │ Referrer:    https://www.google.com/search?q=www+linkedin+com
[01:03:33.287] [INFO ]     └──────────────────────────────────────────────────────────────┘
[01:03:33.287] [INFO ] ╚══════════════════════════════════════════════════════════════════════════╝
[01:03:33.287] [INFO ] 🛡️ Injected anti-detection scripts at context level
[01:03:33.287] [DEBUG]    └─ Canvas noise, WebGL spoof, Browser patches
[01:03:33.287] [INFO ] 
[01:03:33.287] [INFO ]     🛡️ ANTI-DETECTION SCRIPTS INJECTED (CONTEXT level)
[01:03:33.287] [INFO ]     ├─ Canvas fingerprint noise
[01:03:33.287] [INFO ]     ├─ WebGL renderer/vendor spoof
[01:03:33.287] [INFO ]     ├─ Hardware concurrency randomization
[01:03:33.287] [INFO ]     ├─ Device memory randomization
[01:03:33.287] [INFO ]     ├─ Plugin masking
[01:03:33.287] [INFO ]     ├─ WebRTC IP leak protection
[01:03:33.287] [INFO ]     ├─ Network connection spoof
[01:03:33.287] [INFO ]     └─ Battery API spoof
[01:03:33.328] [INFO ] 
[01:03:33.328] [INFO ]     🥷 STEALTH MODE APPLIED
[01:03:33.328] [INFO ]     ├─ Navigator patches (webdriver, plugins, languages)
[01:03:33.328] [INFO ]     ├─ Chrome runtime patches
[01:03:33.328] [INFO ]     ├─ Console patches
[01:03:33.328] [INFO ]     └─ Permission patches
[01:03:33.328] [INFO ] 🛡️ Injected anti-detection scripts at page level
[01:03:33.328] [DEBUG]    └─ Canvas noise, WebGL spoof, Browser patches
[01:03:33.328] [INFO ] 
[01:03:33.328] [INFO ]     🛡️ ANTI-DETECTION SCRIPTS INJECTED (PAGE level)
[01:03:33.328] [INFO ]     ├─ Canvas fingerprint noise
[01:03:33.328] [INFO ]     ├─ WebGL renderer/vendor spoof
[01:03:33.328] [INFO ]     ├─ Hardware concurrency randomization
[01:03:33.328] [INFO ]     ├─ Device memory randomization
[01:03:33.328] [INFO ]     ├─ Plugin masking
[01:03:33.328] [INFO ]     ├─ WebRTC IP leak protection
[01:03:33.328] [INFO ]     ├─ Network connection spoof
[01:03:33.328] [INFO ]     └─ Battery API spoof
[01:03:33.328] [DEBUG] Enabled resource blocking (images, media, fonts)
[01:03:33.328] [INFO ] 
[01:03:33.328] [INFO ]     🔗 NAVIGATING TO URL
[01:03:33.328] [INFO ]     ├─ Strategy:   domcontentloaded
[01:03:33.328] [INFO ]     ├─ Timeout:    15.0s
[01:03:33.328] [INFO ]     └─ Sleep:      1s after load
[01:03:34.359] [INFO ] 
[01:03:34.359] [INFO ]     ✅ PAGE LOADED
[01:03:34.359] [INFO ]     ├─ Final URL:  https://www.linkedin.com/posts/gigegypt_gigegypt-investedinyou-insurance-activity-7418995234912714752-1eBG
[01:03:34.359] [INFO ]     ├─ Title:      GIG-Egypt Cyber Insurance Policy Event Concludes with Expert Insights | GIG Egypt posted on the topic | LinkedIn
[01:03:34.359] [INFO ]     └─ Load Time:  1.03s
[01:03:35.648] [INFO ] 🧑 Human behavior simulation...
[01:03:38.842] [INFO ] 🖱️ Mouse: 2 moves in 1366x768
[01:03:38.842] [INFO ] 🖱️ Mouse completed: 2 moves
[01:03:38.842] [INFO ] 📜 Scroll: page height, viewport=768px
[01:03:38.842] [INFO ] 📜 Scroll completed: 1 scrolls
[01:03:38.842] [INFO ] 🧑 Human behavior completed in 3.2s ✓
[01:03:38.842] [INFO ] 
[01:03:38.842] [INFO ]     🧑 HUMAN BEHAVIOR SIMULATED
[01:03:38.842] [INFO ]     ├─ Mouse Movements: 2
[01:03:38.842] [INFO ]     ├─ Scroll Actions:  1
[01:03:38.842] [INFO ]     └─ Time Spent:      3.19s
[01:03:39.047] [INFO ] 
[01:03:39.047] [INFO ]     ┌─ CONTENT METRICS ────────────────────────────────────────────┐
[01:03:39.047] [INFO ]     │ Title:            GIG-Egypt Cyber Insurance Policy Event Concludes w
[01:03:39.047] [INFO ]     │ Final URL:        https://www.linkedin.com/posts/gigegypt_gigegypt-investedinyou-insurance-activity-7418995234912714752-1eBG
[01:03:39.047] [INFO ]     │ HTML Size:        271,111 bytes
[01:03:39.047] [INFO ]     │ Text Size:        12,184 chars
[01:03:39.047] [INFO ]     │ Word Count:       ~1767 words
[01:03:39.047] [INFO ]     │ Extraction:       trafilatura
[01:03:39.047] [INFO ]     │ Has Article:      ✅ Yes
[01:03:39.047] [INFO ]     └──────────────────────────────────────────────────────────────┘
[01:03:39.071] [INFO ] 
[01:03:39.071] [INFO ] ╔══════════════════════════════════════════════════════════════════════════╗
[01:03:39.071] [INFO ] ║  ✅ SCRAPE SUCCESSFUL - SCRAPE_20260130_010332_0CFE
[01:03:39.071] [INFO ] ╠══════════════════════════════════════════════════════════════════════════╣
[01:03:39.071] [INFO ] 
[01:03:39.071] [INFO ]     ┌─ TIMING BREAKDOWN ───────────────────────────────────────────┐
[01:03:39.071] [INFO ]     │ Browser Launch:      0.06s
[01:03:39.071] [INFO ]     │ Page Load:           1.03s
[01:03:39.071] [INFO ]     │ Cloudflare Wait:     0.00s
[01:03:39.071] [INFO ]     │ Human Simulation:    3.19s
[01:03:39.071] [INFO ]     │
[01:03:39.071] [INFO ]     │ Content Extraction:  0.13s
[01:03:39.071] [INFO ]     │ ─────────────────────────────────────────────────────────────
[01:03:39.071] [INFO ]     │ TOTAL TIME:          4.41s
[01:03:39.071] [INFO ]     └──────────────────────────────────────────────────────────────┘
[01:03:39.071] [INFO ] 
[01:03:39.071] [INFO ]     ┌─ CONTENT METRICS ────────────────────────────────────────────┐
[01:03:39.071] [INFO ]     │ Title:            GIG-Egypt Cyber Insurance Policy Event Concludes w
[01:03:39.071] [INFO ]     │ Final URL:        https://www.linkedin.com/posts/gigegypt_gigegypt-investedinyou-insurance-activity-7418995234912714752-1eBG
[01:03:39.071] [INFO ]     │ HTML Size:        271,111 bytes
[01:03:39.071] [INFO ]     │ Text Size:        12,184 chars
[01:03:39.071] [INFO ]     │ Word Count:       ~1767 words
[01:03:39.071] [INFO ]     │ Extraction:       trafilatura
[01:03:39.071] [INFO ]     │ Has Article:      ✅ Yes
[01:03:39.071] [INFO ]     └──────────────────────────────────────────────────────────────┘
[01:03:39.071] [INFO ] ╠══════════════════════════════════════════════════════════════════════════╣
[01:03:39.071] [INFO ] ║  📊 SESSION STATS
[01:03:39.071] [INFO ] ║  ├─ Strategies Tried:   domcontentloaded
[01:03:39.071] [INFO ] ║  ├─ Popups Dismissed:   0
[01:03:39.071] [INFO ] ║  ├─ Cloudflare:         Not detected
[01:03:39.071] [INFO ] ║  └─ Proxy Used:         Direct
[01:03:39.071] [INFO ] ╚══════════════════════════════════════════════════════════════════════════╝
[01:03:39.071] [INFO ] 

================================================================================
STATUS: SUCCESS
TOTAL TIME: 6.15s
ENDED: 2026-01-30T01:03:39.071674+02:00 (Egypt Time)
END OF SCRAPE LOG
================================================================================