================================================================================
SCRAPE LOG: https://www.dnv.com/cyber/insights/publications/nis2-directive/
Started: 2026-01-29 21:34:28
Session ID: SCRAPE_20260129_213428_6F2B
================================================================================
[21:34:28.246] [INFO ] 📝 Scrape log: /app/data/logs/scrapes/2026-01-29_213428_dnv.com.log
[21:34:28.246] [DEBUG] ⏱️ Timeout set to 45s for this scrape
[21:34:28.617] [INFO ] 
[21:34:28.617] [INFO ]     🚀 BROWSER LAUNCHED
[21:34:28.617] [INFO ]     ├─ Mode:       Headless
[21:34:28.617] [INFO ]     ├─ Slow Mo:    51ms
[21:34:28.617] [INFO ]     ├─ Launch Time: 0.07s
[21:34:28.617] [INFO ]     └─ Args:       Anti-automation flags enabled
[21:34:28.636] [DEBUG] Browser profile: viewport={'width': 1920, 'height': 1080}, locale=en-US, tz=UTC
[21:34:28.636] [INFO ] 
[21:34:28.636] [INFO ] ╔══════════════════════════════════════════════════════════════════════════╗
[21:34:28.636] [INFO ] ║  📋 SESSION: SCRAPE_20260129_213428_6F2B
[21:34:28.636] [INFO ] ║  🌐 URL: https://www.dnv.com/cyber/insights/publications/nis2-directive/
[21:34:28.636] [INFO ] ║  🔄 ATTEMPT: 1/2
[21:34:28.636] [INFO ] ║  ⏰ STARTED: 2026-01-29T21:34:28.636393+02:00 (Egypt Time)
[21:34:28.636] [INFO ] ╠══════════════════════════════════════════════════════════════════════════╣
[21:34:28.636] [INFO ] 
[21:34:28.636] [INFO ]     ┌─ BROWSER FINGERPRINT ────────────────────────────────────────┐
[21:34:28.636] [INFO ]     │ Browser:     EDGE v121
[21:34:28.636] [INFO ]     │ User-Agent:  Mozilla/5.0 (Macintosh; Intel Mac OS X 10_15_7) AppleWebKit/537.36 (KH...
[21:34:28.636] [INFO ]     │ Viewport:    1920x1080
[21:34:28.636] [INFO ]     │ Sec-CH-UA:   (not applicable)...
[21:34:28.636] [INFO ]     ├─ LOCATION PROFILE ───────────────────────────────────────────┤
[21:34:28.636] [INFO ]     │ Location:    Denver, USA
[21:34:28.636] [INFO ]     │ Timezone:    N/A
[21:34:28.636] [INFO ]     │ Locale:      en-US
[21:34:28.636] [INFO ]     │ Geo:         0, 0
[21:34:28.636] [INFO ]     ├─ NETWORK ────────────────────────────────────────────────────┤
[21:34:28.636] [INFO ]     │ Proxy:       Direct (no proxy)
[21:34:28.636] [INFO ]     │ Referrer:    https://www.google.com/
[21:34:28.636] [INFO ]     └──────────────────────────────────────────────────────────────┘
[21:34:28.636] [INFO ] ╚══════════════════════════════════════════════════════════════════════════╝
[21:34:28.636] [INFO ] 🛡️ Injected anti-detection scripts at context level
[21:34:28.636] [DEBUG]    └─ Canvas noise, WebGL spoof, Browser patches
[21:34:28.636] [INFO ] 
[21:34:28.636] [INFO ]     🛡️ ANTI-DETECTION SCRIPTS INJECTED (CONTEXT level)
[21:34:28.636] [INFO ]     ├─ Canvas fingerprint noise
[21:34:28.636] [INFO ]     ├─ WebGL renderer/vendor spoof
[21:34:28.636] [INFO ]     ├─ Hardware concurrency randomization
[21:34:28.636] [INFO ]     ├─ Device memory randomization
[21:34:28.636] [INFO ]     ├─ Plugin masking
[21:34:28.636] [INFO ]     ├─ WebRTC IP leak protection
[21:34:28.636] [INFO ]     ├─ Network connection spoof
[21:34:28.636] [INFO ]     └─ Battery API spoof
[21:34:28.692] [INFO ] 
[21:34:28.692] [INFO ]     🥷 STEALTH MODE APPLIED
[21:34:28.692] [INFO ]     ├─ Navigator patches (webdriver, plugins, languages)
[21:34:28.692] [INFO ]     ├─ Chrome runtime patches
[21:34:28.692] [INFO ]     ├─ Console patches
[21:34:28.692] [INFO ]     └─ Permission patches
[21:34:28.692] [INFO ] 🛡️ Injected anti-detection scripts at page level
[21:34:28.692] [DEBUG]    └─ Canvas noise, WebGL spoof, Browser patches
[21:34:28.692] [INFO ] 
[21:34:28.692] [INFO ]     🛡️ ANTI-DETECTION SCRIPTS INJECTED (PAGE level)
[21:34:28.692] [INFO ]     ├─ Canvas fingerprint noise
[21:34:28.692] [INFO ]     ├─ WebGL renderer/vendor spoof
[21:34:28.692] [INFO ]     ├─ Hardware concurrency randomization
[21:34:28.692] [INFO ]     ├─ Device memory randomization
[21:34:28.692] [INFO ]     ├─ Plugin masking
[21:34:28.692] [INFO ]     ├─ WebRTC IP leak protection
[21:34:28.692] [INFO ]     ├─ Network connection spoof
[21:34:28.692] [INFO ]     └─ Battery API spoof
[21:34:28.692] [DEBUG] Enabled resource blocking (images, media, fonts)
[21:34:28.692] [INFO ] 
[21:34:28.692] [INFO ]     🔗 NAVIGATING TO URL
[21:34:28.692] [INFO ]     ├─ Strategy:   domcontentloaded
[21:34:28.692] [INFO ]     ├─ Timeout:    15.0s
[21:34:28.692] [INFO ]     └─ Sleep:      1s after load
[21:34:30.530] [INFO ] 
[21:34:30.530] [INFO ]     ✅ PAGE LOADED
[21:34:30.530] [INFO ]     ├─ Final URL:  https://www.dnv.com/cyber/insights/publications/nis2-directive/
[21:34:30.530] [INFO ]     ├─ Title:      NIS2 Directive: From risk to opportunity
[21:34:30.530] [INFO ]     └─ Load Time:  1.84s
[21:34:31.838] [INFO ] 🧑 Human behavior simulation...
[21:34:34.112] [INFO ] 🖱️ Mouse: 1 moves in 1920x1080
[21:34:34.112] [INFO ] 🖱️ Mouse completed: 1 moves
[21:34:34.112] [INFO ] 📜 Scroll: page height, viewport=1080px
[21:34:34.112] [INFO ] 📜 Scroll completed: 3 scrolls
[21:34:34.112] [INFO ] 🧑 Human behavior completed in 2.3s ✓
[21:34:34.112] [INFO ] 
[21:34:34.112] [INFO ]     🧑 HUMAN BEHAVIOR SIMULATED
[21:34:34.112] [INFO ]     ├─ Mouse Movements: 1
[21:34:34.112] [INFO ]     ├─ Scroll Actions:  3
[21:34:34.112] [INFO ]     └─ Time Spent:      2.27s
[21:34:34.540] [INFO ] 
[21:34:34.540] [INFO ]     ┌─ CONTENT METRICS ────────────────────────────────────────────┐
[21:34:34.540] [INFO ]     │ Title:            NIS2 Directive: From risk to opportunity
[21:34:34.540] [INFO ]     │ Final URL:        https://www.dnv.com/cyber/insights/publications/nis2-directive/
[21:34:34.540] [INFO ]     │ HTML Size:        251,134 bytes
[21:34:34.540] [INFO ]     │ Text Size:        2,137 chars
[21:34:34.540] [INFO ]     │ Word Count:       ~322 words
[21:34:34.540] [INFO ]     │ Extraction:       trafilatura
[21:34:34.540] [INFO ]     │ Has Article:      ✅ Yes
[21:34:34.540] [INFO ]     └──────────────────────────────────────────────────────────────┘
[21:34:34.570] [INFO ] 
[21:34:34.571] [INFO ] ╔══════════════════════════════════════════════════════════════════════════╗
[21:34:34.571] [INFO ] ║  ✅ SCRAPE SUCCESSFUL - SCRAPE_20260129_213428_6F2B
[21:34:34.571] [INFO ] ╠══════════════════════════════════════════════════════════════════════════╣
[21:34:34.571] [INFO ] 
[21:34:34.571] [INFO ]     ┌─ TIMING BREAKDOWN ───────────────────────────────────────────┐
[21:34:34.571] [INFO ]     │ Browser Launch:      0.07s
[21:34:34.571] [INFO ]     │ Page Load:           1.84s
[21:34:34.571] [INFO ]     │ Cloudflare Wait:     0.00s
[21:34:34.571] [INFO ]     │ Human Simulation:    2.27s
[21:34:34.571] [INFO ]     │
[21:34:34.571] [INFO ]     │ Content Extraction:  0.36s
[21:34:34.571] [INFO ]     │ ─────────────────────────────────────────────────────────────
[21:34:34.571] [INFO ]     │ TOTAL TIME:          4.54s
[21:34:34.571] [INFO ]     └──────────────────────────────────────────────────────────────┘
[21:34:34.571] [INFO ] 
[21:34:34.571] [INFO ]     ┌─ CONTENT METRICS ────────────────────────────────────────────┐
[21:34:34.571] [INFO ]     │ Title:            NIS2 Directive: From risk to opportunity
[21:34:34.571] [INFO ]     │ Final URL:        https://www.dnv.com/cyber/insights/publications/nis2-directive/
[21:34:34.571] [INFO ]     │ HTML Size:        251,134 bytes
[21:34:34.571] [INFO ]     │ Text Size:        2,137 chars
[21:34:34.571] [INFO ]     │ Word Count:       ~322 words
[21:34:34.571] [INFO ]     │ Extraction:       trafilatura
[21:34:34.571] [INFO ]     │ Has Article:      ✅ Yes
[21:34:34.571] [INFO ]     └──────────────────────────────────────────────────────────────┘
[21:34:34.571] [INFO ] ╠══════════════════════════════════════════════════════════════════════════╣
[21:34:34.571] [INFO ] ║  📊 SESSION STATS
[21:34:34.571] [INFO ] ║  ├─ Strategies Tried:   domcontentloaded
[21:34:34.571] [INFO ] ║  ├─ Popups Dismissed:   0
[21:34:34.571] [INFO ] ║  ├─ Cloudflare:         Not detected
[21:34:34.571] [INFO ] ║  └─ Proxy Used:         Direct
[21:34:34.571] [INFO ] ╚══════════════════════════════════════════════════════════════════════════╝
[21:34:34.571] [INFO ] 

================================================================================
STATUS: SUCCESS
TOTAL TIME: 6.32s
ENDED: 2026-01-29T21:34:34.571179+02:00 (Egypt Time)
END OF SCRAPE LOG
================================================================================