================================================================================
SCRAPE LOG: https://www.sgs.com/en-eg/services/iso-iec-27001-certification-information-security-cybersecurity-and-privacy-protection
Started: 2026-01-29 17:02:51
Session ID: SCRAPE_20260129_170251_D53A
================================================================================
[17:02:51.338] [INFO ] 📝 Scrape log: /app/data/logs/scrapes/2026-01-29_170251_sgs.com.log
[17:02:51.338] [DEBUG] ⏱️ Timeout set to 45s for this scrape
[17:02:51.679] [INFO ] 
[17:02:51.679] [INFO ]     🚀 BROWSER LAUNCHED
[17:02:51.679] [INFO ]     ├─ Mode:       Headless
[17:02:51.679] [INFO ]     ├─ Slow Mo:    42ms
[17:02:51.679] [INFO ]     ├─ Launch Time: 0.05s
[17:02:51.679] [INFO ]     └─ Args:       Anti-automation flags enabled
[17:02:51.697] [DEBUG] Browser profile: viewport={'width': 2560, 'height': 1440}, locale=en-GB, tz=UTC
[17:02:51.697] [INFO ] 
[17:02:51.697] [INFO ] ╔══════════════════════════════════════════════════════════════════════════╗
[17:02:51.697] [INFO ] ║  📋 SESSION: SCRAPE_20260129_170251_D53A
[17:02:51.697] [INFO ] ║  🌐 URL: https://www.sgs.com/en-eg/services/iso-iec-27001-certification-information-security-cybersecurity-and-privacy-protection
[17:02:51.697] [INFO ] ║  🔄 ATTEMPT: 1/2
[17:02:51.697] [INFO ] ║  ⏰ STARTED: 2026-01-29T17:02:51.697616+02:00 (Egypt Time)
[17:02:51.697] [INFO ] ╠══════════════════════════════════════════════════════════════════════════╣
[17:02:51.697] [INFO ] 
[17:02:51.697] [INFO ]     ┌─ BROWSER FINGERPRINT ────────────────────────────────────────┐
[17:02:51.697] [INFO ]     │ Browser:     FIREFOX v121
[17:02:51.697] [INFO ]     │ User-Agent:  Mozilla/5.0 (Macintosh; Intel Mac OS X 14.0; rv:121.0) Gecko/20100101 ...
[17:02:51.697] [INFO ]     │ Viewport:    2560x1440
[17:02:51.697] [INFO ]     │ Sec-CH-UA:   (not applicable)...
[17:02:51.697] [INFO ]     ├─ LOCATION PROFILE ───────────────────────────────────────────┤
[17:02:51.697] [INFO ]     │ Location:    London, UK
[17:02:51.697] [INFO ]     │ Timezone:    N/A
[17:02:51.697] [INFO ]     │ Locale:      en-GB
[17:02:51.697] [INFO ]     │ Geo:         0, 0
[17:02:51.697] [INFO ]     ├─ NETWORK ────────────────────────────────────────────────────┤
[17:02:51.697] [INFO ]     │ Proxy:       Direct (no proxy)
[17:02:51.697] [INFO ]     │ Referrer:    https://www.facebook.com/
[17:02:51.697] [INFO ]     └──────────────────────────────────────────────────────────────┘
[17:02:51.697] [INFO ] ╚══════════════════════════════════════════════════════════════════════════╝
[17:02:51.697] [INFO ] 🛡️ Injected anti-detection scripts at context level
[17:02:51.697] [DEBUG]    └─ Canvas noise, WebGL spoof, Browser patches
[17:02:51.697] [INFO ] 
[17:02:51.697] [INFO ]     🛡️ ANTI-DETECTION SCRIPTS INJECTED (CONTEXT level)
[17:02:51.697] [INFO ]     ├─ Canvas fingerprint noise
[17:02:51.697] [INFO ]     ├─ WebGL renderer/vendor spoof
[17:02:51.697] [INFO ]     ├─ Hardware concurrency randomization
[17:02:51.697] [INFO ]     ├─ Device memory randomization
[17:02:51.697] [INFO ]     ├─ Plugin masking
[17:02:51.697] [INFO ]     ├─ WebRTC IP leak protection
[17:02:51.697] [INFO ]     ├─ Network connection spoof
[17:02:51.697] [INFO ]     └─ Battery API spoof
[17:02:51.739] [INFO ] 
[17:02:51.739] [INFO ]     🥷 STEALTH MODE APPLIED
[17:02:51.739] [INFO ]     ├─ Navigator patches (webdriver, plugins, languages)
[17:02:51.739] [INFO ]     ├─ Chrome runtime patches
[17:02:51.739] [INFO ]     ├─ Console patches
[17:02:51.739] [INFO ]     └─ Permission patches
[17:02:51.739] [INFO ] 🛡️ Injected anti-detection scripts at page level
[17:02:51.739] [DEBUG]    └─ Canvas noise, WebGL spoof, Browser patches
[17:02:51.739] [INFO ] 
[17:02:51.739] [INFO ]     🛡️ ANTI-DETECTION SCRIPTS INJECTED (PAGE level)
[17:02:51.739] [INFO ]     ├─ Canvas fingerprint noise
[17:02:51.739] [INFO ]     ├─ WebGL renderer/vendor spoof
[17:02:51.739] [INFO ]     ├─ Hardware concurrency randomization
[17:02:51.739] [INFO ]     ├─ Device memory randomization
[17:02:51.739] [INFO ]     ├─ Plugin masking
[17:02:51.739] [INFO ]     ├─ WebRTC IP leak protection
[17:02:51.739] [INFO ]     ├─ Network connection spoof
[17:02:51.739] [INFO ]     └─ Battery API spoof
[17:02:51.739] [DEBUG] Enabled resource blocking (images, media, fonts)
[17:02:51.739] [INFO ] 
[17:02:51.739] [INFO ]     🔗 NAVIGATING TO URL
[17:02:51.739] [INFO ]     ├─ Strategy:   domcontentloaded
[17:02:51.739] [INFO ]     ├─ Timeout:    15.0s
[17:02:51.739] [INFO ]     └─ Sleep:      1s after load
[17:02:52.088] [INFO ] 
[17:02:52.088] [INFO ]     ✅ PAGE LOADED
[17:02:52.088] [INFO ]     ├─ Final URL:  https://www.sgs.com/en-eg/services/iso-iec-27001-certification-information-security-cybersecurity-and-privacy-protection
[17:02:52.088] [INFO ]     ├─ Title:      Access Denied
[17:02:52.088] [INFO ]     └─ Load Time:  0.35s
[17:02:53.243] [INFO ] 🧑 Human behavior simulation...
[17:02:57.206] [INFO ] 🖱️ Mouse: 3 moves in 2560x1440
[17:02:57.206] [INFO ] 🖱️ Mouse completed: 3 moves
[17:02:57.206] [INFO ] 📜 Scroll: page height, viewport=1440px
[17:02:57.206] [INFO ] 📜 Scroll completed: 2 scrolls
[17:02:57.206] [INFO ] 🧑 Human behavior completed in 4.0s ✓
[17:02:57.206] [INFO ] 
[17:02:57.206] [INFO ]     🧑 HUMAN BEHAVIOR SIMULATED
[17:02:57.206] [INFO ]     ├─ Mouse Movements: 3
[17:02:57.206] [INFO ]     ├─ Scroll Actions:  2
[17:02:57.206] [INFO ]     └─ Time Spent:      3.96s
[17:02:57.332] [INFO ] 
[17:02:57.332] [INFO ] ╔══════════════════════════════════════════════════════════════════════════╗
[17:02:57.332] [INFO ] ║  ⚠️  ERROR DETECTED
[17:02:57.332] [INFO ] ╠══════════════════════════════════════════════════════════════════════════╣
[17:02:57.332] [INFO ] 
[17:02:57.332] [INFO ]     ┌─ ERROR DETAILS ───────────────────────────────────────────────┐
[17:02:57.332] [INFO ]     │ Error Type:       access_denied
[17:02:57.332] [INFO ]     │ Message:          Access denied - likely bot detection...
[17:02:57.332] [INFO ]     │
[17:02:57.332] [INFO ]     │ Likely Ban:       ⚠️  YES
[17:02:57.332] [INFO ]     │ Recommendation:   Access denied by site
[17:02:57.332] [INFO ]     └──────────────────────────────────────────────────────────────┘
[17:02:57.332] [INFO ] 
[17:02:57.332] [INFO ]     ┌─ PAGE STATE AT ERROR ────────────────────────────────────────┐
[17:02:57.332] [INFO ]     │ Page URL:         https://www.sgs.com/en-eg/services/iso-iec-27001-certif
[17:02:57.332] [INFO ]     │ Page Title:       Access Denied
[17:02:57.332] [INFO ]     │ HTML Size:        729 bytes (⚠️  Suspiciously small)
[17:02:57.332] [INFO ]     └──────────────────────────────────────────────────────────────┘
[17:02:57.332] [INFO ] 
[17:02:57.332] [INFO ]     ┌─ DEBUG SCREENSHOT ───────────────────────────────────────────┐
[17:02:57.332] [INFO ]     │ 📸 Saved to: /app/data/screenshots/2026-01-29/150257_access_denied_www_sgs_com.png
[17:02:57.332] [INFO ]     └──────────────────────────────────────────────────────────────┘
[17:02:57.332] [INFO ] 
[17:02:57.332] [INFO ] ╚══════════════════════════════════════════════════════════════════════════╝
[17:02:57.332] [INFO ] 
[17:02:57.332] [ERROR] ❌ access_denied: Access denied - likely bot detection
[17:02:57.363] [INFO ] 
[17:02:57.363] [INFO ] ╔══════════════════════════════════════════════════════════════════════════╗
[17:02:57.363] [INFO ] ║  ⚠️  ERROR DETECTED
[17:02:57.363] [INFO ] ╠══════════════════════════════════════════════════════════════════════════╣
[17:02:57.363] [INFO ] 
[17:02:57.363] [INFO ]     ┌─ ERROR DETAILS ───────────────────────────────────────────────┐
[17:02:57.363] [INFO ]     │ Error Type:       unknown
[17:02:57.363] [INFO ]     │ Message:          Access Denied - Type: access_denied...
[17:02:57.363] [INFO ]     │
[17:02:57.363] [INFO ]     │ Likely Ban:       ✅ No
[17:02:57.363] [INFO ]     └──────────────────────────────────────────────────────────────┘
[17:02:57.363] [INFO ] 
[17:02:57.363] [INFO ]     ┌─ PAGE STATE AT ERROR ────────────────────────────────────────┐
[17:02:57.363] [INFO ]     │ Page URL:         https://www.sgs.com/en-eg/services/iso-iec-27001-certif
[17:02:57.363] [INFO ]     └──────────────────────────────────────────────────────────────┘
[17:02:57.363] [INFO ] 
[17:02:57.363] [INFO ] ╚══════════════════════════════════════════════════════════════════════════╝
[17:02:57.363] [INFO ] 
[17:02:57.363] [ERROR] ❌ unknown: Access Denied - Type: access_denied
[17:03:05.640] [INFO ] 
[17:03:05.640] [INFO ]     🚀 BROWSER LAUNCHED
[17:03:05.640] [INFO ]     ├─ Mode:       Headless
[17:03:05.640] [INFO ]     ├─ Slow Mo:    45ms
[17:03:05.640] [INFO ]     ├─ Launch Time: 0.06s
[17:03:05.640] [INFO ]     └─ Args:       Anti-automation flags enabled
[17:03:05.661] [DEBUG] Browser profile: viewport={'width': 2560, 'height': 1440}, locale=en-IE, tz=UTC
[17:03:05.661] [INFO ] 
[17:03:05.661] [INFO ] ╔══════════════════════════════════════════════════════════════════════════╗
[17:03:05.661] [INFO ] ║  📋 SESSION: SCRAPE_20260129_170251_D53A
[17:03:05.661] [INFO ] ║  🌐 URL: https://www.sgs.com/en-eg/services/iso-iec-27001-certification-information-security-cybersecurity-and-privacy-protection
[17:03:05.661] [INFO ] ║  🔄 ATTEMPT: 2/2
[17:03:05.661] [INFO ] ║  ⏰ STARTED: 2026-01-29T17:03:05.661146+02:00 (Egypt Time)
[17:03:05.661] [INFO ] ╠══════════════════════════════════════════════════════════════════════════╣
[17:03:05.661] [INFO ] 
[17:03:05.661] [INFO ]     ┌─ BROWSER FINGERPRINT ────────────────────────────────────────┐
[17:03:05.661] [INFO ]     │ Browser:     CHROME v124
[17:03:05.661] [INFO ]     │ User-Agent:  Mozilla/5.0 (Windows NT 10.0; Win64; x64) AppleWebKit/537.36 (KHTML, l...
[17:03:05.661] [INFO ]     │ Viewport:    2560x1440
[17:03:05.661] [INFO ]     │ Sec-CH-UA:   (not applicable)...
[17:03:05.661] [INFO ]     ├─ LOCATION PROFILE ───────────────────────────────────────────┤
[17:03:05.661] [INFO ]     │ Location:    Dublin, Ireland
[17:03:05.661] [INFO ]     │ Timezone:    N/A
[17:03:05.661] [INFO ]     │ Locale:      en-IE
[17:03:05.661] [INFO ]     │ Geo:         0, 0
[17:03:05.661] [INFO ]     ├─ NETWORK ────────────────────────────────────────────────────┤
[17:03:05.661] [INFO ]     │ Proxy:       Direct (no proxy)
[17:03:05.661] [INFO ]     │ Referrer:    None
[17:03:05.661] [INFO ]     └──────────────────────────────────────────────────────────────┘
[17:03:05.661] [INFO ] ╚══════════════════════════════════════════════════════════════════════════╝
[17:03:05.661] [INFO ] 🛡️ Injected anti-detection scripts at context level
[17:03:05.661] [DEBUG]    └─ Canvas noise, WebGL spoof, Browser patches
[17:03:05.661] [INFO ] 
[17:03:05.661] [INFO ]     🛡️ ANTI-DETECTION SCRIPTS INJECTED (CONTEXT level)
[17:03:05.661] [INFO ]     ├─ Canvas fingerprint noise
[17:03:05.661] [INFO ]     ├─ WebGL renderer/vendor spoof
[17:03:05.661] [INFO ]     ├─ Hardware concurrency randomization
[17:03:05.661] [INFO ]     ├─ Device memory randomization
[17:03:05.661] [INFO ]     ├─ Plugin masking
[17:03:05.661] [INFO ]     ├─ WebRTC IP leak protection
[17:03:05.661] [INFO ]     ├─ Network connection spoof
[17:03:05.661] [INFO ]     └─ Battery API spoof
[17:03:05.703] [INFO ] 
[17:03:05.703] [INFO ]     🥷 STEALTH MODE APPLIED
[17:03:05.703] [INFO ]     ├─ Navigator patches (webdriver, plugins, languages)
[17:03:05.703] [INFO ]     ├─ Chrome runtime patches
[17:03:05.703] [INFO ]     ├─ Console patches
[17:03:05.703] [INFO ]     └─ Permission patches
[17:03:05.703] [INFO ] 🛡️ Injected anti-detection scripts at page level
[17:03:05.703] [DEBUG]    └─ Canvas noise, WebGL spoof, Browser patches
[17:03:05.703] [INFO ] 
[17:03:05.703] [INFO ]     🛡️ ANTI-DETECTION SCRIPTS INJECTED (PAGE level)
[17:03:05.703] [INFO ]     ├─ Canvas fingerprint noise
[17:03:05.703] [INFO ]     ├─ WebGL renderer/vendor spoof
[17:03:05.703] [INFO ]     ├─ Hardware concurrency randomization
[17:03:05.703] [INFO ]     ├─ Device memory randomization
[17:03:05.703] [INFO ]     ├─ Plugin masking
[17:03:05.703] [INFO ]     ├─ WebRTC IP leak protection
[17:03:05.703] [INFO ]     ├─ Network connection spoof
[17:03:05.703] [INFO ]     └─ Battery API spoof
[17:03:05.703] [DEBUG] Enabled resource blocking (images, media, fonts)
[17:03:05.703] [INFO ] 
[17:03:05.703] [INFO ]     🔗 NAVIGATING TO URL
[17:03:05.703] [INFO ]     ├─ Strategy:   domcontentloaded
[17:03:05.703] [INFO ]     ├─ Timeout:    15.0s
[17:03:05.703] [INFO ]     └─ Sleep:      1s after load
[17:03:09.225] [INFO ] 
[17:03:09.225] [INFO ]     ✅ PAGE LOADED
[17:03:09.225] [INFO ]     ├─ Final URL:  https://www.sgs.com/en-eg/services/iso-iec-27001-certification-information-security-cybersecurity-and-privacy-protection
[17:03:09.225] [INFO ]     ├─ Title:      ISO/IEC 27001 Certification – Information Security, Cybersecurity and Privacy Protection | SGS Egypt
[17:03:09.225] [INFO ]     └─ Load Time:  3.52s
[17:03:11.469] [INFO ] 🧑 Human behavior simulation...
[17:03:16.632] [INFO ] 🖱️ Mouse: 3 moves in 2560x1440
[17:03:16.632] [INFO ] 🖱️ Mouse completed: 3 moves
[17:03:16.632] [INFO ] 📜 Scroll: page height, viewport=1440px
[17:03:16.632] [INFO ] 📜 Scroll completed: 1 scrolls
[17:03:16.632] [INFO ] 🧑 Human behavior completed in 5.2s ✓
[17:03:16.632] [INFO ] 
[17:03:16.632] [INFO ]     🧑 HUMAN BEHAVIOR SIMULATED
[17:03:16.632] [INFO ]     ├─ Mouse Movements: 3
[17:03:16.632] [INFO ]     ├─ Scroll Actions:  1
[17:03:16.632] [INFO ]     └─ Time Spent:      5.16s
[17:03:17.436] [INFO ] 
[17:03:17.436] [INFO ]     ┌─ CONTENT METRICS ────────────────────────────────────────────┐
[17:03:17.436] [INFO ]     │ Title:            ISO/IEC 27001 Certification – Information Security
[17:03:17.436] [INFO ]     │ Final URL:        https://www.sgs.com/en-eg/services/iso-iec-27001-certification-information-security-cybersecurity-and-privacy-protection
[17:03:17.436] [INFO ]     │ HTML Size:        1,321,525 bytes
[17:03:17.436] [INFO ]     │ Text Size:        1,835 chars
[17:03:17.436] [INFO ]     │ Word Count:       ~263 words
[17:03:17.436] [INFO ]     │ Extraction:       trafilatura
[17:03:17.436] [INFO ]     │ Has Article:      ✅ Yes
[17:03:17.436] [INFO ]     └──────────────────────────────────────────────────────────────┘
[17:03:17.468] [INFO ] 
[17:03:17.468] [INFO ] ╔══════════════════════════════════════════════════════════════════════════╗
[17:03:17.468] [INFO ] ║  ✅ SCRAPE SUCCESSFUL - SCRAPE_20260129_170251_D53A
[17:03:17.468] [INFO ] ╠══════════════════════════════════════════════════════════════════════════╣
[17:03:17.468] [INFO ] 
[17:03:17.468] [INFO ]     ┌─ TIMING BREAKDOWN ───────────────────────────────────────────┐
[17:03:17.468] [INFO ]     │ Browser Launch:      0.06s
[17:03:17.468] [INFO ]     │ Page Load:           3.52s
[17:03:17.468] [INFO ]     │ Cloudflare Wait:     0.00s
[17:03:17.468] [INFO ]     │ Human Simulation:    5.16s
[17:03:17.468] [INFO ]     │
[17:03:17.468] [INFO ]     │ Content Extraction:  0.49s
[17:03:17.468] [INFO ]     │ ─────────────────────────────────────────────────────────────
[17:03:17.468] [INFO ]     │ TOTAL TIME:          9.23s
[17:03:17.468] [INFO ]     └──────────────────────────────────────────────────────────────┘
[17:03:17.468] [INFO ] 
[17:03:17.468] [INFO ]     ┌─ CONTENT METRICS ────────────────────────────────────────────┐
[17:03:17.468] [INFO ]     │ Title:            ISO/IEC 27001 Certification – Information Security
[17:03:17.468] [INFO ]     │ Final URL:        https://www.sgs.com/en-eg/services/iso-iec-27001-certification-information-security-cybersecurity-and-privacy-protection
[17:03:17.468] [INFO ]     │ HTML Size:        1,321,525 bytes
[17:03:17.468] [INFO ]     │ Text Size:        1,835 chars
[17:03:17.468] [INFO ]     │ Word Count:       ~263 words
[17:03:17.468] [INFO ]     │ Extraction:       trafilatura
[17:03:17.468] [INFO ]     │ Has Article:      ✅ Yes
[17:03:17.468] [INFO ]     └──────────────────────────────────────────────────────────────┘
[17:03:17.468] [INFO ] ╠══════════════════════════════════════════════════════════════════════════╣
[17:03:17.468] [INFO ] ║  📊 SESSION STATS
[17:03:17.468] [INFO ] ║  ├─ Strategies Tried:   domcontentloaded
[17:03:17.468] [INFO ] ║  ├─ Popups Dismissed:   0
[17:03:17.468] [INFO ] ║  ├─ Cloudflare:         Not detected
[17:03:17.468] [INFO ] ║  └─ Proxy Used:         Direct
[17:03:17.468] [INFO ] ╚══════════════════════════════════════════════════════════════════════════╝
[17:03:17.468] [INFO ] 

================================================================================
STATUS: SUCCESS
TOTAL TIME: 26.13s
ENDED: 2026-01-29T17:03:17.468641+02:00 (Egypt Time)
END OF SCRAPE LOG
================================================================================