================================================================================
SCRAPE LOG: https://www.topcertifier.com/eu-gdpr-certification-in-egypt
Started: 2026-01-29 16:40:13
Session ID: SCRAPE_20260129_164013_3378
================================================================================
[16:40:13.760] [INFO ] 📝 Scrape log: /app/data/logs/scrapes/2026-01-29_164013_topcertifier.com.log
[16:40:13.760] [DEBUG] ⏱️ Timeout set to 45s for this scrape
[16:40:14.097] [INFO ] 
[16:40:14.097] [INFO ]     🚀 BROWSER LAUNCHED
[16:40:14.097] [INFO ]     ├─ Mode:       Headless
[16:40:14.097] [INFO ]     ├─ Slow Mo:    42ms
[16:40:14.097] [INFO ]     ├─ Launch Time: 0.06s
[16:40:14.097] [INFO ]     └─ Args:       Anti-automation flags enabled
[16:40:14.114] [DEBUG] Browser profile: viewport={'width': 2560, 'height': 1440}, locale=en-US, tz=UTC
[16:40:14.114] [INFO ] 
[16:40:14.114] [INFO ] ╔══════════════════════════════════════════════════════════════════════════╗
[16:40:14.114] [INFO ] ║  📋 SESSION: SCRAPE_20260129_164013_3378
[16:40:14.114] [INFO ] ║  🌐 URL: https://www.topcertifier.com/eu-gdpr-certification-in-egypt
[16:40:14.114] [INFO ] ║  🔄 ATTEMPT: 1/2
[16:40:14.114] [INFO ] ║  ⏰ STARTED: 2026-01-29T16:40:14.114314+02:00 (Egypt Time)
[16:40:14.114] [INFO ] ╠══════════════════════════════════════════════════════════════════════════╣
[16:40:14.114] [INFO ] 
[16:40:14.114] [INFO ]     ┌─ BROWSER FINGERPRINT ────────────────────────────────────────┐
[16:40:14.114] [INFO ]     │ Browser:     CHROME v120
[16:40:14.114] [INFO ]     │ User-Agent:  Mozilla/5.0 (Macintosh; Intel Mac OS X 14_0) AppleWebKit/537.36 (KHTML...
[16:40:14.114] [INFO ]     │ Viewport:    2560x1440
[16:40:14.114] [INFO ]     │ Sec-CH-UA:   (not applicable)...
[16:40:14.114] [INFO ]     ├─ LOCATION PROFILE ───────────────────────────────────────────┤
[16:40:14.114] [INFO ]     │ Location:    Seattle, USA
[16:40:14.114] [INFO ]     │ Timezone:    N/A
[16:40:14.114] [INFO ]     │ Locale:      en-US
[16:40:14.114] [INFO ]     │ Geo:         0, 0
[16:40:14.114] [INFO ]     ├─ NETWORK ────────────────────────────────────────────────────┤
[16:40:14.114] [INFO ]     │ Proxy:       Direct (no proxy)
[16:40:14.114] [INFO ]     │ Referrer:    https://www.google.com/
[16:40:14.114] [INFO ]     └──────────────────────────────────────────────────────────────┘
[16:40:14.114] [INFO ] ╚══════════════════════════════════════════════════════════════════════════╝
[16:40:14.114] [INFO ] 🛡️ Injected anti-detection scripts at context level
[16:40:14.114] [DEBUG]    └─ Canvas noise, WebGL spoof, Browser patches
[16:40:14.114] [INFO ] 
[16:40:14.114] [INFO ]     🛡️ ANTI-DETECTION SCRIPTS INJECTED (CONTEXT level)
[16:40:14.114] [INFO ]     ├─ Canvas fingerprint noise
[16:40:14.114] [INFO ]     ├─ WebGL renderer/vendor spoof
[16:40:14.114] [INFO ]     ├─ Hardware concurrency randomization
[16:40:14.114] [INFO ]     ├─ Device memory randomization
[16:40:14.114] [INFO ]     ├─ Plugin masking
[16:40:14.114] [INFO ]     ├─ WebRTC IP leak protection
[16:40:14.114] [INFO ]     ├─ Network connection spoof
[16:40:14.114] [INFO ]     └─ Battery API spoof
[16:40:14.156] [INFO ] 
[16:40:14.156] [INFO ]     🥷 STEALTH MODE APPLIED
[16:40:14.156] [INFO ]     ├─ Navigator patches (webdriver, plugins, languages)
[16:40:14.156] [INFO ]     ├─ Chrome runtime patches
[16:40:14.156] [INFO ]     ├─ Console patches
[16:40:14.156] [INFO ]     └─ Permission patches
[16:40:14.156] [INFO ] 🛡️ Injected anti-detection scripts at page level
[16:40:14.156] [DEBUG]    └─ Canvas noise, WebGL spoof, Browser patches
[16:40:14.156] [INFO ] 
[16:40:14.156] [INFO ]     🛡️ ANTI-DETECTION SCRIPTS INJECTED (PAGE level)
[16:40:14.156] [INFO ]     ├─ Canvas fingerprint noise
[16:40:14.156] [INFO ]     ├─ WebGL renderer/vendor spoof
[16:40:14.156] [INFO ]     ├─ Hardware concurrency randomization
[16:40:14.156] [INFO ]     ├─ Device memory randomization
[16:40:14.156] [INFO ]     ├─ Plugin masking
[16:40:14.156] [INFO ]     ├─ WebRTC IP leak protection
[16:40:14.156] [INFO ]     ├─ Network connection spoof
[16:40:14.156] [INFO ]     └─ Battery API spoof
[16:40:14.156] [DEBUG] Enabled resource blocking (images, media, fonts)
[16:40:14.156] [INFO ] 
[16:40:14.156] [INFO ]     🔗 NAVIGATING TO URL
[16:40:14.156] [INFO ]     ├─ Strategy:   domcontentloaded
[16:40:14.156] [INFO ]     ├─ Timeout:    15.0s
[16:40:14.156] [INFO ]     └─ Sleep:      1s after load
[16:40:18.176] [INFO ] 
[16:40:18.176] [INFO ]     ✅ PAGE LOADED
[16:40:18.176] [INFO ]     ├─ Final URL:  https://www.topcertifier.com/eu-gdpr-certification-in-egypt
[16:40:18.176] [INFO ]     ├─ Title:      GDPR Certification in Egypt | GDPR Compliance Services | TopCertifier
[16:40:18.176] [INFO ]     └─ Load Time:  4.02s
[16:40:19.402] [INFO ] 🧑 Human behavior simulation...
[16:40:23.637] [INFO ] 🖱️ Mouse: 3 moves in 2560x1440
[16:40:23.637] [INFO ] 🖱️ Mouse completed: 3 moves
[16:40:23.637] [INFO ] 📜 Scroll: page height, viewport=1440px
[16:40:23.637] [INFO ] 📜 Scroll completed: 3 scrolls
[16:40:23.637] [INFO ] 🧑 Human behavior completed in 4.2s ✓
[16:40:23.637] [INFO ] 
[16:40:23.637] [INFO ]     🧑 HUMAN BEHAVIOR SIMULATED
[16:40:23.637] [INFO ]     ├─ Mouse Movements: 3
[16:40:23.637] [INFO ]     ├─ Scroll Actions:  3
[16:40:23.637] [INFO ]     └─ Time Spent:      4.24s
[16:40:23.995] [INFO ] 
[16:40:23.995] [INFO ]     ┌─ CONTENT METRICS ────────────────────────────────────────────┐
[16:40:23.995] [INFO ]     │ Title:            GDPR Certification in Egypt - Data Protection and 
[16:40:23.995] [INFO ]     │ Final URL:        https://www.topcertifier.com/eu-gdpr-certification-in-egypt
[16:40:23.995] [INFO ]     │ HTML Size:        112,665 bytes
[16:40:23.995] [INFO ]     │ Text Size:        8,146 chars
[16:40:23.995] [INFO ]     │ Word Count:       ~1173 words
[16:40:23.995] [INFO ]     │ Extraction:       trafilatura
[16:40:23.995] [INFO ]     │ Has Article:      ✅ Yes
[16:40:23.995] [INFO ]     └──────────────────────────────────────────────────────────────┘
[16:40:24.029] [INFO ] 
[16:40:24.029] [INFO ] ╔══════════════════════════════════════════════════════════════════════════╗
[16:40:24.029] [INFO ] ║  ✅ SCRAPE SUCCESSFUL - SCRAPE_20260129_164013_3378
[16:40:24.029] [INFO ] ╠══════════════════════════════════════════════════════════════════════════╣
[16:40:24.029] [INFO ] 
[16:40:24.029] [INFO ]     ┌─ TIMING BREAKDOWN ───────────────────────────────────────────┐
[16:40:24.029] [INFO ]     │ Browser Launch:      0.06s
[16:40:24.029] [INFO ]     │ Page Load:           4.02s
[16:40:24.029] [INFO ]     │ Cloudflare Wait:     0.00s
[16:40:24.029] [INFO ]     │ Human Simulation:    4.24s
[16:40:24.029] [INFO ]     │
[16:40:24.029] [INFO ]     │ Content Extraction:  0.22s
[16:40:24.029] [INFO ]     │ ─────────────────────────────────────────────────────────────
[16:40:24.029] [INFO ]     │ TOTAL TIME:          8.53s
[16:40:24.029] [INFO ]     └──────────────────────────────────────────────────────────────┘
[16:40:24.029] [INFO ] 
[16:40:24.029] [INFO ]     ┌─ CONTENT METRICS ────────────────────────────────────────────┐
[16:40:24.029] [INFO ]     │ Title:            GDPR Certification in Egypt - Data Protection and 
[16:40:24.029] [INFO ]     │ Final URL:        https://www.topcertifier.com/eu-gdpr-certification-in-egypt
[16:40:24.029] [INFO ]     │ HTML Size:        112,665 bytes
[16:40:24.029] [INFO ]     │ Text Size:        8,146 chars
[16:40:24.029] [INFO ]     │ Word Count:       ~1173 words
[16:40:24.029] [INFO ]     │ Extraction:       trafilatura
[16:40:24.029] [INFO ]     │ Has Article:      ✅ Yes
[16:40:24.029] [INFO ]     └──────────────────────────────────────────────────────────────┘
[16:40:24.029] [INFO ] ╠══════════════════════════════════════════════════════════════════════════╣
[16:40:24.029] [INFO ] ║  📊 SESSION STATS
[16:40:24.029] [INFO ] ║  ├─ Strategies Tried:   domcontentloaded
[16:40:24.029] [INFO ] ║  ├─ Popups Dismissed:   0
[16:40:24.029] [INFO ] ║  ├─ Cloudflare:         Not detected
[16:40:24.029] [INFO ] ║  └─ Proxy Used:         Direct
[16:40:24.029] [INFO ] ╚══════════════════════════════════════════════════════════════════════════╝
[16:40:24.029] [INFO ] 

================================================================================
STATUS: SUCCESS
TOTAL TIME: 10.27s
ENDED: 2026-01-29T16:40:24.029643+02:00 (Egypt Time)
END OF SCRAPE LOG
================================================================================