================================================================================
SCRAPE LOG: https://resourcehub.bakermckenzie.com/en/resources/global-financial-services-regulatory-guide/europe-middle-east-and-africa/egypt/topics/what-types-of-activities-require-a-license-in-your-jurisdiction
Started: 2026-01-25 15:54:16
Session ID: SCRAPE_20260125_155416_F6A5
================================================================================
[15:54:16.631] [INFO ] 📝 Scrape log: /app/data/logs/scrapes/2026-01-25_155416_resourcehub.bakermckenzie.com.log
[15:54:16.631] [DEBUG] ⏱️ Timeout set to 45s for this scrape
[15:54:16.975] [INFO ] 
[15:54:16.975] [INFO ]     🚀 BROWSER LAUNCHED
[15:54:16.975] [INFO ]     ├─ Mode:       Headless
[15:54:16.975] [INFO ]     ├─ Slow Mo:    59ms
[15:54:16.975] [INFO ]     ├─ Launch Time: 0.06s
[15:54:16.975] [INFO ]     └─ Args:       Anti-automation flags enabled
[15:54:16.996] [DEBUG] Browser profile: viewport={'width': 1920, 'height': 1080}, locale=en-US, tz=UTC
[15:54:16.996] [INFO ] 
[15:54:16.996] [INFO ] ╔══════════════════════════════════════════════════════════════════════════╗
[15:54:16.996] [INFO ] ║  📋 SESSION: SCRAPE_20260125_155416_F6A5
[15:54:16.996] [INFO ] ║  🌐 URL: https://resourcehub.bakermckenzie.com/en/resources/global-financial-services-regulatory-guide/europe-middle-east-and-africa/egypt/topics/what-types-of-activities-require-a-license-in-your-jurisdiction
[15:54:16.996] [INFO ] ║  🔄 ATTEMPT: 1/2
[15:54:16.996] [INFO ] ║  ⏰ STARTED: 2026-01-25T15:54:16.996438+02:00 (Egypt Time)
[15:54:16.996] [INFO ] ╠══════════════════════════════════════════════════════════════════════════╣
[15:54:16.996] [INFO ] 
[15:54:16.996] [INFO ]     ┌─ BROWSER FINGERPRINT ────────────────────────────────────────┐
[15:54:16.996] [INFO ]     │ Browser:     EDGE v121
[15:54:16.996] [INFO ]     │ User-Agent:  Mozilla/5.0 (Windows NT 10.0; Win64; x64) AppleWebKit/537.36 (KHTML, l...
[15:54:16.996] [INFO ]     │ Viewport:    1920x1080
[15:54:16.996] [INFO ]     │ Sec-CH-UA:   (not applicable)...
[15:54:16.996] [INFO ]     ├─ LOCATION PROFILE ───────────────────────────────────────────┤
[15:54:16.996] [INFO ]     │ Location:    Boston, USA
[15:54:16.996] [INFO ]     │ Timezone:    N/A
[15:54:16.996] [INFO ]     │ Locale:      en-US
[15:54:16.996] [INFO ]     │ Geo:         0, 0
[15:54:16.996] [INFO ]     ├─ NETWORK ────────────────────────────────────────────────────┤
[15:54:16.996] [INFO ]     │ Proxy:       Direct (no proxy)
[15:54:16.996] [INFO ]     │ Referrer:    None
[15:54:16.996] [INFO ]     └──────────────────────────────────────────────────────────────┘
[15:54:16.996] [INFO ] ╚══════════════════════════════════════════════════════════════════════════╝
[15:54:16.996] [INFO ] 🛡️ Injected anti-detection scripts at context level
[15:54:16.996] [DEBUG]    └─ Canvas noise, WebGL spoof, Browser patches
[15:54:16.996] [INFO ] 
[15:54:16.996] [INFO ]     🛡️ ANTI-DETECTION SCRIPTS INJECTED (CONTEXT level)
[15:54:16.996] [INFO ]     ├─ Canvas fingerprint noise
[15:54:16.996] [INFO ]     ├─ WebGL renderer/vendor spoof
[15:54:16.996] [INFO ]     ├─ Hardware concurrency randomization
[15:54:16.996] [INFO ]     ├─ Device memory randomization
[15:54:16.996] [INFO ]     ├─ Plugin masking
[15:54:16.996] [INFO ]     ├─ WebRTC IP leak protection
[15:54:16.996] [INFO ]     ├─ Network connection spoof
[15:54:16.996] [INFO ]     └─ Battery API spoof
[15:54:17.038] [INFO ] 
[15:54:17.038] [INFO ]     🥷 STEALTH MODE APPLIED
[15:54:17.038] [INFO ]     ├─ Navigator patches (webdriver, plugins, languages)
[15:54:17.038] [INFO ]     ├─ Chrome runtime patches
[15:54:17.038] [INFO ]     ├─ Console patches
[15:54:17.038] [INFO ]     └─ Permission patches
[15:54:17.038] [INFO ] 🛡️ Injected anti-detection scripts at page level
[15:54:17.038] [DEBUG]    └─ Canvas noise, WebGL spoof, Browser patches
[15:54:17.038] [INFO ] 
[15:54:17.038] [INFO ]     🛡️ ANTI-DETECTION SCRIPTS INJECTED (PAGE level)
[15:54:17.038] [INFO ]     ├─ Canvas fingerprint noise
[15:54:17.038] [INFO ]     ├─ WebGL renderer/vendor spoof
[15:54:17.038] [INFO ]     ├─ Hardware concurrency randomization
[15:54:17.038] [INFO ]     ├─ Device memory randomization
[15:54:17.038] [INFO ]     ├─ Plugin masking
[15:54:17.038] [INFO ]     ├─ WebRTC IP leak protection
[15:54:17.038] [INFO ]     ├─ Network connection spoof
[15:54:17.038] [INFO ]     └─ Battery API spoof
[15:54:17.038] [DEBUG] Enabled resource blocking (images, media, fonts)
[15:54:17.038] [INFO ] 
[15:54:17.038] [INFO ]     🔗 NAVIGATING TO URL
[15:54:17.038] [INFO ]     ├─ Strategy:   domcontentloaded
[15:54:17.038] [INFO ]     ├─ Timeout:    15.0s
[15:54:17.038] [INFO ]     └─ Sleep:      1s after load
[15:54:19.509] [INFO ] 
[15:54:19.509] [INFO ]     ✅ PAGE LOADED
[15:54:19.509] [INFO ]     ├─ Final URL:  https://resourcehub.bakermckenzie.com/en/resources/global-financial-services-regulatory-guide/europe-middle-east-and-africa/egypt/topics/what-types-of-activities-require-a-license-in-your-jurisdiction
[15:54:19.509] [INFO ]     ├─ Title:      3. What types of activities require a license in your jurisdiction? | Egypt | Global Financial Services Regulatory Guide | Baker McKenzie Resource Hub
[15:54:19.509] [INFO ]     └─ Load Time:  2.47s
[15:54:20.711] [INFO ] 🧑 Human behavior simulation...
[15:54:26.984] [INFO ] 🖱️ Mouse: 4 moves in 1920x1080
[15:54:26.984] [INFO ] 🖱️ Mouse completed: 4 moves
[15:54:26.984] [INFO ] 📜 Scroll: page height, viewport=1080px
[15:54:26.984] [INFO ] 📜 Scroll completed: 2 scrolls
[15:54:26.984] [INFO ] 🧑 Human behavior completed in 6.3s ✓
[15:54:26.984] [INFO ] 
[15:54:26.984] [INFO ]     🧑 HUMAN BEHAVIOR SIMULATED
[15:54:26.984] [INFO ]     ├─ Mouse Movements: 4
[15:54:26.984] [INFO ]     ├─ Scroll Actions:  2
[15:54:26.984] [INFO ]     └─ Time Spent:      6.27s
[15:54:27.177] [INFO ] 
[15:54:27.177] [INFO ]     ┌─ CONTENT METRICS ────────────────────────────────────────────┐
[15:54:27.177] [INFO ]     │ Title:            Extracted Content (Fallback)
[15:54:27.177] [INFO ]     │ Final URL:        https://resourcehub.bakermckenzie.com/en/resources/global-financial-services-regulatory-guide/europe-middle-east-and-africa/egypt/topics/what-types-of-activities-require-a-license-in-your-jurisdiction
[15:54:27.177] [INFO ]     │ HTML Size:        104,087 bytes
[15:54:27.177] [INFO ]     │ Text Size:        3,403 chars
[15:54:27.177] [INFO ]     │ Word Count:       ~518 words
[15:54:27.177] [INFO ]     │ Extraction:       fallback
[15:54:27.177] [INFO ]     │ Has Article:      ✅ Yes
[15:54:27.177] [INFO ]     └──────────────────────────────────────────────────────────────┘
[15:54:27.201] [INFO ] 
[15:54:27.201] [INFO ] ╔══════════════════════════════════════════════════════════════════════════╗
[15:54:27.201] [INFO ] ║  ✅ SCRAPE SUCCESSFUL - SCRAPE_20260125_155416_F6A5
[15:54:27.201] [INFO ] ╠══════════════════════════════════════════════════════════════════════════╣
[15:54:27.201] [INFO ] 
[15:54:27.201] [INFO ]     ┌─ TIMING BREAKDOWN ───────────────────────────────────────────┐
[15:54:27.201] [INFO ]     │ Browser Launch:      0.06s
[15:54:27.201] [INFO ]     │ Page Load:           2.47s
[15:54:27.201] [INFO ]     │ Cloudflare Wait:     0.00s
[15:54:27.201] [INFO ]     │ Human Simulation:    6.27s
[15:54:27.201] [INFO ]     │
[15:54:27.201] [INFO ]     │ Content Extraction:  0.17s
[15:54:27.201] [INFO ]     │ ─────────────────────────────────────────────────────────────
[15:54:27.201] [INFO ]     │ TOTAL TIME:          8.97s
[15:54:27.201] [INFO ]     └──────────────────────────────────────────────────────────────┘
[15:54:27.201] [INFO ] 
[15:54:27.201] [INFO ]     ┌─ CONTENT METRICS ────────────────────────────────────────────┐
[15:54:27.201] [INFO ]     │ Title:            Extracted Content (Fallback)
[15:54:27.201] [INFO ]     │ Final URL:        https://resourcehub.bakermckenzie.com/en/resources/global-financial-services-regulatory-guide/europe-middle-east-and-africa/egypt/topics/what-types-of-activities-require-a-license-in-your-jurisdiction
[15:54:27.201] [INFO ]     │ HTML Size:        104,087 bytes
[15:54:27.201] [INFO ]     │ Text Size:        3,403 chars
[15:54:27.201] [INFO ]     │ Word Count:       ~518 words
[15:54:27.201] [INFO ]     │ Extraction:       fallback
[15:54:27.201] [INFO ]     │ Has Article:      ✅ Yes
[15:54:27.201] [INFO ]     └──────────────────────────────────────────────────────────────┘
[15:54:27.201] [INFO ] ╠══════════════════════════════════════════════════════════════════════════╣
[15:54:27.201] [INFO ] ║  📊 SESSION STATS
[15:54:27.201] [INFO ] ║  ├─ Strategies Tried:   domcontentloaded
[15:54:27.201] [INFO ] ║  ├─ Popups Dismissed:   0
[15:54:27.201] [INFO ] ║  ├─ Cloudflare:         Not detected
[15:54:27.201] [INFO ] ║  └─ Proxy Used:         Direct
[15:54:27.201] [INFO ] ╚══════════════════════════════════════════════════════════════════════════╝
[15:54:27.202] [INFO ] 

================================================================================
STATUS: SUCCESS
TOTAL TIME: 10.57s
ENDED: 2026-01-25T15:54:27.202010+02:00 (Egypt Time)
END OF SCRAPE LOG
================================================================================