================================================================================
SCRAPE LOG: https://www.legal500.com/guides/chapter/egypt-fintech/?export-pdf
Started: 2026-01-26 11:51:47
Session ID: SCRAPE_20260126_115147_2816
================================================================================
[11:51:47.453] [INFO ] 📝 Scrape log: /app/data/logs/scrapes/2026-01-26_115147_legal500.com.log
[11:51:47.453] [DEBUG] ⏱️ Timeout set to 45s for this scrape
[11:51:47.796] [INFO ] 
[11:51:47.796] [INFO ]     🚀 BROWSER LAUNCHED
[11:51:47.796] [INFO ]     ├─ Mode:       Headless
[11:51:47.796] [INFO ]     ├─ Slow Mo:    59ms
[11:51:47.796] [INFO ]     ├─ Launch Time: 0.06s
[11:51:47.796] [INFO ]     └─ Args:       Anti-automation flags enabled
[11:51:47.812] [DEBUG] Browser profile: viewport={'width': 1440, 'height': 900}, locale=en-US, tz=UTC
[11:51:47.812] [INFO ] 
[11:51:47.812] [INFO ] ╔══════════════════════════════════════════════════════════════════════════╗
[11:51:47.812] [INFO ] ║  📋 SESSION: SCRAPE_20260126_115147_2816
[11:51:47.812] [INFO ] ║  🌐 URL: https://www.legal500.com/guides/chapter/egypt-fintech/?export-pdf
[11:51:47.812] [INFO ] ║  🔄 ATTEMPT: 1/2
[11:51:47.812] [INFO ] ║  ⏰ STARTED: 2026-01-26T11:51:47.812634+02:00 (Egypt Time)
[11:51:47.812] [INFO ] ╠══════════════════════════════════════════════════════════════════════════╣
[11:51:47.812] [INFO ] 
[11:51:47.812] [INFO ]     ┌─ BROWSER FINGERPRINT ────────────────────────────────────────┐
[11:51:47.812] [INFO ]     │ Browser:     FIREFOX v122
[11:51:47.812] [INFO ]     │ User-Agent:  Mozilla/5.0 (Macintosh; Intel Mac OS X 10.15; rv:122.0) Gecko/20100101...
[11:51:47.812] [INFO ]     │ Viewport:    1440x900
[11:51:47.812] [INFO ]     │ Sec-CH-UA:   (not applicable)...
[11:51:47.812] [INFO ]     ├─ LOCATION PROFILE ───────────────────────────────────────────┤
[11:51:47.812] [INFO ]     │ Location:    Phoenix, USA
[11:51:47.812] [INFO ]     │ Timezone:    N/A
[11:51:47.812] [INFO ]     │ Locale:      en-US
[11:51:47.812] [INFO ]     │ Geo:         0, 0
[11:51:47.812] [INFO ]     ├─ NETWORK ────────────────────────────────────────────────────┤
[11:51:47.812] [INFO ]     │ Proxy:       Direct (no proxy)
[11:51:47.812] [INFO ]     │ Referrer:    https://www.google.com/search?q=www+legal500+com
[11:51:47.812] [INFO ]     └──────────────────────────────────────────────────────────────┘
[11:51:47.812] [INFO ] ╚══════════════════════════════════════════════════════════════════════════╝
[11:51:47.812] [INFO ] 🛡️ Injected anti-detection scripts at context level
[11:51:47.812] [DEBUG]    └─ Canvas noise, WebGL spoof, Browser patches
[11:51:47.812] [INFO ] 
[11:51:47.812] [INFO ]     🛡️ ANTI-DETECTION SCRIPTS INJECTED (CONTEXT level)
[11:51:47.812] [INFO ]     ├─ Canvas fingerprint noise
[11:51:47.812] [INFO ]     ├─ WebGL renderer/vendor spoof
[11:51:47.812] [INFO ]     ├─ Hardware concurrency randomization
[11:51:47.812] [INFO ]     ├─ Device memory randomization
[11:51:47.812] [INFO ]     ├─ Plugin masking
[11:51:47.812] [INFO ]     ├─ WebRTC IP leak protection
[11:51:47.812] [INFO ]     ├─ Network connection spoof
[11:51:47.812] [INFO ]     └─ Battery API spoof
[11:51:47.853] [INFO ] 
[11:51:47.853] [INFO ]     🥷 STEALTH MODE APPLIED
[11:51:47.853] [INFO ]     ├─ Navigator patches (webdriver, plugins, languages)
[11:51:47.853] [INFO ]     ├─ Chrome runtime patches
[11:51:47.853] [INFO ]     ├─ Console patches
[11:51:47.853] [INFO ]     └─ Permission patches
[11:51:47.853] [INFO ] 🛡️ Injected anti-detection scripts at page level
[11:51:47.853] [DEBUG]    └─ Canvas noise, WebGL spoof, Browser patches
[11:51:47.853] [INFO ] 
[11:51:47.853] [INFO ]     🛡️ ANTI-DETECTION SCRIPTS INJECTED (PAGE level)
[11:51:47.853] [INFO ]     ├─ Canvas fingerprint noise
[11:51:47.853] [INFO ]     ├─ WebGL renderer/vendor spoof
[11:51:47.853] [INFO ]     ├─ Hardware concurrency randomization
[11:51:47.853] [INFO ]     ├─ Device memory randomization
[11:51:47.853] [INFO ]     ├─ Plugin masking
[11:51:47.853] [INFO ]     ├─ WebRTC IP leak protection
[11:51:47.853] [INFO ]     ├─ Network connection spoof
[11:51:47.853] [INFO ]     └─ Battery API spoof
[11:51:47.853] [DEBUG] Enabled resource blocking (images, media, fonts)
[11:51:47.853] [INFO ] 
[11:51:47.853] [INFO ]     🔗 NAVIGATING TO URL
[11:51:47.853] [INFO ]     ├─ Strategy:   domcontentloaded
[11:51:47.853] [INFO ]     ├─ Timeout:    15.0s
[11:51:47.853] [INFO ]     └─ Sleep:      1s after load
[11:51:52.146] [DEBUG] Enabled resource blocking (images, media, fonts)
[11:51:52.146] [INFO ] 
[11:51:52.146] [INFO ]     🔗 NAVIGATING TO URL
[11:51:52.146] [INFO ]     ├─ Strategy:   load
[11:51:52.146] [INFO ]     ├─ Timeout:    20.0s
[11:51:52.146] [INFO ]     └─ Sleep:      1s after load
[11:51:56.110] [DEBUG] Enabled resource blocking (images, media, fonts)
[11:51:56.110] [INFO ] 
[11:51:56.110] [INFO ]     🔗 NAVIGATING TO URL
[11:51:56.110] [INFO ]     ├─ Strategy:   networkidle
[11:51:56.110] [INFO ]     ├─ Timeout:    25.0s
[11:51:56.110] [INFO ]     └─ Sleep:      1s after load
[11:52:04.045] [INFO ] 
[11:52:04.045] [INFO ]     🚀 BROWSER LAUNCHED
[11:52:04.045] [INFO ]     ├─ Mode:       Headless
[11:52:04.045] [INFO ]     ├─ Slow Mo:    57ms
[11:52:04.045] [INFO ]     ├─ Launch Time: 0.06s
[11:52:04.045] [INFO ]     └─ Args:       Anti-automation flags enabled
[11:52:04.065] [DEBUG] Browser profile: viewport={'width': 1728, 'height': 1117}, locale=en-CA, tz=UTC
[11:52:04.065] [INFO ] 
[11:52:04.065] [INFO ] ╔══════════════════════════════════════════════════════════════════════════╗
[11:52:04.065] [INFO ] ║  📋 SESSION: SCRAPE_20260126_115147_2816
[11:52:04.065] [INFO ] ║  🌐 URL: https://www.legal500.com/guides/chapter/egypt-fintech/?export-pdf
[11:52:04.065] [INFO ] ║  🔄 ATTEMPT: 2/2
[11:52:04.065] [INFO ] ║  ⏰ STARTED: 2026-01-26T11:52:04.065185+02:00 (Egypt Time)
[11:52:04.065] [INFO ] ╠══════════════════════════════════════════════════════════════════════════╣
[11:52:04.065] [INFO ] 
[11:52:04.065] [INFO ]     ┌─ BROWSER FINGERPRINT ────────────────────────────────────────┐
[11:52:04.065] [INFO ]     │ Browser:     SAFARI v17
[11:52:04.065] [INFO ]     │ User-Agent:  Mozilla/5.0 (Macintosh; Intel Mac OS X 10_15_7) AppleWebKit/605.1.15 (...
[11:52:04.065] [INFO ]     │ Viewport:    1728x1117
[11:52:04.065] [INFO ]     │ Sec-CH-UA:   (not applicable)...
[11:52:04.065] [INFO ]     ├─ LOCATION PROFILE ───────────────────────────────────────────┤
[11:52:04.065] [INFO ]     │ Location:    Vancouver, Canada
[11:52:04.065] [INFO ]     │ Timezone:    N/A
[11:52:04.065] [INFO ]     │ Locale:      en-CA
[11:52:04.065] [INFO ]     │ Geo:         0, 0
[11:52:04.065] [INFO ]     ├─ NETWORK ────────────────────────────────────────────────────┤
[11:52:04.065] [INFO ]     │ Proxy:       Direct (no proxy)
[11:52:04.065] [INFO ]     │ Referrer:    None
[11:52:04.065] [INFO ]     └──────────────────────────────────────────────────────────────┘
[11:52:04.065] [INFO ] ╚══════════════════════════════════════════════════════════════════════════╝
[11:52:04.065] [INFO ] 🛡️ Injected anti-detection scripts at context level
[11:52:04.065] [DEBUG]    └─ Canvas noise, WebGL spoof, Browser patches
[11:52:04.065] [INFO ] 
[11:52:04.065] [INFO ]     🛡️ ANTI-DETECTION SCRIPTS INJECTED (CONTEXT level)
[11:52:04.065] [INFO ]     ├─ Canvas fingerprint noise
[11:52:04.065] [INFO ]     ├─ WebGL renderer/vendor spoof
[11:52:04.065] [INFO ]     ├─ Hardware concurrency randomization
[11:52:04.065] [INFO ]     ├─ Device memory randomization
[11:52:04.065] [INFO ]     ├─ Plugin masking
[11:52:04.065] [INFO ]     ├─ WebRTC IP leak protection
[11:52:04.065] [INFO ]     ├─ Network connection spoof
[11:52:04.065] [INFO ]     └─ Battery API spoof
[11:52:04.106] [INFO ] 
[11:52:04.106] [INFO ]     🥷 STEALTH MODE APPLIED
[11:52:04.106] [INFO ]     ├─ Navigator patches (webdriver, plugins, languages)
[11:52:04.106] [INFO ]     ├─ Chrome runtime patches
[11:52:04.106] [INFO ]     ├─ Console patches
[11:52:04.106] [INFO ]     └─ Permission patches
[11:52:04.106] [INFO ] 🛡️ Injected anti-detection scripts at page level
[11:52:04.106] [DEBUG]    └─ Canvas noise, WebGL spoof, Browser patches
[11:52:04.106] [INFO ] 
[11:52:04.106] [INFO ]     🛡️ ANTI-DETECTION SCRIPTS INJECTED (PAGE level)
[11:52:04.106] [INFO ]     ├─ Canvas fingerprint noise
[11:52:04.106] [INFO ]     ├─ WebGL renderer/vendor spoof
[11:52:04.106] [INFO ]     ├─ Hardware concurrency randomization
[11:52:04.106] [INFO ]     ├─ Device memory randomization
[11:52:04.106] [INFO ]     ├─ Plugin masking
[11:52:04.106] [INFO ]     ├─ WebRTC IP leak protection
[11:52:04.106] [INFO ]     ├─ Network connection spoof
[11:52:04.106] [INFO ]     └─ Battery API spoof
[11:52:04.106] [DEBUG] Enabled resource blocking (images, media, fonts)
[11:52:04.106] [INFO ] 
[11:52:04.106] [INFO ]     🔗 NAVIGATING TO URL
[11:52:04.106] [INFO ]     ├─ Strategy:   domcontentloaded
[11:52:04.106] [INFO ]     ├─ Timeout:    15.0s
[11:52:04.106] [INFO ]     └─ Sleep:      1s after load
[11:52:07.833] [DEBUG] Enabled resource blocking (images, media, fonts)
[11:52:07.833] [INFO ] 
[11:52:07.833] [INFO ]     🔗 NAVIGATING TO URL
[11:52:07.833] [INFO ]     ├─ Strategy:   load
[11:52:07.833] [INFO ]     ├─ Timeout:    20.0s
[11:52:07.833] [INFO ]     └─ Sleep:      1s after load
[11:52:12.117] [DEBUG] Enabled resource blocking (images, media, fonts)
[11:52:12.117] [INFO ] 
[11:52:12.117] [INFO ]     🔗 NAVIGATING TO URL
[11:52:12.117] [INFO ]     ├─ Strategy:   networkidle
[11:52:12.117] [INFO ]     ├─ Timeout:    25.0s
[11:52:12.117] [INFO ]     └─ Sleep:      1s after load
[11:52:16.102] [INFO ] 
[11:52:16.102] [INFO ] ╔══════════════════════════════════════════════════════════════════════════╗
[11:52:16.102] [INFO ] ║  ❌ SCRAPE FAILED - SCRAPE_20260126_115147_2816
[11:52:16.102] [INFO ] ╠══════════════════════════════════════════════════════════════════════════╣
[11:52:16.102] [INFO ] 
[11:52:16.102] [INFO ]     ┌─ FAILURE SUMMARY ────────────────────────────────────────────┐
[11:52:16.102] [INFO ]     │ URL:              https://www.legal500.com/guides/chapter/egypt-fintech/?
[11:52:16.102] [INFO ]     │ Error Type:       network
[11:52:16.102] [INFO ]     │ Likely Ban:       ❌ No
[11:52:16.102] [INFO ]     │ Retries Used:     2
[11:52:16.102] [INFO ]     │
[11:52:16.102] [INFO ]     │ Error Message:
[11:52:16.102] [INFO ]     │   Failed after 2 attempts. Last error: Page.goto: Download
[11:52:16.102] [INFO ]     │    is starting
Call log:
  - navigating to "https://www.le
[11:52:16.102] [INFO ]     │   gal500.com/guides/chapter/egypt-fintech/?export-pdf", wa
[11:52:16.102] [INFO ]     │   iting until "networkidle"

[11:52:16.102] [INFO ]     └──────────────────────────────────────────────────────────────┘
[11:52:16.102] [INFO ] 
[11:52:16.102] [INFO ]     ┌─ TIMING AT FAILURE ──────────────────────────────────────────┐
[11:52:16.102] [INFO ]     │ Browser Launch:     0.06s
[11:52:16.102] [INFO ]     │ Page Load:          0.00s
[11:52:16.102] [INFO ]     │ Cloudflare Wait:    0.00s
[11:52:16.102] [INFO ]     │ Human Simulation:   0.00s
[11:52:16.102] [INFO ]     │ ─────────────────────────────────────────────────────────────
[11:52:16.102] [INFO ]     │ FAILED AT:          0.06s
[11:52:16.102] [INFO ]     └──────────────────────────────────────────────────────────────┘
[11:52:16.102] [INFO ] 
[11:52:16.102] [INFO ]     ┌─ RECOMMENDATION ─────────────────────────────────────────────┐
[11:52:16.102] [INFO ]     │ 💡 Network connection issue
[11:52:16.102] [INFO ]     └──────────────────────────────────────────────────────────────┘
[11:52:16.102] [INFO ] 
[11:52:16.102] [INFO ] ╚══════════════════════════════════════════════════════════════════════════╝
[11:52:16.102] [INFO ] 

================================================================================
STATUS: FAILED
TOTAL TIME: 28.65s
ENDED: 2026-01-26T11:52:16.102316+02:00 (Egypt Time)
END OF SCRAPE LOG
================================================================================