================================================================================
SCRAPE LOG: https://www.rulebook.sama.gov.sa/en/node/6259
Started: 2026-02-01 12:27:09
Session ID: SCRAPE_20260201_122709_5048
================================================================================
[12:27:09.247] [INFO ] 📝 Scrape log: /app/data/logs/scrapes/2026-02-01_122709_rulebook.sama.gov.sa.log
[12:27:09.247] [DEBUG] ⏱️ Timeout set to 45s for this scrape
[12:27:09.596] [INFO ] 
[12:27:09.596] [INFO ]     🚀 BROWSER LAUNCHED
[12:27:09.596] [INFO ]     ├─ Mode:       Headless
[12:27:09.596] [INFO ]     ├─ Slow Mo:    46ms
[12:27:09.596] [INFO ]     ├─ Launch Time: 0.05s
[12:27:09.596] [INFO ]     └─ Args:       Anti-automation flags enabled
[12:27:09.616] [DEBUG] Browser profile: viewport={'width': 1600, 'height': 900}, locale=en-CA, tz=UTC
[12:27:09.616] [INFO ] 
[12:27:09.616] [INFO ] ╔══════════════════════════════════════════════════════════════════════════╗
[12:27:09.616] [INFO ] ║  📋 SESSION: SCRAPE_20260201_122709_5048
[12:27:09.616] [INFO ] ║  🌐 URL: https://www.rulebook.sama.gov.sa/en/node/6259
[12:27:09.616] [INFO ] ║  🔄 ATTEMPT: 1/2
[12:27:09.616] [INFO ] ║  ⏰ STARTED: 2026-02-01T12:27:09.616305+02:00 (Egypt Time)
[12:27:09.616] [INFO ] ╠══════════════════════════════════════════════════════════════════════════╣
[12:27:09.616] [INFO ] 
[12:27:09.616] [INFO ]     ┌─ BROWSER FINGERPRINT ────────────────────────────────────────┐
[12:27:09.616] [INFO ]     │ Browser:     CHROME v121
[12:27:09.616] [INFO ]     │ User-Agent:  Mozilla/5.0 (Windows NT 11.0; Win64; x64) AppleWebKit/537.36 (KHTML, l...
[12:27:09.616] [INFO ]     │ Viewport:    1600x900
[12:27:09.616] [INFO ]     │ Sec-CH-UA:   (not applicable)...
[12:27:09.616] [INFO ]     ├─ LOCATION PROFILE ───────────────────────────────────────────┤
[12:27:09.616] [INFO ]     │ Location:    Vancouver, Canada
[12:27:09.616] [INFO ]     │ Timezone:    N/A
[12:27:09.616] [INFO ]     │ Locale:      en-CA
[12:27:09.616] [INFO ]     │ Geo:         0, 0
[12:27:09.616] [INFO ]     ├─ NETWORK ────────────────────────────────────────────────────┤
[12:27:09.616] [INFO ]     │ Proxy:       Direct (no proxy)
[12:27:09.616] [INFO ]     │ Referrer:    https://www.google.com/search?q=www+rulebook+sama+gov+sa
[12:27:09.616] [INFO ]     └──────────────────────────────────────────────────────────────┘
[12:27:09.616] [INFO ] ╚══════════════════════════════════════════════════════════════════════════╝
[12:27:09.616] [INFO ] 🛡️ Injected anti-detection scripts at context level
[12:27:09.616] [DEBUG]    └─ Canvas noise, WebGL spoof, Browser patches
[12:27:09.616] [INFO ] 
[12:27:09.616] [INFO ]     🛡️ ANTI-DETECTION SCRIPTS INJECTED (CONTEXT level)
[12:27:09.616] [INFO ]     ├─ Canvas fingerprint noise
[12:27:09.616] [INFO ]     ├─ WebGL renderer/vendor spoof
[12:27:09.616] [INFO ]     ├─ Hardware concurrency randomization
[12:27:09.616] [INFO ]     ├─ Device memory randomization
[12:27:09.616] [INFO ]     ├─ Plugin masking
[12:27:09.616] [INFO ]     ├─ WebRTC IP leak protection
[12:27:09.616] [INFO ]     ├─ Network connection spoof
[12:27:09.616] [INFO ]     └─ Battery API spoof
[12:27:09.658] [INFO ] 
[12:27:09.658] [INFO ]     🥷 STEALTH MODE APPLIED
[12:27:09.658] [INFO ]     ├─ Navigator patches (webdriver, plugins, languages)
[12:27:09.658] [INFO ]     ├─ Chrome runtime patches
[12:27:09.658] [INFO ]     ├─ Console patches
[12:27:09.658] [INFO ]     └─ Permission patches
[12:27:09.658] [INFO ] 🛡️ Injected anti-detection scripts at page level
[12:27:09.658] [DEBUG]    └─ Canvas noise, WebGL spoof, Browser patches
[12:27:09.658] [INFO ] 
[12:27:09.659] [INFO ]     🛡️ ANTI-DETECTION SCRIPTS INJECTED (PAGE level)
[12:27:09.659] [INFO ]     ├─ Canvas fingerprint noise
[12:27:09.659] [INFO ]     ├─ WebGL renderer/vendor spoof
[12:27:09.659] [INFO ]     ├─ Hardware concurrency randomization
[12:27:09.659] [INFO ]     ├─ Device memory randomization
[12:27:09.659] [INFO ]     ├─ Plugin masking
[12:27:09.659] [INFO ]     ├─ WebRTC IP leak protection
[12:27:09.659] [INFO ]     ├─ Network connection spoof
[12:27:09.659] [INFO ]     └─ Battery API spoof
[12:27:09.659] [DEBUG] Enabled resource blocking (images, media, fonts)
[12:27:09.659] [INFO ] 
[12:27:09.659] [INFO ]     🔗 NAVIGATING TO URL
[12:27:09.659] [INFO ]     ├─ Strategy:   domcontentloaded
[12:27:09.659] [INFO ]     ├─ Timeout:    15.0s
[12:27:09.659] [INFO ]     └─ Sleep:      1s after load
[12:27:12.687] [INFO ] 
[12:27:12.687] [INFO ]     ✅ PAGE LOADED
[12:27:12.687] [INFO ]     ├─ Final URL:  https://www.rulebook.sama.gov.sa/en
[12:27:12.687] [INFO ]     ├─ Title:      Welcome to the SAMA Rulebook | SAMA Rulebook
[12:27:12.687] [INFO ]     └─ Load Time:  3.03s
[12:27:13.882] [INFO ] 🧑 Human behavior simulation...
[12:27:18.777] [INFO ] 🖱️ Mouse: 3 moves in 1600x900
[12:27:18.777] [INFO ] 🖱️ Mouse completed: 3 moves
[12:27:18.777] [INFO ] 📜 Scroll: page height, viewport=900px
[12:27:18.777] [INFO ] 📜 Scroll completed: 2 scrolls
[12:27:18.777] [INFO ] 🧑 Human behavior completed in 4.9s ✓
[12:27:18.777] [INFO ] 
[12:27:18.777] [INFO ]     🧑 HUMAN BEHAVIOR SIMULATED
[12:27:18.777] [INFO ]     ├─ Mouse Movements: 3
[12:27:18.777] [INFO ]     ├─ Scroll Actions:  2
[12:27:18.777] [INFO ]     └─ Time Spent:      4.90s
[12:27:18.913] [INFO ] 
[12:27:18.913] [INFO ]     ┌─ CONTENT METRICS ────────────────────────────────────────────┐
[12:27:18.913] [INFO ]     │ Title:            Welcome to the SAMA Rulebook
[12:27:18.913] [INFO ]     │ Final URL:        https://www.rulebook.sama.gov.sa/en
[12:27:18.913] [INFO ]     │ HTML Size:        49,300 bytes
[12:27:18.913] [INFO ]     │ Text Size:        596 chars
[12:27:18.913] [INFO ]     │ Word Count:       ~77 words
[12:27:18.913] [INFO ]     │ Extraction:       trafilatura
[12:27:18.913] [INFO ]     │ Has Article:      ✅ Yes
[12:27:18.913] [INFO ]     └──────────────────────────────────────────────────────────────┘
[12:27:18.939] [INFO ] 
[12:27:18.939] [INFO ] ╔══════════════════════════════════════════════════════════════════════════╗
[12:27:18.939] [INFO ] ║  ✅ SCRAPE SUCCESSFUL - SCRAPE_20260201_122709_5048
[12:27:18.939] [INFO ] ╠══════════════════════════════════════════════════════════════════════════╣
[12:27:18.939] [INFO ] 
[12:27:18.939] [INFO ]     ┌─ TIMING BREAKDOWN ───────────────────────────────────────────┐
[12:27:18.939] [INFO ]     │ Browser Launch:      0.05s
[12:27:18.939] [INFO ]     │ Page Load:           3.03s
[12:27:18.939] [INFO ]     │ Cloudflare Wait:     0.00s
[12:27:18.939] [INFO ]     │ Human Simulation:    4.90s
[12:27:18.939] [INFO ]     │
[12:27:18.939] [INFO ]     │ Content Extraction:  0.12s
[12:27:18.939] [INFO ]     │ ─────────────────────────────────────────────────────────────
[12:27:18.939] [INFO ]     │ TOTAL TIME:          8.09s
[12:27:18.939] [INFO ]     └──────────────────────────────────────────────────────────────┘
[12:27:18.939] [INFO ] 
[12:27:18.939] [INFO ]     ┌─ CONTENT METRICS ────────────────────────────────────────────┐
[12:27:18.939] [INFO ]     │ Title:            Welcome to the SAMA Rulebook
[12:27:18.939] [INFO ]     │ Final URL:        https://www.rulebook.sama.gov.sa/en
[12:27:18.939] [INFO ]     │ HTML Size:        49,300 bytes
[12:27:18.939] [INFO ]     │ Text Size:        596 chars
[12:27:18.939] [INFO ]     │ Word Count:       ~77 words
[12:27:18.939] [INFO ]     │ Extraction:       trafilatura
[12:27:18.939] [INFO ]     │ Has Article:      ✅ Yes
[12:27:18.939] [INFO ]     └──────────────────────────────────────────────────────────────┘
[12:27:18.939] [INFO ] ╠══════════════════════════════════════════════════════════════════════════╣
[12:27:18.939] [INFO ] ║  📊 SESSION STATS
[12:27:18.939] [INFO ] ║  ├─ Strategies Tried:   domcontentloaded
[12:27:18.939] [INFO ] ║  ├─ Popups Dismissed:   0
[12:27:18.939] [INFO ] ║  ├─ Cloudflare:         Not detected
[12:27:18.939] [INFO ] ║  └─ Proxy Used:         Direct
[12:27:18.939] [INFO ] ╚══════════════════════════════════════════════════════════════════════════╝
[12:27:18.939] [INFO ] 

================================================================================
STATUS: SUCCESS
TOTAL TIME: 9.69s
ENDED: 2026-02-01T12:27:18.939776+02:00 (Egypt Time)
END OF SCRAPE LOG
================================================================================