================================================================================
SCRAPE LOG: https://connectontech.bakermckenzie.com/egypt-important-data-protection-update/
Started: 2026-01-29 23:03:30
Session ID: SCRAPE_20260129_230330_530F
================================================================================
[23:03:30.191] [INFO ] 📝 Scrape log: /app/data/logs/scrapes/2026-01-29_230330_connectontech.bakermckenzie.com.log
[23:03:30.191] [DEBUG] ⏱️ Timeout set to 45s for this scrape
[23:03:30.552] [INFO ] 
[23:03:30.552] [INFO ]     🚀 BROWSER LAUNCHED
[23:03:30.552] [INFO ]     ├─ Mode:       Headless
[23:03:30.552] [INFO ]     ├─ Slow Mo:    56ms
[23:03:30.552] [INFO ]     ├─ Launch Time: 0.05s
[23:03:30.552] [INFO ]     └─ Args:       Anti-automation flags enabled
[23:03:30.572] [DEBUG] Browser profile: viewport={'width': 1366, 'height': 768}, locale=en-AU, tz=UTC
[23:03:30.572] [INFO ] 
[23:03:30.572] [INFO ] ╔══════════════════════════════════════════════════════════════════════════╗
[23:03:30.572] [INFO ] ║  📋 SESSION: SCRAPE_20260129_230330_530F
[23:03:30.572] [INFO ] ║  🌐 URL: https://connectontech.bakermckenzie.com/egypt-important-data-protection-update/
[23:03:30.572] [INFO ] ║  🔄 ATTEMPT: 1/2
[23:03:30.572] [INFO ] ║  ⏰ STARTED: 2026-01-29T23:03:30.572943+02:00 (Egypt Time)
[23:03:30.572] [INFO ] ╠══════════════════════════════════════════════════════════════════════════╣
[23:03:30.572] [INFO ] 
[23:03:30.572] [INFO ]     ┌─ BROWSER FINGERPRINT ────────────────────────────────────────┐
[23:03:30.572] [INFO ]     │ Browser:     CHROME v126
[23:03:30.572] [INFO ]     │ User-Agent:  Mozilla/5.0 (Windows NT 10.0; Win64; x64) AppleWebKit/537.36 (KHTML, l...
[23:03:30.572] [INFO ]     │ Viewport:    1366x768
[23:03:30.572] [INFO ]     │ Sec-CH-UA:   (not applicable)...
[23:03:30.572] [INFO ]     ├─ LOCATION PROFILE ───────────────────────────────────────────┤
[23:03:30.572] [INFO ]     │ Location:    Brisbane, Australia
[23:03:30.572] [INFO ]     │ Timezone:    N/A
[23:03:30.572] [INFO ]     │ Locale:      en-AU
[23:03:30.573] [INFO ]     │ Geo:         0, 0
[23:03:30.573] [INFO ]     ├─ NETWORK ────────────────────────────────────────────────────┤
[23:03:30.573] [INFO ]     │ Proxy:       Direct (no proxy)
[23:03:30.573] [INFO ]     │ Referrer:    https://www.facebook.com/
[23:03:30.573] [INFO ]     └──────────────────────────────────────────────────────────────┘
[23:03:30.573] [INFO ] ╚══════════════════════════════════════════════════════════════════════════╝
[23:03:30.573] [INFO ] 🛡️ Injected anti-detection scripts at context level
[23:03:30.573] [DEBUG]    └─ Canvas noise, WebGL spoof, Browser patches
[23:03:30.573] [INFO ] 
[23:03:30.573] [INFO ]     🛡️ ANTI-DETECTION SCRIPTS INJECTED (CONTEXT level)
[23:03:30.573] [INFO ]     ├─ Canvas fingerprint noise
[23:03:30.573] [INFO ]     ├─ WebGL renderer/vendor spoof
[23:03:30.573] [INFO ]     ├─ Hardware concurrency randomization
[23:03:30.573] [INFO ]     ├─ Device memory randomization
[23:03:30.573] [INFO ]     ├─ Plugin masking
[23:03:30.573] [INFO ]     ├─ WebRTC IP leak protection
[23:03:30.573] [INFO ]     ├─ Network connection spoof
[23:03:30.573] [INFO ]     └─ Battery API spoof
[23:03:30.613] [INFO ] 
[23:03:30.613] [INFO ]     🥷 STEALTH MODE APPLIED
[23:03:30.613] [INFO ]     ├─ Navigator patches (webdriver, plugins, languages)
[23:03:30.613] [INFO ]     ├─ Chrome runtime patches
[23:03:30.613] [INFO ]     ├─ Console patches
[23:03:30.613] [INFO ]     └─ Permission patches
[23:03:30.613] [INFO ] 🛡️ Injected anti-detection scripts at page level
[23:03:30.613] [DEBUG]    └─ Canvas noise, WebGL spoof, Browser patches
[23:03:30.613] [INFO ] 
[23:03:30.613] [INFO ]     🛡️ ANTI-DETECTION SCRIPTS INJECTED (PAGE level)
[23:03:30.613] [INFO ]     ├─ Canvas fingerprint noise
[23:03:30.613] [INFO ]     ├─ WebGL renderer/vendor spoof
[23:03:30.613] [INFO ]     ├─ Hardware concurrency randomization
[23:03:30.613] [INFO ]     ├─ Device memory randomization
[23:03:30.613] [INFO ]     ├─ Plugin masking
[23:03:30.613] [INFO ]     ├─ WebRTC IP leak protection
[23:03:30.613] [INFO ]     ├─ Network connection spoof
[23:03:30.613] [INFO ]     └─ Battery API spoof
[23:03:30.613] [DEBUG] Enabled resource blocking (images, media, fonts)
[23:03:30.613] [INFO ] 
[23:03:30.613] [INFO ]     🔗 NAVIGATING TO URL
[23:03:30.613] [INFO ]     ├─ Strategy:   domcontentloaded
[23:03:30.613] [INFO ]     ├─ Timeout:    15.0s
[23:03:30.613] [INFO ]     └─ Sleep:      1s after load
[23:03:33.890] [INFO ] 
[23:03:33.890] [INFO ]     ✅ PAGE LOADED
[23:03:33.890] [INFO ]     ├─ Final URL:  https://connectontech.bakermckenzie.com/egypt-important-data-protection-update/
[23:03:33.890] [INFO ]     ├─ Title:      Egypt: Important Data Protection Update - Connect On Tech
[23:03:33.890] [INFO ]     └─ Load Time:  3.28s
[23:03:35.093] [INFO ] 🧑 Human behavior simulation...
[23:03:39.626] [INFO ] 🖱️ Mouse: 2 moves in 1366x768
[23:03:39.626] [INFO ] 🖱️ Mouse completed: 2 moves
[23:03:39.626] [INFO ] 📜 Scroll: page height, viewport=768px
[23:03:39.626] [INFO ] 📜 Scroll completed: 2 scrolls
[23:03:39.626] [INFO ] 🧑 Human behavior completed in 4.5s ✓
[23:03:39.626] [INFO ] 
[23:03:39.626] [INFO ]     🧑 HUMAN BEHAVIOR SIMULATED
[23:03:39.626] [INFO ]     ├─ Mouse Movements: 2
[23:03:39.626] [INFO ]     ├─ Scroll Actions:  2
[23:03:39.626] [INFO ]     └─ Time Spent:      4.53s
[23:03:39.752] [INFO ] 
[23:03:39.752] [INFO ]     ┌─ CONTENT METRICS ────────────────────────────────────────────┐
[23:03:39.752] [INFO ]     │ Title:            Egypt: Important Data Protection Update
[23:03:39.752] [INFO ]     │ Final URL:        https://connectontech.bakermckenzie.com/egypt-important-data-protection-update/
[23:03:39.752] [INFO ]     │ HTML Size:        94,317 bytes
[23:03:39.752] [INFO ]     │ Text Size:        13,163 chars
[23:03:39.752] [INFO ]     │ Word Count:       ~1976 words
[23:03:39.752] [INFO ]     │ Extraction:       trafilatura
[23:03:39.752] [INFO ]     │ Has Article:      ✅ Yes
[23:03:39.752] [INFO ]     └──────────────────────────────────────────────────────────────┘
[23:03:39.777] [INFO ] 
[23:03:39.777] [INFO ] ╔══════════════════════════════════════════════════════════════════════════╗
[23:03:39.777] [INFO ] ║  ✅ SCRAPE SUCCESSFUL - SCRAPE_20260129_230330_530F
[23:03:39.777] [INFO ] ╠══════════════════════════════════════════════════════════════════════════╣
[23:03:39.777] [INFO ] 
[23:03:39.777] [INFO ]     ┌─ TIMING BREAKDOWN ───────────────────────────────────────────┐
[23:03:39.777] [INFO ]     │ Browser Launch:      0.05s
[23:03:39.777] [INFO ]     │ Page Load:           3.28s
[23:03:39.777] [INFO ]     │ Cloudflare Wait:     0.00s
[23:03:39.777] [INFO ]     │ Human Simulation:    4.53s
[23:03:39.777] [INFO ]     │
[23:03:39.777] [INFO ]     │ Content Extraction:  0.05s
[23:03:39.777] [INFO ]     │ ─────────────────────────────────────────────────────────────
[23:03:39.777] [INFO ]     │ TOTAL TIME:          7.92s
[23:03:39.777] [INFO ]     └──────────────────────────────────────────────────────────────┘
[23:03:39.777] [INFO ] 
[23:03:39.777] [INFO ]     ┌─ CONTENT METRICS ────────────────────────────────────────────┐
[23:03:39.777] [INFO ]     │ Title:            Egypt: Important Data Protection Update
[23:03:39.777] [INFO ]     │ Final URL:        https://connectontech.bakermckenzie.com/egypt-important-data-protection-update/
[23:03:39.777] [INFO ]     │ HTML Size:        94,317 bytes
[23:03:39.777] [INFO ]     │ Text Size:        13,163 chars
[23:03:39.777] [INFO ]     │ Word Count:       ~1976 words
[23:03:39.777] [INFO ]     │ Extraction:       trafilatura
[23:03:39.777] [INFO ]     │ Has Article:      ✅ Yes
[23:03:39.777] [INFO ]     └──────────────────────────────────────────────────────────────┘
[23:03:39.777] [INFO ] ╠══════════════════════════════════════════════════════════════════════════╣
[23:03:39.777] [INFO ] ║  📊 SESSION STATS
[23:03:39.777] [INFO ] ║  ├─ Strategies Tried:   domcontentloaded
[23:03:39.777] [INFO ] ║  ├─ Popups Dismissed:   0
[23:03:39.777] [INFO ] ║  ├─ Cloudflare:         Not detected
[23:03:39.777] [INFO ] ║  └─ Proxy Used:         Direct
[23:03:39.777] [INFO ] ╚══════════════════════════════════════════════════════════════════════════╝
[23:03:39.777] [INFO ] 

================================================================================
STATUS: SUCCESS
TOTAL TIME: 9.59s
ENDED: 2026-01-29T23:03:39.777745+02:00 (Egypt Time)
END OF SCRAPE LOG
================================================================================