================================================================================
SCRAPE LOG: https://www.ibm.com/products/cloud/compliance/iso-27001
Started: 2026-01-26 13:23:01
Session ID: SCRAPE_20260126_132301_285F
================================================================================
[13:23:01.351] [INFO ] 📝 Scrape log: /app/data/logs/scrapes/2026-01-26_132301_ibm.com.log
[13:23:01.351] [DEBUG] ⏱️ Timeout set to 45s for this scrape
[13:23:01.697] [INFO ] 
[13:23:01.697] [INFO ]     🚀 BROWSER LAUNCHED
[13:23:01.697] [INFO ]     ├─ Mode:       Headless
[13:23:01.697] [INFO ]     ├─ Slow Mo:    55ms
[13:23:01.697] [INFO ]     ├─ Launch Time: 0.06s
[13:23:01.697] [INFO ]     └─ Args:       Anti-automation flags enabled
[13:23:01.715] [DEBUG] Browser profile: viewport={'width': 1680, 'height': 1050}, locale=en-AU, tz=UTC
[13:23:01.715] [INFO ] 
[13:23:01.715] [INFO ] ╔══════════════════════════════════════════════════════════════════════════╗
[13:23:01.715] [INFO ] ║  📋 SESSION: SCRAPE_20260126_132301_285F
[13:23:01.715] [INFO ] ║  🌐 URL: https://www.ibm.com/products/cloud/compliance/iso-27001
[13:23:01.715] [INFO ] ║  🔄 ATTEMPT: 1/2
[13:23:01.715] [INFO ] ║  ⏰ STARTED: 2026-01-26T13:23:01.715349+02:00 (Egypt Time)
[13:23:01.715] [INFO ] ╠══════════════════════════════════════════════════════════════════════════╣
[13:23:01.715] [INFO ] 
[13:23:01.715] [INFO ]     ┌─ BROWSER FINGERPRINT ────────────────────────────────────────┐
[13:23:01.715] [INFO ]     │ Browser:     FIREFOX v124
[13:23:01.715] [INFO ]     │ User-Agent:  Mozilla/5.0 (Windows NT 10.0; Win64; x64; rv:124.0) Gecko/20100101 Fir...
[13:23:01.715] [INFO ]     │ Viewport:    1680x1050
[13:23:01.715] [INFO ]     │ Sec-CH-UA:   (not applicable)...
[13:23:01.715] [INFO ]     ├─ LOCATION PROFILE ───────────────────────────────────────────┤
[13:23:01.715] [INFO ]     │ Location:    Sydney, Australia
[13:23:01.715] [INFO ]     │ Timezone:    N/A
[13:23:01.715] [INFO ]     │ Locale:      en-AU
[13:23:01.715] [INFO ]     │ Geo:         0, 0
[13:23:01.715] [INFO ]     ├─ NETWORK ────────────────────────────────────────────────────┤
[13:23:01.715] [INFO ]     │ Proxy:       Direct (no proxy)
[13:23:01.715] [INFO ]     │ Referrer:    https://www.google.com/
[13:23:01.715] [INFO ]     └──────────────────────────────────────────────────────────────┘
[13:23:01.715] [INFO ] ╚══════════════════════════════════════════════════════════════════════════╝
[13:23:01.715] [INFO ] 🛡️ Injected anti-detection scripts at context level
[13:23:01.715] [DEBUG]    └─ Canvas noise, WebGL spoof, Browser patches
[13:23:01.715] [INFO ] 
[13:23:01.715] [INFO ]     🛡️ ANTI-DETECTION SCRIPTS INJECTED (CONTEXT level)
[13:23:01.715] [INFO ]     ├─ Canvas fingerprint noise
[13:23:01.715] [INFO ]     ├─ WebGL renderer/vendor spoof
[13:23:01.715] [INFO ]     ├─ Hardware concurrency randomization
[13:23:01.715] [INFO ]     ├─ Device memory randomization
[13:23:01.715] [INFO ]     ├─ Plugin masking
[13:23:01.715] [INFO ]     ├─ WebRTC IP leak protection
[13:23:01.715] [INFO ]     ├─ Network connection spoof
[13:23:01.715] [INFO ]     └─ Battery API spoof
[13:23:01.758] [INFO ] 
[13:23:01.758] [INFO ]     🥷 STEALTH MODE APPLIED
[13:23:01.758] [INFO ]     ├─ Navigator patches (webdriver, plugins, languages)
[13:23:01.758] [INFO ]     ├─ Chrome runtime patches
[13:23:01.758] [INFO ]     ├─ Console patches
[13:23:01.758] [INFO ]     └─ Permission patches
[13:23:01.758] [INFO ] 🛡️ Injected anti-detection scripts at page level
[13:23:01.758] [DEBUG]    └─ Canvas noise, WebGL spoof, Browser patches
[13:23:01.759] [INFO ] 
[13:23:01.759] [INFO ]     🛡️ ANTI-DETECTION SCRIPTS INJECTED (PAGE level)
[13:23:01.759] [INFO ]     ├─ Canvas fingerprint noise
[13:23:01.759] [INFO ]     ├─ WebGL renderer/vendor spoof
[13:23:01.759] [INFO ]     ├─ Hardware concurrency randomization
[13:23:01.759] [INFO ]     ├─ Device memory randomization
[13:23:01.759] [INFO ]     ├─ Plugin masking
[13:23:01.759] [INFO ]     ├─ WebRTC IP leak protection
[13:23:01.759] [INFO ]     ├─ Network connection spoof
[13:23:01.759] [INFO ]     └─ Battery API spoof
[13:23:01.759] [DEBUG] Enabled resource blocking (images, media, fonts)
[13:23:01.759] [INFO ] 
[13:23:01.759] [INFO ]     🔗 NAVIGATING TO URL
[13:23:01.759] [INFO ]     ├─ Strategy:   domcontentloaded
[13:23:01.759] [INFO ]     ├─ Timeout:    15.0s
[13:23:01.759] [INFO ]     └─ Sleep:      1s after load
[13:23:05.635] [INFO ] 
[13:23:05.635] [INFO ]     ✅ PAGE LOADED
[13:23:05.635] [INFO ]     ├─ Final URL:  https://www.ibm.com/products/cloud/compliance/iso-27001
[13:23:05.635] [INFO ]     ├─ Title:      What is ISO/IEC 27001? | IBM
[13:23:05.635] [INFO ]     └─ Load Time:  3.88s
[13:23:08.793] [INFO ] 🧑 Human behavior simulation...
[13:23:12.280] [INFO ] 🖱️ Mouse: 2 moves in 1680x1050
[13:23:12.280] [INFO ] 🖱️ Mouse completed: 2 moves
[13:23:12.280] [INFO ] 📜 Scroll: page height, viewport=1050px
[13:23:12.280] [INFO ] 📜 Scroll completed: 1 scrolls
[13:23:12.280] [INFO ] 🧑 Human behavior completed in 3.5s ✓
[13:23:12.280] [INFO ] 
[13:23:12.280] [INFO ]     🧑 HUMAN BEHAVIOR SIMULATED
[13:23:12.280] [INFO ]     ├─ Mouse Movements: 2
[13:23:12.280] [INFO ]     ├─ Scroll Actions:  1
[13:23:12.280] [INFO ]     └─ Time Spent:      3.49s
[13:23:12.546] [INFO ] 
[13:23:12.546] [INFO ]     ┌─ CONTENT METRICS ────────────────────────────────────────────┐
[13:23:12.546] [INFO ]     │ Title:            What is ISO/IEC 27001? | IBM
[13:23:12.546] [INFO ]     │ Final URL:        https://www.ibm.com/products/cloud/compliance/iso-27001
[13:23:12.546] [INFO ]     │ HTML Size:        301,471 bytes
[13:23:12.546] [INFO ]     │ Text Size:        5,354 chars
[13:23:12.546] [INFO ]     │ Word Count:       ~756 words
[13:23:12.546] [INFO ]     │ Extraction:       trafilatura
[13:23:12.546] [INFO ]     │ Has Article:      ✅ Yes
[13:23:12.546] [INFO ]     └──────────────────────────────────────────────────────────────┘
[13:23:12.587] [INFO ] 
[13:23:12.587] [INFO ] ╔══════════════════════════════════════════════════════════════════════════╗
[13:23:12.587] [INFO ] ║  ✅ SCRAPE SUCCESSFUL - SCRAPE_20260126_132301_285F
[13:23:12.587] [INFO ] ╠══════════════════════════════════════════════════════════════════════════╣
[13:23:12.587] [INFO ] 
[13:23:12.587] [INFO ]     ┌─ TIMING BREAKDOWN ───────────────────────────────────────────┐
[13:23:12.587] [INFO ]     │ Browser Launch:      0.06s
[13:23:12.587] [INFO ]     │ Page Load:           3.88s
[13:23:12.587] [INFO ]     │ Cloudflare Wait:     0.00s
[13:23:12.587] [INFO ]     │ Human Simulation:    3.49s
[13:23:12.587] [INFO ]     │
[13:23:12.587] [INFO ]     │ Content Extraction:  0.09s
[13:23:12.587] [INFO ]     │ ─────────────────────────────────────────────────────────────
[13:23:12.587] [INFO ]     │ TOTAL TIME:          7.51s
[13:23:12.587] [INFO ]     └──────────────────────────────────────────────────────────────┘
[13:23:12.587] [INFO ] 
[13:23:12.587] [INFO ]     ┌─ CONTENT METRICS ────────────────────────────────────────────┐
[13:23:12.587] [INFO ]     │ Title:            What is ISO/IEC 27001? | IBM
[13:23:12.587] [INFO ]     │ Final URL:        https://www.ibm.com/products/cloud/compliance/iso-27001
[13:23:12.587] [INFO ]     │ HTML Size:        301,471 bytes
[13:23:12.587] [INFO ]     │ Text Size:        5,354 chars
[13:23:12.587] [INFO ]     │ Word Count:       ~756 words
[13:23:12.587] [INFO ]     │ Extraction:       trafilatura
[13:23:12.587] [INFO ]     │ Has Article:      ✅ Yes
[13:23:12.587] [INFO ]     └──────────────────────────────────────────────────────────────┘
[13:23:12.587] [INFO ] ╠══════════════════════════════════════════════════════════════════════════╣
[13:23:12.587] [INFO ] ║  📊 SESSION STATS
[13:23:12.587] [INFO ] ║  ├─ Strategies Tried:   domcontentloaded
[13:23:12.587] [INFO ] ║  ├─ Popups Dismissed:   0
[13:23:12.587] [INFO ] ║  ├─ Cloudflare:         Not detected
[13:23:12.587] [INFO ] ║  └─ Proxy Used:         Direct
[13:23:12.587] [INFO ] ╚══════════════════════════════════════════════════════════════════════════╝
[13:23:12.587] [INFO ] 

================================================================================
STATUS: SUCCESS
TOTAL TIME: 11.24s
ENDED: 2026-01-26T13:23:12.587628+02:00 (Egypt Time)
END OF SCRAPE LOG
================================================================================