================================================================================
SCRAPE LOG: https://www.proofpoint.com/us/threat-reference/gdpr
Started: 2026-01-28 12:40:06
Session ID: SCRAPE_20260128_124006_ABA4
================================================================================
[12:40:06.263] [INFO ] 📝 Scrape log: /app/data/logs/scrapes/2026-01-28_124006_proofpoint.com.log
[12:40:06.264] [DEBUG] ⏱️ Timeout set to 45s for this scrape
[12:40:06.602] [INFO ] 
[12:40:06.602] [INFO ]     🚀 BROWSER LAUNCHED
[12:40:06.602] [INFO ]     ├─ Mode:       Headless
[12:40:06.602] [INFO ]     ├─ Slow Mo:    53ms
[12:40:06.602] [INFO ]     ├─ Launch Time: 0.06s
[12:40:06.603] [INFO ]     └─ Args:       Anti-automation flags enabled
[12:40:06.619] [DEBUG] Browser profile: viewport={'width': 1512, 'height': 982}, locale=en-GB, tz=UTC
[12:40:06.619] [INFO ] 
[12:40:06.619] [INFO ] ╔══════════════════════════════════════════════════════════════════════════╗
[12:40:06.619] [INFO ] ║  📋 SESSION: SCRAPE_20260128_124006_ABA4
[12:40:06.619] [INFO ] ║  🌐 URL: https://www.proofpoint.com/us/threat-reference/gdpr
[12:40:06.619] [INFO ] ║  🔄 ATTEMPT: 1/2
[12:40:06.619] [INFO ] ║  ⏰ STARTED: 2026-01-28T12:40:06.619693+02:00 (Egypt Time)
[12:40:06.619] [INFO ] ╠══════════════════════════════════════════════════════════════════════════╣
[12:40:06.619] [INFO ] 
[12:40:06.619] [INFO ]     ┌─ BROWSER FINGERPRINT ────────────────────────────────────────┐
[12:40:06.619] [INFO ]     │ Browser:     OPERA v106
[12:40:06.619] [INFO ]     │ User-Agent:  Mozilla/5.0 (Macintosh; Intel Mac OS X 10_15_7) AppleWebKit/537.36 (KH...
[12:40:06.619] [INFO ]     │ Viewport:    1512x982
[12:40:06.619] [INFO ]     │ Sec-CH-UA:   (not applicable)...
[12:40:06.619] [INFO ]     ├─ LOCATION PROFILE ───────────────────────────────────────────┤
[12:40:06.619] [INFO ]     │ Location:    Birmingham, UK
[12:40:06.619] [INFO ]     │ Timezone:    N/A
[12:40:06.619] [INFO ]     │ Locale:      en-GB
[12:40:06.619] [INFO ]     │ Geo:         0, 0
[12:40:06.619] [INFO ]     ├─ NETWORK ────────────────────────────────────────────────────┤
[12:40:06.619] [INFO ]     │ Proxy:       Direct (no proxy)
[12:40:06.619] [INFO ]     │ Referrer:    None
[12:40:06.619] [INFO ]     └──────────────────────────────────────────────────────────────┘
[12:40:06.619] [INFO ] ╚══════════════════════════════════════════════════════════════════════════╝
[12:40:06.619] [INFO ] 🛡️ Injected anti-detection scripts at context level
[12:40:06.619] [DEBUG]    └─ Canvas noise, WebGL spoof, Browser patches
[12:40:06.619] [INFO ] 
[12:40:06.619] [INFO ]     🛡️ ANTI-DETECTION SCRIPTS INJECTED (CONTEXT level)
[12:40:06.619] [INFO ]     ├─ Canvas fingerprint noise
[12:40:06.619] [INFO ]     ├─ WebGL renderer/vendor spoof
[12:40:06.619] [INFO ]     ├─ Hardware concurrency randomization
[12:40:06.619] [INFO ]     ├─ Device memory randomization
[12:40:06.619] [INFO ]     ├─ Plugin masking
[12:40:06.619] [INFO ]     ├─ WebRTC IP leak protection
[12:40:06.619] [INFO ]     ├─ Network connection spoof
[12:40:06.619] [INFO ]     └─ Battery API spoof
[12:40:06.664] [INFO ] 
[12:40:06.664] [INFO ]     🥷 STEALTH MODE APPLIED
[12:40:06.664] [INFO ]     ├─ Navigator patches (webdriver, plugins, languages)
[12:40:06.664] [INFO ]     ├─ Chrome runtime patches
[12:40:06.664] [INFO ]     ├─ Console patches
[12:40:06.664] [INFO ]     └─ Permission patches
[12:40:06.664] [INFO ] 🛡️ Injected anti-detection scripts at page level
[12:40:06.664] [DEBUG]    └─ Canvas noise, WebGL spoof, Browser patches
[12:40:06.664] [INFO ] 
[12:40:06.664] [INFO ]     🛡️ ANTI-DETECTION SCRIPTS INJECTED (PAGE level)
[12:40:06.664] [INFO ]     ├─ Canvas fingerprint noise
[12:40:06.664] [INFO ]     ├─ WebGL renderer/vendor spoof
[12:40:06.664] [INFO ]     ├─ Hardware concurrency randomization
[12:40:06.664] [INFO ]     ├─ Device memory randomization
[12:40:06.664] [INFO ]     ├─ Plugin masking
[12:40:06.664] [INFO ]     ├─ WebRTC IP leak protection
[12:40:06.664] [INFO ]     ├─ Network connection spoof
[12:40:06.664] [INFO ]     └─ Battery API spoof
[12:40:06.664] [DEBUG] Enabled resource blocking (images, media, fonts)
[12:40:06.664] [INFO ] 
[12:40:06.664] [INFO ]     🔗 NAVIGATING TO URL
[12:40:06.664] [INFO ]     ├─ Strategy:   domcontentloaded
[12:40:06.664] [INFO ]     ├─ Timeout:    15.0s
[12:40:06.664] [INFO ]     └─ Sleep:      1s after load
[12:40:08.314] [INFO ] 
[12:40:08.314] [INFO ]     ✅ PAGE LOADED
[12:40:08.314] [INFO ]     ├─ Final URL:  https://www.proofpoint.com/us/threat-reference/gdpr
[12:40:08.314] [INFO ]     ├─ Title:      What Is GDPR? - Meaning & Compliance Checklist | Proofpoint US
[12:40:08.314] [INFO ]     └─ Load Time:  1.65s
[12:40:09.757] [INFO ] 🧑 Human behavior simulation...
[12:40:14.754] [INFO ] 🖱️ Mouse: 2 moves in 1512x982
[12:40:14.754] [INFO ] 🖱️ Mouse completed: 2 moves
[12:40:14.754] [INFO ] 📜 Scroll: page height, viewport=982px
[12:40:14.754] [INFO ] 📜 Scroll completed: 3 scrolls
[12:40:14.754] [INFO ] 🧑 Human behavior completed in 5.0s ✓
[12:40:14.754] [INFO ] 
[12:40:14.754] [INFO ]     🧑 HUMAN BEHAVIOR SIMULATED
[12:40:14.754] [INFO ]     ├─ Mouse Movements: 2
[12:40:14.754] [INFO ]     ├─ Scroll Actions:  3
[12:40:14.754] [INFO ]     └─ Time Spent:      5.00s
[12:40:15.017] [INFO ] 
[12:40:15.017] [INFO ]     ┌─ CONTENT METRICS ────────────────────────────────────────────┐
[12:40:15.017] [INFO ]     │ Title:            What Is GDPR? - Meaning & Compliance Checklist | P
[12:40:15.017] [INFO ]     │ Final URL:        https://www.proofpoint.com/us/threat-reference/gdpr
[12:40:15.017] [INFO ]     │ HTML Size:        252,659 bytes
[12:40:15.017] [INFO ]     │ Text Size:        10,425 chars
[12:40:15.017] [INFO ]     │ Word Count:       ~1641 words
[12:40:15.017] [INFO ]     │ Extraction:       trafilatura
[12:40:15.017] [INFO ]     │ Has Article:      ✅ Yes
[12:40:15.017] [INFO ]     └──────────────────────────────────────────────────────────────┘
[12:40:15.049] [INFO ] 
[12:40:15.049] [INFO ] ╔══════════════════════════════════════════════════════════════════════════╗
[12:40:15.049] [INFO ] ║  ✅ SCRAPE SUCCESSFUL - SCRAPE_20260128_124006_ABA4
[12:40:15.049] [INFO ] ╠══════════════════════════════════════════════════════════════════════════╣
[12:40:15.049] [INFO ] 
[12:40:15.049] [INFO ]     ┌─ TIMING BREAKDOWN ───────────────────────────────────────────┐
[12:40:15.049] [INFO ]     │ Browser Launch:      0.06s
[12:40:15.049] [INFO ]     │ Page Load:           1.65s
[12:40:15.049] [INFO ]     │ Cloudflare Wait:     0.00s
[12:40:15.049] [INFO ]     │ Human Simulation:    5.00s
[12:40:15.049] [INFO ]     │
[12:40:15.049] [INFO ]     │ Content Extraction:  0.12s
[12:40:15.049] [INFO ]     │ ─────────────────────────────────────────────────────────────
[12:40:15.049] [INFO ]     │ TOTAL TIME:          6.83s
[12:40:15.049] [INFO ]     └──────────────────────────────────────────────────────────────┘
[12:40:15.049] [INFO ] 
[12:40:15.049] [INFO ]     ┌─ CONTENT METRICS ────────────────────────────────────────────┐
[12:40:15.049] [INFO ]     │ Title:            What Is GDPR? - Meaning & Compliance Checklist | P
[12:40:15.049] [INFO ]     │ Final URL:        https://www.proofpoint.com/us/threat-reference/gdpr
[12:40:15.049] [INFO ]     │ HTML Size:        252,659 bytes
[12:40:15.049] [INFO ]     │ Text Size:        10,425 chars
[12:40:15.049] [INFO ]     │ Word Count:       ~1641 words
[12:40:15.049] [INFO ]     │ Extraction:       trafilatura
[12:40:15.049] [INFO ]     │ Has Article:      ✅ Yes
[12:40:15.049] [INFO ]     └──────────────────────────────────────────────────────────────┘
[12:40:15.049] [INFO ] ╠══════════════════════════════════════════════════════════════════════════╣
[12:40:15.049] [INFO ] ║  📊 SESSION STATS
[12:40:15.049] [INFO ] ║  ├─ Strategies Tried:   domcontentloaded
[12:40:15.049] [INFO ] ║  ├─ Popups Dismissed:   0
[12:40:15.049] [INFO ] ║  ├─ Cloudflare:         Not detected
[12:40:15.049] [INFO ] ║  └─ Proxy Used:         Direct
[12:40:15.049] [INFO ] ╚══════════════════════════════════════════════════════════════════════════╝
[12:40:15.049] [INFO ] 

================================================================================
STATUS: SUCCESS
TOTAL TIME: 8.79s
ENDED: 2026-01-28T12:40:15.049729+02:00 (Egypt Time)
END OF SCRAPE LOG
================================================================================