================================================================================
SCRAPE LOG: https://www.kaggle.com/datasets/thedevastator/airbnb-prices-in-european-cities/data?select=amsterdam_weekends.csv
Started: 2026-01-25 13:44:33
Session ID: SCRAPE_20260125_134433_FD4B
================================================================================
[13:44:33.888] [INFO ] 📝 Scrape log: /app/data/logs/scrapes/2026-01-25_134433_kaggle.com.log
[13:44:33.888] [DEBUG] ⏱️ Timeout set to 45s for this scrape
[13:44:34.226] [INFO ] 
[13:44:34.226] [INFO ]     🚀 BROWSER LAUNCHED
[13:44:34.226] [INFO ]     ├─ Mode:       Headless
[13:44:34.226] [INFO ]     ├─ Slow Mo:    47ms
[13:44:34.226] [INFO ]     ├─ Launch Time: 0.05s
[13:44:34.226] [INFO ]     └─ Args:       Anti-automation flags enabled
[13:44:34.245] [DEBUG] Browser profile: viewport={'width': 1728, 'height': 1117}, locale=en-IE, tz=UTC
[13:44:34.245] [INFO ] 
[13:44:34.245] [INFO ] ╔══════════════════════════════════════════════════════════════════════════╗
[13:44:34.245] [INFO ] ║  📋 SESSION: SCRAPE_20260125_134433_FD4B
[13:44:34.245] [INFO ] ║  🌐 URL: https://www.kaggle.com/datasets/thedevastator/airbnb-prices-in-european-cities/data?select=amsterdam_weekends.csv
[13:44:34.245] [INFO ] ║  🔄 ATTEMPT: 1/2
[13:44:34.245] [INFO ] ║  ⏰ STARTED: 2026-01-25T13:44:34.245171+02:00 (Egypt Time)
[13:44:34.245] [INFO ] ╠══════════════════════════════════════════════════════════════════════════╣
[13:44:34.245] [INFO ] 
[13:44:34.245] [INFO ]     ┌─ BROWSER FINGERPRINT ────────────────────────────────────────┐
[13:44:34.245] [INFO ]     │ Browser:     SAFARI v16
[13:44:34.245] [INFO ]     │ User-Agent:  Mozilla/5.0 (Macintosh; Intel Mac OS X 13_6) AppleWebKit/605.1.15 (KHT...
[13:44:34.245] [INFO ]     │ Viewport:    1728x1117
[13:44:34.245] [INFO ]     │ Sec-CH-UA:   (not applicable)...
[13:44:34.245] [INFO ]     ├─ LOCATION PROFILE ───────────────────────────────────────────┤
[13:44:34.245] [INFO ]     │ Location:    Dublin, Ireland
[13:44:34.245] [INFO ]     │ Timezone:    N/A
[13:44:34.245] [INFO ]     │ Locale:      en-IE
[13:44:34.245] [INFO ]     │ Geo:         0, 0
[13:44:34.245] [INFO ]     ├─ NETWORK ────────────────────────────────────────────────────┤
[13:44:34.245] [INFO ]     │ Proxy:       Direct (no proxy)
[13:44:34.245] [INFO ]     │ Referrer:    https://www.google.com/
[13:44:34.245] [INFO ]     └──────────────────────────────────────────────────────────────┘
[13:44:34.245] [INFO ] ╚══════════════════════════════════════════════════════════════════════════╝
[13:44:34.245] [INFO ] 🛡️ Injected anti-detection scripts at context level
[13:44:34.245] [DEBUG]    └─ Canvas noise, WebGL spoof, Browser patches
[13:44:34.245] [INFO ] 
[13:44:34.245] [INFO ]     🛡️ ANTI-DETECTION SCRIPTS INJECTED (CONTEXT level)
[13:44:34.245] [INFO ]     ├─ Canvas fingerprint noise
[13:44:34.245] [INFO ]     ├─ WebGL renderer/vendor spoof
[13:44:34.245] [INFO ]     ├─ Hardware concurrency randomization
[13:44:34.245] [INFO ]     ├─ Device memory randomization
[13:44:34.245] [INFO ]     ├─ Plugin masking
[13:44:34.245] [INFO ]     ├─ WebRTC IP leak protection
[13:44:34.245] [INFO ]     ├─ Network connection spoof
[13:44:34.245] [INFO ]     └─ Battery API spoof
[13:44:34.287] [INFO ] 
[13:44:34.287] [INFO ]     🥷 STEALTH MODE APPLIED
[13:44:34.287] [INFO ]     ├─ Navigator patches (webdriver, plugins, languages)
[13:44:34.287] [INFO ]     ├─ Chrome runtime patches
[13:44:34.287] [INFO ]     ├─ Console patches
[13:44:34.287] [INFO ]     └─ Permission patches
[13:44:34.287] [INFO ] 🛡️ Injected anti-detection scripts at page level
[13:44:34.287] [DEBUG]    └─ Canvas noise, WebGL spoof, Browser patches
[13:44:34.287] [INFO ] 
[13:44:34.287] [INFO ]     🛡️ ANTI-DETECTION SCRIPTS INJECTED (PAGE level)
[13:44:34.287] [INFO ]     ├─ Canvas fingerprint noise
[13:44:34.287] [INFO ]     ├─ WebGL renderer/vendor spoof
[13:44:34.287] [INFO ]     ├─ Hardware concurrency randomization
[13:44:34.287] [INFO ]     ├─ Device memory randomization
[13:44:34.287] [INFO ]     ├─ Plugin masking
[13:44:34.287] [INFO ]     ├─ WebRTC IP leak protection
[13:44:34.287] [INFO ]     ├─ Network connection spoof
[13:44:34.287] [INFO ]     └─ Battery API spoof
[13:44:34.287] [DEBUG] Enabled resource blocking (images, media, fonts)
[13:44:34.287] [INFO ] 
[13:44:34.287] [INFO ]     🔗 NAVIGATING TO URL
[13:44:34.287] [INFO ]     ├─ Strategy:   domcontentloaded
[13:44:34.287] [INFO ]     ├─ Timeout:    15.0s
[13:44:34.287] [INFO ]     └─ Sleep:      1s after load
[13:44:35.321] [INFO ] 
[13:44:35.321] [INFO ]     ✅ PAGE LOADED
[13:44:35.321] [INFO ]     ├─ Final URL:  https://www.kaggle.com/datasets/thedevastator/airbnb-prices-in-european-cities/data?select=amsterdam_weekends.csv
[13:44:35.321] [INFO ]     ├─ Title:      Airbnb Prices in European Cities | Kaggle
[13:44:35.321] [INFO ]     └─ Load Time:  1.03s
[13:44:37.291] [INFO ] 🧑 Human behavior simulation...
[13:44:44.028] [INFO ] 🖱️ Mouse: 3 moves in 1728x1117
[13:44:44.029] [INFO ] 🖱️ Mouse completed: 3 moves
[13:44:44.029] [INFO ] 📜 Scroll: page height, viewport=1117px
[13:44:44.029] [INFO ] 📜 Scroll completed: 3 scrolls
[13:44:44.029] [INFO ] 🧑 Human behavior completed in 6.7s ✓
[13:44:44.029] [INFO ] 
[13:44:44.029] [INFO ]     🧑 HUMAN BEHAVIOR SIMULATED
[13:44:44.029] [INFO ]     ├─ Mouse Movements: 3
[13:44:44.029] [INFO ]     ├─ Scroll Actions:  3
[13:44:44.029] [INFO ]     └─ Time Spent:      6.74s
[13:44:44.326] [INFO ] 
[13:44:44.326] [INFO ]     ┌─ CONTENT METRICS ────────────────────────────────────────────┐
[13:44:44.326] [INFO ]     │ Title:            Airbnb Prices in European Cities
[13:44:44.326] [INFO ]     │ Final URL:        https://www.kaggle.com/datasets/thedevastator/airbnb-prices-in-european-cities/data?select=amsterdam_weekends.csv
[13:44:44.326] [INFO ]     │ HTML Size:        183,850 bytes
[13:44:44.326] [INFO ]     │ Text Size:        7,365 chars
[13:44:44.326] [INFO ]     │ Word Count:       ~1125 words
[13:44:44.326] [INFO ]     │ Extraction:       trafilatura
[13:44:44.326] [INFO ]     │ Has Article:      ✅ Yes
[13:44:44.326] [INFO ]     └──────────────────────────────────────────────────────────────┘
[13:44:44.369] [INFO ] 
[13:44:44.369] [INFO ] ╔══════════════════════════════════════════════════════════════════════════╗
[13:44:44.369] [INFO ] ║  ✅ SCRAPE SUCCESSFUL - SCRAPE_20260125_134433_FD4B
[13:44:44.369] [INFO ] ╠══════════════════════════════════════════════════════════════════════════╣
[13:44:44.369] [INFO ] 
[13:44:44.369] [INFO ]     ┌─ TIMING BREAKDOWN ───────────────────────────────────────────┐
[13:44:44.369] [INFO ]     │ Browser Launch:      0.05s
[13:44:44.369] [INFO ]     │ Page Load:           1.03s
[13:44:44.369] [INFO ]     │ Cloudflare Wait:     0.00s
[13:44:44.369] [INFO ]     │ Human Simulation:    6.74s
[13:44:44.369] [INFO ]     │
[13:44:44.369] [INFO ]     │ Content Extraction:  0.23s
[13:44:44.369] [INFO ]     │ ─────────────────────────────────────────────────────────────
[13:44:44.369] [INFO ]     │ TOTAL TIME:          8.06s
[13:44:44.369] [INFO ]     └──────────────────────────────────────────────────────────────┘
[13:44:44.369] [INFO ] 
[13:44:44.369] [INFO ]     ┌─ CONTENT METRICS ────────────────────────────────────────────┐
[13:44:44.369] [INFO ]     │ Title:            Airbnb Prices in European Cities
[13:44:44.369] [INFO ]     │ Final URL:        https://www.kaggle.com/datasets/thedevastator/airbnb-prices-in-european-cities/data?select=amsterdam_weekends.csv
[13:44:44.369] [INFO ]     │ HTML Size:        183,850 bytes
[13:44:44.369] [INFO ]     │ Text Size:        7,365 chars
[13:44:44.369] [INFO ]     │ Word Count:       ~1125 words
[13:44:44.369] [INFO ]     │ Extraction:       trafilatura
[13:44:44.369] [INFO ]     │ Has Article:      ✅ Yes
[13:44:44.369] [INFO ]     └──────────────────────────────────────────────────────────────┘
[13:44:44.369] [INFO ] ╠══════════════════════════════════════════════════════════════════════════╣
[13:44:44.369] [INFO ] ║  📊 SESSION STATS
[13:44:44.369] [INFO ] ║  ├─ Strategies Tried:   domcontentloaded
[13:44:44.369] [INFO ] ║  ├─ Popups Dismissed:   0
[13:44:44.369] [INFO ] ║  ├─ Cloudflare:         Not detected
[13:44:44.369] [INFO ] ║  └─ Proxy Used:         Direct
[13:44:44.369] [INFO ] ╚══════════════════════════════════════════════════════════════════════════╝
[13:44:44.369] [INFO ] 

================================================================================
STATUS: SUCCESS
TOTAL TIME: 10.48s
ENDED: 2026-01-25T13:44:44.369905+02:00 (Egypt Time)
END OF SCRAPE LOG
================================================================================