================================================================================
SCRAPE LOG: https://www.pcisecuritystandards.org/events/
Started: 2026-02-01 12:16:50
Session ID: SCRAPE_20260201_121650_5025
================================================================================
[12:16:50.638] [INFO ] 📝 Scrape log: /app/data/logs/scrapes/2026-02-01_121650_pcisecuritystandards.org.log
[12:16:50.638] [DEBUG] ⏱️ Timeout set to 45s for this scrape
[12:16:50.986] [INFO ] 
[12:16:50.986] [INFO ]     🚀 BROWSER LAUNCHED
[12:16:50.986] [INFO ]     ├─ Mode:       Headless
[12:16:50.986] [INFO ]     ├─ Slow Mo:    48ms
[12:16:50.986] [INFO ]     ├─ Launch Time: 0.06s
[12:16:50.986] [INFO ]     └─ Args:       Anti-automation flags enabled
[12:16:51.006] [DEBUG] Browser profile: viewport={'width': 2560, 'height': 1440}, locale=en-US, tz=UTC
[12:16:51.006] [INFO ] 
[12:16:51.006] [INFO ] ╔══════════════════════════════════════════════════════════════════════════╗
[12:16:51.006] [INFO ] ║  📋 SESSION: SCRAPE_20260201_121650_5025
[12:16:51.006] [INFO ] ║  🌐 URL: https://www.pcisecuritystandards.org/events/
[12:16:51.006] [INFO ] ║  🔄 ATTEMPT: 1/2
[12:16:51.006] [INFO ] ║  ⏰ STARTED: 2026-02-01T12:16:51.006074+02:00 (Egypt Time)
[12:16:51.006] [INFO ] ╠══════════════════════════════════════════════════════════════════════════╣
[12:16:51.006] [INFO ] 
[12:16:51.006] [INFO ]     ┌─ BROWSER FINGERPRINT ────────────────────────────────────────┐
[12:16:51.006] [INFO ]     │ Browser:     SAFARI v17
[12:16:51.006] [INFO ]     │ User-Agent:  Mozilla/5.0 (Macintosh; Intel Mac OS X 14_0) AppleWebKit/605.1.15 (KHT...
[12:16:51.006] [INFO ]     │ Viewport:    2560x1440
[12:16:51.006] [INFO ]     │ Sec-CH-UA:   (not applicable)...
[12:16:51.006] [INFO ]     ├─ LOCATION PROFILE ───────────────────────────────────────────┤
[12:16:51.006] [INFO ]     │ Location:    Chicago, USA
[12:16:51.006] [INFO ]     │ Timezone:    N/A
[12:16:51.006] [INFO ]     │ Locale:      en-US
[12:16:51.006] [INFO ]     │ Geo:         0, 0
[12:16:51.006] [INFO ]     ├─ NETWORK ────────────────────────────────────────────────────┤
[12:16:51.006] [INFO ]     │ Proxy:       Direct (no proxy)
[12:16:51.006] [INFO ]     │ Referrer:    https://www.facebook.com/
[12:16:51.006] [INFO ]     └──────────────────────────────────────────────────────────────┘
[12:16:51.006] [INFO ] ╚══════════════════════════════════════════════════════════════════════════╝
[12:16:51.006] [INFO ] 🛡️ Injected anti-detection scripts at context level
[12:16:51.006] [DEBUG]    └─ Canvas noise, WebGL spoof, Browser patches
[12:16:51.006] [INFO ] 
[12:16:51.006] [INFO ]     🛡️ ANTI-DETECTION SCRIPTS INJECTED (CONTEXT level)
[12:16:51.006] [INFO ]     ├─ Canvas fingerprint noise
[12:16:51.006] [INFO ]     ├─ WebGL renderer/vendor spoof
[12:16:51.006] [INFO ]     ├─ Hardware concurrency randomization
[12:16:51.006] [INFO ]     ├─ Device memory randomization
[12:16:51.006] [INFO ]     ├─ Plugin masking
[12:16:51.006] [INFO ]     ├─ WebRTC IP leak protection
[12:16:51.006] [INFO ]     ├─ Network connection spoof
[12:16:51.006] [INFO ]     └─ Battery API spoof
[12:16:51.047] [INFO ] 
[12:16:51.047] [INFO ]     🥷 STEALTH MODE APPLIED
[12:16:51.047] [INFO ]     ├─ Navigator patches (webdriver, plugins, languages)
[12:16:51.047] [INFO ]     ├─ Chrome runtime patches
[12:16:51.047] [INFO ]     ├─ Console patches
[12:16:51.047] [INFO ]     └─ Permission patches
[12:16:51.047] [INFO ] 🛡️ Injected anti-detection scripts at page level
[12:16:51.047] [DEBUG]    └─ Canvas noise, WebGL spoof, Browser patches
[12:16:51.047] [INFO ] 
[12:16:51.047] [INFO ]     🛡️ ANTI-DETECTION SCRIPTS INJECTED (PAGE level)
[12:16:51.047] [INFO ]     ├─ Canvas fingerprint noise
[12:16:51.047] [INFO ]     ├─ WebGL renderer/vendor spoof
[12:16:51.047] [INFO ]     ├─ Hardware concurrency randomization
[12:16:51.047] [INFO ]     ├─ Device memory randomization
[12:16:51.047] [INFO ]     ├─ Plugin masking
[12:16:51.047] [INFO ]     ├─ WebRTC IP leak protection
[12:16:51.047] [INFO ]     ├─ Network connection spoof
[12:16:51.047] [INFO ]     └─ Battery API spoof
[12:16:51.047] [DEBUG] Enabled resource blocking (images, media, fonts)
[12:16:51.047] [INFO ] 
[12:16:51.047] [INFO ]     🔗 NAVIGATING TO URL
[12:16:51.047] [INFO ]     ├─ Strategy:   domcontentloaded
[12:16:51.047] [INFO ]     ├─ Timeout:    15.0s
[12:16:51.047] [INFO ]     └─ Sleep:      1s after load
[12:16:53.250] [INFO ] 
[12:16:53.250] [INFO ]     ✅ PAGE LOADED
[12:16:53.250] [INFO ]     ├─ Final URL:  https://www.pcisecuritystandards.org/events/
[12:16:53.250] [INFO ]     ├─ Title:      PCI Security Standards Council – Protect Payment Data with Industry-driven Security Standards, Training, and Programs
[12:16:53.250] [INFO ]     └─ Load Time:  2.20s
[12:16:55.266] [INFO ] 🧑 Human behavior simulation...
[12:17:00.036] [INFO ] 🖱️ Mouse: 2 moves in 2560x1440
[12:17:00.036] [INFO ] 🖱️ Mouse completed: 2 moves
[12:17:00.036] [INFO ] 📜 Scroll: page height, viewport=1440px
[12:17:00.036] [INFO ] 📜 Scroll completed: 3 scrolls
[12:17:00.036] [INFO ] 🧑 Human behavior completed in 4.8s ✓
[12:17:00.036] [INFO ] 
[12:17:00.036] [INFO ]     🧑 HUMAN BEHAVIOR SIMULATED
[12:17:00.036] [INFO ]     ├─ Mouse Movements: 2
[12:17:00.036] [INFO ]     ├─ Scroll Actions:  3
[12:17:00.036] [INFO ]     └─ Time Spent:      4.77s
[12:17:00.432] [INFO ] 
[12:17:00.432] [INFO ]     ┌─ CONTENT METRICS ────────────────────────────────────────────┐
[12:17:00.432] [INFO ]     │ Title:            Events
[12:17:00.432] [INFO ]     │ Final URL:        https://www.pcisecuritystandards.org/events/
[12:17:00.432] [INFO ]     │ HTML Size:        529,355 bytes
[12:17:00.432] [INFO ]     │ Text Size:        7,787 chars
[12:17:00.432] [INFO ]     │ Word Count:       ~1602 words
[12:17:00.432] [INFO ]     │ Extraction:       trafilatura
[12:17:00.432] [INFO ]     │ Has Article:      ✅ Yes
[12:17:00.432] [INFO ]     └──────────────────────────────────────────────────────────────┘
[12:17:00.459] [INFO ] 
[12:17:00.459] [INFO ] ╔══════════════════════════════════════════════════════════════════════════╗
[12:17:00.459] [INFO ] ║  ✅ SCRAPE SUCCESSFUL - SCRAPE_20260201_121650_5025
[12:17:00.459] [INFO ] ╠══════════════════════════════════════════════════════════════════════════╣
[12:17:00.459] [INFO ] 
[12:17:00.459] [INFO ]     ┌─ TIMING BREAKDOWN ───────────────────────────────────────────┐
[12:17:00.459] [INFO ]     │ Browser Launch:      0.06s
[12:17:00.459] [INFO ]     │ Page Load:           2.20s
[12:17:00.459] [INFO ]     │ Cloudflare Wait:     0.00s
[12:17:00.459] [INFO ]     │ Human Simulation:    4.77s
[12:17:00.459] [INFO ]     │
[12:17:00.459] [INFO ]     │ Content Extraction:  0.29s
[12:17:00.459] [INFO ]     │ ─────────────────────────────────────────────────────────────
[12:17:00.459] [INFO ]     │ TOTAL TIME:          7.31s
[12:17:00.459] [INFO ]     └──────────────────────────────────────────────────────────────┘
[12:17:00.459] [INFO ] 
[12:17:00.459] [INFO ]     ┌─ CONTENT METRICS ────────────────────────────────────────────┐
[12:17:00.459] [INFO ]     │ Title:            Events
[12:17:00.459] [INFO ]     │ Final URL:        https://www.pcisecuritystandards.org/events/
[12:17:00.459] [INFO ]     │ HTML Size:        529,355 bytes
[12:17:00.459] [INFO ]     │ Text Size:        7,787 chars
[12:17:00.459] [INFO ]     │ Word Count:       ~1602 words
[12:17:00.459] [INFO ]     │ Extraction:       trafilatura
[12:17:00.459] [INFO ]     │ Has Article:      ✅ Yes
[12:17:00.459] [INFO ]     └──────────────────────────────────────────────────────────────┘
[12:17:00.459] [INFO ] ╠══════════════════════════════════════════════════════════════════════════╣
[12:17:00.459] [INFO ] ║  📊 SESSION STATS
[12:17:00.459] [INFO ] ║  ├─ Strategies Tried:   domcontentloaded
[12:17:00.459] [INFO ] ║  ├─ Popups Dismissed:   0
[12:17:00.459] [INFO ] ║  ├─ Cloudflare:         Not detected
[12:17:00.459] [INFO ] ║  └─ Proxy Used:         Direct
[12:17:00.459] [INFO ] ╚══════════════════════════════════════════════════════════════════════════╝
[12:17:00.459] [INFO ] 

================================================================================
STATUS: SUCCESS
TOTAL TIME: 9.82s
ENDED: 2026-02-01T12:17:00.459943+02:00 (Egypt Time)
END OF SCRAPE LOG
================================================================================