================================================================================
SCRAPE LOG: https://www.dataguidance.com/jurisdictions/egypt
Started: 2026-01-29 16:42:43
Session ID: SCRAPE_20260129_164243_8C53
================================================================================
[16:42:43.763] [INFO ] 📝 Scrape log: /app/data/logs/scrapes/2026-01-29_164243_dataguidance.com.log
[16:42:43.763] [DEBUG] ⏱️ Timeout set to 45s for this scrape
[16:42:44.099] [INFO ] 
[16:42:44.099] [INFO ]     🚀 BROWSER LAUNCHED
[16:42:44.099] [INFO ]     ├─ Mode:       Headless
[16:42:44.099] [INFO ]     ├─ Slow Mo:    48ms
[16:42:44.099] [INFO ]     ├─ Launch Time: 0.05s
[16:42:44.099] [INFO ]     └─ Args:       Anti-automation flags enabled
[16:42:44.121] [DEBUG] Browser profile: viewport={'width': 1680, 'height': 1050}, locale=en-US, tz=UTC
[16:42:44.121] [INFO ] 
[16:42:44.121] [INFO ] ╔══════════════════════════════════════════════════════════════════════════╗
[16:42:44.121] [INFO ] ║  📋 SESSION: SCRAPE_20260129_164243_8C53
[16:42:44.121] [INFO ] ║  🌐 URL: https://www.dataguidance.com/jurisdictions/egypt
[16:42:44.121] [INFO ] ║  🔄 ATTEMPT: 1/2
[16:42:44.121] [INFO ] ║  ⏰ STARTED: 2026-01-29T16:42:44.121263+02:00 (Egypt Time)
[16:42:44.121] [INFO ] ╠══════════════════════════════════════════════════════════════════════════╣
[16:42:44.121] [INFO ] 
[16:42:44.121] [INFO ]     ┌─ BROWSER FINGERPRINT ────────────────────────────────────────┐
[16:42:44.121] [INFO ]     │ Browser:     SAFARI v17
[16:42:44.121] [INFO ]     │ User-Agent:  Mozilla/5.0 (Macintosh; Intel Mac OS X 14_1) AppleWebKit/605.1.15 (KHT...
[16:42:44.121] [INFO ]     │ Viewport:    1680x1050
[16:42:44.121] [INFO ]     │ Sec-CH-UA:   (not applicable)...
[16:42:44.121] [INFO ]     ├─ LOCATION PROFILE ───────────────────────────────────────────┤
[16:42:44.121] [INFO ]     │ Location:    San Francisco, USA
[16:42:44.121] [INFO ]     │ Timezone:    N/A
[16:42:44.121] [INFO ]     │ Locale:      en-US
[16:42:44.121] [INFO ]     │ Geo:         0, 0
[16:42:44.121] [INFO ]     ├─ NETWORK ────────────────────────────────────────────────────┤
[16:42:44.121] [INFO ]     │ Proxy:       Direct (no proxy)
[16:42:44.121] [INFO ]     │ Referrer:    https://www.google.com/search?q=www+dataguidance+com
[16:42:44.121] [INFO ]     └──────────────────────────────────────────────────────────────┘
[16:42:44.121] [INFO ] ╚══════════════════════════════════════════════════════════════════════════╝
[16:42:44.121] [INFO ] 🛡️ Injected anti-detection scripts at context level
[16:42:44.121] [DEBUG]    └─ Canvas noise, WebGL spoof, Browser patches
[16:42:44.121] [INFO ] 
[16:42:44.121] [INFO ]     🛡️ ANTI-DETECTION SCRIPTS INJECTED (CONTEXT level)
[16:42:44.121] [INFO ]     ├─ Canvas fingerprint noise
[16:42:44.121] [INFO ]     ├─ WebGL renderer/vendor spoof
[16:42:44.121] [INFO ]     ├─ Hardware concurrency randomization
[16:42:44.121] [INFO ]     ├─ Device memory randomization
[16:42:44.121] [INFO ]     ├─ Plugin masking
[16:42:44.121] [INFO ]     ├─ WebRTC IP leak protection
[16:42:44.121] [INFO ]     ├─ Network connection spoof
[16:42:44.121] [INFO ]     └─ Battery API spoof
[16:42:44.162] [INFO ] 
[16:42:44.162] [INFO ]     🥷 STEALTH MODE APPLIED
[16:42:44.162] [INFO ]     ├─ Navigator patches (webdriver, plugins, languages)
[16:42:44.163] [INFO ]     ├─ Chrome runtime patches
[16:42:44.163] [INFO ]     ├─ Console patches
[16:42:44.163] [INFO ]     └─ Permission patches
[16:42:44.163] [INFO ] 🛡️ Injected anti-detection scripts at page level
[16:42:44.163] [DEBUG]    └─ Canvas noise, WebGL spoof, Browser patches
[16:42:44.163] [INFO ] 
[16:42:44.163] [INFO ]     🛡️ ANTI-DETECTION SCRIPTS INJECTED (PAGE level)
[16:42:44.163] [INFO ]     ├─ Canvas fingerprint noise
[16:42:44.163] [INFO ]     ├─ WebGL renderer/vendor spoof
[16:42:44.163] [INFO ]     ├─ Hardware concurrency randomization
[16:42:44.163] [INFO ]     ├─ Device memory randomization
[16:42:44.163] [INFO ]     ├─ Plugin masking
[16:42:44.163] [INFO ]     ├─ WebRTC IP leak protection
[16:42:44.163] [INFO ]     ├─ Network connection spoof
[16:42:44.163] [INFO ]     └─ Battery API spoof
[16:42:44.163] [DEBUG] Enabled resource blocking (images, media, fonts)
[16:42:44.163] [INFO ] 
[16:42:44.163] [INFO ]     🔗 NAVIGATING TO URL
[16:42:44.163] [INFO ]     ├─ Strategy:   domcontentloaded
[16:42:44.163] [INFO ]     ├─ Timeout:    15.0s
[16:42:44.163] [INFO ]     └─ Sleep:      1s after load
[16:42:45.302] [INFO ] 
[16:42:45.302] [INFO ]     ✅ PAGE LOADED
[16:42:45.302] [INFO ]     ├─ Final URL:  https://www.dataguidance.com/jurisdictions/egypt
[16:42:45.302] [INFO ]     ├─ Title:      DataGuidance
[16:42:45.302] [INFO ]     └─ Load Time:  1.14s
[16:44:18.826] [INFO ] ☁️ Cloudflare detected, waiting 0.0s...
[16:44:18.826] [DEBUG] Enabled resource blocking (images, media, fonts)
[16:44:18.826] [INFO ] 
[16:44:18.826] [INFO ]     🔗 NAVIGATING TO URL
[16:44:18.826] [INFO ]     ├─ Strategy:   load
[16:44:18.826] [INFO ]     ├─ Timeout:    20.0s
[16:44:18.826] [INFO ]     └─ Sleep:      1s after load
[16:44:19.373] [INFO ] 
[16:44:19.373] [INFO ]     ✅ PAGE LOADED
[16:44:19.373] [INFO ]     ├─ Final URL:  https://www.dataguidance.com/jurisdictions/egypt
[16:44:19.373] [INFO ]     ├─ Title:      DataGuidance
[16:44:19.373] [INFO ]     └─ Load Time:  0.55s
[16:44:19.401] [INFO ] 
[16:44:19.401] [INFO ] ╔══════════════════════════════════════════════════════════════════════════╗
[16:44:19.401] [INFO ] ║  ⚠️  ERROR DETECTED
[16:44:19.401] [INFO ] ╠══════════════════════════════════════════════════════════════════════════╣
[16:44:19.401] [INFO ] 
[16:44:19.401] [INFO ]     ┌─ ERROR DETAILS ───────────────────────────────────────────────┐
[16:44:19.401] [INFO ]     │ Error Type:       timeout
[16:44:19.401] [INFO ]     │ Message:          Scrape timed out after 95.6s at stage: page_loaded...
[16:44:19.401] [INFO ]     │
[16:44:19.401] [INFO ]     │ Likely Ban:       ✅ No
[16:44:19.401] [INFO ]     └──────────────────────────────────────────────────────────────┘
[16:44:19.401] [INFO ] 
[16:44:19.401] [INFO ]     ┌─ PAGE STATE AT ERROR ────────────────────────────────────────┐
[16:44:19.401] [INFO ]     │ Page URL:         https://www.dataguidance.com/jurisdictions/egypt
[16:44:19.401] [INFO ]     └──────────────────────────────────────────────────────────────┘
[16:44:19.401] [INFO ] 
[16:44:19.401] [INFO ] ╚══════════════════════════════════════════════════════════════════════════╝
[16:44:19.401] [INFO ] 
[16:44:19.401] [ERROR] ❌ timeout: Scrape timed out after 95.6s at stage: page_loaded
[16:44:19.401] [INFO ] 
[16:44:19.401] [INFO ] ╔══════════════════════════════════════════════════════════════════════════╗
[16:44:19.401] [INFO ] ║  ❌ SCRAPE FAILED - SCRAPE_20260129_164243_8C53
[16:44:19.401] [INFO ] ╠══════════════════════════════════════════════════════════════════════════╣
[16:44:19.401] [INFO ] 
[16:44:19.401] [INFO ]     ┌─ FAILURE SUMMARY ────────────────────────────────────────────┐
[16:44:19.401] [INFO ]     │ URL:              https://www.dataguidance.com/jurisdictions/egypt
[16:44:19.401] [INFO ]     │ Error Type:       timeout
[16:44:19.401] [INFO ]     │ Likely Ban:       ❌ No
[16:44:19.401] [INFO ]     │ Retries Used:     0
[16:44:19.401] [INFO ]     │
[16:44:19.401] [INFO ]     │ Error Message:
[16:44:19.401] [INFO ]     │   Scrape timed out after 95.6s at stage: page_loaded
[16:44:19.401] [INFO ]     └──────────────────────────────────────────────────────────────┘
[16:44:19.401] [INFO ] 
[16:44:19.401] [INFO ]     ┌─ TIMING AT FAILURE ──────────────────────────────────────────┐
[16:44:19.401] [INFO ]     │ Browser Launch:     0.05s
[16:44:19.401] [INFO ]     │ Page Load:          0.55s
[16:44:19.401] [INFO ]     │ Cloudflare Wait:    0.00s
[16:44:19.401] [INFO ]     │ Human Simulation:   0.00s
[16:44:19.401] [INFO ]     │ ─────────────────────────────────────────────────────────────
[16:44:19.401] [INFO ]     │ FAILED AT:          0.60s
[16:44:19.401] [INFO ]     └──────────────────────────────────────────────────────────────┘
[16:44:19.401] [INFO ] 
[16:44:19.402] [INFO ] ╚══════════════════════════════════════════════════════════════════════════╝
[16:44:19.402] [INFO ] 

================================================================================
STATUS: FAILED
TOTAL TIME: 95.64s
ENDED: 2026-01-29T16:44:19.402013+02:00 (Egypt Time)
END OF SCRAPE LOG
================================================================================