================================================================================
SCRAPE LOG: https://safetyofjournalists.org/assets/studies/investigating_the_efficacy_of_the.pdf
Started: 2026-01-30 00:03:31
Session ID: SCRAPE_20260130_000331_C867
================================================================================
[00:03:31.614] [INFO ] 📝 Scrape log: /app/data/logs/scrapes/2026-01-30_000331_safetyofjournalists.org.log
[00:03:31.614] [DEBUG] ⏱️ Timeout set to 45s for this scrape
[00:03:31.954] [INFO ] 
[00:03:31.954] [INFO ]     🚀 BROWSER LAUNCHED
[00:03:31.954] [INFO ]     ├─ Mode:       Headless
[00:03:31.954] [INFO ]     ├─ Slow Mo:    58ms
[00:03:31.954] [INFO ]     ├─ Launch Time: 0.06s
[00:03:31.954] [INFO ]     └─ Args:       Anti-automation flags enabled
[00:03:31.975] [DEBUG] Browser profile: viewport={'width': 2560, 'height': 1440}, locale=en-CA, tz=UTC
[00:03:31.975] [INFO ] 
[00:03:31.975] [INFO ] ╔══════════════════════════════════════════════════════════════════════════╗
[00:03:31.975] [INFO ] ║  📋 SESSION: SCRAPE_20260130_000331_C867
[00:03:31.975] [INFO ] ║  🌐 URL: https://safetyofjournalists.org/assets/studies/investigating_the_efficacy_of_the.pdf
[00:03:31.975] [INFO ] ║  🔄 ATTEMPT: 1/2
[00:03:31.975] [INFO ] ║  ⏰ STARTED: 2026-01-30T00:03:31.975723+02:00 (Egypt Time)
[00:03:31.975] [INFO ] ╠══════════════════════════════════════════════════════════════════════════╣
[00:03:31.975] [INFO ] 
[00:03:31.975] [INFO ]     ┌─ BROWSER FINGERPRINT ────────────────────────────────────────┐
[00:03:31.975] [INFO ]     │ Browser:     EDGE v120
[00:03:31.975] [INFO ]     │ User-Agent:  Mozilla/5.0 (Windows NT 10.0; Win64; x64) AppleWebKit/537.36 (KHTML, l...
[00:03:31.975] [INFO ]     │ Viewport:    2560x1440
[00:03:31.975] [INFO ]     │ Sec-CH-UA:   (not applicable)...
[00:03:31.975] [INFO ]     ├─ LOCATION PROFILE ───────────────────────────────────────────┤
[00:03:31.975] [INFO ]     │ Location:    Toronto, Canada
[00:03:31.975] [INFO ]     │ Timezone:    N/A
[00:03:31.975] [INFO ]     │ Locale:      en-CA
[00:03:31.975] [INFO ]     │ Geo:         0, 0
[00:03:31.975] [INFO ]     ├─ NETWORK ────────────────────────────────────────────────────┤
[00:03:31.975] [INFO ]     │ Proxy:       Direct (no proxy)
[00:03:31.975] [INFO ]     │ Referrer:    https://t.co/
[00:03:31.975] [INFO ]     └──────────────────────────────────────────────────────────────┘
[00:03:31.975] [INFO ] ╚══════════════════════════════════════════════════════════════════════════╝
[00:03:31.975] [INFO ] 🛡️ Injected anti-detection scripts at context level
[00:03:31.975] [DEBUG]    └─ Canvas noise, WebGL spoof, Browser patches
[00:03:31.975] [INFO ] 
[00:03:31.975] [INFO ]     🛡️ ANTI-DETECTION SCRIPTS INJECTED (CONTEXT level)
[00:03:31.975] [INFO ]     ├─ Canvas fingerprint noise
[00:03:31.975] [INFO ]     ├─ WebGL renderer/vendor spoof
[00:03:31.975] [INFO ]     ├─ Hardware concurrency randomization
[00:03:31.975] [INFO ]     ├─ Device memory randomization
[00:03:31.975] [INFO ]     ├─ Plugin masking
[00:03:31.975] [INFO ]     ├─ WebRTC IP leak protection
[00:03:31.975] [INFO ]     ├─ Network connection spoof
[00:03:31.975] [INFO ]     └─ Battery API spoof
[00:03:32.016] [INFO ] 
[00:03:32.016] [INFO ]     🥷 STEALTH MODE APPLIED
[00:03:32.016] [INFO ]     ├─ Navigator patches (webdriver, plugins, languages)
[00:03:32.016] [INFO ]     ├─ Chrome runtime patches
[00:03:32.016] [INFO ]     ├─ Console patches
[00:03:32.016] [INFO ]     └─ Permission patches
[00:03:32.016] [INFO ] 🛡️ Injected anti-detection scripts at page level
[00:03:32.016] [DEBUG]    └─ Canvas noise, WebGL spoof, Browser patches
[00:03:32.016] [INFO ] 
[00:03:32.016] [INFO ]     🛡️ ANTI-DETECTION SCRIPTS INJECTED (PAGE level)
[00:03:32.016] [INFO ]     ├─ Canvas fingerprint noise
[00:03:32.016] [INFO ]     ├─ WebGL renderer/vendor spoof
[00:03:32.016] [INFO ]     ├─ Hardware concurrency randomization
[00:03:32.016] [INFO ]     ├─ Device memory randomization
[00:03:32.016] [INFO ]     ├─ Plugin masking
[00:03:32.016] [INFO ]     ├─ WebRTC IP leak protection
[00:03:32.016] [INFO ]     ├─ Network connection spoof
[00:03:32.016] [INFO ]     └─ Battery API spoof
[00:03:32.016] [DEBUG] Enabled resource blocking (images, media, fonts)
[00:03:32.016] [INFO ] 
[00:03:32.016] [INFO ]     🔗 NAVIGATING TO URL
[00:03:32.016] [INFO ]     ├─ Strategy:   domcontentloaded
[00:03:32.016] [INFO ]     ├─ Timeout:    15.0s
[00:03:32.016] [INFO ]     └─ Sleep:      1s after load
[00:03:32.690] [DEBUG] Enabled resource blocking (images, media, fonts)
[00:03:32.690] [INFO ] 
[00:03:32.690] [INFO ]     🔗 NAVIGATING TO URL
[00:03:32.690] [INFO ]     ├─ Strategy:   load
[00:03:32.690] [INFO ]     ├─ Timeout:    20.0s
[00:03:32.690] [INFO ]     └─ Sleep:      1s after load
[00:03:32.987] [DEBUG] Enabled resource blocking (images, media, fonts)
[00:03:32.987] [INFO ] 
[00:03:32.987] [INFO ]     🔗 NAVIGATING TO URL
[00:03:32.987] [INFO ]     ├─ Strategy:   networkidle
[00:03:32.987] [INFO ]     ├─ Timeout:    25.0s
[00:03:32.987] [INFO ]     └─ Sleep:      1s after load
[00:03:38.311] [INFO ] 
[00:03:38.311] [INFO ]     🚀 BROWSER LAUNCHED
[00:03:38.311] [INFO ]     ├─ Mode:       Headless
[00:03:38.311] [INFO ]     ├─ Slow Mo:    45ms
[00:03:38.311] [INFO ]     ├─ Launch Time: 0.06s
[00:03:38.311] [INFO ]     └─ Args:       Anti-automation flags enabled
[00:03:38.331] [DEBUG] Browser profile: viewport={'width': 1920, 'height': 1080}, locale=en-CA, tz=UTC
[00:03:38.331] [INFO ] 
[00:03:38.331] [INFO ] ╔══════════════════════════════════════════════════════════════════════════╗
[00:03:38.331] [INFO ] ║  📋 SESSION: SCRAPE_20260130_000331_C867
[00:03:38.331] [INFO ] ║  🌐 URL: https://safetyofjournalists.org/assets/studies/investigating_the_efficacy_of_the.pdf
[00:03:38.331] [INFO ] ║  🔄 ATTEMPT: 2/2
[00:03:38.331] [INFO ] ║  ⏰ STARTED: 2026-01-30T00:03:38.331476+02:00 (Egypt Time)
[00:03:38.331] [INFO ] ╠══════════════════════════════════════════════════════════════════════════╣
[00:03:38.331] [INFO ] 
[00:03:38.331] [INFO ]     ┌─ BROWSER FINGERPRINT ────────────────────────────────────────┐
[00:03:38.331] [INFO ]     │ Browser:     CHROME v120
[00:03:38.331] [INFO ]     │ User-Agent:  Mozilla/5.0 (Macintosh; Intel Mac OS X 13_6) AppleWebKit/537.36 (KHTML...
[00:03:38.331] [INFO ]     │ Viewport:    1920x1080
[00:03:38.331] [INFO ]     │ Sec-CH-UA:   (not applicable)...
[00:03:38.331] [INFO ]     ├─ LOCATION PROFILE ───────────────────────────────────────────┤
[00:03:38.331] [INFO ]     │ Location:    Toronto, Canada
[00:03:38.331] [INFO ]     │ Timezone:    N/A
[00:03:38.331] [INFO ]     │ Locale:      en-CA
[00:03:38.331] [INFO ]     │ Geo:         0, 0
[00:03:38.331] [INFO ]     ├─ NETWORK ────────────────────────────────────────────────────┤
[00:03:38.331] [INFO ]     │ Proxy:       Direct (no proxy)
[00:03:38.331] [INFO ]     │ Referrer:    https://www.google.com/search?q=safetyofjournalists+org
[00:03:38.331] [INFO ]     └──────────────────────────────────────────────────────────────┘
[00:03:38.331] [INFO ] ╚══════════════════════════════════════════════════════════════════════════╝
[00:03:38.331] [INFO ] 🛡️ Injected anti-detection scripts at context level
[00:03:38.331] [DEBUG]    └─ Canvas noise, WebGL spoof, Browser patches
[00:03:38.331] [INFO ] 
[00:03:38.331] [INFO ]     🛡️ ANTI-DETECTION SCRIPTS INJECTED (CONTEXT level)
[00:03:38.331] [INFO ]     ├─ Canvas fingerprint noise
[00:03:38.331] [INFO ]     ├─ WebGL renderer/vendor spoof
[00:03:38.331] [INFO ]     ├─ Hardware concurrency randomization
[00:03:38.331] [INFO ]     ├─ Device memory randomization
[00:03:38.331] [INFO ]     ├─ Plugin masking
[00:03:38.331] [INFO ]     ├─ WebRTC IP leak protection
[00:03:38.331] [INFO ]     ├─ Network connection spoof
[00:03:38.331] [INFO ]     └─ Battery API spoof
[00:03:38.373] [INFO ] 
[00:03:38.373] [INFO ]     🥷 STEALTH MODE APPLIED
[00:03:38.373] [INFO ]     ├─ Navigator patches (webdriver, plugins, languages)
[00:03:38.373] [INFO ]     ├─ Chrome runtime patches
[00:03:38.373] [INFO ]     ├─ Console patches
[00:03:38.373] [INFO ]     └─ Permission patches
[00:03:38.373] [INFO ] 🛡️ Injected anti-detection scripts at page level
[00:03:38.373] [DEBUG]    └─ Canvas noise, WebGL spoof, Browser patches
[00:03:38.373] [INFO ] 
[00:03:38.373] [INFO ]     🛡️ ANTI-DETECTION SCRIPTS INJECTED (PAGE level)
[00:03:38.373] [INFO ]     ├─ Canvas fingerprint noise
[00:03:38.373] [INFO ]     ├─ WebGL renderer/vendor spoof
[00:03:38.373] [INFO ]     ├─ Hardware concurrency randomization
[00:03:38.373] [INFO ]     ├─ Device memory randomization
[00:03:38.373] [INFO ]     ├─ Plugin masking
[00:03:38.373] [INFO ]     ├─ WebRTC IP leak protection
[00:03:38.373] [INFO ]     ├─ Network connection spoof
[00:03:38.373] [INFO ]     └─ Battery API spoof
[00:03:38.373] [DEBUG] Enabled resource blocking (images, media, fonts)
[00:03:38.373] [INFO ] 
[00:03:38.373] [INFO ]     🔗 NAVIGATING TO URL
[00:03:38.373] [INFO ]     ├─ Strategy:   domcontentloaded
[00:03:38.373] [INFO ]     ├─ Timeout:    15.0s
[00:03:38.373] [INFO ]     └─ Sleep:      1s after load
[00:03:38.729] [DEBUG] Enabled resource blocking (images, media, fonts)
[00:03:38.729] [INFO ] 
[00:03:38.729] [INFO ]     🔗 NAVIGATING TO URL
[00:03:38.729] [INFO ]     ├─ Strategy:   load
[00:03:38.729] [INFO ]     ├─ Timeout:    20.0s
[00:03:38.729] [INFO ]     └─ Sleep:      1s after load
[00:03:39.111] [DEBUG] Enabled resource blocking (images, media, fonts)
[00:03:39.111] [INFO ] 
[00:03:39.111] [INFO ]     🔗 NAVIGATING TO URL
[00:03:39.111] [INFO ]     ├─ Strategy:   networkidle
[00:03:39.111] [INFO ]     ├─ Timeout:    25.0s
[00:03:39.111] [INFO ]     └─ Sleep:      1s after load
[00:03:39.290] [INFO ] 
[00:03:39.290] [INFO ] ╔══════════════════════════════════════════════════════════════════════════╗
[00:03:39.290] [INFO ] ║  ❌ SCRAPE FAILED - SCRAPE_20260130_000331_C867
[00:03:39.290] [INFO ] ╠══════════════════════════════════════════════════════════════════════════╣
[00:03:39.290] [INFO ] 
[00:03:39.290] [INFO ]     ┌─ FAILURE SUMMARY ────────────────────────────────────────────┐
[00:03:39.290] [INFO ]     │ URL:              https://safetyofjournalists.org/assets/studies/investig
[00:03:39.290] [INFO ]     │ Error Type:       network
[00:03:39.290] [INFO ]     │ Likely Ban:       ❌ No
[00:03:39.290] [INFO ]     │ Retries Used:     2
[00:03:39.290] [INFO ]     │
[00:03:39.290] [INFO ]     │ Error Message:
[00:03:39.290] [INFO ]     │   Failed after 2 attempts. Last error: Page.goto: Download
[00:03:39.290] [INFO ]     │    is starting
Call log:
  - navigating to "https://safety
[00:03:39.290] [INFO ]     │   ofjournalists.org/assets/studies/investigating_the_effic
[00:03:39.290] [INFO ]     │   acy_of_the.pdf", waiting until "networkidle"

[00:03:39.290] [INFO ]     └──────────────────────────────────────────────────────────────┘
[00:03:39.290] [INFO ] 
[00:03:39.290] [INFO ]     ┌─ TIMING AT FAILURE ──────────────────────────────────────────┐
[00:03:39.290] [INFO ]     │ Browser Launch:     0.06s
[00:03:39.290] [INFO ]     │ Page Load:          0.00s
[00:03:39.290] [INFO ]     │ Cloudflare Wait:    0.00s
[00:03:39.290] [INFO ]     │ Human Simulation:   0.00s
[00:03:39.290] [INFO ]     │ ─────────────────────────────────────────────────────────────
[00:03:39.290] [INFO ]     │ FAILED AT:          0.06s
[00:03:39.290] [INFO ]     └──────────────────────────────────────────────────────────────┘
[00:03:39.290] [INFO ] 
[00:03:39.290] [INFO ]     ┌─ RECOMMENDATION ─────────────────────────────────────────────┐
[00:03:39.290] [INFO ]     │ 💡 Network connection issue
[00:03:39.290] [INFO ]     └──────────────────────────────────────────────────────────────┘
[00:03:39.290] [INFO ] 
[00:03:39.290] [INFO ] ╚══════════════════════════════════════════════════════════════════════════╝
[00:03:39.290] [INFO ] 

================================================================================
STATUS: FAILED
TOTAL TIME: 7.68s
ENDED: 2026-01-30T00:03:39.290891+02:00 (Egypt Time)
END OF SCRAPE LOG
================================================================================