================================================================================
SCRAPE LOG: https://www.lexology.com/library/detail.aspx?g=d18da09c-574f-4fed-9466-a5c19ac5fbc5
Started: 2026-01-29 23:34:00
Session ID: SCRAPE_20260129_233400_B9C9
================================================================================
[23:34:00.990] [INFO ] 📝 Scrape log: /app/data/logs/scrapes/2026-01-29_233400_lexology.com.log
[23:34:00.990] [DEBUG] ⏱️ Timeout set to 45s for this scrape
[23:34:01.338] [INFO ] 
[23:34:01.338] [INFO ]     🚀 BROWSER LAUNCHED
[23:34:01.338] [INFO ]     ├─ Mode:       Headless
[23:34:01.338] [INFO ]     ├─ Slow Mo:    49ms
[23:34:01.338] [INFO ]     ├─ Launch Time: 0.06s
[23:34:01.338] [INFO ]     └─ Args:       Anti-automation flags enabled
[23:34:01.359] [DEBUG] Browser profile: viewport={'width': 1728, 'height': 1117}, locale=en-US, tz=UTC
[23:34:01.359] [INFO ] 
[23:34:01.359] [INFO ] ╔══════════════════════════════════════════════════════════════════════════╗
[23:34:01.359] [INFO ] ║  📋 SESSION: SCRAPE_20260129_233400_B9C9
[23:34:01.359] [INFO ] ║  🌐 URL: https://www.lexology.com/library/detail.aspx?g=d18da09c-574f-4fed-9466-a5c19ac5fbc5
[23:34:01.359] [INFO ] ║  🔄 ATTEMPT: 1/2
[23:34:01.359] [INFO ] ║  ⏰ STARTED: 2026-01-29T23:34:01.359691+02:00 (Egypt Time)
[23:34:01.359] [INFO ] ╠══════════════════════════════════════════════════════════════════════════╣
[23:34:01.359] [INFO ] 
[23:34:01.359] [INFO ]     ┌─ BROWSER FINGERPRINT ────────────────────────────────────────┐
[23:34:01.359] [INFO ]     │ Browser:     CHROME v120
[23:34:01.359] [INFO ]     │ User-Agent:  Mozilla/5.0 (Macintosh; Intel Mac OS X 13_6) AppleWebKit/537.36 (KHTML...
[23:34:01.359] [INFO ]     │ Viewport:    1728x1117
[23:34:01.359] [INFO ]     │ Sec-CH-UA:   (not applicable)...
[23:34:01.359] [INFO ]     ├─ LOCATION PROFILE ───────────────────────────────────────────┤
[23:34:01.359] [INFO ]     │ Location:    Denver, USA
[23:34:01.359] [INFO ]     │ Timezone:    N/A
[23:34:01.359] [INFO ]     │ Locale:      en-US
[23:34:01.359] [INFO ]     │ Geo:         0, 0
[23:34:01.359] [INFO ]     ├─ NETWORK ────────────────────────────────────────────────────┤
[23:34:01.359] [INFO ]     │ Proxy:       Direct (no proxy)
[23:34:01.359] [INFO ]     │ Referrer:    https://www.google.com/search?q=www+lexology+com
[23:34:01.359] [INFO ]     └──────────────────────────────────────────────────────────────┘
[23:34:01.359] [INFO ] ╚══════════════════════════════════════════════════════════════════════════╝
[23:34:01.359] [INFO ] 🛡️ Injected anti-detection scripts at context level
[23:34:01.359] [DEBUG]    └─ Canvas noise, WebGL spoof, Browser patches
[23:34:01.359] [INFO ] 
[23:34:01.359] [INFO ]     🛡️ ANTI-DETECTION SCRIPTS INJECTED (CONTEXT level)
[23:34:01.359] [INFO ]     ├─ Canvas fingerprint noise
[23:34:01.359] [INFO ]     ├─ WebGL renderer/vendor spoof
[23:34:01.359] [INFO ]     ├─ Hardware concurrency randomization
[23:34:01.359] [INFO ]     ├─ Device memory randomization
[23:34:01.359] [INFO ]     ├─ Plugin masking
[23:34:01.359] [INFO ]     ├─ WebRTC IP leak protection
[23:34:01.359] [INFO ]     ├─ Network connection spoof
[23:34:01.359] [INFO ]     └─ Battery API spoof
[23:34:01.405] [INFO ] 
[23:34:01.405] [INFO ]     🥷 STEALTH MODE APPLIED
[23:34:01.405] [INFO ]     ├─ Navigator patches (webdriver, plugins, languages)
[23:34:01.405] [INFO ]     ├─ Chrome runtime patches
[23:34:01.405] [INFO ]     ├─ Console patches
[23:34:01.405] [INFO ]     └─ Permission patches
[23:34:01.405] [INFO ] 🛡️ Injected anti-detection scripts at page level
[23:34:01.405] [DEBUG]    └─ Canvas noise, WebGL spoof, Browser patches
[23:34:01.405] [INFO ] 
[23:34:01.405] [INFO ]     🛡️ ANTI-DETECTION SCRIPTS INJECTED (PAGE level)
[23:34:01.405] [INFO ]     ├─ Canvas fingerprint noise
[23:34:01.405] [INFO ]     ├─ WebGL renderer/vendor spoof
[23:34:01.405] [INFO ]     ├─ Hardware concurrency randomization
[23:34:01.405] [INFO ]     ├─ Device memory randomization
[23:34:01.405] [INFO ]     ├─ Plugin masking
[23:34:01.405] [INFO ]     ├─ WebRTC IP leak protection
[23:34:01.405] [INFO ]     ├─ Network connection spoof
[23:34:01.405] [INFO ]     └─ Battery API spoof
[23:34:01.405] [DEBUG] Enabled resource blocking (images, media, fonts)
[23:34:01.405] [INFO ] 
[23:34:01.405] [INFO ]     🔗 NAVIGATING TO URL
[23:34:01.405] [INFO ]     ├─ Strategy:   domcontentloaded
[23:34:01.405] [INFO ]     ├─ Timeout:    15.0s
[23:34:01.405] [INFO ]     └─ Sleep:      1s after load
[23:34:02.796] [INFO ] 
[23:34:02.796] [INFO ]     ✅ PAGE LOADED
[23:34:02.796] [INFO ]     ├─ Final URL:  https://www.lexology.com/library/detail.aspx?g=d18da09c-574f-4fed-9466-a5c19ac5fbc5
[23:34:02.796] [INFO ]     ├─ Title:      Cybersecurity in Egypt: How to Protect Oneself - Lexology
[23:34:02.796] [INFO ]     └─ Load Time:  1.39s
[23:34:05.685] [INFO ] 🧑 Human behavior simulation...
[23:34:12.830] [INFO ] 🖱️ Mouse: 4 moves in 1728x1117
[23:34:12.830] [INFO ] 🖱️ Mouse completed: 4 moves
[23:34:12.830] [INFO ] 📜 Scroll: page height, viewport=1117px
[23:34:12.830] [INFO ] 📜 Scroll completed: 3 scrolls
[23:34:12.830] [INFO ] 🧑 Human behavior completed in 7.1s ✓
[23:34:12.830] [INFO ] 
[23:34:12.830] [INFO ]     🧑 HUMAN BEHAVIOR SIMULATED
[23:34:12.830] [INFO ]     ├─ Mouse Movements: 4
[23:34:12.830] [INFO ]     ├─ Scroll Actions:  3
[23:34:12.830] [INFO ]     └─ Time Spent:      7.14s
[23:34:13.010] [INFO ] 
[23:34:13.010] [INFO ]     ┌─ CONTENT METRICS ────────────────────────────────────────────┐
[23:34:13.010] [INFO ]     │ Title:            Cybersecurity in Egypt: How to Protect Oneself
[23:34:13.010] [INFO ]     │ Final URL:        https://www.lexology.com/library/detail.aspx?g=d18da09c-574f-4fed-9466-a5c19ac5fbc5
[23:34:13.010] [INFO ]     │ HTML Size:        265,200 bytes
[23:34:13.011] [INFO ]     │ Text Size:        5,026 chars
[23:34:13.011] [INFO ]     │ Word Count:       ~739 words
[23:34:13.011] [INFO ]     │ Extraction:       trafilatura
[23:34:13.011] [INFO ]     │ Has Article:      ✅ Yes
[23:34:13.011] [INFO ]     └──────────────────────────────────────────────────────────────┘
[23:34:13.038] [INFO ] 
[23:34:13.038] [INFO ] ╔══════════════════════════════════════════════════════════════════════════╗
[23:34:13.038] [INFO ] ║  ✅ SCRAPE SUCCESSFUL - SCRAPE_20260129_233400_B9C9
[23:34:13.038] [INFO ] ╠══════════════════════════════════════════════════════════════════════════╣
[23:34:13.038] [INFO ] 
[23:34:13.038] [INFO ]     ┌─ TIMING BREAKDOWN ───────────────────────────────────────────┐
[23:34:13.038] [INFO ]     │ Browser Launch:      0.06s
[23:34:13.038] [INFO ]     │ Page Load:           1.39s
[23:34:13.038] [INFO ]     │ Cloudflare Wait:     0.00s
[23:34:13.038] [INFO ]     │ Human Simulation:    7.14s
[23:34:13.038] [INFO ]     │
[23:34:13.038] [INFO ]     │ Content Extraction:  0.07s
[23:34:13.038] [INFO ]     │ ─────────────────────────────────────────────────────────────
[23:34:13.038] [INFO ]     │ TOTAL TIME:          8.66s
[23:34:13.038] [INFO ]     └──────────────────────────────────────────────────────────────┘
[23:34:13.038] [INFO ] 
[23:34:13.038] [INFO ]     ┌─ CONTENT METRICS ────────────────────────────────────────────┐
[23:34:13.038] [INFO ]     │ Title:            Cybersecurity in Egypt: How to Protect Oneself
[23:34:13.038] [INFO ]     │ Final URL:        https://www.lexology.com/library/detail.aspx?g=d18da09c-574f-4fed-9466-a5c19ac5fbc5
[23:34:13.038] [INFO ]     │ HTML Size:        265,200 bytes
[23:34:13.038] [INFO ]     │ Text Size:        5,026 chars
[23:34:13.038] [INFO ]     │ Word Count:       ~739 words
[23:34:13.038] [INFO ]     │ Extraction:       trafilatura
[23:34:13.038] [INFO ]     │ Has Article:      ✅ Yes
[23:34:13.038] [INFO ]     └──────────────────────────────────────────────────────────────┘
[23:34:13.038] [INFO ] ╠══════════════════════════════════════════════════════════════════════════╣
[23:34:13.038] [INFO ] ║  📊 SESSION STATS
[23:34:13.038] [INFO ] ║  ├─ Strategies Tried:   domcontentloaded
[23:34:13.038] [INFO ] ║  ├─ Popups Dismissed:   0
[23:34:13.038] [INFO ] ║  ├─ Cloudflare:         Not detected
[23:34:13.038] [INFO ] ║  └─ Proxy Used:         Direct
[23:34:13.038] [INFO ] ╚══════════════════════════════════════════════════════════════════════════╝
[23:34:13.038] [INFO ] 

================================================================================
STATUS: SUCCESS
TOTAL TIME: 12.05s
ENDED: 2026-01-29T23:34:13.038808+02:00 (Egypt Time)
END OF SCRAPE LOG
================================================================================