================================================================================
SCRAPE LOG: https://www.sama.gov.sa/Pages/default.aspx
Started: 2026-02-01 12:25:09
Session ID: SCRAPE_20260201_122509_9C05
================================================================================
[12:25:09.243] [INFO ] 📝 Scrape log: /app/data/logs/scrapes/2026-02-01_122509_sama.gov.sa.log
[12:25:09.243] [DEBUG] ⏱️ Timeout set to 45s for this scrape
[12:25:09.584] [INFO ] 
[12:25:09.584] [INFO ]     🚀 BROWSER LAUNCHED
[12:25:09.584] [INFO ]     ├─ Mode:       Headless
[12:25:09.584] [INFO ]     ├─ Slow Mo:    43ms
[12:25:09.584] [INFO ]     ├─ Launch Time: 0.06s
[12:25:09.584] [INFO ]     └─ Args:       Anti-automation flags enabled
[12:25:09.599] [DEBUG] Browser profile: viewport={'width': 1680, 'height': 1050}, locale=en-US, tz=UTC
[12:25:09.599] [INFO ] 
[12:25:09.599] [INFO ] ╔══════════════════════════════════════════════════════════════════════════╗
[12:25:09.599] [INFO ] ║  📋 SESSION: SCRAPE_20260201_122509_9C05
[12:25:09.599] [INFO ] ║  🌐 URL: https://www.sama.gov.sa/Pages/default.aspx
[12:25:09.599] [INFO ] ║  🔄 ATTEMPT: 1/2
[12:25:09.599] [INFO ] ║  ⏰ STARTED: 2026-02-01T12:25:09.599800+02:00 (Egypt Time)
[12:25:09.599] [INFO ] ╠══════════════════════════════════════════════════════════════════════════╣
[12:25:09.599] [INFO ] 
[12:25:09.599] [INFO ]     ┌─ BROWSER FINGERPRINT ────────────────────────────────────────┐
[12:25:09.599] [INFO ]     │ Browser:     EDGE v121
[12:25:09.599] [INFO ]     │ User-Agent:  Mozilla/5.0 (Windows NT 10.0; Win64; x64) AppleWebKit/537.36 (KHTML, l...
[12:25:09.599] [INFO ]     │ Viewport:    1680x1050
[12:25:09.599] [INFO ]     │ Sec-CH-UA:   (not applicable)...
[12:25:09.599] [INFO ]     ├─ LOCATION PROFILE ───────────────────────────────────────────┤
[12:25:09.599] [INFO ]     │ Location:    New York, USA
[12:25:09.599] [INFO ]     │ Timezone:    N/A
[12:25:09.599] [INFO ]     │ Locale:      en-US
[12:25:09.599] [INFO ]     │ Geo:         0, 0
[12:25:09.599] [INFO ]     ├─ NETWORK ────────────────────────────────────────────────────┤
[12:25:09.599] [INFO ]     │ Proxy:       Direct (no proxy)
[12:25:09.599] [INFO ]     │ Referrer:    https://www.facebook.com/
[12:25:09.599] [INFO ]     └──────────────────────────────────────────────────────────────┘
[12:25:09.599] [INFO ] ╚══════════════════════════════════════════════════════════════════════════╝
[12:25:09.599] [INFO ] 🛡️ Injected anti-detection scripts at context level
[12:25:09.599] [DEBUG]    └─ Canvas noise, WebGL spoof, Browser patches
[12:25:09.599] [INFO ] 
[12:25:09.599] [INFO ]     🛡️ ANTI-DETECTION SCRIPTS INJECTED (CONTEXT level)
[12:25:09.599] [INFO ]     ├─ Canvas fingerprint noise
[12:25:09.599] [INFO ]     ├─ WebGL renderer/vendor spoof
[12:25:09.599] [INFO ]     ├─ Hardware concurrency randomization
[12:25:09.599] [INFO ]     ├─ Device memory randomization
[12:25:09.599] [INFO ]     ├─ Plugin masking
[12:25:09.599] [INFO ]     ├─ WebRTC IP leak protection
[12:25:09.599] [INFO ]     ├─ Network connection spoof
[12:25:09.599] [INFO ]     └─ Battery API spoof
[12:25:09.642] [INFO ] 
[12:25:09.642] [INFO ]     🥷 STEALTH MODE APPLIED
[12:25:09.642] [INFO ]     ├─ Navigator patches (webdriver, plugins, languages)
[12:25:09.642] [INFO ]     ├─ Chrome runtime patches
[12:25:09.642] [INFO ]     ├─ Console patches
[12:25:09.642] [INFO ]     └─ Permission patches
[12:25:09.642] [INFO ] 🛡️ Injected anti-detection scripts at page level
[12:25:09.642] [DEBUG]    └─ Canvas noise, WebGL spoof, Browser patches
[12:25:09.642] [INFO ] 
[12:25:09.642] [INFO ]     🛡️ ANTI-DETECTION SCRIPTS INJECTED (PAGE level)
[12:25:09.642] [INFO ]     ├─ Canvas fingerprint noise
[12:25:09.642] [INFO ]     ├─ WebGL renderer/vendor spoof
[12:25:09.642] [INFO ]     ├─ Hardware concurrency randomization
[12:25:09.642] [INFO ]     ├─ Device memory randomization
[12:25:09.642] [INFO ]     ├─ Plugin masking
[12:25:09.642] [INFO ]     ├─ WebRTC IP leak protection
[12:25:09.642] [INFO ]     ├─ Network connection spoof
[12:25:09.642] [INFO ]     └─ Battery API spoof
[12:25:09.642] [DEBUG] Enabled resource blocking (images, media, fonts)
[12:25:09.642] [INFO ] 
[12:25:09.642] [INFO ]     🔗 NAVIGATING TO URL
[12:25:09.642] [INFO ]     ├─ Strategy:   domcontentloaded
[12:25:09.642] [INFO ]     ├─ Timeout:    15.0s
[12:25:09.642] [INFO ]     └─ Sleep:      1s after load
[12:25:13.602] [INFO ] 
[12:25:13.602] [INFO ]     ✅ PAGE LOADED
[12:25:13.602] [INFO ]     ├─ Final URL:  https://www.sama.gov.sa/Pages/default.aspx
[12:25:13.602] [INFO ]     ├─ Title:      Home
[12:25:13.602] [INFO ]     └─ Load Time:  3.96s
[12:25:14.810] [INFO ] 🧑 Human behavior simulation...
[12:25:18.324] [INFO ] 🖱️ Mouse: 2 moves in 1680x1050
[12:25:18.324] [INFO ] 🖱️ Mouse completed: 2 moves
[12:25:18.324] [INFO ] 📜 Scroll: page height, viewport=1050px
[12:25:18.324] [INFO ] 📜 Scroll completed: 3 scrolls
[12:25:18.324] [INFO ] 🧑 Human behavior completed in 3.5s ✓
[12:25:18.324] [INFO ] 
[12:25:18.324] [INFO ]     🧑 HUMAN BEHAVIOR SIMULATED
[12:25:18.324] [INFO ]     ├─ Mouse Movements: 2
[12:25:18.324] [INFO ]     ├─ Scroll Actions:  3
[12:25:18.324] [INFO ]     └─ Time Spent:      3.51s
[12:25:18.423] [INFO ] 
[12:25:18.423] [INFO ]     ┌─ CONTENT METRICS ────────────────────────────────────────────┐
[12:25:18.423] [INFO ]     │ Title:            Currency rate
[12:25:18.423] [INFO ]     │ Final URL:        https://www.sama.gov.sa/Pages/default.aspx
[12:25:18.423] [INFO ]     │ HTML Size:        137,247 bytes
[12:25:18.423] [INFO ]     │ Text Size:        4,312 chars
[12:25:18.423] [INFO ]     │ Word Count:       ~603 words
[12:25:18.423] [INFO ]     │ Extraction:       trafilatura
[12:25:18.423] [INFO ]     │ Has Article:      ✅ Yes
[12:25:18.423] [INFO ]     └──────────────────────────────────────────────────────────────┘
[12:25:18.445] [INFO ] 
[12:25:18.445] [INFO ] ╔══════════════════════════════════════════════════════════════════════════╗
[12:25:18.445] [INFO ] ║  ✅ SCRAPE SUCCESSFUL - SCRAPE_20260201_122509_9C05
[12:25:18.445] [INFO ] ╠══════════════════════════════════════════════════════════════════════════╣
[12:25:18.445] [INFO ] 
[12:25:18.445] [INFO ]     ┌─ TIMING BREAKDOWN ───────────────────────────────────────────┐
[12:25:18.445] [INFO ]     │ Browser Launch:      0.06s
[12:25:18.445] [INFO ]     │ Page Load:           3.96s
[12:25:18.445] [INFO ]     │ Cloudflare Wait:     0.00s
[12:25:18.445] [INFO ]     │ Human Simulation:    3.51s
[12:25:18.445] [INFO ]     │
[12:25:18.445] [INFO ]     │ Content Extraction:  0.07s
[12:25:18.445] [INFO ]     │ ─────────────────────────────────────────────────────────────
[12:25:18.445] [INFO ]     │ TOTAL TIME:          7.60s
[12:25:18.445] [INFO ]     └──────────────────────────────────────────────────────────────┘
[12:25:18.445] [INFO ] 
[12:25:18.445] [INFO ]     ┌─ CONTENT METRICS ────────────────────────────────────────────┐
[12:25:18.445] [INFO ]     │ Title:            Currency rate
[12:25:18.445] [INFO ]     │ Final URL:        https://www.sama.gov.sa/Pages/default.aspx
[12:25:18.445] [INFO ]     │ HTML Size:        137,247 bytes
[12:25:18.445] [INFO ]     │ Text Size:        4,312 chars
[12:25:18.445] [INFO ]     │ Word Count:       ~603 words
[12:25:18.445] [INFO ]     │ Extraction:       trafilatura
[12:25:18.445] [INFO ]     │ Has Article:      ✅ Yes
[12:25:18.445] [INFO ]     └──────────────────────────────────────────────────────────────┘
[12:25:18.445] [INFO ] ╠══════════════════════════════════════════════════════════════════════════╣
[12:25:18.445] [INFO ] ║  📊 SESSION STATS
[12:25:18.445] [INFO ] ║  ├─ Strategies Tried:   domcontentloaded
[12:25:18.445] [INFO ] ║  ├─ Popups Dismissed:   0
[12:25:18.445] [INFO ] ║  ├─ Cloudflare:         Not detected
[12:25:18.445] [INFO ] ║  └─ Proxy Used:         Direct
[12:25:18.445] [INFO ] ╚══════════════════════════════════════════════════════════════════════════╝
[12:25:18.445] [INFO ] 

================================================================================
STATUS: SUCCESS
TOTAL TIME: 9.20s
ENDED: 2026-02-01T12:25:18.445840+02:00 (Egypt Time)
END OF SCRAPE LOG
================================================================================