================================================================================
SCRAPE LOG: https://www.cbe.org.eg/en/news-publications/news/2025/06/19/08/20/psos-and-psps-licensing-rules
Started: 2026-01-25 15:54:46
Session ID: SCRAPE_20260125_155446_575E
================================================================================
[15:54:46.633] [INFO ] 📝 Scrape log: /app/data/logs/scrapes/2026-01-25_155446_cbe.org.eg.log
[15:54:46.633] [DEBUG] ⏱️ Timeout set to 45s for this scrape
[15:54:46.975] [INFO ] 
[15:54:46.975] [INFO ]     🚀 BROWSER LAUNCHED
[15:54:46.975] [INFO ]     ├─ Mode:       Headless
[15:54:46.975] [INFO ]     ├─ Slow Mo:    56ms
[15:54:46.975] [INFO ]     ├─ Launch Time: 0.05s
[15:54:46.975] [INFO ]     └─ Args:       Anti-automation flags enabled
[15:54:46.993] [DEBUG] Browser profile: viewport={'width': 1280, 'height': 720}, locale=en-US, tz=UTC
[15:54:46.993] [INFO ] 
[15:54:46.993] [INFO ] ╔══════════════════════════════════════════════════════════════════════════╗
[15:54:46.993] [INFO ] ║  📋 SESSION: SCRAPE_20260125_155446_575E
[15:54:46.993] [INFO ] ║  🌐 URL: https://www.cbe.org.eg/en/news-publications/news/2025/06/19/08/20/psos-and-psps-licensing-rules
[15:54:46.993] [INFO ] ║  🔄 ATTEMPT: 1/2
[15:54:46.993] [INFO ] ║  ⏰ STARTED: 2026-01-25T15:54:46.993291+02:00 (Egypt Time)
[15:54:46.993] [INFO ] ╠══════════════════════════════════════════════════════════════════════════╣
[15:54:46.993] [INFO ] 
[15:54:46.993] [INFO ]     ┌─ BROWSER FINGERPRINT ────────────────────────────────────────┐
[15:54:46.993] [INFO ]     │ Browser:     CHROME v120
[15:54:46.993] [INFO ]     │ User-Agent:  Mozilla/5.0 (Windows NT 10.0; Win64; x64) AppleWebKit/537.36 (KHTML, l...
[15:54:46.993] [INFO ]     │ Viewport:    1280x720
[15:54:46.993] [INFO ]     │ Sec-CH-UA:   (not applicable)...
[15:54:46.993] [INFO ]     ├─ LOCATION PROFILE ───────────────────────────────────────────┤
[15:54:46.993] [INFO ]     │ Location:    Houston, USA
[15:54:46.993] [INFO ]     │ Timezone:    N/A
[15:54:46.993] [INFO ]     │ Locale:      en-US
[15:54:46.993] [INFO ]     │ Geo:         0, 0
[15:54:46.993] [INFO ]     ├─ NETWORK ────────────────────────────────────────────────────┤
[15:54:46.993] [INFO ]     │ Proxy:       Direct (no proxy)
[15:54:46.993] [INFO ]     │ Referrer:    None
[15:54:46.993] [INFO ]     └──────────────────────────────────────────────────────────────┘
[15:54:46.993] [INFO ] ╚══════════════════════════════════════════════════════════════════════════╝
[15:54:46.993] [INFO ] 🛡️ Injected anti-detection scripts at context level
[15:54:46.993] [DEBUG]    └─ Canvas noise, WebGL spoof, Browser patches
[15:54:46.993] [INFO ] 
[15:54:46.993] [INFO ]     🛡️ ANTI-DETECTION SCRIPTS INJECTED (CONTEXT level)
[15:54:46.993] [INFO ]     ├─ Canvas fingerprint noise
[15:54:46.993] [INFO ]     ├─ WebGL renderer/vendor spoof
[15:54:46.993] [INFO ]     ├─ Hardware concurrency randomization
[15:54:46.993] [INFO ]     ├─ Device memory randomization
[15:54:46.993] [INFO ]     ├─ Plugin masking
[15:54:46.993] [INFO ]     ├─ WebRTC IP leak protection
[15:54:46.993] [INFO ]     ├─ Network connection spoof
[15:54:46.993] [INFO ]     └─ Battery API spoof
[15:54:47.034] [INFO ] 
[15:54:47.034] [INFO ]     🥷 STEALTH MODE APPLIED
[15:54:47.034] [INFO ]     ├─ Navigator patches (webdriver, plugins, languages)
[15:54:47.034] [INFO ]     ├─ Chrome runtime patches
[15:54:47.034] [INFO ]     ├─ Console patches
[15:54:47.034] [INFO ]     └─ Permission patches
[15:54:47.034] [INFO ] 🛡️ Injected anti-detection scripts at page level
[15:54:47.034] [DEBUG]    └─ Canvas noise, WebGL spoof, Browser patches
[15:54:47.034] [INFO ] 
[15:54:47.034] [INFO ]     🛡️ ANTI-DETECTION SCRIPTS INJECTED (PAGE level)
[15:54:47.034] [INFO ]     ├─ Canvas fingerprint noise
[15:54:47.034] [INFO ]     ├─ WebGL renderer/vendor spoof
[15:54:47.034] [INFO ]     ├─ Hardware concurrency randomization
[15:54:47.034] [INFO ]     ├─ Device memory randomization
[15:54:47.034] [INFO ]     ├─ Plugin masking
[15:54:47.034] [INFO ]     ├─ WebRTC IP leak protection
[15:54:47.034] [INFO ]     ├─ Network connection spoof
[15:54:47.034] [INFO ]     └─ Battery API spoof
[15:54:47.034] [DEBUG] Enabled resource blocking (images, media, fonts)
[15:54:47.034] [INFO ] 
[15:54:47.034] [INFO ]     🔗 NAVIGATING TO URL
[15:54:47.034] [INFO ]     ├─ Strategy:   domcontentloaded
[15:54:47.034] [INFO ]     ├─ Timeout:    15.0s
[15:54:47.034] [INFO ]     └─ Sleep:      1s after load
[15:54:49.166] [INFO ] 
[15:54:49.166] [INFO ]     ✅ PAGE LOADED
[15:54:49.166] [INFO ]     ├─ Final URL:  https://www.cbe.org.eg/en/news-publications/news/2025/06/19/08/20/psos-and-psps-licensing-rules
[15:54:49.166] [INFO ]     ├─ Title:      Central Bank of Egypt Issues Licensing and Registration Rules for Payment System Operators and Payment Service Providers
[15:54:49.166] [INFO ]     └─ Load Time:  2.13s
[15:54:50.412] [INFO ] 🧑 Human behavior simulation...
[15:54:59.396] [INFO ] 🖱️ Mouse: 5 moves in 1280x720
[15:54:59.396] [INFO ] 🖱️ Mouse completed: 5 moves
[15:54:59.396] [INFO ] 📜 Scroll: page height, viewport=720px
[15:54:59.396] [INFO ] 📜 Scroll completed: 2 scrolls
[15:54:59.396] [INFO ] 🧑 Human behavior completed in 9.0s ✓
[15:54:59.396] [INFO ] 
[15:54:59.396] [INFO ]     🧑 HUMAN BEHAVIOR SIMULATED
[15:54:59.396] [INFO ]     ├─ Mouse Movements: 5
[15:54:59.396] [INFO ]     ├─ Scroll Actions:  2
[15:54:59.396] [INFO ]     └─ Time Spent:      8.98s
[15:54:59.539] [INFO ] 
[15:54:59.539] [INFO ]     ┌─ CONTENT METRICS ────────────────────────────────────────────┐
[15:54:59.539] [INFO ]     │ Title:            Central Bank of Egypt Issues Licensing and Registr
[15:54:59.539] [INFO ]     │ Final URL:        https://www.cbe.org.eg/en/news-publications/news/2025/06/19/08/20/psos-and-psps-licensing-rules
[15:54:59.539] [INFO ]     │ HTML Size:        202,858 bytes
[15:54:59.539] [INFO ]     │ Text Size:        2,185 chars
[15:54:59.539] [INFO ]     │ Word Count:       ~316 words
[15:54:59.539] [INFO ]     │ Extraction:       trafilatura
[15:54:59.539] [INFO ]     │ Has Article:      ✅ Yes
[15:54:59.539] [INFO ]     └──────────────────────────────────────────────────────────────┘
[15:54:59.563] [INFO ] 
[15:54:59.563] [INFO ] ╔══════════════════════════════════════════════════════════════════════════╗
[15:54:59.563] [INFO ] ║  ✅ SCRAPE SUCCESSFUL - SCRAPE_20260125_155446_575E
[15:54:59.563] [INFO ] ╠══════════════════════════════════════════════════════════════════════════╣
[15:54:59.563] [INFO ] 
[15:54:59.563] [INFO ]     ┌─ TIMING BREAKDOWN ───────────────────────────────────────────┐
[15:54:59.563] [INFO ]     │ Browser Launch:      0.05s
[15:54:59.563] [INFO ]     │ Page Load:           2.13s
[15:54:59.563] [INFO ]     │ Cloudflare Wait:     0.00s
[15:54:59.563] [INFO ]     │ Human Simulation:    8.98s
[15:54:59.563] [INFO ]     │
[15:54:59.563] [INFO ]     │ Content Extraction:  0.10s
[15:54:59.563] [INFO ]     │ ─────────────────────────────────────────────────────────────
[15:54:59.563] [INFO ]     │ TOTAL TIME:          11.27s
[15:54:59.563] [INFO ]     └──────────────────────────────────────────────────────────────┘
[15:54:59.563] [INFO ] 
[15:54:59.563] [INFO ]     ┌─ CONTENT METRICS ────────────────────────────────────────────┐
[15:54:59.563] [INFO ]     │ Title:            Central Bank of Egypt Issues Licensing and Registr
[15:54:59.563] [INFO ]     │ Final URL:        https://www.cbe.org.eg/en/news-publications/news/2025/06/19/08/20/psos-and-psps-licensing-rules
[15:54:59.563] [INFO ]     │ HTML Size:        202,858 bytes
[15:54:59.563] [INFO ]     │ Text Size:        2,185 chars
[15:54:59.563] [INFO ]     │ Word Count:       ~316 words
[15:54:59.563] [INFO ]     │ Extraction:       trafilatura
[15:54:59.563] [INFO ]     │ Has Article:      ✅ Yes
[15:54:59.563] [INFO ]     └──────────────────────────────────────────────────────────────┘
[15:54:59.563] [INFO ] ╠══════════════════════════════════════════════════════════════════════════╣
[15:54:59.563] [INFO ] ║  📊 SESSION STATS
[15:54:59.563] [INFO ] ║  ├─ Strategies Tried:   domcontentloaded
[15:54:59.563] [INFO ] ║  ├─ Popups Dismissed:   0
[15:54:59.563] [INFO ] ║  ├─ Cloudflare:         Not detected
[15:54:59.563] [INFO ] ║  └─ Proxy Used:         Direct
[15:54:59.563] [INFO ] ╚══════════════════════════════════════════════════════════════════════════╝
[15:54:59.563] [INFO ] 

================================================================================
STATUS: SUCCESS
TOTAL TIME: 12.93s
ENDED: 2026-01-25T15:54:59.563873+02:00 (Egypt Time)
END OF SCRAPE LOG
================================================================================