================================================================================
SCRAPE LOG: https://fra.gov.eg/en/fra_news/%D8%A7%D9%84%D8%B1%D9%82%D8%A7%D8%A8%D8%A9-%D8%A7%D9%84%D9%85%D8%A7%D9%84%D9%8A%D8%A9-%D8%AA%D9%88%D8%A7%D9%81%D9%82-%D9%84%D9%80-5-%D8%B4%D8%B1%D9%83%D8%A7%D8%AA-%D9%85%D8%A7%D9%84%D9%8A%D8%A9-%D8%BA/
Started: 2026-01-26 12:12:00
Session ID: SCRAPE_20260126_121200_0C26
================================================================================
[12:12:00.308] [INFO ] 📝 Scrape log: /app/data/logs/scrapes/2026-01-26_121200_fra.gov.eg.log
[12:12:00.308] [DEBUG] ⏱️ Timeout set to 45s for this scrape
[12:12:00.664] [INFO ] 
[12:12:00.664] [INFO ]     🚀 BROWSER LAUNCHED
[12:12:00.664] [INFO ]     ├─ Mode:       Headless
[12:12:00.664] [INFO ]     ├─ Slow Mo:    45ms
[12:12:00.664] [INFO ]     ├─ Launch Time: 0.06s
[12:12:00.664] [INFO ]     └─ Args:       Anti-automation flags enabled
[12:12:00.682] [DEBUG] Browser profile: viewport={'width': 1280, 'height': 800}, locale=en-AU, tz=UTC
[12:12:00.682] [INFO ] 
[12:12:00.682] [INFO ] ╔══════════════════════════════════════════════════════════════════════════╗
[12:12:00.682] [INFO ] ║  📋 SESSION: SCRAPE_20260126_121200_0C26
[12:12:00.682] [INFO ] ║  🌐 URL: https://fra.gov.eg/en/fra_news/%D8%A7%D9%84%D8%B1%D9%82%D8%A7%D8%A8%D8%A9-%D8%A7%D9%84%D9%85%D8%A7%D9%84%D9%8A%D8%A9-%D8%AA%D9%88%D8%A7%D9%81%D9%82-%D9%84%D9%80-5-%D8%B4%D8%B1%D9%83%D8%A7%D8%AA-%D9%85%D8%A7%D9%84%D9%8A%D8%A9-%D8%BA/
[12:12:00.682] [INFO ] ║  🔄 ATTEMPT: 1/2
[12:12:00.682] [INFO ] ║  ⏰ STARTED: 2026-01-26T12:12:00.682453+02:00 (Egypt Time)
[12:12:00.682] [INFO ] ╠══════════════════════════════════════════════════════════════════════════╣
[12:12:00.682] [INFO ] 
[12:12:00.682] [INFO ]     ┌─ BROWSER FINGERPRINT ────────────────────────────────────────┐
[12:12:00.682] [INFO ]     │ Browser:     CHROME v121
[12:12:00.682] [INFO ]     │ User-Agent:  Mozilla/5.0 (X11; Linux x86_64) AppleWebKit/537.36 (KHTML, like Gecko)...
[12:12:00.682] [INFO ]     │ Viewport:    1280x800
[12:12:00.682] [INFO ]     │ Sec-CH-UA:   (not applicable)...
[12:12:00.682] [INFO ]     ├─ LOCATION PROFILE ───────────────────────────────────────────┤
[12:12:00.682] [INFO ]     │ Location:    Sydney, Australia
[12:12:00.682] [INFO ]     │ Timezone:    N/A
[12:12:00.682] [INFO ]     │ Locale:      en-AU
[12:12:00.682] [INFO ]     │ Geo:         0, 0
[12:12:00.682] [INFO ]     ├─ NETWORK ────────────────────────────────────────────────────┤
[12:12:00.682] [INFO ]     │ Proxy:       Direct (no proxy)
[12:12:00.682] [INFO ]     │ Referrer:    https://www.google.com/search?q=fra+gov+eg
[12:12:00.682] [INFO ]     └──────────────────────────────────────────────────────────────┘
[12:12:00.682] [INFO ] ╚══════════════════════════════════════════════════════════════════════════╝
[12:12:00.682] [INFO ] 🛡️ Injected anti-detection scripts at context level
[12:12:00.682] [DEBUG]    └─ Canvas noise, WebGL spoof, Browser patches
[12:12:00.682] [INFO ] 
[12:12:00.682] [INFO ]     🛡️ ANTI-DETECTION SCRIPTS INJECTED (CONTEXT level)
[12:12:00.682] [INFO ]     ├─ Canvas fingerprint noise
[12:12:00.682] [INFO ]     ├─ WebGL renderer/vendor spoof
[12:12:00.682] [INFO ]     ├─ Hardware concurrency randomization
[12:12:00.682] [INFO ]     ├─ Device memory randomization
[12:12:00.682] [INFO ]     ├─ Plugin masking
[12:12:00.682] [INFO ]     ├─ WebRTC IP leak protection
[12:12:00.682] [INFO ]     ├─ Network connection spoof
[12:12:00.682] [INFO ]     └─ Battery API spoof
[12:12:00.728] [INFO ] 
[12:12:00.728] [INFO ]     🥷 STEALTH MODE APPLIED
[12:12:00.728] [INFO ]     ├─ Navigator patches (webdriver, plugins, languages)
[12:12:00.728] [INFO ]     ├─ Chrome runtime patches
[12:12:00.728] [INFO ]     ├─ Console patches
[12:12:00.728] [INFO ]     └─ Permission patches
[12:12:00.728] [INFO ] 🛡️ Injected anti-detection scripts at page level
[12:12:00.728] [DEBUG]    └─ Canvas noise, WebGL spoof, Browser patches
[12:12:00.728] [INFO ] 
[12:12:00.728] [INFO ]     🛡️ ANTI-DETECTION SCRIPTS INJECTED (PAGE level)
[12:12:00.728] [INFO ]     ├─ Canvas fingerprint noise
[12:12:00.728] [INFO ]     ├─ WebGL renderer/vendor spoof
[12:12:00.728] [INFO ]     ├─ Hardware concurrency randomization
[12:12:00.728] [INFO ]     ├─ Device memory randomization
[12:12:00.728] [INFO ]     ├─ Plugin masking
[12:12:00.728] [INFO ]     ├─ WebRTC IP leak protection
[12:12:00.728] [INFO ]     ├─ Network connection spoof
[12:12:00.728] [INFO ]     └─ Battery API spoof
[12:12:00.728] [DEBUG] Enabled resource blocking (images, media, fonts)
[12:12:00.728] [INFO ] 
[12:12:00.728] [INFO ]     🔗 NAVIGATING TO URL
[12:12:00.728] [INFO ]     ├─ Strategy:   domcontentloaded
[12:12:00.728] [INFO ]     ├─ Timeout:    15.0s
[12:12:00.728] [INFO ]     └─ Sleep:      1s after load
[12:12:03.021] [INFO ] 
[12:12:03.021] [INFO ]     ✅ PAGE LOADED
[12:12:03.021] [INFO ]     ├─ Final URL:  https://fra.gov.eg/en/fra_news/%D8%A7%D9%84%D8%B1%D9%82%D8%A7%D8%A8%D8%A9-%D8%A7%D9%84%D9%85%D8%A7%D9%84%D9%8A%D8%A9-%D8%AA%D9%88%D8%A7%D9%81%D9%82-%D9%84%D9%80-5-%D8%B4%D8%B1%D9%83%D8%A7%D8%AA-%D9%85%D8%A7%D9%84%D9%8A%D8%A9-%D8%BA/
[12:12:03.021] [INFO ]     ├─ Title:      FRA Grants FinTech Operating License to Five Non-Banking Firms – Tuesday 18 march 2025 – الهيئة العامة للرقابة المالية
[12:12:03.021] [INFO ]     └─ Load Time:  2.29s
[12:12:04.233] [INFO ] 🧑 Human behavior simulation...
[12:12:05.409] [INFO ] 🖱️ Mouse: 1 moves in 1280x800
[12:12:05.409] [INFO ] 🖱️ Mouse completed: 1 moves
[12:12:05.409] [INFO ] 📜 Scroll: page height, viewport=800px
[12:12:05.409] [INFO ] 📜 Scroll completed: 1 scrolls
[12:12:05.409] [INFO ] 🧑 Human behavior completed in 1.2s ✓
[12:12:05.409] [INFO ] 
[12:12:05.409] [INFO ]     🧑 HUMAN BEHAVIOR SIMULATED
[12:12:05.409] [INFO ]     ├─ Mouse Movements: 1
[12:12:05.409] [INFO ]     ├─ Scroll Actions:  1
[12:12:05.409] [INFO ]     └─ Time Spent:      1.18s
[12:12:05.530] [INFO ] 
[12:12:05.530] [INFO ]     ┌─ CONTENT METRICS ────────────────────────────────────────────┐
[12:12:05.530] [INFO ]     │ Title:            الهيئة العامة للرقابة المالية
[12:12:05.530] [INFO ]     │ Final URL:        https://fra.gov.eg/en/fra_news/%D8%A7%D9%84%D8%B1%D9%82%D8%A7%D8%A8%D8%A9-%D8%A7%D9%84%D9%85%D8%A7%D9%84%D9%8A%D8%A9-%D8%AA%D9%88%D8%A7%D9%81%D9%82-%D9%84%D9%80-5-%D8%B4%D8%B1%D9%83%D8%A7%D8%AA-%D9%85%D8%A7%D9%84%D9%8A%D8%A9-%D8%BA/
[12:12:05.530] [INFO ]     │ HTML Size:        141,257 bytes
[12:12:05.530] [INFO ]     │ Text Size:        3,031 chars
[12:12:05.530] [INFO ]     │ Word Count:       ~417 words
[12:12:05.530] [INFO ]     │ Extraction:       trafilatura
[12:12:05.530] [INFO ]     │ Has Article:      ✅ Yes
[12:12:05.530] [INFO ]     └──────────────────────────────────────────────────────────────┘
[12:12:05.558] [INFO ] 
[12:12:05.558] [INFO ] ╔══════════════════════════════════════════════════════════════════════════╗
[12:12:05.558] [INFO ] ║  ✅ SCRAPE SUCCESSFUL - SCRAPE_20260126_121200_0C26
[12:12:05.558] [INFO ] ╠══════════════════════════════════════════════════════════════════════════╣
[12:12:05.558] [INFO ] 
[12:12:05.558] [INFO ]     ┌─ TIMING BREAKDOWN ───────────────────────────────────────────┐
[12:12:05.558] [INFO ]     │ Browser Launch:      0.06s
[12:12:05.558] [INFO ]     │ Page Load:           2.29s
[12:12:05.558] [INFO ]     │ Cloudflare Wait:     0.00s
[12:12:05.558] [INFO ]     │ Human Simulation:    1.18s
[12:12:05.558] [INFO ]     │
[12:12:05.558] [INFO ]     │ Content Extraction:  0.08s
[12:12:05.558] [INFO ]     │ ─────────────────────────────────────────────────────────────
[12:12:05.558] [INFO ]     │ TOTAL TIME:          3.62s
[12:12:05.558] [INFO ]     └──────────────────────────────────────────────────────────────┘
[12:12:05.558] [INFO ] 
[12:12:05.558] [INFO ]     ┌─ CONTENT METRICS ────────────────────────────────────────────┐
[12:12:05.558] [INFO ]     │ Title:            الهيئة العامة للرقابة المالية
[12:12:05.558] [INFO ]     │ Final URL:        https://fra.gov.eg/en/fra_news/%D8%A7%D9%84%D8%B1%D9%82%D8%A7%D8%A8%D8%A9-%D8%A7%D9%84%D9%85%D8%A7%D9%84%D9%8A%D8%A9-%D8%AA%D9%88%D8%A7%D9%81%D9%82-%D9%84%D9%80-5-%D8%B4%D8%B1%D9%83%D8%A7%D8%AA-%D9%85%D8%A7%D9%84%D9%8A%D8%A9-%D8%BA/
[12:12:05.558] [INFO ]     │ HTML Size:        141,257 bytes
[12:12:05.558] [INFO ]     │ Text Size:        3,031 chars
[12:12:05.558] [INFO ]     │ Word Count:       ~417 words
[12:12:05.558] [INFO ]     │ Extraction:       trafilatura
[12:12:05.558] [INFO ]     │ Has Article:      ✅ Yes
[12:12:05.558] [INFO ]     └──────────────────────────────────────────────────────────────┘
[12:12:05.558] [INFO ] ╠══════════════════════════════════════════════════════════════════════════╣
[12:12:05.558] [INFO ] ║  📊 SESSION STATS
[12:12:05.558] [INFO ] ║  ├─ Strategies Tried:   domcontentloaded
[12:12:05.558] [INFO ] ║  ├─ Popups Dismissed:   0
[12:12:05.558] [INFO ] ║  ├─ Cloudflare:         Not detected
[12:12:05.558] [INFO ] ║  └─ Proxy Used:         Direct
[12:12:05.558] [INFO ] ╚══════════════════════════════════════════════════════════════════════════╝
[12:12:05.558] [INFO ] 

================================================================================
STATUS: SUCCESS
TOTAL TIME: 5.25s
ENDED: 2026-01-26T12:12:05.558634+02:00 (Egypt Time)
END OF SCRAPE LOG
================================================================================