================================================================================
SCRAPE LOG: https://www.iso-certification-egypt.com/pcidss-compliance-consulting-roadmap.html
Started: 2026-02-01 12:18:50
Session ID: SCRAPE_20260201_121850_8897
================================================================================
[12:18:50.642] [INFO ] 📝 Scrape log: /app/data/logs/scrapes/2026-02-01_121850_iso-certification-egypt.com.log
[12:18:50.642] [DEBUG] ⏱️ Timeout set to 45s for this scrape
[12:18:51.048] [INFO ] 
[12:18:51.048] [INFO ]     🚀 BROWSER LAUNCHED
[12:18:51.048] [INFO ]     ├─ Mode:       Headless
[12:18:51.048] [INFO ]     ├─ Slow Mo:    57ms
[12:18:51.048] [INFO ]     ├─ Launch Time: 0.08s
[12:18:51.048] [INFO ]     └─ Args:       Anti-automation flags enabled
[12:18:51.068] [DEBUG] Browser profile: viewport={'width': 1536, 'height': 864}, locale=en-CA, tz=UTC
[12:18:51.068] [INFO ] 
[12:18:51.068] [INFO ] ╔══════════════════════════════════════════════════════════════════════════╗
[12:18:51.068] [INFO ] ║  📋 SESSION: SCRAPE_20260201_121850_8897
[12:18:51.068] [INFO ] ║  🌐 URL: https://www.iso-certification-egypt.com/pcidss-compliance-consulting-roadmap.html
[12:18:51.068] [INFO ] ║  🔄 ATTEMPT: 1/2
[12:18:51.068] [INFO ] ║  ⏰ STARTED: 2026-02-01T12:18:51.068482+02:00 (Egypt Time)
[12:18:51.068] [INFO ] ╠══════════════════════════════════════════════════════════════════════════╣
[12:18:51.068] [INFO ] 
[12:18:51.068] [INFO ]     ┌─ BROWSER FINGERPRINT ────────────────────────────────────────┐
[12:18:51.068] [INFO ]     │ Browser:     CHROME v119
[12:18:51.068] [INFO ]     │ User-Agent:  Mozilla/5.0 (Windows NT 10.0; Win64; x64) AppleWebKit/537.36 (KHTML, l...
[12:18:51.068] [INFO ]     │ Viewport:    1536x864
[12:18:51.068] [INFO ]     │ Sec-CH-UA:   (not applicable)...
[12:18:51.068] [INFO ]     ├─ LOCATION PROFILE ───────────────────────────────────────────┤
[12:18:51.068] [INFO ]     │ Location:    Toronto, Canada
[12:18:51.068] [INFO ]     │ Timezone:    N/A
[12:18:51.068] [INFO ]     │ Locale:      en-CA
[12:18:51.068] [INFO ]     │ Geo:         0, 0
[12:18:51.068] [INFO ]     ├─ NETWORK ────────────────────────────────────────────────────┤
[12:18:51.068] [INFO ]     │ Proxy:       Direct (no proxy)
[12:18:51.068] [INFO ]     │ Referrer:    None
[12:18:51.068] [INFO ]     └──────────────────────────────────────────────────────────────┘
[12:18:51.068] [INFO ] ╚══════════════════════════════════════════════════════════════════════════╝
[12:18:51.068] [INFO ] 🛡️ Injected anti-detection scripts at context level
[12:18:51.068] [DEBUG]    └─ Canvas noise, WebGL spoof, Browser patches
[12:18:51.068] [INFO ] 
[12:18:51.068] [INFO ]     🛡️ ANTI-DETECTION SCRIPTS INJECTED (CONTEXT level)
[12:18:51.068] [INFO ]     ├─ Canvas fingerprint noise
[12:18:51.068] [INFO ]     ├─ WebGL renderer/vendor spoof
[12:18:51.068] [INFO ]     ├─ Hardware concurrency randomization
[12:18:51.068] [INFO ]     ├─ Device memory randomization
[12:18:51.068] [INFO ]     ├─ Plugin masking
[12:18:51.068] [INFO ]     ├─ WebRTC IP leak protection
[12:18:51.068] [INFO ]     ├─ Network connection spoof
[12:18:51.068] [INFO ]     └─ Battery API spoof
[12:18:51.137] [INFO ] 
[12:18:51.138] [INFO ]     🥷 STEALTH MODE APPLIED
[12:18:51.138] [INFO ]     ├─ Navigator patches (webdriver, plugins, languages)
[12:18:51.138] [INFO ]     ├─ Chrome runtime patches
[12:18:51.138] [INFO ]     ├─ Console patches
[12:18:51.138] [INFO ]     └─ Permission patches
[12:18:51.138] [INFO ] 🛡️ Injected anti-detection scripts at page level
[12:18:51.138] [DEBUG]    └─ Canvas noise, WebGL spoof, Browser patches
[12:18:51.138] [INFO ] 
[12:18:51.138] [INFO ]     🛡️ ANTI-DETECTION SCRIPTS INJECTED (PAGE level)
[12:18:51.138] [INFO ]     ├─ Canvas fingerprint noise
[12:18:51.138] [INFO ]     ├─ WebGL renderer/vendor spoof
[12:18:51.138] [INFO ]     ├─ Hardware concurrency randomization
[12:18:51.138] [INFO ]     ├─ Device memory randomization
[12:18:51.138] [INFO ]     ├─ Plugin masking
[12:18:51.138] [INFO ]     ├─ WebRTC IP leak protection
[12:18:51.138] [INFO ]     ├─ Network connection spoof
[12:18:51.138] [INFO ]     └─ Battery API spoof
[12:18:51.138] [DEBUG] Enabled resource blocking (images, media, fonts)
[12:18:51.138] [INFO ] 
[12:18:51.138] [INFO ]     🔗 NAVIGATING TO URL
[12:18:51.138] [INFO ]     ├─ Strategy:   domcontentloaded
[12:18:51.138] [INFO ]     ├─ Timeout:    15.0s
[12:18:51.138] [INFO ]     └─ Sleep:      1s after load
[12:18:55.265] [INFO ] 
[12:18:55.265] [INFO ]     ✅ PAGE LOADED
[12:18:55.265] [INFO ]     ├─ Final URL:  https://www.iso-certification-egypt.com/pcidss-compliance-consulting-roadmap.html
[12:18:55.265] [INFO ]     ├─ Title:      PCI DSS Consulting & Audit Roadmap in Egypt | TopCertifier
[12:18:55.265] [INFO ]     └─ Load Time:  4.13s
[12:18:56.500] [INFO ] 🧑 Human behavior simulation...
[12:19:04.139] [INFO ] 🖱️ Mouse: 5 moves in 1536x864
[12:19:04.139] [INFO ] 🖱️ Mouse completed: 5 moves
[12:19:04.139] [INFO ] 📜 Scroll: page height, viewport=864px
[12:19:04.139] [INFO ] 📜 Scroll completed: 3 scrolls
[12:19:04.139] [INFO ] 🧑 Human behavior completed in 7.6s ✓
[12:19:04.139] [INFO ] 
[12:19:04.139] [INFO ]     🧑 HUMAN BEHAVIOR SIMULATED
[12:19:04.139] [INFO ]     ├─ Mouse Movements: 5
[12:19:04.139] [INFO ]     ├─ Scroll Actions:  3
[12:19:04.139] [INFO ]     └─ Time Spent:      7.64s
[12:19:04.387] [INFO ] 
[12:19:04.387] [INFO ]     ┌─ CONTENT METRICS ────────────────────────────────────────────┐
[12:19:04.387] [INFO ]     │ Title:            PCI DSS Compliance Consulting and Certification Ro
[12:19:04.387] [INFO ]     │ Final URL:        https://www.iso-certification-egypt.com/pcidss-compliance-consulting-roadmap.html
[12:19:04.387] [INFO ]     │ HTML Size:        77,950 bytes
[12:19:04.387] [INFO ]     │ Text Size:        2,521 chars
[12:19:04.387] [INFO ]     │ Word Count:       ~346 words
[12:19:04.387] [INFO ]     │ Extraction:       trafilatura
[12:19:04.387] [INFO ]     │ Has Article:      ✅ Yes
[12:19:04.387] [INFO ]     └──────────────────────────────────────────────────────────────┘
[12:19:04.411] [INFO ] 
[12:19:04.411] [INFO ] ╔══════════════════════════════════════════════════════════════════════════╗
[12:19:04.411] [INFO ] ║  ✅ SCRAPE SUCCESSFUL - SCRAPE_20260201_121850_8897
[12:19:04.411] [INFO ] ╠══════════════════════════════════════════════════════════════════════════╣
[12:19:04.411] [INFO ] 
[12:19:04.411] [INFO ]     ┌─ TIMING BREAKDOWN ───────────────────────────────────────────┐
[12:19:04.411] [INFO ]     │ Browser Launch:      0.08s
[12:19:04.411] [INFO ]     │ Page Load:           4.13s
[12:19:04.411] [INFO ]     │ Cloudflare Wait:     0.00s
[12:19:04.411] [INFO ]     │ Human Simulation:    7.64s
[12:19:04.411] [INFO ]     │
[12:19:04.411] [INFO ]     │ Content Extraction:  0.17s
[12:19:04.411] [INFO ]     │ ─────────────────────────────────────────────────────────────
[12:19:04.411] [INFO ]     │ TOTAL TIME:          12.02s
[12:19:04.411] [INFO ]     └──────────────────────────────────────────────────────────────┘
[12:19:04.411] [INFO ] 
[12:19:04.411] [INFO ]     ┌─ CONTENT METRICS ────────────────────────────────────────────┐
[12:19:04.411] [INFO ]     │ Title:            PCI DSS Compliance Consulting and Certification Ro
[12:19:04.411] [INFO ]     │ Final URL:        https://www.iso-certification-egypt.com/pcidss-compliance-consulting-roadmap.html
[12:19:04.411] [INFO ]     │ HTML Size:        77,950 bytes
[12:19:04.411] [INFO ]     │ Text Size:        2,521 chars
[12:19:04.411] [INFO ]     │ Word Count:       ~346 words
[12:19:04.411] [INFO ]     │ Extraction:       trafilatura
[12:19:04.411] [INFO ]     │ Has Article:      ✅ Yes
[12:19:04.411] [INFO ]     └──────────────────────────────────────────────────────────────┘
[12:19:04.411] [INFO ] ╠══════════════════════════════════════════════════════════════════════════╣
[12:19:04.411] [INFO ] ║  📊 SESSION STATS
[12:19:04.411] [INFO ] ║  ├─ Strategies Tried:   domcontentloaded
[12:19:04.411] [INFO ] ║  ├─ Popups Dismissed:   0
[12:19:04.411] [INFO ] ║  ├─ Cloudflare:         Not detected
[12:19:04.411] [INFO ] ║  └─ Proxy Used:         Direct
[12:19:04.411] [INFO ] ╚══════════════════════════════════════════════════════════════════════════╝
[12:19:04.411] [INFO ] 

================================================================================
STATUS: SUCCESS
TOTAL TIME: 13.77s
ENDED: 2026-02-01T12:19:04.411984+02:00 (Egypt Time)
END OF SCRAPE LOG
================================================================================