================================================================================
SCRAPE LOG: https://www.a-h-g.net/en/fintech-startups/
Started: 2026-01-25 15:57:16
Session ID: SCRAPE_20260125_155716_6A2E
================================================================================
[15:57:16.638] [INFO ] 📝 Scrape log: /app/data/logs/scrapes/2026-01-25_155716_a-h-g.net.log
[15:57:16.638] [DEBUG] ⏱️ Timeout set to 45s for this scrape
[15:57:16.983] [INFO ] 
[15:57:16.983] [INFO ]     🚀 BROWSER LAUNCHED
[15:57:16.983] [INFO ]     ├─ Mode:       Headless
[15:57:16.983] [INFO ]     ├─ Slow Mo:    42ms
[15:57:16.983] [INFO ]     ├─ Launch Time: 0.06s
[15:57:16.983] [INFO ]     └─ Args:       Anti-automation flags enabled
[15:57:17.002] [DEBUG] Browser profile: viewport={'width': 1366, 'height': 768}, locale=en-AU, tz=UTC
[15:57:17.002] [INFO ] 
[15:57:17.002] [INFO ] ╔══════════════════════════════════════════════════════════════════════════╗
[15:57:17.002] [INFO ] ║  📋 SESSION: SCRAPE_20260125_155716_6A2E
[15:57:17.002] [INFO ] ║  🌐 URL: https://www.a-h-g.net/en/fintech-startups/
[15:57:17.002] [INFO ] ║  🔄 ATTEMPT: 1/2
[15:57:17.002] [INFO ] ║  ⏰ STARTED: 2026-01-25T15:57:17.002838+02:00 (Egypt Time)
[15:57:17.002] [INFO ] ╠══════════════════════════════════════════════════════════════════════════╣
[15:57:17.002] [INFO ] 
[15:57:17.002] [INFO ]     ┌─ BROWSER FINGERPRINT ────────────────────────────────────────┐
[15:57:17.002] [INFO ]     │ Browser:     FIREFOX v120
[15:57:17.002] [INFO ]     │ User-Agent:  Mozilla/5.0 (X11; Linux x86_64; rv:120.0) Gecko/20100101 Firefox/120.0...
[15:57:17.002] [INFO ]     │ Viewport:    1366x768
[15:57:17.002] [INFO ]     │ Sec-CH-UA:   (not applicable)...
[15:57:17.002] [INFO ]     ├─ LOCATION PROFILE ───────────────────────────────────────────┤
[15:57:17.002] [INFO ]     │ Location:    Melbourne, Australia
[15:57:17.002] [INFO ]     │ Timezone:    N/A
[15:57:17.002] [INFO ]     │ Locale:      en-AU
[15:57:17.002] [INFO ]     │ Geo:         0, 0
[15:57:17.002] [INFO ]     ├─ NETWORK ────────────────────────────────────────────────────┤
[15:57:17.002] [INFO ]     │ Proxy:       Direct (no proxy)
[15:57:17.002] [INFO ]     │ Referrer:    https://news.google.com/
[15:57:17.002] [INFO ]     └──────────────────────────────────────────────────────────────┘
[15:57:17.002] [INFO ] ╚══════════════════════════════════════════════════════════════════════════╝
[15:57:17.002] [INFO ] 🛡️ Injected anti-detection scripts at context level
[15:57:17.002] [DEBUG]    └─ Canvas noise, WebGL spoof, Browser patches
[15:57:17.002] [INFO ] 
[15:57:17.002] [INFO ]     🛡️ ANTI-DETECTION SCRIPTS INJECTED (CONTEXT level)
[15:57:17.003] [INFO ]     ├─ Canvas fingerprint noise
[15:57:17.003] [INFO ]     ├─ WebGL renderer/vendor spoof
[15:57:17.003] [INFO ]     ├─ Hardware concurrency randomization
[15:57:17.003] [INFO ]     ├─ Device memory randomization
[15:57:17.003] [INFO ]     ├─ Plugin masking
[15:57:17.003] [INFO ]     ├─ WebRTC IP leak protection
[15:57:17.003] [INFO ]     ├─ Network connection spoof
[15:57:17.003] [INFO ]     └─ Battery API spoof
[15:57:17.045] [INFO ] 
[15:57:17.045] [INFO ]     🥷 STEALTH MODE APPLIED
[15:57:17.045] [INFO ]     ├─ Navigator patches (webdriver, plugins, languages)
[15:57:17.045] [INFO ]     ├─ Chrome runtime patches
[15:57:17.045] [INFO ]     ├─ Console patches
[15:57:17.045] [INFO ]     └─ Permission patches
[15:57:17.045] [INFO ] 🛡️ Injected anti-detection scripts at page level
[15:57:17.045] [DEBUG]    └─ Canvas noise, WebGL spoof, Browser patches
[15:57:17.045] [INFO ] 
[15:57:17.045] [INFO ]     🛡️ ANTI-DETECTION SCRIPTS INJECTED (PAGE level)
[15:57:17.045] [INFO ]     ├─ Canvas fingerprint noise
[15:57:17.045] [INFO ]     ├─ WebGL renderer/vendor spoof
[15:57:17.045] [INFO ]     ├─ Hardware concurrency randomization
[15:57:17.045] [INFO ]     ├─ Device memory randomization
[15:57:17.045] [INFO ]     ├─ Plugin masking
[15:57:17.045] [INFO ]     ├─ WebRTC IP leak protection
[15:57:17.045] [INFO ]     ├─ Network connection spoof
[15:57:17.045] [INFO ]     └─ Battery API spoof
[15:57:17.045] [DEBUG] Enabled resource blocking (images, media, fonts)
[15:57:17.045] [INFO ] 
[15:57:17.045] [INFO ]     🔗 NAVIGATING TO URL
[15:57:17.045] [INFO ]     ├─ Strategy:   domcontentloaded
[15:57:17.045] [INFO ]     ├─ Timeout:    15.0s
[15:57:17.045] [INFO ]     └─ Sleep:      1s after load
[15:57:22.578] [INFO ] 
[15:57:22.578] [INFO ]     ✅ PAGE LOADED
[15:57:22.578] [INFO ]     ├─ Final URL:  https://www.a-h-g.net/en/fintech-startups/
[15:57:22.578] [INFO ]     ├─ Title:      Fintech Startups: New & Effective Standards for Establishment and Licensing 2024
[15:57:22.578] [INFO ]     └─ Load Time:  5.53s
[15:57:23.785] [INFO ] 🧑 Human behavior simulation...
[15:57:29.226] [INFO ] 🖱️ Mouse: 5 moves in 1366x768
[15:57:29.226] [INFO ] 🖱️ Mouse completed: 5 moves
[15:57:29.226] [INFO ] 📜 Scroll: page height, viewport=768px
[15:57:29.226] [INFO ] 📜 Scroll completed: 3 scrolls
[15:57:29.226] [INFO ] 🧑 Human behavior completed in 5.4s ✓
[15:57:29.226] [INFO ] 
[15:57:29.226] [INFO ]     🧑 HUMAN BEHAVIOR SIMULATED
[15:57:29.226] [INFO ]     ├─ Mouse Movements: 5
[15:57:29.226] [INFO ]     ├─ Scroll Actions:  3
[15:57:29.226] [INFO ]     └─ Time Spent:      5.44s
[15:57:29.314] [INFO ] 
[15:57:29.314] [INFO ]     ┌─ CONTENT METRICS ────────────────────────────────────────────┐
[15:57:29.314] [INFO ]     │ Title:            Fintech Startups: New & Effective Standards for Es
[15:57:29.314] [INFO ]     │ Final URL:        https://www.a-h-g.net/en/fintech-startups/
[15:57:29.314] [INFO ]     │ HTML Size:        139,516 bytes
[15:57:29.314] [INFO ]     │ Text Size:        6,165 chars
[15:57:29.314] [INFO ]     │ Word Count:       ~927 words
[15:57:29.314] [INFO ]     │ Extraction:       trafilatura
[15:57:29.314] [INFO ]     │ Has Article:      ✅ Yes
[15:57:29.314] [INFO ]     └──────────────────────────────────────────────────────────────┘
[15:57:29.344] [INFO ] 
[15:57:29.344] [INFO ] ╔══════════════════════════════════════════════════════════════════════════╗
[15:57:29.344] [INFO ] ║  ✅ SCRAPE SUCCESSFUL - SCRAPE_20260125_155716_6A2E
[15:57:29.344] [INFO ] ╠══════════════════════════════════════════════════════════════════════════╣
[15:57:29.344] [INFO ] 
[15:57:29.344] [INFO ]     ┌─ TIMING BREAKDOWN ───────────────────────────────────────────┐
[15:57:29.344] [INFO ]     │ Browser Launch:      0.06s
[15:57:29.344] [INFO ]     │ Page Load:           5.53s
[15:57:29.344] [INFO ]     │ Cloudflare Wait:     0.00s
[15:57:29.344] [INFO ]     │ Human Simulation:    5.44s
[15:57:29.344] [INFO ]     │
[15:57:29.344] [INFO ]     │ Content Extraction:  0.05s
[15:57:29.344] [INFO ]     │ ─────────────────────────────────────────────────────────────
[15:57:29.344] [INFO ]     │ TOTAL TIME:          11.08s
[15:57:29.344] [INFO ]     └──────────────────────────────────────────────────────────────┘
[15:57:29.344] [INFO ] 
[15:57:29.344] [INFO ]     ┌─ CONTENT METRICS ────────────────────────────────────────────┐
[15:57:29.344] [INFO ]     │ Title:            Fintech Startups: New & Effective Standards for Es
[15:57:29.344] [INFO ]     │ Final URL:        https://www.a-h-g.net/en/fintech-startups/
[15:57:29.344] [INFO ]     │ HTML Size:        139,516 bytes
[15:57:29.344] [INFO ]     │ Text Size:        6,165 chars
[15:57:29.344] [INFO ]     │ Word Count:       ~927 words
[15:57:29.344] [INFO ]     │ Extraction:       trafilatura
[15:57:29.344] [INFO ]     │ Has Article:      ✅ Yes
[15:57:29.344] [INFO ]     └──────────────────────────────────────────────────────────────┘
[15:57:29.344] [INFO ] ╠══════════════════════════════════════════════════════════════════════════╣
[15:57:29.344] [INFO ] ║  📊 SESSION STATS
[15:57:29.344] [INFO ] ║  ├─ Strategies Tried:   domcontentloaded
[15:57:29.344] [INFO ] ║  ├─ Popups Dismissed:   0
[15:57:29.344] [INFO ] ║  ├─ Cloudflare:         Not detected
[15:57:29.344] [INFO ] ║  └─ Proxy Used:         Direct
[15:57:29.344] [INFO ] ╚══════════════════════════════════════════════════════════════════════════╝
[15:57:29.344] [INFO ] 

================================================================================
STATUS: SUCCESS
TOTAL TIME: 12.71s
ENDED: 2026-01-25T15:57:29.344933+02:00 (Egypt Time)
END OF SCRAPE LOG
================================================================================