================================================================================
SCRAPE LOG: https://www.numbeo.com/cost-of-living/in/Paris
Started: 2026-01-25 13:44:05
Session ID: SCRAPE_20260125_134405_08E7
================================================================================
[13:44:05.353] [INFO ] 📝 Scrape log: /app/data/logs/scrapes/2026-01-25_134405_numbeo.com.log
[13:44:05.353] [DEBUG] ⏱️ Timeout set to 45s for this scrape
[13:44:05.705] [INFO ] 
[13:44:05.705] [INFO ]     🚀 BROWSER LAUNCHED
[13:44:05.705] [INFO ]     ├─ Mode:       Headless
[13:44:05.705] [INFO ]     ├─ Slow Mo:    53ms
[13:44:05.705] [INFO ]     ├─ Launch Time: 0.06s
[13:44:05.705] [INFO ]     └─ Args:       Anti-automation flags enabled
[13:44:05.722] [DEBUG] Browser profile: viewport={'width': 2560, 'height': 1440}, locale=en-GB, tz=UTC
[13:44:05.722] [INFO ] 
[13:44:05.722] [INFO ] ╔══════════════════════════════════════════════════════════════════════════╗
[13:44:05.722] [INFO ] ║  📋 SESSION: SCRAPE_20260125_134405_08E7
[13:44:05.722] [INFO ] ║  🌐 URL: https://www.numbeo.com/cost-of-living/in/Paris
[13:44:05.722] [INFO ] ║  🔄 ATTEMPT: 1/2
[13:44:05.722] [INFO ] ║  ⏰ STARTED: 2026-01-25T13:44:05.722231+02:00 (Egypt Time)
[13:44:05.722] [INFO ] ╠══════════════════════════════════════════════════════════════════════════╣
[13:44:05.722] [INFO ] 
[13:44:05.722] [INFO ]     ┌─ BROWSER FINGERPRINT ────────────────────────────────────────┐
[13:44:05.722] [INFO ]     │ Browser:     OPERA v106
[13:44:05.722] [INFO ]     │ User-Agent:  Mozilla/5.0 (Windows NT 10.0; Win64; x64) AppleWebKit/537.36 (KHTML, l...
[13:44:05.722] [INFO ]     │ Viewport:    2560x1440
[13:44:05.722] [INFO ]     │ Sec-CH-UA:   (not applicable)...
[13:44:05.722] [INFO ]     ├─ LOCATION PROFILE ───────────────────────────────────────────┤
[13:44:05.722] [INFO ]     │ Location:    London, UK
[13:44:05.722] [INFO ]     │ Timezone:    N/A
[13:44:05.722] [INFO ]     │ Locale:      en-GB
[13:44:05.722] [INFO ]     │ Geo:         0, 0
[13:44:05.722] [INFO ]     ├─ NETWORK ────────────────────────────────────────────────────┤
[13:44:05.722] [INFO ]     │ Proxy:       Direct (no proxy)
[13:44:05.722] [INFO ]     │ Referrer:    None
[13:44:05.722] [INFO ]     └──────────────────────────────────────────────────────────────┘
[13:44:05.722] [INFO ] ╚══════════════════════════════════════════════════════════════════════════╝
[13:44:05.722] [INFO ] 🛡️ Injected anti-detection scripts at context level
[13:44:05.722] [DEBUG]    └─ Canvas noise, WebGL spoof, Browser patches
[13:44:05.722] [INFO ] 
[13:44:05.722] [INFO ]     🛡️ ANTI-DETECTION SCRIPTS INJECTED (CONTEXT level)
[13:44:05.722] [INFO ]     ├─ Canvas fingerprint noise
[13:44:05.722] [INFO ]     ├─ WebGL renderer/vendor spoof
[13:44:05.722] [INFO ]     ├─ Hardware concurrency randomization
[13:44:05.722] [INFO ]     ├─ Device memory randomization
[13:44:05.722] [INFO ]     ├─ Plugin masking
[13:44:05.722] [INFO ]     ├─ WebRTC IP leak protection
[13:44:05.722] [INFO ]     ├─ Network connection spoof
[13:44:05.722] [INFO ]     └─ Battery API spoof
[13:44:05.763] [INFO ] 
[13:44:05.763] [INFO ]     🥷 STEALTH MODE APPLIED
[13:44:05.763] [INFO ]     ├─ Navigator patches (webdriver, plugins, languages)
[13:44:05.763] [INFO ]     ├─ Chrome runtime patches
[13:44:05.764] [INFO ]     ├─ Console patches
[13:44:05.764] [INFO ]     └─ Permission patches
[13:44:05.764] [INFO ] 🛡️ Injected anti-detection scripts at page level
[13:44:05.764] [DEBUG]    └─ Canvas noise, WebGL spoof, Browser patches
[13:44:05.764] [INFO ] 
[13:44:05.764] [INFO ]     🛡️ ANTI-DETECTION SCRIPTS INJECTED (PAGE level)
[13:44:05.764] [INFO ]     ├─ Canvas fingerprint noise
[13:44:05.764] [INFO ]     ├─ WebGL renderer/vendor spoof
[13:44:05.764] [INFO ]     ├─ Hardware concurrency randomization
[13:44:05.764] [INFO ]     ├─ Device memory randomization
[13:44:05.764] [INFO ]     ├─ Plugin masking
[13:44:05.764] [INFO ]     ├─ WebRTC IP leak protection
[13:44:05.764] [INFO ]     ├─ Network connection spoof
[13:44:05.764] [INFO ]     └─ Battery API spoof
[13:44:05.764] [DEBUG] Enabled resource blocking (images, media, fonts)
[13:44:05.764] [INFO ] 
[13:44:05.764] [INFO ]     🔗 NAVIGATING TO URL
[13:44:05.764] [INFO ]     ├─ Strategy:   domcontentloaded
[13:44:05.764] [INFO ]     ├─ Timeout:    15.0s
[13:44:05.764] [INFO ]     └─ Sleep:      1s after load
[13:44:07.402] [INFO ] 
[13:44:07.402] [INFO ]     ✅ PAGE LOADED
[13:44:07.402] [INFO ]     ├─ Final URL:  https://www.numbeo.com/cost-of-living/in/Paris
[13:44:07.402] [INFO ]     ├─ Title:      Cost of Living in Paris. Jan 2026. Prices in Paris
[13:44:07.402] [INFO ]     └─ Load Time:  1.64s
[13:44:08.749] [INFO ] 🧑 Human behavior simulation...
[13:44:12.973] [INFO ] 🖱️ Mouse: 3 moves in 2560x1440
[13:44:12.973] [INFO ] 🖱️ Mouse completed: 3 moves
[13:44:12.973] [INFO ] 📜 Scroll: page height, viewport=1440px
[13:44:12.973] [INFO ] 📜 Scroll completed: 1 scrolls
[13:44:12.973] [INFO ] 🧑 Human behavior completed in 4.2s ✓
[13:44:12.973] [INFO ] 
[13:44:12.973] [INFO ]     🧑 HUMAN BEHAVIOR SIMULATED
[13:44:12.973] [INFO ]     ├─ Mouse Movements: 3
[13:44:12.973] [INFO ]     ├─ Scroll Actions:  1
[13:44:12.973] [INFO ]     └─ Time Spent:      4.22s
[13:44:13.319] [INFO ] 
[13:44:13.319] [INFO ]     ┌─ CONTENT METRICS ────────────────────────────────────────────┐
[13:44:13.319] [INFO ]     │ Title:            Cost of Living in Paris
[13:44:13.319] [INFO ]     │ Final URL:        https://www.numbeo.com/cost-of-living/in/Paris
[13:44:13.319] [INFO ]     │ HTML Size:        111,372 bytes
[13:44:13.319] [INFO ]     │ Text Size:        33,965 chars
[13:44:13.319] [INFO ]     │ Word Count:       ~6008 words
[13:44:13.319] [INFO ]     │ Extraction:       trafilatura
[13:44:13.319] [INFO ]     │ Has Article:      ✅ Yes
[13:44:13.319] [INFO ]     └──────────────────────────────────────────────────────────────┘
[13:44:13.348] [INFO ] 
[13:44:13.348] [INFO ] ╔══════════════════════════════════════════════════════════════════════════╗
[13:44:13.348] [INFO ] ║  ✅ SCRAPE SUCCESSFUL - SCRAPE_20260125_134405_08E7
[13:44:13.348] [INFO ] ╠══════════════════════════════════════════════════════════════════════════╣
[13:44:13.348] [INFO ] 
[13:44:13.348] [INFO ]     ┌─ TIMING BREAKDOWN ───────────────────────────────────────────┐
[13:44:13.348] [INFO ]     │ Browser Launch:      0.06s
[13:44:13.348] [INFO ]     │ Page Load:           1.64s
[13:44:13.348] [INFO ]     │ Cloudflare Wait:     0.00s
[13:44:13.348] [INFO ]     │ Human Simulation:    4.22s
[13:44:13.348] [INFO ]     │
[13:44:13.348] [INFO ]     │ Content Extraction:  0.18s
[13:44:13.348] [INFO ]     │ ─────────────────────────────────────────────────────────────
[13:44:13.348] [INFO ]     │ TOTAL TIME:          6.10s
[13:44:13.348] [INFO ]     └──────────────────────────────────────────────────────────────┘
[13:44:13.348] [INFO ] 
[13:44:13.349] [INFO ]     ┌─ CONTENT METRICS ────────────────────────────────────────────┐
[13:44:13.349] [INFO ]     │ Title:            Cost of Living in Paris
[13:44:13.349] [INFO ]     │ Final URL:        https://www.numbeo.com/cost-of-living/in/Paris
[13:44:13.349] [INFO ]     │ HTML Size:        111,372 bytes
[13:44:13.349] [INFO ]     │ Text Size:        33,965 chars
[13:44:13.349] [INFO ]     │ Word Count:       ~6008 words
[13:44:13.349] [INFO ]     │ Extraction:       trafilatura
[13:44:13.349] [INFO ]     │ Has Article:      ✅ Yes
[13:44:13.349] [INFO ]     └──────────────────────────────────────────────────────────────┘
[13:44:13.349] [INFO ] ╠══════════════════════════════════════════════════════════════════════════╣
[13:44:13.349] [INFO ] ║  📊 SESSION STATS
[13:44:13.349] [INFO ] ║  ├─ Strategies Tried:   domcontentloaded
[13:44:13.349] [INFO ] ║  ├─ Popups Dismissed:   0
[13:44:13.349] [INFO ] ║  ├─ Cloudflare:         Not detected
[13:44:13.349] [INFO ] ║  └─ Proxy Used:         Direct
[13:44:13.349] [INFO ] ╚══════════════════════════════════════════════════════════════════════════╝
[13:44:13.349] [INFO ] 

================================================================================
STATUS: SUCCESS
TOTAL TIME: 8.00s
ENDED: 2026-01-25T13:44:13.349256+02:00 (Egypt Time)
END OF SCRAPE LOG
================================================================================