================================================================================
SCRAPE LOG: https://www.lexology.com/library/detail.aspx?g=d6930217-1942-4797-a212-25975891e365
Started: 2026-01-26 12:18:52
Session ID: SCRAPE_20260126_121852_9CC4
================================================================================
[12:18:52.288] [INFO ] 📝 Scrape log: /app/data/logs/scrapes/2026-01-26_121852_lexology.com.log
[12:18:52.288] [DEBUG] ⏱️ Timeout set to 45s for this scrape
[12:18:52.628] [INFO ] 
[12:18:52.628] [INFO ]     🚀 BROWSER LAUNCHED
[12:18:52.629] [INFO ]     ├─ Mode:       Headless
[12:18:52.629] [INFO ]     ├─ Slow Mo:    47ms
[12:18:52.629] [INFO ]     ├─ Launch Time: 0.06s
[12:18:52.629] [INFO ]     └─ Args:       Anti-automation flags enabled
[12:18:52.645] [DEBUG] Browser profile: viewport={'width': 1728, 'height': 1117}, locale=en-US, tz=UTC
[12:18:52.645] [INFO ] 
[12:18:52.645] [INFO ] ╔══════════════════════════════════════════════════════════════════════════╗
[12:18:52.645] [INFO ] ║  📋 SESSION: SCRAPE_20260126_121852_9CC4
[12:18:52.645] [INFO ] ║  🌐 URL: https://www.lexology.com/library/detail.aspx?g=d6930217-1942-4797-a212-25975891e365
[12:18:52.645] [INFO ] ║  🔄 ATTEMPT: 1/2
[12:18:52.645] [INFO ] ║  ⏰ STARTED: 2026-01-26T12:18:52.645103+02:00 (Egypt Time)
[12:18:52.645] [INFO ] ╠══════════════════════════════════════════════════════════════════════════╣
[12:18:52.645] [INFO ] 
[12:18:52.645] [INFO ]     ┌─ BROWSER FINGERPRINT ────────────────────────────────────────┐
[12:18:52.645] [INFO ]     │ Browser:     SAFARI v16
[12:18:52.645] [INFO ]     │ User-Agent:  Mozilla/5.0 (Macintosh; Intel Mac OS X 13_6) AppleWebKit/605.1.15 (KHT...
[12:18:52.645] [INFO ]     │ Viewport:    1728x1117
[12:18:52.645] [INFO ]     │ Sec-CH-UA:   (not applicable)...
[12:18:52.645] [INFO ]     ├─ LOCATION PROFILE ───────────────────────────────────────────┤
[12:18:52.645] [INFO ]     │ Location:    Houston, USA
[12:18:52.645] [INFO ]     │ Timezone:    N/A
[12:18:52.645] [INFO ]     │ Locale:      en-US
[12:18:52.645] [INFO ]     │ Geo:         0, 0
[12:18:52.645] [INFO ]     ├─ NETWORK ────────────────────────────────────────────────────┤
[12:18:52.645] [INFO ]     │ Proxy:       Direct (no proxy)
[12:18:52.645] [INFO ]     │ Referrer:    https://www.google.com/search?q=www+lexology+com
[12:18:52.645] [INFO ]     └──────────────────────────────────────────────────────────────┘
[12:18:52.645] [INFO ] ╚══════════════════════════════════════════════════════════════════════════╝
[12:18:52.645] [INFO ] 🛡️ Injected anti-detection scripts at context level
[12:18:52.645] [DEBUG]    └─ Canvas noise, WebGL spoof, Browser patches
[12:18:52.645] [INFO ] 
[12:18:52.645] [INFO ]     🛡️ ANTI-DETECTION SCRIPTS INJECTED (CONTEXT level)
[12:18:52.645] [INFO ]     ├─ Canvas fingerprint noise
[12:18:52.645] [INFO ]     ├─ WebGL renderer/vendor spoof
[12:18:52.645] [INFO ]     ├─ Hardware concurrency randomization
[12:18:52.645] [INFO ]     ├─ Device memory randomization
[12:18:52.645] [INFO ]     ├─ Plugin masking
[12:18:52.645] [INFO ]     ├─ WebRTC IP leak protection
[12:18:52.645] [INFO ]     ├─ Network connection spoof
[12:18:52.645] [INFO ]     └─ Battery API spoof
[12:18:52.687] [INFO ] 
[12:18:52.687] [INFO ]     🥷 STEALTH MODE APPLIED
[12:18:52.687] [INFO ]     ├─ Navigator patches (webdriver, plugins, languages)
[12:18:52.687] [INFO ]     ├─ Chrome runtime patches
[12:18:52.687] [INFO ]     ├─ Console patches
[12:18:52.687] [INFO ]     └─ Permission patches
[12:18:52.687] [INFO ] 🛡️ Injected anti-detection scripts at page level
[12:18:52.687] [DEBUG]    └─ Canvas noise, WebGL spoof, Browser patches
[12:18:52.687] [INFO ] 
[12:18:52.687] [INFO ]     🛡️ ANTI-DETECTION SCRIPTS INJECTED (PAGE level)
[12:18:52.687] [INFO ]     ├─ Canvas fingerprint noise
[12:18:52.687] [INFO ]     ├─ WebGL renderer/vendor spoof
[12:18:52.687] [INFO ]     ├─ Hardware concurrency randomization
[12:18:52.687] [INFO ]     ├─ Device memory randomization
[12:18:52.687] [INFO ]     ├─ Plugin masking
[12:18:52.687] [INFO ]     ├─ WebRTC IP leak protection
[12:18:52.687] [INFO ]     ├─ Network connection spoof
[12:18:52.687] [INFO ]     └─ Battery API spoof
[12:18:52.687] [DEBUG] Enabled resource blocking (images, media, fonts)
[12:18:52.687] [INFO ] 
[12:18:52.687] [INFO ]     🔗 NAVIGATING TO URL
[12:18:52.687] [INFO ]     ├─ Strategy:   domcontentloaded
[12:18:52.687] [INFO ]     ├─ Timeout:    15.0s
[12:18:52.687] [INFO ]     └─ Sleep:      1s after load
[12:18:54.155] [INFO ] 
[12:18:54.155] [INFO ]     ✅ PAGE LOADED
[12:18:54.155] [INFO ]     ├─ Final URL:  https://www.lexology.com/library/detail.aspx?g=d6930217-1942-4797-a212-25975891e365
[12:18:54.155] [INFO ]     ├─ Title:      A general introduction to fintech law in Egypt - Lexology
[12:18:54.155] [INFO ]     └─ Load Time:  1.47s
[12:18:56.997] [INFO ] 🧑 Human behavior simulation...
[12:18:59.220] [INFO ] 🖱️ Mouse: 1 moves in 1728x1117
[12:18:59.220] [INFO ] 🖱️ Mouse completed: 1 moves
[12:18:59.220] [INFO ] 📜 Scroll: page height, viewport=1117px
[12:18:59.220] [INFO ] 📜 Scroll completed: 1 scrolls
[12:18:59.220] [INFO ] 🧑 Human behavior completed in 2.2s ✓
[12:18:59.220] [INFO ] 
[12:18:59.220] [INFO ]     🧑 HUMAN BEHAVIOR SIMULATED
[12:18:59.220] [INFO ]     ├─ Mouse Movements: 1
[12:18:59.220] [INFO ]     ├─ Scroll Actions:  1
[12:18:59.220] [INFO ]     └─ Time Spent:      2.22s
[12:18:59.373] [INFO ] 
[12:18:59.373] [INFO ]     ┌─ CONTENT METRICS ────────────────────────────────────────────┐
[12:18:59.373] [INFO ]     │ Title:            A general introduction to fintech law in Egypt
[12:18:59.373] [INFO ]     │ Final URL:        https://www.lexology.com/library/detail.aspx?g=d6930217-1942-4797-a212-25975891e365
[12:18:59.373] [INFO ]     │ HTML Size:        265,043 bytes
[12:18:59.373] [INFO ]     │ Text Size:        3,105 chars
[12:18:59.373] [INFO ]     │ Word Count:       ~432 words
[12:18:59.373] [INFO ]     │ Extraction:       trafilatura
[12:18:59.373] [INFO ]     │ Has Article:      ✅ Yes
[12:18:59.373] [INFO ]     └──────────────────────────────────────────────────────────────┘
[12:18:59.403] [INFO ] 
[12:18:59.403] [INFO ] ╔══════════════════════════════════════════════════════════════════════════╗
[12:18:59.403] [INFO ] ║  ✅ SCRAPE SUCCESSFUL - SCRAPE_20260126_121852_9CC4
[12:18:59.403] [INFO ] ╠══════════════════════════════════════════════════════════════════════════╣
[12:18:59.403] [INFO ] 
[12:18:59.403] [INFO ]     ┌─ TIMING BREAKDOWN ───────────────────────────────────────────┐
[12:18:59.403] [INFO ]     │ Browser Launch:      0.06s
[12:18:59.403] [INFO ]     │ Page Load:           1.47s
[12:18:59.403] [INFO ]     │ Cloudflare Wait:     0.00s
[12:18:59.403] [INFO ]     │ Human Simulation:    2.22s
[12:18:59.403] [INFO ]     │
[12:18:59.403] [INFO ]     │ Content Extraction:  0.05s
[12:18:59.403] [INFO ]     │ ─────────────────────────────────────────────────────────────
[12:18:59.403] [INFO ]     │ TOTAL TIME:          3.80s
[12:18:59.403] [INFO ]     └──────────────────────────────────────────────────────────────┘
[12:18:59.403] [INFO ] 
[12:18:59.403] [INFO ]     ┌─ CONTENT METRICS ────────────────────────────────────────────┐
[12:18:59.403] [INFO ]     │ Title:            A general introduction to fintech law in Egypt
[12:18:59.403] [INFO ]     │ Final URL:        https://www.lexology.com/library/detail.aspx?g=d6930217-1942-4797-a212-25975891e365
[12:18:59.403] [INFO ]     │ HTML Size:        265,043 bytes
[12:18:59.403] [INFO ]     │ Text Size:        3,105 chars
[12:18:59.403] [INFO ]     │ Word Count:       ~432 words
[12:18:59.403] [INFO ]     │ Extraction:       trafilatura
[12:18:59.403] [INFO ]     │ Has Article:      ✅ Yes
[12:18:59.403] [INFO ]     └──────────────────────────────────────────────────────────────┘
[12:18:59.403] [INFO ] ╠══════════════════════════════════════════════════════════════════════════╣
[12:18:59.403] [INFO ] ║  📊 SESSION STATS
[12:18:59.403] [INFO ] ║  ├─ Strategies Tried:   domcontentloaded
[12:18:59.403] [INFO ] ║  ├─ Popups Dismissed:   0
[12:18:59.403] [INFO ] ║  ├─ Cloudflare:         Not detected
[12:18:59.403] [INFO ] ║  └─ Proxy Used:         Direct
[12:18:59.403] [INFO ] ╚══════════════════════════════════════════════════════════════════════════╝
[12:18:59.403] [INFO ] 

================================================================================
STATUS: SUCCESS
TOTAL TIME: 7.12s
ENDED: 2026-01-26T12:18:59.403930+02:00 (Egypt Time)
END OF SCRAPE LOG
================================================================================