================================================================================
SCRAPE LOG: https://dig.watch/resource/the-national-cybersecurity-strategy-of-egypt-2023-2027
Started: 2026-01-29 17:32:22
Session ID: SCRAPE_20260129_173222_ABEA
================================================================================
[17:32:22.122] [INFO ] 📝 Scrape log: /app/data/logs/scrapes/2026-01-29_173222_dig.watch.log
[17:32:22.123] [DEBUG] ⏱️ Timeout set to 45s for this scrape
[17:32:22.473] [INFO ] 
[17:32:22.473] [INFO ]     🚀 BROWSER LAUNCHED
[17:32:22.473] [INFO ]     ├─ Mode:       Headless
[17:32:22.473] [INFO ]     ├─ Slow Mo:    53ms
[17:32:22.473] [INFO ]     ├─ Launch Time: 0.06s
[17:32:22.473] [INFO ]     └─ Args:       Anti-automation flags enabled
[17:32:22.489] [DEBUG] Browser profile: viewport={'width': 1512, 'height': 982}, locale=en-CA, tz=UTC
[17:32:22.489] [INFO ] 
[17:32:22.489] [INFO ] ╔══════════════════════════════════════════════════════════════════════════╗
[17:32:22.489] [INFO ] ║  📋 SESSION: SCRAPE_20260129_173222_ABEA
[17:32:22.489] [INFO ] ║  🌐 URL: https://dig.watch/resource/the-national-cybersecurity-strategy-of-egypt-2023-2027
[17:32:22.489] [INFO ] ║  🔄 ATTEMPT: 1/2
[17:32:22.489] [INFO ] ║  ⏰ STARTED: 2026-01-29T17:32:22.489861+02:00 (Egypt Time)
[17:32:22.489] [INFO ] ╠══════════════════════════════════════════════════════════════════════════╣
[17:32:22.489] [INFO ] 
[17:32:22.489] [INFO ]     ┌─ BROWSER FINGERPRINT ────────────────────────────────────────┐
[17:32:22.489] [INFO ]     │ Browser:     CHROME v120
[17:32:22.489] [INFO ]     │ User-Agent:  Mozilla/5.0 (Macintosh; Intel Mac OS X 14_0) AppleWebKit/537.36 (KHTML...
[17:32:22.489] [INFO ]     │ Viewport:    1512x982
[17:32:22.489] [INFO ]     │ Sec-CH-UA:   (not applicable)...
[17:32:22.489] [INFO ]     ├─ LOCATION PROFILE ───────────────────────────────────────────┤
[17:32:22.489] [INFO ]     │ Location:    Vancouver, Canada
[17:32:22.489] [INFO ]     │ Timezone:    N/A
[17:32:22.489] [INFO ]     │ Locale:      en-CA
[17:32:22.489] [INFO ]     │ Geo:         0, 0
[17:32:22.489] [INFO ]     ├─ NETWORK ────────────────────────────────────────────────────┤
[17:32:22.489] [INFO ]     │ Proxy:       Direct (no proxy)
[17:32:22.489] [INFO ]     │ Referrer:    https://www.google.com/
[17:32:22.489] [INFO ]     └──────────────────────────────────────────────────────────────┘
[17:32:22.489] [INFO ] ╚══════════════════════════════════════════════════════════════════════════╝
[17:32:22.489] [INFO ] 🛡️ Injected anti-detection scripts at context level
[17:32:22.489] [DEBUG]    └─ Canvas noise, WebGL spoof, Browser patches
[17:32:22.489] [INFO ] 
[17:32:22.489] [INFO ]     🛡️ ANTI-DETECTION SCRIPTS INJECTED (CONTEXT level)
[17:32:22.489] [INFO ]     ├─ Canvas fingerprint noise
[17:32:22.489] [INFO ]     ├─ WebGL renderer/vendor spoof
[17:32:22.489] [INFO ]     ├─ Hardware concurrency randomization
[17:32:22.489] [INFO ]     ├─ Device memory randomization
[17:32:22.489] [INFO ]     ├─ Plugin masking
[17:32:22.489] [INFO ]     ├─ WebRTC IP leak protection
[17:32:22.490] [INFO ]     ├─ Network connection spoof
[17:32:22.490] [INFO ]     └─ Battery API spoof
[17:32:22.529] [INFO ] 
[17:32:22.529] [INFO ]     🥷 STEALTH MODE APPLIED
[17:32:22.529] [INFO ]     ├─ Navigator patches (webdriver, plugins, languages)
[17:32:22.529] [INFO ]     ├─ Chrome runtime patches
[17:32:22.529] [INFO ]     ├─ Console patches
[17:32:22.529] [INFO ]     └─ Permission patches
[17:32:22.529] [INFO ] 🛡️ Injected anti-detection scripts at page level
[17:32:22.529] [DEBUG]    └─ Canvas noise, WebGL spoof, Browser patches
[17:32:22.529] [INFO ] 
[17:32:22.529] [INFO ]     🛡️ ANTI-DETECTION SCRIPTS INJECTED (PAGE level)
[17:32:22.529] [INFO ]     ├─ Canvas fingerprint noise
[17:32:22.529] [INFO ]     ├─ WebGL renderer/vendor spoof
[17:32:22.529] [INFO ]     ├─ Hardware concurrency randomization
[17:32:22.529] [INFO ]     ├─ Device memory randomization
[17:32:22.529] [INFO ]     ├─ Plugin masking
[17:32:22.529] [INFO ]     ├─ WebRTC IP leak protection
[17:32:22.529] [INFO ]     ├─ Network connection spoof
[17:32:22.529] [INFO ]     └─ Battery API spoof
[17:32:22.529] [DEBUG] Enabled resource blocking (images, media, fonts)
[17:32:22.529] [INFO ] 
[17:32:22.529] [INFO ]     🔗 NAVIGATING TO URL
[17:32:22.529] [INFO ]     ├─ Strategy:   domcontentloaded
[17:32:22.529] [INFO ]     ├─ Timeout:    15.0s
[17:32:22.529] [INFO ]     └─ Sleep:      1s after load
[17:32:23.517] [INFO ] 
[17:32:23.517] [INFO ]     ✅ PAGE LOADED
[17:32:23.517] [INFO ]     ├─ Final URL:  https://dig.watch/resource/the-national-cybersecurity-strategy-of-egypt-2023-2027
[17:32:23.517] [INFO ]     ├─ Title:      The National Cybersecurity Strategy of Egypt (2023-2027) | Digital Watch Observatory
[17:32:23.517] [INFO ]     └─ Load Time:  0.99s
[17:32:24.741] [INFO ] 🧑 Human behavior simulation...
[17:32:29.906] [INFO ] 🖱️ Mouse: 3 moves in 1512x982
[17:32:29.906] [INFO ] 🖱️ Mouse completed: 3 moves
[17:32:29.906] [INFO ] 📜 Scroll: page height, viewport=982px
[17:32:29.906] [INFO ] 📜 Scroll completed: 2 scrolls
[17:32:29.906] [INFO ] 🧑 Human behavior completed in 5.2s ✓
[17:32:29.906] [INFO ] 
[17:32:29.906] [INFO ]     🧑 HUMAN BEHAVIOR SIMULATED
[17:32:29.906] [INFO ]     ├─ Mouse Movements: 3
[17:32:29.906] [INFO ]     ├─ Scroll Actions:  2
[17:32:29.906] [INFO ]     └─ Time Spent:      5.17s
[17:32:30.061] [INFO ] 
[17:32:30.061] [INFO ]     ┌─ CONTENT METRICS ────────────────────────────────────────────┐
[17:32:30.061] [INFO ]     │ Title:            The National Cybersecurity Strategy of Egypt (2023
[17:32:30.061] [INFO ]     │ Final URL:        https://dig.watch/resource/the-national-cybersecurity-strategy-of-egypt-2023-2027
[17:32:30.061] [INFO ]     │ HTML Size:        153,390 bytes
[17:32:30.061] [INFO ]     │ Text Size:        4,611 chars
[17:32:30.061] [INFO ]     │ Word Count:       ~609 words
[17:32:30.061] [INFO ]     │ Extraction:       trafilatura
[17:32:30.061] [INFO ]     │ Has Article:      ✅ Yes
[17:32:30.061] [INFO ]     └──────────────────────────────────────────────────────────────┘
[17:32:30.091] [INFO ] 
[17:32:30.091] [INFO ] ╔══════════════════════════════════════════════════════════════════════════╗
[17:32:30.091] [INFO ] ║  ✅ SCRAPE SUCCESSFUL - SCRAPE_20260129_173222_ABEA
[17:32:30.091] [INFO ] ╠══════════════════════════════════════════════════════════════════════════╣
[17:32:30.091] [INFO ] 
[17:32:30.091] [INFO ]     ┌─ TIMING BREAKDOWN ───────────────────────────────────────────┐
[17:32:30.091] [INFO ]     │ Browser Launch:      0.06s
[17:32:30.091] [INFO ]     │ Page Load:           0.99s
[17:32:30.091] [INFO ]     │ Cloudflare Wait:     0.00s
[17:32:30.091] [INFO ]     │ Human Simulation:    5.17s
[17:32:30.091] [INFO ]     │
[17:32:30.091] [INFO ]     │ Content Extraction:  0.07s
[17:32:30.091] [INFO ]     │ ─────────────────────────────────────────────────────────────
[17:32:30.091] [INFO ]     │ TOTAL TIME:          6.28s
[17:32:30.091] [INFO ]     └──────────────────────────────────────────────────────────────┘
[17:32:30.091] [INFO ] 
[17:32:30.092] [INFO ]     ┌─ CONTENT METRICS ────────────────────────────────────────────┐
[17:32:30.092] [INFO ]     │ Title:            The National Cybersecurity Strategy of Egypt (2023
[17:32:30.092] [INFO ]     │ Final URL:        https://dig.watch/resource/the-national-cybersecurity-strategy-of-egypt-2023-2027
[17:32:30.092] [INFO ]     │ HTML Size:        153,390 bytes
[17:32:30.092] [INFO ]     │ Text Size:        4,611 chars
[17:32:30.092] [INFO ]     │ Word Count:       ~609 words
[17:32:30.092] [INFO ]     │ Extraction:       trafilatura
[17:32:30.092] [INFO ]     │ Has Article:      ✅ Yes
[17:32:30.092] [INFO ]     └──────────────────────────────────────────────────────────────┘
[17:32:30.092] [INFO ] ╠══════════════════════════════════════════════════════════════════════════╣
[17:32:30.092] [INFO ] ║  📊 SESSION STATS
[17:32:30.092] [INFO ] ║  ├─ Strategies Tried:   domcontentloaded
[17:32:30.092] [INFO ] ║  ├─ Popups Dismissed:   0
[17:32:30.092] [INFO ] ║  ├─ Cloudflare:         Not detected
[17:32:30.092] [INFO ] ║  └─ Proxy Used:         Direct
[17:32:30.092] [INFO ] ╚══════════════════════════════════════════════════════════════════════════╝
[17:32:30.092] [INFO ] 

================================================================================
STATUS: SUCCESS
TOTAL TIME: 7.97s
ENDED: 2026-01-29T17:32:30.092181+02:00 (Egypt Time)
END OF SCRAPE LOG
================================================================================