================================================================================
SCRAPE LOG: https://gdpr.eu/compliance/
Started: 2026-01-28 12:41:21
Session ID: SCRAPE_20260128_124121_1B2C
================================================================================
[12:41:21.967] [INFO ] 📝 Scrape log: /app/data/logs/scrapes/2026-01-28_124121_gdpr.eu.log
[12:41:21.967] [DEBUG] ⏱️ Timeout set to 45s for this scrape
[12:41:22.311] [INFO ] 
[12:41:22.311] [INFO ]     🚀 BROWSER LAUNCHED
[12:41:22.311] [INFO ]     ├─ Mode:       Headless
[12:41:22.311] [INFO ]     ├─ Slow Mo:    59ms
[12:41:22.311] [INFO ]     ├─ Launch Time: 0.06s
[12:41:22.311] [INFO ]     └─ Args:       Anti-automation flags enabled
[12:41:22.326] [DEBUG] Browser profile: viewport={'width': 1680, 'height': 1050}, locale=en-AU, tz=UTC
[12:41:22.326] [INFO ] 
[12:41:22.326] [INFO ] ╔══════════════════════════════════════════════════════════════════════════╗
[12:41:22.326] [INFO ] ║  📋 SESSION: SCRAPE_20260128_124121_1B2C
[12:41:22.326] [INFO ] ║  🌐 URL: https://gdpr.eu/compliance/
[12:41:22.326] [INFO ] ║  🔄 ATTEMPT: 1/2
[12:41:22.327] [INFO ] ║  ⏰ STARTED: 2026-01-28T12:41:22.327000+02:00 (Egypt Time)
[12:41:22.327] [INFO ] ╠══════════════════════════════════════════════════════════════════════════╣
[12:41:22.327] [INFO ] 
[12:41:22.327] [INFO ]     ┌─ BROWSER FINGERPRINT ────────────────────────────────────────┐
[12:41:22.327] [INFO ]     │ Browser:     CHROME v120
[12:41:22.327] [INFO ]     │ User-Agent:  Mozilla/5.0 (Macintosh; Intel Mac OS X 10_15_7) AppleWebKit/537.36 (KH...
[12:41:22.327] [INFO ]     │ Viewport:    1680x1050
[12:41:22.327] [INFO ]     │ Sec-CH-UA:   (not applicable)...
[12:41:22.327] [INFO ]     ├─ LOCATION PROFILE ───────────────────────────────────────────┤
[12:41:22.327] [INFO ]     │ Location:    Melbourne, Australia
[12:41:22.327] [INFO ]     │ Timezone:    N/A
[12:41:22.327] [INFO ]     │ Locale:      en-AU
[12:41:22.327] [INFO ]     │ Geo:         0, 0
[12:41:22.327] [INFO ]     ├─ NETWORK ────────────────────────────────────────────────────┤
[12:41:22.327] [INFO ]     │ Proxy:       Direct (no proxy)
[12:41:22.327] [INFO ]     │ Referrer:    https://www.google.com/
[12:41:22.327] [INFO ]     └──────────────────────────────────────────────────────────────┘
[12:41:22.327] [INFO ] ╚══════════════════════════════════════════════════════════════════════════╝
[12:41:22.327] [INFO ] 🛡️ Injected anti-detection scripts at context level
[12:41:22.327] [DEBUG]    └─ Canvas noise, WebGL spoof, Browser patches
[12:41:22.327] [INFO ] 
[12:41:22.327] [INFO ]     🛡️ ANTI-DETECTION SCRIPTS INJECTED (CONTEXT level)
[12:41:22.327] [INFO ]     ├─ Canvas fingerprint noise
[12:41:22.327] [INFO ]     ├─ WebGL renderer/vendor spoof
[12:41:22.327] [INFO ]     ├─ Hardware concurrency randomization
[12:41:22.327] [INFO ]     ├─ Device memory randomization
[12:41:22.327] [INFO ]     ├─ Plugin masking
[12:41:22.327] [INFO ]     ├─ WebRTC IP leak protection
[12:41:22.327] [INFO ]     ├─ Network connection spoof
[12:41:22.327] [INFO ]     └─ Battery API spoof
[12:41:22.370] [INFO ] 
[12:41:22.370] [INFO ]     🥷 STEALTH MODE APPLIED
[12:41:22.370] [INFO ]     ├─ Navigator patches (webdriver, plugins, languages)
[12:41:22.370] [INFO ]     ├─ Chrome runtime patches
[12:41:22.370] [INFO ]     ├─ Console patches
[12:41:22.370] [INFO ]     └─ Permission patches
[12:41:22.370] [INFO ] 🛡️ Injected anti-detection scripts at page level
[12:41:22.370] [DEBUG]    └─ Canvas noise, WebGL spoof, Browser patches
[12:41:22.370] [INFO ] 
[12:41:22.370] [INFO ]     🛡️ ANTI-DETECTION SCRIPTS INJECTED (PAGE level)
[12:41:22.370] [INFO ]     ├─ Canvas fingerprint noise
[12:41:22.370] [INFO ]     ├─ WebGL renderer/vendor spoof
[12:41:22.370] [INFO ]     ├─ Hardware concurrency randomization
[12:41:22.370] [INFO ]     ├─ Device memory randomization
[12:41:22.370] [INFO ]     ├─ Plugin masking
[12:41:22.370] [INFO ]     ├─ WebRTC IP leak protection
[12:41:22.370] [INFO ]     ├─ Network connection spoof
[12:41:22.370] [INFO ]     └─ Battery API spoof
[12:41:22.370] [DEBUG] Enabled resource blocking (images, media, fonts)
[12:41:22.370] [INFO ] 
[12:41:22.370] [INFO ]     🔗 NAVIGATING TO URL
[12:41:22.371] [INFO ]     ├─ Strategy:   domcontentloaded
[12:41:22.371] [INFO ]     ├─ Timeout:    15.0s
[12:41:22.371] [INFO ]     └─ Sleep:      1s after load
[12:41:23.186] [INFO ] 
[12:41:23.186] [INFO ]     ✅ PAGE LOADED
[12:41:23.186] [INFO ]     ├─ Final URL:  https://gdpr.eu/compliance/
[12:41:23.186] [INFO ]     ├─ Title:      Everything you need to know about GDPR compliance - GDPR.eu
[12:41:23.186] [INFO ]     └─ Load Time:  0.82s
[12:41:24.382] [INFO ] 🧑 Human behavior simulation...
[12:41:30.094] [INFO ] 🖱️ Mouse: 3 moves in 1680x1050
[12:41:30.094] [INFO ] 🖱️ Mouse completed: 3 moves
[12:41:30.094] [INFO ] 📜 Scroll: page height, viewport=1050px
[12:41:30.094] [INFO ] 📜 Scroll completed: 2 scrolls
[12:41:30.094] [INFO ] 🧑 Human behavior completed in 5.7s ✓
[12:41:30.094] [INFO ] 
[12:41:30.094] [INFO ]     🧑 HUMAN BEHAVIOR SIMULATED
[12:41:30.094] [INFO ]     ├─ Mouse Movements: 3
[12:41:30.094] [INFO ]     ├─ Scroll Actions:  2
[12:41:30.094] [INFO ]     └─ Time Spent:      5.71s
[12:41:30.133] [INFO ] 
[12:41:30.133] [INFO ]     ┌─ CONTENT METRICS ────────────────────────────────────────────┐
[12:41:30.133] [INFO ]     │ Title:            Everything you need to know about GDPR compliance 
[12:41:30.133] [INFO ]     │ Final URL:        https://gdpr.eu/compliance/
[12:41:30.133] [INFO ]     │ HTML Size:        41,048 bytes
[12:41:30.133] [INFO ]     │ Text Size:        3,976 chars
[12:41:30.133] [INFO ]     │ Word Count:       ~635 words
[12:41:30.133] [INFO ]     │ Extraction:       trafilatura
[12:41:30.133] [INFO ]     │ Has Article:      ✅ Yes
[12:41:30.133] [INFO ]     └──────────────────────────────────────────────────────────────┘
[12:41:30.156] [INFO ] 
[12:41:30.156] [INFO ] ╔══════════════════════════════════════════════════════════════════════════╗
[12:41:30.156] [INFO ] ║  ✅ SCRAPE SUCCESSFUL - SCRAPE_20260128_124121_1B2C
[12:41:30.156] [INFO ] ╠══════════════════════════════════════════════════════════════════════════╣
[12:41:30.156] [INFO ] 
[12:41:30.156] [INFO ]     ┌─ TIMING BREAKDOWN ───────────────────────────────────────────┐
[12:41:30.157] [INFO ]     │ Browser Launch:      0.06s
[12:41:30.157] [INFO ]     │ Page Load:           0.82s
[12:41:30.157] [INFO ]     │ Cloudflare Wait:     0.00s
[12:41:30.157] [INFO ]     │ Human Simulation:    5.71s
[12:41:30.157] [INFO ]     │
[12:41:30.157] [INFO ]     │ Content Extraction:  0.02s
[12:41:30.157] [INFO ]     │ ─────────────────────────────────────────────────────────────
[12:41:30.157] [INFO ]     │ TOTAL TIME:          6.61s
[12:41:30.157] [INFO ]     └──────────────────────────────────────────────────────────────┘
[12:41:30.157] [INFO ] 
[12:41:30.157] [INFO ]     ┌─ CONTENT METRICS ────────────────────────────────────────────┐
[12:41:30.157] [INFO ]     │ Title:            Everything you need to know about GDPR compliance 
[12:41:30.157] [INFO ]     │ Final URL:        https://gdpr.eu/compliance/
[12:41:30.157] [INFO ]     │ HTML Size:        41,048 bytes
[12:41:30.157] [INFO ]     │ Text Size:        3,976 chars
[12:41:30.157] [INFO ]     │ Word Count:       ~635 words
[12:41:30.157] [INFO ]     │ Extraction:       trafilatura
[12:41:30.157] [INFO ]     │ Has Article:      ✅ Yes
[12:41:30.157] [INFO ]     └──────────────────────────────────────────────────────────────┘
[12:41:30.157] [INFO ] ╠══════════════════════════════════════════════════════════════════════════╣
[12:41:30.157] [INFO ] ║  📊 SESSION STATS
[12:41:30.157] [INFO ] ║  ├─ Strategies Tried:   domcontentloaded
[12:41:30.157] [INFO ] ║  ├─ Popups Dismissed:   0
[12:41:30.157] [INFO ] ║  ├─ Cloudflare:         Not detected
[12:41:30.157] [INFO ] ║  └─ Proxy Used:         Direct
[12:41:30.157] [INFO ] ╚══════════════════════════════════════════════════════════════════════════╝
[12:41:30.157] [INFO ] 

================================================================================
STATUS: SUCCESS
TOTAL TIME: 8.19s
ENDED: 2026-01-28T12:41:30.157184+02:00 (Egypt Time)
END OF SCRAPE LOG
================================================================================