================================================================================
SCRAPE LOG: https://advisera.com/27001academy/what-is-iso-27001/
Started: 2026-01-26 13:20:01
Session ID: SCRAPE_20260126_132001_0939
================================================================================
[13:20:01.349] [INFO ] 📝 Scrape log: /app/data/logs/scrapes/2026-01-26_132001_advisera.com.log
[13:20:01.349] [DEBUG] ⏱️ Timeout set to 45s for this scrape
[13:20:01.697] [INFO ] 
[13:20:01.697] [INFO ]     🚀 BROWSER LAUNCHED
[13:20:01.697] [INFO ]     ├─ Mode:       Headless
[13:20:01.697] [INFO ]     ├─ Slow Mo:    42ms
[13:20:01.697] [INFO ]     ├─ Launch Time: 0.05s
[13:20:01.697] [INFO ]     └─ Args:       Anti-automation flags enabled
[13:20:01.717] [DEBUG] Browser profile: viewport={'width': 1920, 'height': 1080}, locale=en-CA, tz=UTC
[13:20:01.717] [INFO ] 
[13:20:01.717] [INFO ] ╔══════════════════════════════════════════════════════════════════════════╗
[13:20:01.717] [INFO ] ║  📋 SESSION: SCRAPE_20260126_132001_0939
[13:20:01.717] [INFO ] ║  🌐 URL: https://advisera.com/27001academy/what-is-iso-27001/
[13:20:01.717] [INFO ] ║  🔄 ATTEMPT: 1/2
[13:20:01.717] [INFO ] ║  ⏰ STARTED: 2026-01-26T13:20:01.717639+02:00 (Egypt Time)
[13:20:01.717] [INFO ] ╠══════════════════════════════════════════════════════════════════════════╣
[13:20:01.717] [INFO ] 
[13:20:01.717] [INFO ]     ┌─ BROWSER FINGERPRINT ────────────────────────────────────────┐
[13:20:01.717] [INFO ]     │ Browser:     CHROME v119
[13:20:01.717] [INFO ]     │ User-Agent:  Mozilla/5.0 (Windows NT 10.0; Win64; x64) AppleWebKit/537.36 (KHTML, l...
[13:20:01.717] [INFO ]     │ Viewport:    1920x1080
[13:20:01.717] [INFO ]     │ Sec-CH-UA:   (not applicable)...
[13:20:01.717] [INFO ]     ├─ LOCATION PROFILE ───────────────────────────────────────────┤
[13:20:01.717] [INFO ]     │ Location:    Vancouver, Canada
[13:20:01.717] [INFO ]     │ Timezone:    N/A
[13:20:01.717] [INFO ]     │ Locale:      en-CA
[13:20:01.717] [INFO ]     │ Geo:         0, 0
[13:20:01.717] [INFO ]     ├─ NETWORK ────────────────────────────────────────────────────┤
[13:20:01.717] [INFO ]     │ Proxy:       Direct (no proxy)
[13:20:01.717] [INFO ]     │ Referrer:    https://www.google.com/search?q=advisera+com
[13:20:01.717] [INFO ]     └──────────────────────────────────────────────────────────────┘
[13:20:01.717] [INFO ] ╚══════════════════════════════════════════════════════════════════════════╝
[13:20:01.717] [INFO ] 🛡️ Injected anti-detection scripts at context level
[13:20:01.717] [DEBUG]    └─ Canvas noise, WebGL spoof, Browser patches
[13:20:01.717] [INFO ] 
[13:20:01.717] [INFO ]     🛡️ ANTI-DETECTION SCRIPTS INJECTED (CONTEXT level)
[13:20:01.717] [INFO ]     ├─ Canvas fingerprint noise
[13:20:01.717] [INFO ]     ├─ WebGL renderer/vendor spoof
[13:20:01.717] [INFO ]     ├─ Hardware concurrency randomization
[13:20:01.717] [INFO ]     ├─ Device memory randomization
[13:20:01.717] [INFO ]     ├─ Plugin masking
[13:20:01.717] [INFO ]     ├─ WebRTC IP leak protection
[13:20:01.717] [INFO ]     ├─ Network connection spoof
[13:20:01.717] [INFO ]     └─ Battery API spoof
[13:20:01.761] [INFO ] 
[13:20:01.761] [INFO ]     🥷 STEALTH MODE APPLIED
[13:20:01.761] [INFO ]     ├─ Navigator patches (webdriver, plugins, languages)
[13:20:01.761] [INFO ]     ├─ Chrome runtime patches
[13:20:01.761] [INFO ]     ├─ Console patches
[13:20:01.761] [INFO ]     └─ Permission patches
[13:20:01.761] [INFO ] 🛡️ Injected anti-detection scripts at page level
[13:20:01.761] [DEBUG]    └─ Canvas noise, WebGL spoof, Browser patches
[13:20:01.761] [INFO ] 
[13:20:01.761] [INFO ]     🛡️ ANTI-DETECTION SCRIPTS INJECTED (PAGE level)
[13:20:01.761] [INFO ]     ├─ Canvas fingerprint noise
[13:20:01.761] [INFO ]     ├─ WebGL renderer/vendor spoof
[13:20:01.761] [INFO ]     ├─ Hardware concurrency randomization
[13:20:01.761] [INFO ]     ├─ Device memory randomization
[13:20:01.761] [INFO ]     ├─ Plugin masking
[13:20:01.761] [INFO ]     ├─ WebRTC IP leak protection
[13:20:01.761] [INFO ]     ├─ Network connection spoof
[13:20:01.761] [INFO ]     └─ Battery API spoof
[13:20:01.761] [DEBUG] Enabled resource blocking (images, media, fonts)
[13:20:01.761] [INFO ] 
[13:20:01.761] [INFO ]     🔗 NAVIGATING TO URL
[13:20:01.761] [INFO ]     ├─ Strategy:   domcontentloaded
[13:20:01.761] [INFO ]     ├─ Timeout:    15.0s
[13:20:01.761] [INFO ]     └─ Sleep:      1s after load
[13:20:03.525] [INFO ] 
[13:20:03.525] [INFO ]     ✅ PAGE LOADED
[13:20:03.525] [INFO ]     ├─ Final URL:  https://advisera.com/27001academy/what-is-iso-27001/
[13:20:03.525] [INFO ]     ├─ Title:      What is ISO 27001? An easy-to-understand explanation.
[13:20:03.526] [INFO ]     └─ Load Time:  1.76s
[13:20:04.841] [INFO ] 🧑 Human behavior simulation...
[13:20:08.316] [INFO ] 🖱️ Mouse: 2 moves in 1920x1080
[13:20:08.316] [INFO ] 🖱️ Mouse completed: 2 moves
[13:20:08.316] [INFO ] 📜 Scroll: page height, viewport=1080px
[13:20:08.316] [INFO ] 📜 Scroll completed: 1 scrolls
[13:20:08.316] [INFO ] 🧑 Human behavior completed in 3.5s ✓
[13:20:08.316] [INFO ] 
[13:20:08.316] [INFO ]     🧑 HUMAN BEHAVIOR SIMULATED
[13:20:08.316] [INFO ]     ├─ Mouse Movements: 2
[13:20:08.316] [INFO ]     ├─ Scroll Actions:  1
[13:20:08.316] [INFO ]     └─ Time Spent:      3.47s
[13:20:08.636] [INFO ] 
[13:20:08.636] [INFO ]     ┌─ CONTENT METRICS ────────────────────────────────────────────┐
[13:20:08.636] [INFO ]     │ Title:            What is ISO 27001? An easy-to-understand explanati
[13:20:08.636] [INFO ]     │ Final URL:        https://advisera.com/27001academy/what-is-iso-27001/
[13:20:08.636] [INFO ]     │ HTML Size:        412,273 bytes
[13:20:08.636] [INFO ]     │ Text Size:        34,102 chars
[13:20:08.636] [INFO ]     │ Word Count:       ~5244 words
[13:20:08.636] [INFO ]     │ Extraction:       trafilatura
[13:20:08.636] [INFO ]     │ Has Article:      ✅ Yes
[13:20:08.636] [INFO ]     └──────────────────────────────────────────────────────────────┘
[13:20:08.666] [INFO ] 
[13:20:08.666] [INFO ] ╔══════════════════════════════════════════════════════════════════════════╗
[13:20:08.666] [INFO ] ║  ✅ SCRAPE SUCCESSFUL - SCRAPE_20260126_132001_0939
[13:20:08.666] [INFO ] ╠══════════════════════════════════════════════════════════════════════════╣
[13:20:08.666] [INFO ] 
[13:20:08.666] [INFO ]     ┌─ TIMING BREAKDOWN ───────────────────────────────────────────┐
[13:20:08.666] [INFO ]     │ Browser Launch:      0.05s
[13:20:08.666] [INFO ]     │ Page Load:           1.76s
[13:20:08.666] [INFO ]     │ Cloudflare Wait:     0.00s
[13:20:08.666] [INFO ]     │ Human Simulation:    3.47s
[13:20:08.666] [INFO ]     │
[13:20:08.666] [INFO ]     │ Content Extraction:  0.23s
[13:20:08.666] [INFO ]     │ ─────────────────────────────────────────────────────────────
[13:20:08.666] [INFO ]     │ TOTAL TIME:          5.53s
[13:20:08.666] [INFO ]     └──────────────────────────────────────────────────────────────┘
[13:20:08.666] [INFO ] 
[13:20:08.667] [INFO ]     ┌─ CONTENT METRICS ────────────────────────────────────────────┐
[13:20:08.667] [INFO ]     │ Title:            What is ISO 27001? An easy-to-understand explanati
[13:20:08.667] [INFO ]     │ Final URL:        https://advisera.com/27001academy/what-is-iso-27001/
[13:20:08.667] [INFO ]     │ HTML Size:        412,273 bytes
[13:20:08.667] [INFO ]     │ Text Size:        34,102 chars
[13:20:08.667] [INFO ]     │ Word Count:       ~5244 words
[13:20:08.667] [INFO ]     │ Extraction:       trafilatura
[13:20:08.667] [INFO ]     │ Has Article:      ✅ Yes
[13:20:08.667] [INFO ]     └──────────────────────────────────────────────────────────────┘
[13:20:08.667] [INFO ] ╠══════════════════════════════════════════════════════════════════════════╣
[13:20:08.667] [INFO ] ║  📊 SESSION STATS
[13:20:08.667] [INFO ] ║  ├─ Strategies Tried:   domcontentloaded
[13:20:08.667] [INFO ] ║  ├─ Popups Dismissed:   0
[13:20:08.667] [INFO ] ║  ├─ Cloudflare:         Not detected
[13:20:08.667] [INFO ] ║  └─ Proxy Used:         Direct
[13:20:08.667] [INFO ] ╚══════════════════════════════════════════════════════════════════════════╝
[13:20:08.667] [INFO ] 

================================================================================
STATUS: SUCCESS
TOTAL TIME: 7.32s
ENDED: 2026-01-26T13:20:08.667375+02:00 (Egypt Time)
END OF SCRAPE LOG
================================================================================