================================================================================
SCRAPE LOG: https://grcsolutions.io/implementing-iso27001/
Started: 2026-01-26 13:12:27
Session ID: SCRAPE_20260126_131227_F922
================================================================================
[13:12:27.164] [INFO ] 📝 Scrape log: /app/data/logs/scrapes/2026-01-26_131227_grcsolutions.io.log
[13:12:27.164] [DEBUG] ⏱️ Timeout set to 45s for this scrape
[13:12:27.504] [INFO ] 
[13:12:27.504] [INFO ]     🚀 BROWSER LAUNCHED
[13:12:27.504] [INFO ]     ├─ Mode:       Headless
[13:12:27.504] [INFO ]     ├─ Slow Mo:    50ms
[13:12:27.504] [INFO ]     ├─ Launch Time: 0.06s
[13:12:27.504] [INFO ]     └─ Args:       Anti-automation flags enabled
[13:12:27.522] [DEBUG] Browser profile: viewport={'width': 1512, 'height': 982}, locale=en-US, tz=UTC
[13:12:27.522] [INFO ] 
[13:12:27.522] [INFO ] ╔══════════════════════════════════════════════════════════════════════════╗
[13:12:27.522] [INFO ] ║  📋 SESSION: SCRAPE_20260126_131227_F922
[13:12:27.522] [INFO ] ║  🌐 URL: https://grcsolutions.io/implementing-iso27001/
[13:12:27.522] [INFO ] ║  🔄 ATTEMPT: 1/2
[13:12:27.522] [INFO ] ║  ⏰ STARTED: 2026-01-26T13:12:27.522275+02:00 (Egypt Time)
[13:12:27.522] [INFO ] ╠══════════════════════════════════════════════════════════════════════════╣
[13:12:27.522] [INFO ] 
[13:12:27.522] [INFO ]     ┌─ BROWSER FINGERPRINT ────────────────────────────────────────┐
[13:12:27.522] [INFO ]     │ Browser:     CHROME v123
[13:12:27.522] [INFO ]     │ User-Agent:  Mozilla/5.0 (Macintosh; Intel Mac OS X 10_15_7) AppleWebKit/537.36 (KH...
[13:12:27.522] [INFO ]     │ Viewport:    1512x982
[13:12:27.522] [INFO ]     │ Sec-CH-UA:   (not applicable)...
[13:12:27.522] [INFO ]     ├─ LOCATION PROFILE ───────────────────────────────────────────┤
[13:12:27.522] [INFO ]     │ Location:    Denver, USA
[13:12:27.522] [INFO ]     │ Timezone:    N/A
[13:12:27.522] [INFO ]     │ Locale:      en-US
[13:12:27.522] [INFO ]     │ Geo:         0, 0
[13:12:27.522] [INFO ]     ├─ NETWORK ────────────────────────────────────────────────────┤
[13:12:27.522] [INFO ]     │ Proxy:       Direct (no proxy)
[13:12:27.522] [INFO ]     │ Referrer:    None
[13:12:27.522] [INFO ]     └──────────────────────────────────────────────────────────────┘
[13:12:27.522] [INFO ] ╚══════════════════════════════════════════════════════════════════════════╝
[13:12:27.522] [INFO ] 🛡️ Injected anti-detection scripts at context level
[13:12:27.522] [DEBUG]    └─ Canvas noise, WebGL spoof, Browser patches
[13:12:27.522] [INFO ] 
[13:12:27.522] [INFO ]     🛡️ ANTI-DETECTION SCRIPTS INJECTED (CONTEXT level)
[13:12:27.522] [INFO ]     ├─ Canvas fingerprint noise
[13:12:27.522] [INFO ]     ├─ WebGL renderer/vendor spoof
[13:12:27.522] [INFO ]     ├─ Hardware concurrency randomization
[13:12:27.522] [INFO ]     ├─ Device memory randomization
[13:12:27.522] [INFO ]     ├─ Plugin masking
[13:12:27.522] [INFO ]     ├─ WebRTC IP leak protection
[13:12:27.522] [INFO ]     ├─ Network connection spoof
[13:12:27.522] [INFO ]     └─ Battery API spoof
[13:12:27.563] [INFO ] 
[13:12:27.563] [INFO ]     🥷 STEALTH MODE APPLIED
[13:12:27.563] [INFO ]     ├─ Navigator patches (webdriver, plugins, languages)
[13:12:27.563] [INFO ]     ├─ Chrome runtime patches
[13:12:27.563] [INFO ]     ├─ Console patches
[13:12:27.563] [INFO ]     └─ Permission patches
[13:12:27.563] [INFO ] 🛡️ Injected anti-detection scripts at page level
[13:12:27.563] [DEBUG]    └─ Canvas noise, WebGL spoof, Browser patches
[13:12:27.563] [INFO ] 
[13:12:27.563] [INFO ]     🛡️ ANTI-DETECTION SCRIPTS INJECTED (PAGE level)
[13:12:27.563] [INFO ]     ├─ Canvas fingerprint noise
[13:12:27.563] [INFO ]     ├─ WebGL renderer/vendor spoof
[13:12:27.563] [INFO ]     ├─ Hardware concurrency randomization
[13:12:27.563] [INFO ]     ├─ Device memory randomization
[13:12:27.563] [INFO ]     ├─ Plugin masking
[13:12:27.563] [INFO ]     ├─ WebRTC IP leak protection
[13:12:27.563] [INFO ]     ├─ Network connection spoof
[13:12:27.564] [INFO ]     └─ Battery API spoof
[13:12:27.564] [DEBUG] Enabled resource blocking (images, media, fonts)
[13:12:27.564] [INFO ] 
[13:12:27.564] [INFO ]     🔗 NAVIGATING TO URL
[13:12:27.564] [INFO ]     ├─ Strategy:   domcontentloaded
[13:12:27.564] [INFO ]     ├─ Timeout:    15.0s
[13:12:27.564] [INFO ]     └─ Sleep:      1s after load
[13:12:30.795] [INFO ] 
[13:12:30.795] [INFO ]     ✅ PAGE LOADED
[13:12:30.795] [INFO ]     ├─ Final URL:  https://grcsolutions.io/implementing-iso27001/
[13:12:30.795] [INFO ]     ├─ Title:      Implementing ISO27001 - GRC Solutions
[13:12:30.795] [INFO ]     └─ Load Time:  3.23s
[13:12:34.768] [INFO ] 🧑 Human behavior simulation...
[13:12:36.997] [INFO ] 🖱️ Mouse: 1 moves in 1512x982
[13:12:36.997] [INFO ] 🖱️ Mouse completed: 1 moves
[13:12:36.997] [INFO ] 📜 Scroll: page height, viewport=982px
[13:12:36.997] [INFO ] 📜 Scroll completed: 1 scrolls
[13:12:36.997] [INFO ] 🧑 Human behavior completed in 2.2s ✓
[13:12:36.997] [INFO ] 
[13:12:36.997] [INFO ]     🧑 HUMAN BEHAVIOR SIMULATED
[13:12:36.997] [INFO ]     ├─ Mouse Movements: 1
[13:12:36.997] [INFO ]     ├─ Scroll Actions:  1
[13:12:36.997] [INFO ]     └─ Time Spent:      2.23s
[13:12:37.286] [INFO ] 
[13:12:37.286] [INFO ]     ┌─ CONTENT METRICS ────────────────────────────────────────────┐
[13:12:37.286] [INFO ]     │ Title:            Implementing ISO27001
[13:12:37.286] [INFO ]     │ Final URL:        https://grcsolutions.io/implementing-iso27001/
[13:12:37.286] [INFO ]     │ HTML Size:        311,080 bytes
[13:12:37.286] [INFO ]     │ Text Size:        754 chars
[13:12:37.286] [INFO ]     │ Word Count:       ~109 words
[13:12:37.286] [INFO ]     │ Extraction:       trafilatura
[13:12:37.286] [INFO ]     │ Has Article:      ✅ Yes
[13:12:37.286] [INFO ]     └──────────────────────────────────────────────────────────────┘
[13:12:37.324] [INFO ] 
[13:12:37.324] [INFO ] ╔══════════════════════════════════════════════════════════════════════════╗
[13:12:37.324] [INFO ] ║  ✅ SCRAPE SUCCESSFUL - SCRAPE_20260126_131227_F922
[13:12:37.324] [INFO ] ╠══════════════════════════════════════════════════════════════════════════╣
[13:12:37.324] [INFO ] 
[13:12:37.324] [INFO ]     ┌─ TIMING BREAKDOWN ───────────────────────────────────────────┐
[13:12:37.324] [INFO ]     │ Browser Launch:      0.06s
[13:12:37.324] [INFO ]     │ Page Load:           3.23s
[13:12:37.324] [INFO ]     │ Cloudflare Wait:     0.00s
[13:12:37.324] [INFO ]     │ Human Simulation:    2.23s
[13:12:37.324] [INFO ]     │
[13:12:37.324] [INFO ]     │ Content Extraction:  0.08s
[13:12:37.324] [INFO ]     │ ─────────────────────────────────────────────────────────────
[13:12:37.324] [INFO ]     │ TOTAL TIME:          5.60s
[13:12:37.324] [INFO ]     └──────────────────────────────────────────────────────────────┘
[13:12:37.324] [INFO ] 
[13:12:37.324] [INFO ]     ┌─ CONTENT METRICS ────────────────────────────────────────────┐
[13:12:37.324] [INFO ]     │ Title:            Implementing ISO27001
[13:12:37.324] [INFO ]     │ Final URL:        https://grcsolutions.io/implementing-iso27001/
[13:12:37.324] [INFO ]     │ HTML Size:        311,080 bytes
[13:12:37.324] [INFO ]     │ Text Size:        754 chars
[13:12:37.324] [INFO ]     │ Word Count:       ~109 words
[13:12:37.324] [INFO ]     │ Extraction:       trafilatura
[13:12:37.324] [INFO ]     │ Has Article:      ✅ Yes
[13:12:37.324] [INFO ]     └──────────────────────────────────────────────────────────────┘
[13:12:37.324] [INFO ] ╠══════════════════════════════════════════════════════════════════════════╣
[13:12:37.324] [INFO ] ║  📊 SESSION STATS
[13:12:37.324] [INFO ] ║  ├─ Strategies Tried:   domcontentloaded
[13:12:37.324] [INFO ] ║  ├─ Popups Dismissed:   0
[13:12:37.324] [INFO ] ║  ├─ Cloudflare:         Not detected
[13:12:37.324] [INFO ] ║  └─ Proxy Used:         Direct
[13:12:37.324] [INFO ] ╚══════════════════════════════════════════════════════════════════════════╝
[13:12:37.324] [INFO ] 

================================================================================
STATUS: SUCCESS
TOTAL TIME: 10.16s
ENDED: 2026-01-26T13:12:37.324895+02:00 (Egypt Time)
END OF SCRAPE LOG
================================================================================