================================================================================
SCRAPE LOG: https://www.incibe.es/en/incibe-cert/publications/cybersecurity-highlights/data-breach-egypts-health-service
Started: 2026-01-29 22:02:28
Session ID: SCRAPE_20260129_220228_9AA1
================================================================================
[22:02:28.611] [INFO ] 📝 Scrape log: /app/data/logs/scrapes/2026-01-29_220228_incibe.es.log
[22:02:28.611] [DEBUG] ⏱️ Timeout set to 45s for this scrape
[22:02:28.955] [INFO ] 
[22:02:28.955] [INFO ]     🚀 BROWSER LAUNCHED
[22:02:28.955] [INFO ]     ├─ Mode:       Headless
[22:02:28.955] [INFO ]     ├─ Slow Mo:    54ms
[22:02:28.955] [INFO ]     ├─ Launch Time: 0.06s
[22:02:28.955] [INFO ]     └─ Args:       Anti-automation flags enabled
[22:02:28.973] [DEBUG] Browser profile: viewport={'width': 1280, 'height': 720}, locale=en-GB, tz=UTC
[22:02:28.973] [INFO ] 
[22:02:28.973] [INFO ] ╔══════════════════════════════════════════════════════════════════════════╗
[22:02:28.973] [INFO ] ║  📋 SESSION: SCRAPE_20260129_220228_9AA1
[22:02:28.973] [INFO ] ║  🌐 URL: https://www.incibe.es/en/incibe-cert/publications/cybersecurity-highlights/data-breach-egypts-health-service
[22:02:28.973] [INFO ] ║  🔄 ATTEMPT: 1/2
[22:02:28.973] [INFO ] ║  ⏰ STARTED: 2026-01-29T22:02:28.973168+02:00 (Egypt Time)
[22:02:28.973] [INFO ] ╠══════════════════════════════════════════════════════════════════════════╣
[22:02:28.973] [INFO ] 
[22:02:28.973] [INFO ]     ┌─ BROWSER FINGERPRINT ────────────────────────────────────────┐
[22:02:28.973] [INFO ]     │ Browser:     OPERA v105
[22:02:28.973] [INFO ]     │ User-Agent:  Mozilla/5.0 (Windows NT 10.0; Win64; x64) AppleWebKit/537.36 (KHTML, l...
[22:02:28.973] [INFO ]     │ Viewport:    1280x720
[22:02:28.973] [INFO ]     │ Sec-CH-UA:   (not applicable)...
[22:02:28.973] [INFO ]     ├─ LOCATION PROFILE ───────────────────────────────────────────┤
[22:02:28.973] [INFO ]     │ Location:    Manchester, UK
[22:02:28.973] [INFO ]     │ Timezone:    N/A
[22:02:28.973] [INFO ]     │ Locale:      en-GB
[22:02:28.973] [INFO ]     │ Geo:         0, 0
[22:02:28.973] [INFO ]     ├─ NETWORK ────────────────────────────────────────────────────┤
[22:02:28.973] [INFO ]     │ Proxy:       Direct (no proxy)
[22:02:28.973] [INFO ]     │ Referrer:    https://www.google.com/
[22:02:28.973] [INFO ]     └──────────────────────────────────────────────────────────────┘
[22:02:28.973] [INFO ] ╚══════════════════════════════════════════════════════════════════════════╝
[22:02:28.973] [INFO ] 🛡️ Injected anti-detection scripts at context level
[22:02:28.973] [DEBUG]    └─ Canvas noise, WebGL spoof, Browser patches
[22:02:28.973] [INFO ] 
[22:02:28.973] [INFO ]     🛡️ ANTI-DETECTION SCRIPTS INJECTED (CONTEXT level)
[22:02:28.973] [INFO ]     ├─ Canvas fingerprint noise
[22:02:28.973] [INFO ]     ├─ WebGL renderer/vendor spoof
[22:02:28.973] [INFO ]     ├─ Hardware concurrency randomization
[22:02:28.973] [INFO ]     ├─ Device memory randomization
[22:02:28.973] [INFO ]     ├─ Plugin masking
[22:02:28.973] [INFO ]     ├─ WebRTC IP leak protection
[22:02:28.973] [INFO ]     ├─ Network connection spoof
[22:02:28.973] [INFO ]     └─ Battery API spoof
[22:02:29.013] [INFO ] 
[22:02:29.013] [INFO ]     🥷 STEALTH MODE APPLIED
[22:02:29.013] [INFO ]     ├─ Navigator patches (webdriver, plugins, languages)
[22:02:29.013] [INFO ]     ├─ Chrome runtime patches
[22:02:29.013] [INFO ]     ├─ Console patches
[22:02:29.013] [INFO ]     └─ Permission patches
[22:02:29.013] [INFO ] 🛡️ Injected anti-detection scripts at page level
[22:02:29.013] [DEBUG]    └─ Canvas noise, WebGL spoof, Browser patches
[22:02:29.013] [INFO ] 
[22:02:29.013] [INFO ]     🛡️ ANTI-DETECTION SCRIPTS INJECTED (PAGE level)
[22:02:29.013] [INFO ]     ├─ Canvas fingerprint noise
[22:02:29.013] [INFO ]     ├─ WebGL renderer/vendor spoof
[22:02:29.013] [INFO ]     ├─ Hardware concurrency randomization
[22:02:29.013] [INFO ]     ├─ Device memory randomization
[22:02:29.013] [INFO ]     ├─ Plugin masking
[22:02:29.013] [INFO ]     ├─ WebRTC IP leak protection
[22:02:29.013] [INFO ]     ├─ Network connection spoof
[22:02:29.013] [INFO ]     └─ Battery API spoof
[22:02:29.013] [DEBUG] Enabled resource blocking (images, media, fonts)
[22:02:29.013] [INFO ] 
[22:02:29.013] [INFO ]     🔗 NAVIGATING TO URL
[22:02:29.013] [INFO ]     ├─ Strategy:   domcontentloaded
[22:02:29.013] [INFO ]     ├─ Timeout:    15.0s
[22:02:29.013] [INFO ]     └─ Sleep:      1s after load
[22:02:33.207] [INFO ] 
[22:02:33.207] [INFO ]     ✅ PAGE LOADED
[22:02:33.207] [INFO ]     ├─ Final URL:  https://www.incibe.es/en/incibe-cert/publications/cybersecurity-highlights/data-breach-egypts-health-service
[22:02:33.207] [INFO ]     ├─ Title:      Data breach at Egypt's health service | INCIBE-CERT | INCIBE
[22:02:33.207] [INFO ]     └─ Load Time:  4.19s
[22:02:34.429] [INFO ] 🧑 Human behavior simulation...
[22:02:40.204] [INFO ] 🖱️ Mouse: 3 moves in 1280x720
[22:02:40.204] [INFO ] 🖱️ Mouse completed: 3 moves
[22:02:40.204] [INFO ] 📜 Scroll: page height, viewport=720px
[22:02:40.204] [INFO ] 📜 Scroll completed: 3 scrolls
[22:02:40.204] [INFO ] 🧑 Human behavior completed in 5.8s ✓
[22:02:40.204] [INFO ] 
[22:02:40.204] [INFO ]     🧑 HUMAN BEHAVIOR SIMULATED
[22:02:40.204] [INFO ]     ├─ Mouse Movements: 3
[22:02:40.204] [INFO ]     ├─ Scroll Actions:  3
[22:02:40.204] [INFO ]     └─ Time Spent:      5.78s
[22:02:40.311] [INFO ] 
[22:02:40.311] [INFO ]     ┌─ CONTENT METRICS ────────────────────────────────────────────┐
[22:02:40.311] [INFO ]     │ Title:            Data breach at Egypt's health service
[22:02:40.311] [INFO ]     │ Final URL:        https://www.incibe.es/en/incibe-cert/publications/cybersecurity-highlights/data-breach-egypts-health-service
[22:02:40.311] [INFO ]     │ HTML Size:        130,872 bytes
[22:02:40.311] [INFO ]     │ Text Size:        974 chars
[22:02:40.311] [INFO ]     │ Word Count:       ~145 words
[22:02:40.311] [INFO ]     │ Extraction:       trafilatura
[22:02:40.311] [INFO ]     │ Has Article:      ✅ Yes
[22:02:40.311] [INFO ]     └──────────────────────────────────────────────────────────────┘
[22:02:40.337] [INFO ] 
[22:02:40.337] [INFO ] ╔══════════════════════════════════════════════════════════════════════════╗
[22:02:40.338] [INFO ] ║  ✅ SCRAPE SUCCESSFUL - SCRAPE_20260129_220228_9AA1
[22:02:40.338] [INFO ] ╠══════════════════════════════════════════════════════════════════════════╣
[22:02:40.338] [INFO ] 
[22:02:40.338] [INFO ]     ┌─ TIMING BREAKDOWN ───────────────────────────────────────────┐
[22:02:40.338] [INFO ]     │ Browser Launch:      0.06s
[22:02:40.338] [INFO ]     │ Page Load:           4.19s
[22:02:40.338] [INFO ]     │ Cloudflare Wait:     0.00s
[22:02:40.338] [INFO ]     │ Human Simulation:    5.78s
[22:02:40.338] [INFO ]     │
[22:02:40.338] [INFO ]     │ Content Extraction:  0.07s
[22:02:40.338] [INFO ]     │ ─────────────────────────────────────────────────────────────
[22:02:40.338] [INFO ]     │ TOTAL TIME:          10.10s
[22:02:40.338] [INFO ]     └──────────────────────────────────────────────────────────────┘
[22:02:40.338] [INFO ] 
[22:02:40.338] [INFO ]     ┌─ CONTENT METRICS ────────────────────────────────────────────┐
[22:02:40.338] [INFO ]     │ Title:            Data breach at Egypt's health service
[22:02:40.338] [INFO ]     │ Final URL:        https://www.incibe.es/en/incibe-cert/publications/cybersecurity-highlights/data-breach-egypts-health-service
[22:02:40.338] [INFO ]     │ HTML Size:        130,872 bytes
[22:02:40.338] [INFO ]     │ Text Size:        974 chars
[22:02:40.338] [INFO ]     │ Word Count:       ~145 words
[22:02:40.338] [INFO ]     │ Extraction:       trafilatura
[22:02:40.338] [INFO ]     │ Has Article:      ✅ Yes
[22:02:40.338] [INFO ]     └──────────────────────────────────────────────────────────────┘
[22:02:40.338] [INFO ] ╠══════════════════════════════════════════════════════════════════════════╣
[22:02:40.338] [INFO ] ║  📊 SESSION STATS
[22:02:40.338] [INFO ] ║  ├─ Strategies Tried:   domcontentloaded
[22:02:40.338] [INFO ] ║  ├─ Popups Dismissed:   0
[22:02:40.338] [INFO ] ║  ├─ Cloudflare:         Not detected
[22:02:40.338] [INFO ] ║  └─ Proxy Used:         Direct
[22:02:40.338] [INFO ] ╚══════════════════════════════════════════════════════════════════════════╝
[22:02:40.338] [INFO ] 

================================================================================
STATUS: SUCCESS
TOTAL TIME: 11.73s
ENDED: 2026-01-29T22:02:40.338154+02:00 (Egypt Time)
END OF SCRAPE LOG
================================================================================