================================================================================
SCRAPE LOG: https://www.cbe.org.eg/en/news-publications/news/2025/06/19/08/20/psos-and-psps-licensing-rules
Started: 2026-01-26 12:10:30
Session ID: SCRAPE_20260126_121030_2610
================================================================================
[12:10:30.304] [INFO ] 📝 Scrape log: /app/data/logs/scrapes/2026-01-26_121030_cbe.org.eg.log
[12:10:30.304] [DEBUG] ⏱️ Timeout set to 45s for this scrape
[12:10:30.655] [INFO ] 
[12:10:30.655] [INFO ]     🚀 BROWSER LAUNCHED
[12:10:30.655] [INFO ]     ├─ Mode:       Headless
[12:10:30.655] [INFO ]     ├─ Slow Mo:    43ms
[12:10:30.655] [INFO ]     ├─ Launch Time: 0.06s
[12:10:30.655] [INFO ]     └─ Args:       Anti-automation flags enabled
[12:10:30.678] [DEBUG] Browser profile: viewport={'width': 1920, 'height': 1080}, locale=en-AU, tz=UTC
[12:10:30.678] [INFO ] 
[12:10:30.678] [INFO ] ╔══════════════════════════════════════════════════════════════════════════╗
[12:10:30.678] [INFO ] ║  📋 SESSION: SCRAPE_20260126_121030_2610
[12:10:30.678] [INFO ] ║  🌐 URL: https://www.cbe.org.eg/en/news-publications/news/2025/06/19/08/20/psos-and-psps-licensing-rules
[12:10:30.678] [INFO ] ║  🔄 ATTEMPT: 1/2
[12:10:30.678] [INFO ] ║  ⏰ STARTED: 2026-01-26T12:10:30.678355+02:00 (Egypt Time)
[12:10:30.678] [INFO ] ╠══════════════════════════════════════════════════════════════════════════╣
[12:10:30.678] [INFO ] 
[12:10:30.678] [INFO ]     ┌─ BROWSER FINGERPRINT ────────────────────────────────────────┐
[12:10:30.678] [INFO ]     │ Browser:     FIREFOX v122
[12:10:30.678] [INFO ]     │ User-Agent:  Mozilla/5.0 (X11; Linux x86_64; rv:122.0) Gecko/20100101 Firefox/122.0...
[12:10:30.678] [INFO ]     │ Viewport:    1920x1080
[12:10:30.678] [INFO ]     │ Sec-CH-UA:   (not applicable)...
[12:10:30.678] [INFO ]     ├─ LOCATION PROFILE ───────────────────────────────────────────┤
[12:10:30.678] [INFO ]     │ Location:    Melbourne, Australia
[12:10:30.678] [INFO ]     │ Timezone:    N/A
[12:10:30.678] [INFO ]     │ Locale:      en-AU
[12:10:30.678] [INFO ]     │ Geo:         0, 0
[12:10:30.678] [INFO ]     ├─ NETWORK ────────────────────────────────────────────────────┤
[12:10:30.678] [INFO ]     │ Proxy:       Direct (no proxy)
[12:10:30.678] [INFO ]     │ Referrer:    https://www.facebook.com/
[12:10:30.678] [INFO ]     └──────────────────────────────────────────────────────────────┘
[12:10:30.678] [INFO ] ╚══════════════════════════════════════════════════════════════════════════╝
[12:10:30.678] [INFO ] 🛡️ Injected anti-detection scripts at context level
[12:10:30.678] [DEBUG]    └─ Canvas noise, WebGL spoof, Browser patches
[12:10:30.678] [INFO ] 
[12:10:30.678] [INFO ]     🛡️ ANTI-DETECTION SCRIPTS INJECTED (CONTEXT level)
[12:10:30.678] [INFO ]     ├─ Canvas fingerprint noise
[12:10:30.678] [INFO ]     ├─ WebGL renderer/vendor spoof
[12:10:30.678] [INFO ]     ├─ Hardware concurrency randomization
[12:10:30.678] [INFO ]     ├─ Device memory randomization
[12:10:30.678] [INFO ]     ├─ Plugin masking
[12:10:30.678] [INFO ]     ├─ WebRTC IP leak protection
[12:10:30.678] [INFO ]     ├─ Network connection spoof
[12:10:30.678] [INFO ]     └─ Battery API spoof
[12:10:30.724] [INFO ] 
[12:10:30.724] [INFO ]     🥷 STEALTH MODE APPLIED
[12:10:30.724] [INFO ]     ├─ Navigator patches (webdriver, plugins, languages)
[12:10:30.724] [INFO ]     ├─ Chrome runtime patches
[12:10:30.724] [INFO ]     ├─ Console patches
[12:10:30.724] [INFO ]     └─ Permission patches
[12:10:30.724] [INFO ] 🛡️ Injected anti-detection scripts at page level
[12:10:30.724] [DEBUG]    └─ Canvas noise, WebGL spoof, Browser patches
[12:10:30.724] [INFO ] 
[12:10:30.724] [INFO ]     🛡️ ANTI-DETECTION SCRIPTS INJECTED (PAGE level)
[12:10:30.724] [INFO ]     ├─ Canvas fingerprint noise
[12:10:30.724] [INFO ]     ├─ WebGL renderer/vendor spoof
[12:10:30.724] [INFO ]     ├─ Hardware concurrency randomization
[12:10:30.724] [INFO ]     ├─ Device memory randomization
[12:10:30.724] [INFO ]     ├─ Plugin masking
[12:10:30.724] [INFO ]     ├─ WebRTC IP leak protection
[12:10:30.724] [INFO ]     ├─ Network connection spoof
[12:10:30.724] [INFO ]     └─ Battery API spoof
[12:10:30.724] [DEBUG] Enabled resource blocking (images, media, fonts)
[12:10:30.724] [INFO ] 
[12:10:30.724] [INFO ]     🔗 NAVIGATING TO URL
[12:10:30.724] [INFO ]     ├─ Strategy:   domcontentloaded
[12:10:30.724] [INFO ]     ├─ Timeout:    15.0s
[12:10:30.724] [INFO ]     └─ Sleep:      1s after load
[12:10:32.895] [INFO ] 
[12:10:32.895] [INFO ]     ✅ PAGE LOADED
[12:10:32.896] [INFO ]     ├─ Final URL:  https://www.cbe.org.eg/en/news-publications/news/2025/06/19/08/20/psos-and-psps-licensing-rules
[12:10:32.896] [INFO ]     ├─ Title:      Central Bank of Egypt Issues Licensing and Registration Rules for Payment System Operators and Payment Service Providers
[12:10:32.896] [INFO ]     └─ Load Time:  2.17s
[12:10:34.119] [INFO ] 🧑 Human behavior simulation...
[12:10:36.799] [INFO ] 🖱️ Mouse: 1 moves in 1920x1080
[12:10:36.799] [INFO ] 🖱️ Mouse completed: 1 moves
[12:10:36.799] [INFO ] 📜 Scroll: page height, viewport=1080px
[12:10:36.799] [INFO ] 📜 Scroll completed: 2 scrolls
[12:10:36.799] [INFO ] 🧑 Human behavior completed in 2.7s ✓
[12:10:36.799] [INFO ] 
[12:10:36.799] [INFO ]     🧑 HUMAN BEHAVIOR SIMULATED
[12:10:36.799] [INFO ]     ├─ Mouse Movements: 1
[12:10:36.799] [INFO ]     ├─ Scroll Actions:  2
[12:10:36.799] [INFO ]     └─ Time Spent:      2.68s
[12:10:36.921] [INFO ] 
[12:10:36.921] [INFO ]     ┌─ CONTENT METRICS ────────────────────────────────────────────┐
[12:10:36.921] [INFO ]     │ Title:            Extracted Content (Fallback)
[12:10:36.921] [INFO ]     │ Final URL:        https://www.cbe.org.eg/en/news-publications/news/2025/06/19/08/20/psos-and-psps-licensing-rules
[12:10:36.921] [INFO ]     │ HTML Size:        202,109 bytes
[12:10:36.921] [INFO ]     │ Text Size:        3,130 chars
[12:10:36.921] [INFO ]     │ Word Count:       ~444 words
[12:10:36.921] [INFO ]     │ Extraction:       fallback
[12:10:36.921] [INFO ]     │ Has Article:      ✅ Yes
[12:10:36.921] [INFO ]     └──────────────────────────────────────────────────────────────┘
[12:10:36.943] [INFO ] 
[12:10:36.943] [INFO ] ╔══════════════════════════════════════════════════════════════════════════╗
[12:10:36.943] [INFO ] ║  ✅ SCRAPE SUCCESSFUL - SCRAPE_20260126_121030_2610
[12:10:36.943] [INFO ] ╠══════════════════════════════════════════════════════════════════════════╣
[12:10:36.943] [INFO ] 
[12:10:36.943] [INFO ]     ┌─ TIMING BREAKDOWN ───────────────────────────────────────────┐
[12:10:36.943] [INFO ]     │ Browser Launch:      0.06s
[12:10:36.943] [INFO ]     │ Page Load:           2.17s
[12:10:36.943] [INFO ]     │ Cloudflare Wait:     0.00s
[12:10:36.943] [INFO ]     │ Human Simulation:    2.68s
[12:10:36.943] [INFO ]     │
[12:10:36.943] [INFO ]     │ Content Extraction:  0.08s
[12:10:36.943] [INFO ]     │ ─────────────────────────────────────────────────────────────
[12:10:36.943] [INFO ]     │ TOTAL TIME:          4.99s
[12:10:36.943] [INFO ]     └──────────────────────────────────────────────────────────────┘
[12:10:36.943] [INFO ] 
[12:10:36.943] [INFO ]     ┌─ CONTENT METRICS ────────────────────────────────────────────┐
[12:10:36.943] [INFO ]     │ Title:            Extracted Content (Fallback)
[12:10:36.943] [INFO ]     │ Final URL:        https://www.cbe.org.eg/en/news-publications/news/2025/06/19/08/20/psos-and-psps-licensing-rules
[12:10:36.944] [INFO ]     │ HTML Size:        202,109 bytes
[12:10:36.944] [INFO ]     │ Text Size:        3,130 chars
[12:10:36.944] [INFO ]     │ Word Count:       ~444 words
[12:10:36.944] [INFO ]     │ Extraction:       fallback
[12:10:36.944] [INFO ]     │ Has Article:      ✅ Yes
[12:10:36.944] [INFO ]     └──────────────────────────────────────────────────────────────┘
[12:10:36.944] [INFO ] ╠══════════════════════════════════════════════════════════════════════════╣
[12:10:36.944] [INFO ] ║  📊 SESSION STATS
[12:10:36.944] [INFO ] ║  ├─ Strategies Tried:   domcontentloaded
[12:10:36.944] [INFO ] ║  ├─ Popups Dismissed:   0
[12:10:36.944] [INFO ] ║  ├─ Cloudflare:         Not detected
[12:10:36.944] [INFO ] ║  └─ Proxy Used:         Direct
[12:10:36.944] [INFO ] ╚══════════════════════════════════════════════════════════════════════════╝
[12:10:36.944] [INFO ] 

================================================================================
STATUS: SUCCESS
TOTAL TIME: 6.64s
ENDED: 2026-01-26T12:10:36.944060+02:00 (Egypt Time)
END OF SCRAPE LOG
================================================================================