================================================================================
SCRAPE LOG: https://www.metomic.io/resource-centre/a-complete-guide-to-nis2
Started: 2026-01-29 21:33:58
Session ID: SCRAPE_20260129_213358_1207
================================================================================
[21:33:58.247] [INFO ] 📝 Scrape log: /app/data/logs/scrapes/2026-01-29_213358_metomic.io.log
[21:33:58.247] [DEBUG] ⏱️ Timeout set to 45s for this scrape
[21:33:58.629] [INFO ] 
[21:33:58.629] [INFO ]     🚀 BROWSER LAUNCHED
[21:33:58.629] [INFO ]     ├─ Mode:       Headless
[21:33:58.629] [INFO ]     ├─ Slow Mo:    59ms
[21:33:58.629] [INFO ]     ├─ Launch Time: 0.07s
[21:33:58.629] [INFO ]     └─ Args:       Anti-automation flags enabled
[21:33:58.649] [DEBUG] Browser profile: viewport={'width': 1512, 'height': 982}, locale=en-US, tz=UTC
[21:33:58.649] [INFO ] 
[21:33:58.649] [INFO ] ╔══════════════════════════════════════════════════════════════════════════╗
[21:33:58.649] [INFO ] ║  📋 SESSION: SCRAPE_20260129_213358_1207
[21:33:58.649] [INFO ] ║  🌐 URL: https://www.metomic.io/resource-centre/a-complete-guide-to-nis2
[21:33:58.649] [INFO ] ║  🔄 ATTEMPT: 1/2
[21:33:58.649] [INFO ] ║  ⏰ STARTED: 2026-01-29T21:33:58.649705+02:00 (Egypt Time)
[21:33:58.649] [INFO ] ╠══════════════════════════════════════════════════════════════════════════╣
[21:33:58.649] [INFO ] 
[21:33:58.649] [INFO ]     ┌─ BROWSER FINGERPRINT ────────────────────────────────────────┐
[21:33:58.649] [INFO ]     │ Browser:     SAFARI v16
[21:33:58.649] [INFO ]     │ User-Agent:  Mozilla/5.0 (Macintosh; Intel Mac OS X 13_6) AppleWebKit/605.1.15 (KHT...
[21:33:58.649] [INFO ]     │ Viewport:    1512x982
[21:33:58.649] [INFO ]     │ Sec-CH-UA:   (not applicable)...
[21:33:58.649] [INFO ]     ├─ LOCATION PROFILE ───────────────────────────────────────────┤
[21:33:58.649] [INFO ]     │ Location:    Phoenix, USA
[21:33:58.649] [INFO ]     │ Timezone:    N/A
[21:33:58.649] [INFO ]     │ Locale:      en-US
[21:33:58.649] [INFO ]     │ Geo:         0, 0
[21:33:58.649] [INFO ]     ├─ NETWORK ────────────────────────────────────────────────────┤
[21:33:58.649] [INFO ]     │ Proxy:       Direct (no proxy)
[21:33:58.649] [INFO ]     │ Referrer:    https://www.facebook.com/
[21:33:58.649] [INFO ]     └──────────────────────────────────────────────────────────────┘
[21:33:58.649] [INFO ] ╚══════════════════════════════════════════════════════════════════════════╝
[21:33:58.649] [INFO ] 🛡️ Injected anti-detection scripts at context level
[21:33:58.649] [DEBUG]    └─ Canvas noise, WebGL spoof, Browser patches
[21:33:58.649] [INFO ] 
[21:33:58.649] [INFO ]     🛡️ ANTI-DETECTION SCRIPTS INJECTED (CONTEXT level)
[21:33:58.649] [INFO ]     ├─ Canvas fingerprint noise
[21:33:58.649] [INFO ]     ├─ WebGL renderer/vendor spoof
[21:33:58.649] [INFO ]     ├─ Hardware concurrency randomization
[21:33:58.649] [INFO ]     ├─ Device memory randomization
[21:33:58.649] [INFO ]     ├─ Plugin masking
[21:33:58.649] [INFO ]     ├─ WebRTC IP leak protection
[21:33:58.649] [INFO ]     ├─ Network connection spoof
[21:33:58.649] [INFO ]     └─ Battery API spoof
[21:33:58.693] [INFO ] 
[21:33:58.693] [INFO ]     🥷 STEALTH MODE APPLIED
[21:33:58.693] [INFO ]     ├─ Navigator patches (webdriver, plugins, languages)
[21:33:58.693] [INFO ]     ├─ Chrome runtime patches
[21:33:58.693] [INFO ]     ├─ Console patches
[21:33:58.693] [INFO ]     └─ Permission patches
[21:33:58.693] [INFO ] 🛡️ Injected anti-detection scripts at page level
[21:33:58.693] [DEBUG]    └─ Canvas noise, WebGL spoof, Browser patches
[21:33:58.693] [INFO ] 
[21:33:58.693] [INFO ]     🛡️ ANTI-DETECTION SCRIPTS INJECTED (PAGE level)
[21:33:58.693] [INFO ]     ├─ Canvas fingerprint noise
[21:33:58.693] [INFO ]     ├─ WebGL renderer/vendor spoof
[21:33:58.693] [INFO ]     ├─ Hardware concurrency randomization
[21:33:58.693] [INFO ]     ├─ Device memory randomization
[21:33:58.693] [INFO ]     ├─ Plugin masking
[21:33:58.693] [INFO ]     ├─ WebRTC IP leak protection
[21:33:58.693] [INFO ]     ├─ Network connection spoof
[21:33:58.693] [INFO ]     └─ Battery API spoof
[21:33:58.693] [DEBUG] Enabled resource blocking (images, media, fonts)
[21:33:58.693] [INFO ] 
[21:33:58.693] [INFO ]     🔗 NAVIGATING TO URL
[21:33:58.693] [INFO ]     ├─ Strategy:   domcontentloaded
[21:33:58.693] [INFO ]     ├─ Timeout:    15.0s
[21:33:58.694] [INFO ]     └─ Sleep:      1s after load
[21:34:02.220] [INFO ] 
[21:34:02.220] [INFO ]     ✅ PAGE LOADED
[21:34:02.220] [INFO ]     ├─ Final URL:  https://www.metomic.io/resource-centre/a-complete-guide-to-nis2
[21:34:02.220] [INFO ]     ├─ Title:      Checklist: NIS2 Directive Compliance - The 10 Requirements Organisations Need to Comply With | Metomic
[21:34:02.220] [INFO ]     └─ Load Time:  3.53s
[21:34:05.321] [INFO ] 🧑 Human behavior simulation...
[21:34:07.471] [INFO ] 🖱️ Mouse: 1 moves in 1512x982
[21:34:07.471] [INFO ] 🖱️ Mouse completed: 1 moves
[21:34:07.471] [INFO ] 📜 Scroll: page height, viewport=982px
[21:34:07.471] [INFO ] 📜 Scroll completed: 1 scrolls
[21:34:07.471] [INFO ] 🧑 Human behavior completed in 2.1s ✓
[21:34:07.471] [INFO ] 
[21:34:07.471] [INFO ]     🧑 HUMAN BEHAVIOR SIMULATED
[21:34:07.471] [INFO ]     ├─ Mouse Movements: 1
[21:34:07.471] [INFO ]     ├─ Scroll Actions:  1
[21:34:07.471] [INFO ]     └─ Time Spent:      2.15s
[21:34:07.761] [INFO ] 
[21:34:07.761] [INFO ]     ┌─ CONTENT METRICS ────────────────────────────────────────────┐
[21:34:07.761] [INFO ]     │ Title:            Checklist: NIS2 Directive Compliance - The 10 Requ
[21:34:07.761] [INFO ]     │ Final URL:        https://www.metomic.io/resource-centre/a-complete-guide-to-nis2
[21:34:07.761] [INFO ]     │ HTML Size:        287,440 bytes
[21:34:07.761] [INFO ]     │ Text Size:        8,336 chars
[21:34:07.761] [INFO ]     │ Word Count:       ~1232 words
[21:34:07.761] [INFO ]     │ Extraction:       trafilatura
[21:34:07.761] [INFO ]     │ Has Article:      ✅ Yes
[21:34:07.761] [INFO ]     └──────────────────────────────────────────────────────────────┘
[21:34:07.807] [INFO ] 
[21:34:07.807] [INFO ] ╔══════════════════════════════════════════════════════════════════════════╗
[21:34:07.807] [INFO ] ║  ✅ SCRAPE SUCCESSFUL - SCRAPE_20260129_213358_1207
[21:34:07.807] [INFO ] ╠══════════════════════════════════════════════════════════════════════════╣
[21:34:07.807] [INFO ] 
[21:34:07.807] [INFO ]     ┌─ TIMING BREAKDOWN ───────────────────────────────────────────┐
[21:34:07.807] [INFO ]     │ Browser Launch:      0.07s
[21:34:07.807] [INFO ]     │ Page Load:           3.53s
[21:34:07.807] [INFO ]     │ Cloudflare Wait:     0.00s
[21:34:07.807] [INFO ]     │ Human Simulation:    2.15s
[21:34:07.807] [INFO ]     │
[21:34:07.807] [INFO ]     │ Content Extraction:  0.17s
[21:34:07.807] [INFO ]     │ ─────────────────────────────────────────────────────────────
[21:34:07.807] [INFO ]     │ TOTAL TIME:          5.92s
[21:34:07.807] [INFO ]     └──────────────────────────────────────────────────────────────┘
[21:34:07.807] [INFO ] 
[21:34:07.808] [INFO ]     ┌─ CONTENT METRICS ────────────────────────────────────────────┐
[21:34:07.808] [INFO ]     │ Title:            Checklist: NIS2 Directive Compliance - The 10 Requ
[21:34:07.808] [INFO ]     │ Final URL:        https://www.metomic.io/resource-centre/a-complete-guide-to-nis2
[21:34:07.808] [INFO ]     │ HTML Size:        287,440 bytes
[21:34:07.808] [INFO ]     │ Text Size:        8,336 chars
[21:34:07.808] [INFO ]     │ Word Count:       ~1232 words
[21:34:07.808] [INFO ]     │ Extraction:       trafilatura
[21:34:07.808] [INFO ]     │ Has Article:      ✅ Yes
[21:34:07.808] [INFO ]     └──────────────────────────────────────────────────────────────┘
[21:34:07.808] [INFO ] ╠══════════════════════════════════════════════════════════════════════════╣
[21:34:07.808] [INFO ] ║  📊 SESSION STATS
[21:34:07.808] [INFO ] ║  ├─ Strategies Tried:   domcontentloaded
[21:34:07.808] [INFO ] ║  ├─ Popups Dismissed:   0
[21:34:07.808] [INFO ] ║  ├─ Cloudflare:         Not detected
[21:34:07.808] [INFO ] ║  └─ Proxy Used:         Direct
[21:34:07.808] [INFO ] ╚══════════════════════════════════════════════════════════════════════════╝
[21:34:07.808] [INFO ] 

================================================================================
STATUS: SUCCESS
TOTAL TIME: 9.56s
ENDED: 2026-01-29T21:34:07.808160+02:00 (Egypt Time)
END OF SCRAPE LOG
================================================================================