================================================================================
SCRAPE LOG: https://www.neumetric.com/egypt-personal-data-protection-law-compliance-2037/
Started: 2026-01-29 16:26:45
Session ID: SCRAPE_20260129_162645_E7BB
================================================================================
[16:26:45.787] [INFO ] 📝 Scrape log: /app/data/logs/scrapes/2026-01-29_162645_neumetric.com.log
[16:26:45.787] [DEBUG] ⏱️ Timeout set to 45s for this scrape
[16:26:46.137] [INFO ] 
[16:26:46.137] [INFO ]     🚀 BROWSER LAUNCHED
[16:26:46.137] [INFO ]     ├─ Mode:       Headless
[16:26:46.137] [INFO ]     ├─ Slow Mo:    53ms
[16:26:46.137] [INFO ]     ├─ Launch Time: 0.06s
[16:26:46.137] [INFO ]     └─ Args:       Anti-automation flags enabled
[16:26:46.154] [DEBUG] Browser profile: viewport={'width': 1366, 'height': 768}, locale=en-AU, tz=UTC
[16:26:46.154] [INFO ] 
[16:26:46.154] [INFO ] ╔══════════════════════════════════════════════════════════════════════════╗
[16:26:46.154] [INFO ] ║  📋 SESSION: SCRAPE_20260129_162645_E7BB
[16:26:46.154] [INFO ] ║  🌐 URL: https://www.neumetric.com/egypt-personal-data-protection-law-compliance-2037/
[16:26:46.154] [INFO ] ║  🔄 ATTEMPT: 1/2
[16:26:46.154] [INFO ] ║  ⏰ STARTED: 2026-01-29T16:26:46.154652+02:00 (Egypt Time)
[16:26:46.154] [INFO ] ╠══════════════════════════════════════════════════════════════════════════╣
[16:26:46.154] [INFO ] 
[16:26:46.154] [INFO ]     ┌─ BROWSER FINGERPRINT ────────────────────────────────────────┐
[16:26:46.154] [INFO ]     │ Browser:     CHROME v121
[16:26:46.154] [INFO ]     │ User-Agent:  Mozilla/5.0 (Windows NT 10.0; Win64; x64) AppleWebKit/537.36 (KHTML, l...
[16:26:46.154] [INFO ]     │ Viewport:    1366x768
[16:26:46.154] [INFO ]     │ Sec-CH-UA:   (not applicable)...
[16:26:46.154] [INFO ]     ├─ LOCATION PROFILE ───────────────────────────────────────────┤
[16:26:46.154] [INFO ]     │ Location:    Sydney, Australia
[16:26:46.154] [INFO ]     │ Timezone:    N/A
[16:26:46.154] [INFO ]     │ Locale:      en-AU
[16:26:46.154] [INFO ]     │ Geo:         0, 0
[16:26:46.154] [INFO ]     ├─ NETWORK ────────────────────────────────────────────────────┤
[16:26:46.154] [INFO ]     │ Proxy:       Direct (no proxy)
[16:26:46.154] [INFO ]     │ Referrer:    https://www.google.com/search?q=www+neumetric+com
[16:26:46.154] [INFO ]     └──────────────────────────────────────────────────────────────┘
[16:26:46.154] [INFO ] ╚══════════════════════════════════════════════════════════════════════════╝
[16:26:46.154] [INFO ] 🛡️ Injected anti-detection scripts at context level
[16:26:46.154] [DEBUG]    └─ Canvas noise, WebGL spoof, Browser patches
[16:26:46.154] [INFO ] 
[16:26:46.154] [INFO ]     🛡️ ANTI-DETECTION SCRIPTS INJECTED (CONTEXT level)
[16:26:46.154] [INFO ]     ├─ Canvas fingerprint noise
[16:26:46.154] [INFO ]     ├─ WebGL renderer/vendor spoof
[16:26:46.154] [INFO ]     ├─ Hardware concurrency randomization
[16:26:46.154] [INFO ]     ├─ Device memory randomization
[16:26:46.154] [INFO ]     ├─ Plugin masking
[16:26:46.154] [INFO ]     ├─ WebRTC IP leak protection
[16:26:46.154] [INFO ]     ├─ Network connection spoof
[16:26:46.154] [INFO ]     └─ Battery API spoof
[16:26:46.198] [INFO ] 
[16:26:46.198] [INFO ]     🥷 STEALTH MODE APPLIED
[16:26:46.198] [INFO ]     ├─ Navigator patches (webdriver, plugins, languages)
[16:26:46.198] [INFO ]     ├─ Chrome runtime patches
[16:26:46.198] [INFO ]     ├─ Console patches
[16:26:46.198] [INFO ]     └─ Permission patches
[16:26:46.198] [INFO ] 🛡️ Injected anti-detection scripts at page level
[16:26:46.198] [DEBUG]    └─ Canvas noise, WebGL spoof, Browser patches
[16:26:46.198] [INFO ] 
[16:26:46.198] [INFO ]     🛡️ ANTI-DETECTION SCRIPTS INJECTED (PAGE level)
[16:26:46.198] [INFO ]     ├─ Canvas fingerprint noise
[16:26:46.198] [INFO ]     ├─ WebGL renderer/vendor spoof
[16:26:46.198] [INFO ]     ├─ Hardware concurrency randomization
[16:26:46.198] [INFO ]     ├─ Device memory randomization
[16:26:46.198] [INFO ]     ├─ Plugin masking
[16:26:46.198] [INFO ]     ├─ WebRTC IP leak protection
[16:26:46.198] [INFO ]     ├─ Network connection spoof
[16:26:46.198] [INFO ]     └─ Battery API spoof
[16:26:46.198] [DEBUG] Enabled resource blocking (images, media, fonts)
[16:26:46.198] [INFO ] 
[16:26:46.198] [INFO ]     🔗 NAVIGATING TO URL
[16:26:46.198] [INFO ]     ├─ Strategy:   domcontentloaded
[16:26:46.198] [INFO ]     ├─ Timeout:    15.0s
[16:26:46.198] [INFO ]     └─ Sleep:      1s after load
[16:26:48.604] [INFO ] 
[16:26:48.604] [INFO ]     ✅ PAGE LOADED
[16:26:48.604] [INFO ]     ├─ Final URL:  https://www.neumetric.com/egypt-personal-data-protection-law-compliance-2037/
[16:26:48.604] [INFO ]     ├─ Title:      Egypt Personal Data Protection Law Compliance for Businesses
[16:26:48.604] [INFO ]     └─ Load Time:  2.41s
[16:26:50.177] [INFO ] 🧑 Human behavior simulation...
[16:26:56.573] [INFO ] 🖱️ Mouse: 3 moves in 1366x768
[16:26:56.573] [INFO ] 🖱️ Mouse completed: 3 moves
[16:26:56.573] [INFO ] 📜 Scroll: page height, viewport=768px
[16:26:56.573] [INFO ] 📜 Scroll completed: 3 scrolls
[16:26:56.573] [INFO ] 🧑 Human behavior completed in 6.4s ✓
[16:26:56.573] [INFO ] 
[16:26:56.573] [INFO ]     🧑 HUMAN BEHAVIOR SIMULATED
[16:26:56.573] [INFO ]     ├─ Mouse Movements: 3
[16:26:56.573] [INFO ]     ├─ Scroll Actions:  3
[16:26:56.573] [INFO ]     └─ Time Spent:      6.40s
[16:26:56.812] [INFO ] 
[16:26:56.812] [INFO ]     ┌─ CONTENT METRICS ────────────────────────────────────────────┐
[16:26:56.812] [INFO ]     │ Title:            Egypt Personal Data Protection Law Compliance for 
[16:26:56.812] [INFO ]     │ Final URL:        https://www.neumetric.com/egypt-personal-data-protection-law-compliance-2037/
[16:26:56.812] [INFO ]     │ HTML Size:        382,245 bytes
[16:26:56.812] [INFO ]     │ Text Size:        7,364 chars
[16:26:56.812] [INFO ]     │ Word Count:       ~1031 words
[16:26:56.812] [INFO ]     │ Extraction:       trafilatura
[16:26:56.812] [INFO ]     │ Has Article:      ✅ Yes
[16:26:56.812] [INFO ]     └──────────────────────────────────────────────────────────────┘
[16:26:56.839] [INFO ] 
[16:26:56.839] [INFO ] ╔══════════════════════════════════════════════════════════════════════════╗
[16:26:56.839] [INFO ] ║  ✅ SCRAPE SUCCESSFUL - SCRAPE_20260129_162645_E7BB
[16:26:56.839] [INFO ] ╠══════════════════════════════════════════════════════════════════════════╣
[16:26:56.839] [INFO ] 
[16:26:56.839] [INFO ]     ┌─ TIMING BREAKDOWN ───────────────────────────────────────────┐
[16:26:56.839] [INFO ]     │ Browser Launch:      0.06s
[16:26:56.840] [INFO ]     │ Page Load:           2.41s
[16:26:56.840] [INFO ]     │ Cloudflare Wait:     0.00s
[16:26:56.840] [INFO ]     │ Human Simulation:    6.40s
[16:26:56.840] [INFO ]     │
[16:26:56.840] [INFO ]     │ Content Extraction:  0.11s
[16:26:56.840] [INFO ]     │ ─────────────────────────────────────────────────────────────
[16:26:56.840] [INFO ]     │ TOTAL TIME:          8.97s
[16:26:56.840] [INFO ]     └──────────────────────────────────────────────────────────────┘
[16:26:56.840] [INFO ] 
[16:26:56.840] [INFO ]     ┌─ CONTENT METRICS ────────────────────────────────────────────┐
[16:26:56.840] [INFO ]     │ Title:            Egypt Personal Data Protection Law Compliance for 
[16:26:56.840] [INFO ]     │ Final URL:        https://www.neumetric.com/egypt-personal-data-protection-law-compliance-2037/
[16:26:56.840] [INFO ]     │ HTML Size:        382,245 bytes
[16:26:56.840] [INFO ]     │ Text Size:        7,364 chars
[16:26:56.840] [INFO ]     │ Word Count:       ~1031 words
[16:26:56.840] [INFO ]     │ Extraction:       trafilatura
[16:26:56.840] [INFO ]     │ Has Article:      ✅ Yes
[16:26:56.840] [INFO ]     └──────────────────────────────────────────────────────────────┘
[16:26:56.840] [INFO ] ╠══════════════════════════════════════════════════════════════════════════╣
[16:26:56.840] [INFO ] ║  📊 SESSION STATS
[16:26:56.840] [INFO ] ║  ├─ Strategies Tried:   domcontentloaded
[16:26:56.840] [INFO ] ║  ├─ Popups Dismissed:   0
[16:26:56.840] [INFO ] ║  ├─ Cloudflare:         Not detected
[16:26:56.840] [INFO ] ║  └─ Proxy Used:         Direct
[16:26:56.840] [INFO ] ╚══════════════════════════════════════════════════════════════════════════╝
[16:26:56.840] [INFO ] 

================================================================================
STATUS: SUCCESS
TOTAL TIME: 11.05s
ENDED: 2026-01-29T16:26:56.840369+02:00 (Egypt Time)
END OF SCRAPE LOG
================================================================================