================================================================================
SCRAPE LOG: https://cloud.google.com/security/compliance/iso-27001
Started: 2026-01-26 13:13:27
Session ID: SCRAPE_20260126_131327_5E78
================================================================================
[13:13:27.165] [INFO ] 📝 Scrape log: /app/data/logs/scrapes/2026-01-26_131327_cloud.google.com.log
[13:13:27.165] [DEBUG] ⏱️ Timeout set to 45s for this scrape
[13:13:27.508] [INFO ] 
[13:13:27.508] [INFO ]     🚀 BROWSER LAUNCHED
[13:13:27.508] [INFO ]     ├─ Mode:       Headless
[13:13:27.508] [INFO ]     ├─ Slow Mo:    53ms
[13:13:27.508] [INFO ]     ├─ Launch Time: 0.06s
[13:13:27.508] [INFO ]     └─ Args:       Anti-automation flags enabled
[13:13:27.524] [DEBUG] Browser profile: viewport={'width': 1366, 'height': 768}, locale=en-US, tz=UTC
[13:13:27.524] [INFO ] 
[13:13:27.524] [INFO ] ╔══════════════════════════════════════════════════════════════════════════╗
[13:13:27.524] [INFO ] ║  📋 SESSION: SCRAPE_20260126_131327_5E78
[13:13:27.525] [INFO ] ║  🌐 URL: https://cloud.google.com/security/compliance/iso-27001
[13:13:27.525] [INFO ] ║  🔄 ATTEMPT: 1/2
[13:13:27.525] [INFO ] ║  ⏰ STARTED: 2026-01-26T13:13:27.525013+02:00 (Egypt Time)
[13:13:27.525] [INFO ] ╠══════════════════════════════════════════════════════════════════════════╣
[13:13:27.525] [INFO ] 
[13:13:27.525] [INFO ]     ┌─ BROWSER FINGERPRINT ────────────────────────────────────────┐
[13:13:27.525] [INFO ]     │ Browser:     CHROME v123
[13:13:27.525] [INFO ]     │ User-Agent:  Mozilla/5.0 (Windows NT 10.0; Win64; x64) AppleWebKit/537.36 (KHTML, l...
[13:13:27.525] [INFO ]     │ Viewport:    1366x768
[13:13:27.525] [INFO ]     │ Sec-CH-UA:   (not applicable)...
[13:13:27.525] [INFO ]     ├─ LOCATION PROFILE ───────────────────────────────────────────┤
[13:13:27.525] [INFO ]     │ Location:    Seattle, USA
[13:13:27.525] [INFO ]     │ Timezone:    N/A
[13:13:27.525] [INFO ]     │ Locale:      en-US
[13:13:27.525] [INFO ]     │ Geo:         0, 0
[13:13:27.525] [INFO ]     ├─ NETWORK ────────────────────────────────────────────────────┤
[13:13:27.525] [INFO ]     │ Proxy:       Direct (no proxy)
[13:13:27.525] [INFO ]     │ Referrer:    https://www.google.com/
[13:13:27.525] [INFO ]     └──────────────────────────────────────────────────────────────┘
[13:13:27.525] [INFO ] ╚══════════════════════════════════════════════════════════════════════════╝
[13:13:27.525] [INFO ] 🛡️ Injected anti-detection scripts at context level
[13:13:27.525] [DEBUG]    └─ Canvas noise, WebGL spoof, Browser patches
[13:13:27.525] [INFO ] 
[13:13:27.525] [INFO ]     🛡️ ANTI-DETECTION SCRIPTS INJECTED (CONTEXT level)
[13:13:27.525] [INFO ]     ├─ Canvas fingerprint noise
[13:13:27.525] [INFO ]     ├─ WebGL renderer/vendor spoof
[13:13:27.525] [INFO ]     ├─ Hardware concurrency randomization
[13:13:27.525] [INFO ]     ├─ Device memory randomization
[13:13:27.525] [INFO ]     ├─ Plugin masking
[13:13:27.525] [INFO ]     ├─ WebRTC IP leak protection
[13:13:27.525] [INFO ]     ├─ Network connection spoof
[13:13:27.525] [INFO ]     └─ Battery API spoof
[13:13:27.565] [INFO ] 
[13:13:27.565] [INFO ]     🥷 STEALTH MODE APPLIED
[13:13:27.565] [INFO ]     ├─ Navigator patches (webdriver, plugins, languages)
[13:13:27.565] [INFO ]     ├─ Chrome runtime patches
[13:13:27.565] [INFO ]     ├─ Console patches
[13:13:27.565] [INFO ]     └─ Permission patches
[13:13:27.565] [INFO ] 🛡️ Injected anti-detection scripts at page level
[13:13:27.565] [DEBUG]    └─ Canvas noise, WebGL spoof, Browser patches
[13:13:27.565] [INFO ] 
[13:13:27.565] [INFO ]     🛡️ ANTI-DETECTION SCRIPTS INJECTED (PAGE level)
[13:13:27.565] [INFO ]     ├─ Canvas fingerprint noise
[13:13:27.565] [INFO ]     ├─ WebGL renderer/vendor spoof
[13:13:27.565] [INFO ]     ├─ Hardware concurrency randomization
[13:13:27.565] [INFO ]     ├─ Device memory randomization
[13:13:27.565] [INFO ]     ├─ Plugin masking
[13:13:27.565] [INFO ]     ├─ WebRTC IP leak protection
[13:13:27.565] [INFO ]     ├─ Network connection spoof
[13:13:27.565] [INFO ]     └─ Battery API spoof
[13:13:27.565] [DEBUG] Enabled resource blocking (images, media, fonts)
[13:13:27.565] [INFO ] 
[13:13:27.565] [INFO ]     🔗 NAVIGATING TO URL
[13:13:27.565] [INFO ]     ├─ Strategy:   domcontentloaded
[13:13:27.565] [INFO ]     ├─ Timeout:    15.0s
[13:13:27.565] [INFO ]     └─ Sleep:      1s after load
[13:13:29.360] [INFO ] 
[13:13:29.360] [INFO ]     ✅ PAGE LOADED
[13:13:29.360] [INFO ]     ├─ Final URL:  https://cloud.google.com/security/compliance/iso-27001
[13:13:29.360] [INFO ]     ├─ Title:      ISO/IEC 27001 - Compliance | Google Cloud
[13:13:29.360] [INFO ]     └─ Load Time:  1.79s
[13:13:31.243] [INFO ] 🧑 Human behavior simulation...
[13:13:34.908] [INFO ] 🖱️ Mouse: 2 moves in 1366x768
[13:13:34.908] [INFO ] 🖱️ Mouse completed: 2 moves
[13:13:34.908] [INFO ] 📜 Scroll: page height, viewport=768px
[13:13:34.908] [INFO ] 📜 Scroll completed: 3 scrolls
[13:13:34.908] [INFO ] 🧑 Human behavior completed in 3.7s ✓
[13:13:34.908] [INFO ] 
[13:13:34.908] [INFO ]     🧑 HUMAN BEHAVIOR SIMULATED
[13:13:34.908] [INFO ]     ├─ Mouse Movements: 2
[13:13:34.908] [INFO ]     ├─ Scroll Actions:  3
[13:13:34.908] [INFO ]     └─ Time Spent:      3.67s
[13:13:36.635] [INFO ] 
[13:13:36.635] [INFO ]     ┌─ CONTENT METRICS ────────────────────────────────────────────┐
[13:13:36.635] [INFO ]     │ Title:            ISO/IEC 27001 - Compliance | Google Cloud
[13:13:36.635] [INFO ]     │ Final URL:        https://cloud.google.com/security/compliance/iso-27001
[13:13:36.635] [INFO ]     │ HTML Size:        1,971,977 bytes
[13:13:36.635] [INFO ]     │ Text Size:        11,299 chars
[13:13:36.635] [INFO ]     │ Word Count:       ~1845 words
[13:13:36.635] [INFO ]     │ Extraction:       trafilatura
[13:13:36.635] [INFO ]     │ Has Article:      ✅ Yes
[13:13:36.635] [INFO ]     └──────────────────────────────────────────────────────────────┘
[13:13:36.681] [INFO ] 
[13:13:36.681] [INFO ] ╔══════════════════════════════════════════════════════════════════════════╗
[13:13:36.681] [INFO ] ║  ✅ SCRAPE SUCCESSFUL - SCRAPE_20260126_131327_5E78
[13:13:36.681] [INFO ] ╠══════════════════════════════════════════════════════════════════════════╣
[13:13:36.681] [INFO ] 
[13:13:36.681] [INFO ]     ┌─ TIMING BREAKDOWN ───────────────────────────────────────────┐
[13:13:36.681] [INFO ]     │ Browser Launch:      0.06s
[13:13:36.681] [INFO ]     │ Page Load:           1.79s
[13:13:36.681] [INFO ]     │ Cloudflare Wait:     0.00s
[13:13:36.681] [INFO ]     │ Human Simulation:    3.67s
[13:13:36.681] [INFO ]     │
[13:13:36.681] [INFO ]     │ Content Extraction:  1.26s
[13:13:36.681] [INFO ]     │ ─────────────────────────────────────────────────────────────
[13:13:36.682] [INFO ]     │ TOTAL TIME:          6.78s
[13:13:36.682] [INFO ]     └──────────────────────────────────────────────────────────────┘
[13:13:36.682] [INFO ] 
[13:13:36.682] [INFO ]     ┌─ CONTENT METRICS ────────────────────────────────────────────┐
[13:13:36.682] [INFO ]     │ Title:            ISO/IEC 27001 - Compliance | Google Cloud
[13:13:36.682] [INFO ]     │ Final URL:        https://cloud.google.com/security/compliance/iso-27001
[13:13:36.682] [INFO ]     │ HTML Size:        1,971,977 bytes
[13:13:36.682] [INFO ]     │ Text Size:        11,299 chars
[13:13:36.682] [INFO ]     │ Word Count:       ~1845 words
[13:13:36.682] [INFO ]     │ Extraction:       trafilatura
[13:13:36.682] [INFO ]     │ Has Article:      ✅ Yes
[13:13:36.682] [INFO ]     └──────────────────────────────────────────────────────────────┘
[13:13:36.682] [INFO ] ╠══════════════════════════════════════════════════════════════════════════╣
[13:13:36.682] [INFO ] ║  📊 SESSION STATS
[13:13:36.682] [INFO ] ║  ├─ Strategies Tried:   domcontentloaded
[13:13:36.682] [INFO ] ║  ├─ Popups Dismissed:   0
[13:13:36.682] [INFO ] ║  ├─ Cloudflare:         Not detected
[13:13:36.682] [INFO ] ║  └─ Proxy Used:         Direct
[13:13:36.682] [INFO ] ╚══════════════════════════════════════════════════════════════════════════╝
[13:13:36.682] [INFO ] 

================================================================================
STATUS: SUCCESS
TOTAL TIME: 9.52s
ENDED: 2026-01-26T13:13:36.682413+02:00 (Egypt Time)
END OF SCRAPE LOG
================================================================================