================================================================================
SCRAPE LOG: https://cynomi.com/blog/the-cisos-cmmc-compliance-checklist/
Started: 2026-01-29 20:35:56
Session ID: SCRAPE_20260129_203556_B732
================================================================================
[20:35:56.128] [INFO ] 📝 Scrape log: /app/data/logs/scrapes/2026-01-29_203556_cynomi.com.log
[20:35:56.128] [DEBUG] ⏱️ Timeout set to 45s for this scrape
[20:35:56.472] [INFO ] 
[20:35:56.472] [INFO ]     🚀 BROWSER LAUNCHED
[20:35:56.472] [INFO ]     ├─ Mode:       Headless
[20:35:56.472] [INFO ]     ├─ Slow Mo:    42ms
[20:35:56.472] [INFO ]     ├─ Launch Time: 0.05s
[20:35:56.472] [INFO ]     └─ Args:       Anti-automation flags enabled
[20:35:56.491] [DEBUG] Browser profile: viewport={'width': 1280, 'height': 800}, locale=en-CA, tz=UTC
[20:35:56.491] [INFO ] 
[20:35:56.491] [INFO ] ╔══════════════════════════════════════════════════════════════════════════╗
[20:35:56.491] [INFO ] ║  📋 SESSION: SCRAPE_20260129_203556_B732
[20:35:56.491] [INFO ] ║  🌐 URL: https://cynomi.com/blog/the-cisos-cmmc-compliance-checklist/
[20:35:56.491] [INFO ] ║  🔄 ATTEMPT: 1/2
[20:35:56.491] [INFO ] ║  ⏰ STARTED: 2026-01-29T20:35:56.491705+02:00 (Egypt Time)
[20:35:56.491] [INFO ] ╠══════════════════════════════════════════════════════════════════════════╣
[20:35:56.491] [INFO ] 
[20:35:56.491] [INFO ]     ┌─ BROWSER FINGERPRINT ────────────────────────────────────────┐
[20:35:56.491] [INFO ]     │ Browser:     CHROME v121
[20:35:56.491] [INFO ]     │ User-Agent:  Mozilla/5.0 (X11; Linux x86_64) AppleWebKit/537.36 (KHTML, like Gecko)...
[20:35:56.491] [INFO ]     │ Viewport:    1280x800
[20:35:56.491] [INFO ]     │ Sec-CH-UA:   (not applicable)...
[20:35:56.491] [INFO ]     ├─ LOCATION PROFILE ───────────────────────────────────────────┤
[20:35:56.491] [INFO ]     │ Location:    Toronto, Canada
[20:35:56.491] [INFO ]     │ Timezone:    N/A
[20:35:56.491] [INFO ]     │ Locale:      en-CA
[20:35:56.491] [INFO ]     │ Geo:         0, 0
[20:35:56.491] [INFO ]     ├─ NETWORK ────────────────────────────────────────────────────┤
[20:35:56.491] [INFO ]     │ Proxy:       Direct (no proxy)
[20:35:56.491] [INFO ]     │ Referrer:    https://www.google.com/search?q=cynomi+com
[20:35:56.491] [INFO ]     └──────────────────────────────────────────────────────────────┘
[20:35:56.491] [INFO ] ╚══════════════════════════════════════════════════════════════════════════╝
[20:35:56.491] [INFO ] 🛡️ Injected anti-detection scripts at context level
[20:35:56.491] [DEBUG]    └─ Canvas noise, WebGL spoof, Browser patches
[20:35:56.491] [INFO ] 
[20:35:56.491] [INFO ]     🛡️ ANTI-DETECTION SCRIPTS INJECTED (CONTEXT level)
[20:35:56.491] [INFO ]     ├─ Canvas fingerprint noise
[20:35:56.491] [INFO ]     ├─ WebGL renderer/vendor spoof
[20:35:56.491] [INFO ]     ├─ Hardware concurrency randomization
[20:35:56.491] [INFO ]     ├─ Device memory randomization
[20:35:56.491] [INFO ]     ├─ Plugin masking
[20:35:56.491] [INFO ]     ├─ WebRTC IP leak protection
[20:35:56.491] [INFO ]     ├─ Network connection spoof
[20:35:56.491] [INFO ]     └─ Battery API spoof
[20:35:56.533] [INFO ] 
[20:35:56.533] [INFO ]     🥷 STEALTH MODE APPLIED
[20:35:56.533] [INFO ]     ├─ Navigator patches (webdriver, plugins, languages)
[20:35:56.533] [INFO ]     ├─ Chrome runtime patches
[20:35:56.533] [INFO ]     ├─ Console patches
[20:35:56.533] [INFO ]     └─ Permission patches
[20:35:56.533] [INFO ] 🛡️ Injected anti-detection scripts at page level
[20:35:56.533] [DEBUG]    └─ Canvas noise, WebGL spoof, Browser patches
[20:35:56.533] [INFO ] 
[20:35:56.533] [INFO ]     🛡️ ANTI-DETECTION SCRIPTS INJECTED (PAGE level)
[20:35:56.533] [INFO ]     ├─ Canvas fingerprint noise
[20:35:56.533] [INFO ]     ├─ WebGL renderer/vendor spoof
[20:35:56.533] [INFO ]     ├─ Hardware concurrency randomization
[20:35:56.533] [INFO ]     ├─ Device memory randomization
[20:35:56.533] [INFO ]     ├─ Plugin masking
[20:35:56.533] [INFO ]     ├─ WebRTC IP leak protection
[20:35:56.533] [INFO ]     ├─ Network connection spoof
[20:35:56.533] [INFO ]     └─ Battery API spoof
[20:35:56.533] [DEBUG] Enabled resource blocking (images, media, fonts)
[20:35:56.533] [INFO ] 
[20:35:56.533] [INFO ]     🔗 NAVIGATING TO URL
[20:35:56.533] [INFO ]     ├─ Strategy:   domcontentloaded
[20:35:56.533] [INFO ]     ├─ Timeout:    15.0s
[20:35:56.533] [INFO ]     └─ Sleep:      1s after load
[20:35:59.255] [INFO ] 
[20:35:59.255] [INFO ]     ✅ PAGE LOADED
[20:35:59.255] [INFO ]     ├─ Final URL:  https://cynomi.com/blog/the-cisos-cmmc-compliance-checklist/
[20:35:59.255] [INFO ]     ├─ Title:      The CISO's CMMC Compliance Checklist | Cynomi
[20:35:59.255] [INFO ]     └─ Load Time:  2.72s
[20:36:00.548] [INFO ] 🧑 Human behavior simulation...
[20:36:03.151] [INFO ] 🖱️ Mouse: 2 moves in 1280x800
[20:36:03.151] [INFO ] 🖱️ Mouse completed: 2 moves
[20:36:03.151] [INFO ] 📜 Scroll: page height, viewport=800px
[20:36:03.151] [INFO ] 📜 Scroll completed: 1 scrolls
[20:36:03.151] [INFO ] 🧑 Human behavior completed in 2.6s ✓
[20:36:03.151] [INFO ] 
[20:36:03.151] [INFO ]     🧑 HUMAN BEHAVIOR SIMULATED
[20:36:03.151] [INFO ]     ├─ Mouse Movements: 2
[20:36:03.151] [INFO ]     ├─ Scroll Actions:  1
[20:36:03.151] [INFO ]     └─ Time Spent:      2.60s
[20:36:03.294] [INFO ] 
[20:36:03.294] [INFO ]     ┌─ CONTENT METRICS ────────────────────────────────────────────┐
[20:36:03.294] [INFO ]     │ Title:            The CISO's CMMC Compliance Checklist | Cynomi
[20:36:03.294] [INFO ]     │ Final URL:        https://cynomi.com/blog/the-cisos-cmmc-compliance-checklist/
[20:36:03.294] [INFO ]     │ HTML Size:        306,333 bytes
[20:36:03.294] [INFO ]     │ Text Size:        11,181 chars
[20:36:03.294] [INFO ]     │ Word Count:       ~1619 words
[20:36:03.294] [INFO ]     │ Extraction:       trafilatura
[20:36:03.294] [INFO ]     │ Has Article:      ✅ Yes
[20:36:03.294] [INFO ]     └──────────────────────────────────────────────────────────────┘
[20:36:03.326] [INFO ] 
[20:36:03.326] [INFO ] ╔══════════════════════════════════════════════════════════════════════════╗
[20:36:03.326] [INFO ] ║  ✅ SCRAPE SUCCESSFUL - SCRAPE_20260129_203556_B732
[20:36:03.326] [INFO ] ╠══════════════════════════════════════════════════════════════════════════╣
[20:36:03.326] [INFO ] 
[20:36:03.326] [INFO ]     ┌─ TIMING BREAKDOWN ───────────────────────────────────────────┐
[20:36:03.326] [INFO ]     │ Browser Launch:      0.05s
[20:36:03.326] [INFO ]     │ Page Load:           2.72s
[20:36:03.326] [INFO ]     │ Cloudflare Wait:     0.00s
[20:36:03.326] [INFO ]     │ Human Simulation:    2.60s
[20:36:03.326] [INFO ]     │
[20:36:03.326] [INFO ]     │ Content Extraction:  0.08s
[20:36:03.326] [INFO ]     │ ─────────────────────────────────────────────────────────────
[20:36:03.326] [INFO ]     │ TOTAL TIME:          5.46s
[20:36:03.326] [INFO ]     └──────────────────────────────────────────────────────────────┘
[20:36:03.326] [INFO ] 
[20:36:03.326] [INFO ]     ┌─ CONTENT METRICS ────────────────────────────────────────────┐
[20:36:03.326] [INFO ]     │ Title:            The CISO's CMMC Compliance Checklist | Cynomi
[20:36:03.326] [INFO ]     │ Final URL:        https://cynomi.com/blog/the-cisos-cmmc-compliance-checklist/
[20:36:03.326] [INFO ]     │ HTML Size:        306,333 bytes
[20:36:03.326] [INFO ]     │ Text Size:        11,181 chars
[20:36:03.326] [INFO ]     │ Word Count:       ~1619 words
[20:36:03.326] [INFO ]     │ Extraction:       trafilatura
[20:36:03.326] [INFO ]     │ Has Article:      ✅ Yes
[20:36:03.327] [INFO ]     └──────────────────────────────────────────────────────────────┘
[20:36:03.327] [INFO ] ╠══════════════════════════════════════════════════════════════════════════╣
[20:36:03.327] [INFO ] ║  📊 SESSION STATS
[20:36:03.327] [INFO ] ║  ├─ Strategies Tried:   domcontentloaded
[20:36:03.327] [INFO ] ║  ├─ Popups Dismissed:   0
[20:36:03.327] [INFO ] ║  ├─ Cloudflare:         Not detected
[20:36:03.327] [INFO ] ║  └─ Proxy Used:         Direct
[20:36:03.327] [INFO ] ╚══════════════════════════════════════════════════════════════════════════╝
[20:36:03.327] [INFO ] 

================================================================================
STATUS: SUCCESS
TOTAL TIME: 7.20s
ENDED: 2026-01-29T20:36:03.327042+02:00 (Egypt Time)
END OF SCRAPE LOG
================================================================================