================================================================================
SCRAPE LOG: https://www.linkedin.com/posts/m-almedbak_the-dpo-appointment-is-one-of-the-most-significant-activity-7415055547407958016-h9p_
Started: 2026-01-30 00:33:32
Session ID: SCRAPE_20260130_003332_B95A
================================================================================
[00:33:32.111] [INFO ] 📝 Scrape log: /app/data/logs/scrapes/2026-01-30_003332_linkedin.com.log
[00:33:32.111] [DEBUG] ⏱️ Timeout set to 45s for this scrape
[00:33:32.457] [INFO ] 
[00:33:32.457] [INFO ]     🚀 BROWSER LAUNCHED
[00:33:32.457] [INFO ]     ├─ Mode:       Headless
[00:33:32.457] [INFO ]     ├─ Slow Mo:    57ms
[00:33:32.457] [INFO ]     ├─ Launch Time: 0.06s
[00:33:32.457] [INFO ]     └─ Args:       Anti-automation flags enabled
[00:33:32.475] [DEBUG] Browser profile: viewport={'width': 1536, 'height': 864}, locale=en-GB, tz=UTC
[00:33:32.475] [INFO ] 
[00:33:32.475] [INFO ] ╔══════════════════════════════════════════════════════════════════════════╗
[00:33:32.475] [INFO ] ║  📋 SESSION: SCRAPE_20260130_003332_B95A
[00:33:32.475] [INFO ] ║  🌐 URL: https://www.linkedin.com/posts/m-almedbak_the-dpo-appointment-is-one-of-the-most-significant-activity-7415055547407958016-h9p_
[00:33:32.475] [INFO ] ║  🔄 ATTEMPT: 1/2
[00:33:32.475] [INFO ] ║  ⏰ STARTED: 2026-01-30T00:33:32.475957+02:00 (Egypt Time)
[00:33:32.475] [INFO ] ╠══════════════════════════════════════════════════════════════════════════╣
[00:33:32.475] [INFO ] 
[00:33:32.475] [INFO ]     ┌─ BROWSER FINGERPRINT ────────────────────────────────────────┐
[00:33:32.475] [INFO ]     │ Browser:     EDGE v120
[00:33:32.475] [INFO ]     │ User-Agent:  Mozilla/5.0 (Windows NT 10.0; Win64; x64) AppleWebKit/537.36 (KHTML, l...
[00:33:32.476] [INFO ]     │ Viewport:    1536x864
[00:33:32.476] [INFO ]     │ Sec-CH-UA:   (not applicable)...
[00:33:32.476] [INFO ]     ├─ LOCATION PROFILE ───────────────────────────────────────────┤
[00:33:32.476] [INFO ]     │ Location:    Birmingham, UK
[00:33:32.476] [INFO ]     │ Timezone:    N/A
[00:33:32.476] [INFO ]     │ Locale:      en-GB
[00:33:32.476] [INFO ]     │ Geo:         0, 0
[00:33:32.476] [INFO ]     ├─ NETWORK ────────────────────────────────────────────────────┤
[00:33:32.476] [INFO ]     │ Proxy:       Direct (no proxy)
[00:33:32.476] [INFO ]     │ Referrer:    https://www.google.com/search?q=www+linkedin+com
[00:33:32.476] [INFO ]     └──────────────────────────────────────────────────────────────┘
[00:33:32.476] [INFO ] ╚══════════════════════════════════════════════════════════════════════════╝
[00:33:32.476] [INFO ] 🛡️ Injected anti-detection scripts at context level
[00:33:32.476] [DEBUG]    └─ Canvas noise, WebGL spoof, Browser patches
[00:33:32.476] [INFO ] 
[00:33:32.476] [INFO ]     🛡️ ANTI-DETECTION SCRIPTS INJECTED (CONTEXT level)
[00:33:32.476] [INFO ]     ├─ Canvas fingerprint noise
[00:33:32.476] [INFO ]     ├─ WebGL renderer/vendor spoof
[00:33:32.476] [INFO ]     ├─ Hardware concurrency randomization
[00:33:32.476] [INFO ]     ├─ Device memory randomization
[00:33:32.476] [INFO ]     ├─ Plugin masking
[00:33:32.476] [INFO ]     ├─ WebRTC IP leak protection
[00:33:32.476] [INFO ]     ├─ Network connection spoof
[00:33:32.476] [INFO ]     └─ Battery API spoof
[00:33:32.521] [INFO ] 
[00:33:32.521] [INFO ]     🥷 STEALTH MODE APPLIED
[00:33:32.521] [INFO ]     ├─ Navigator patches (webdriver, plugins, languages)
[00:33:32.521] [INFO ]     ├─ Chrome runtime patches
[00:33:32.521] [INFO ]     ├─ Console patches
[00:33:32.521] [INFO ]     └─ Permission patches
[00:33:32.521] [INFO ] 🛡️ Injected anti-detection scripts at page level
[00:33:32.521] [DEBUG]    └─ Canvas noise, WebGL spoof, Browser patches
[00:33:32.521] [INFO ] 
[00:33:32.521] [INFO ]     🛡️ ANTI-DETECTION SCRIPTS INJECTED (PAGE level)
[00:33:32.521] [INFO ]     ├─ Canvas fingerprint noise
[00:33:32.521] [INFO ]     ├─ WebGL renderer/vendor spoof
[00:33:32.521] [INFO ]     ├─ Hardware concurrency randomization
[00:33:32.521] [INFO ]     ├─ Device memory randomization
[00:33:32.521] [INFO ]     ├─ Plugin masking
[00:33:32.521] [INFO ]     ├─ WebRTC IP leak protection
[00:33:32.521] [INFO ]     ├─ Network connection spoof
[00:33:32.521] [INFO ]     └─ Battery API spoof
[00:33:32.521] [DEBUG] Enabled resource blocking (images, media, fonts)
[00:33:32.521] [INFO ] 
[00:33:32.521] [INFO ]     🔗 NAVIGATING TO URL
[00:33:32.521] [INFO ]     ├─ Strategy:   domcontentloaded
[00:33:32.521] [INFO ]     ├─ Timeout:    15.0s
[00:33:32.521] [INFO ]     └─ Sleep:      1s after load
[00:33:33.448] [INFO ] 
[00:33:33.448] [INFO ]     ✅ PAGE LOADED
[00:33:33.448] [INFO ]     ├─ Final URL:  https://www.linkedin.com/posts/m-almedbak_the-dpo-appointment-is-one-of-the-most-significant-activity-7415055547407958016-h9p_
[00:33:33.448] [INFO ]     ├─ Title:      DPO Appointment Mandated in Egypt: New Job Opportunities and Challenges | Mohamed Al-Medbak posted on the topic | LinkedIn
[00:33:33.448] [INFO ]     └─ Load Time:  0.93s
[00:33:34.742] [INFO ] 🧑 Human behavior simulation...
[00:33:39.196] [INFO ] 🖱️ Mouse: 3 moves in 1536x864
[00:33:39.196] [INFO ] 🖱️ Mouse completed: 3 moves
[00:33:39.196] [INFO ] 📜 Scroll: page height, viewport=864px
[00:33:39.196] [INFO ] 📜 Scroll completed: 2 scrolls
[00:33:39.196] [INFO ] 🧑 Human behavior completed in 4.5s ✓
[00:33:39.196] [INFO ] 
[00:33:39.196] [INFO ]     🧑 HUMAN BEHAVIOR SIMULATED
[00:33:39.196] [INFO ]     ├─ Mouse Movements: 3
[00:33:39.196] [INFO ]     ├─ Scroll Actions:  2
[00:33:39.196] [INFO ]     └─ Time Spent:      4.45s
[00:33:39.385] [INFO ] 
[00:33:39.385] [INFO ]     ┌─ CONTENT METRICS ────────────────────────────────────────────┐
[00:33:39.385] [INFO ]     │ Title:            DPO Appointment Mandated in Egypt: New Job Opportu
[00:33:39.385] [INFO ]     │ Final URL:        https://www.linkedin.com/posts/m-almedbak_the-dpo-appointment-is-one-of-the-most-significant-activity-7415055547407958016-h9p_
[00:33:39.385] [INFO ]     │ HTML Size:        290,569 bytes
[00:33:39.385] [INFO ]     │ Text Size:        14,321 chars
[00:33:39.385] [INFO ]     │ Word Count:       ~2116 words
[00:33:39.385] [INFO ]     │ Extraction:       trafilatura
[00:33:39.385] [INFO ]     │ Has Article:      ✅ Yes
[00:33:39.385] [INFO ]     └──────────────────────────────────────────────────────────────┘
[00:33:39.428] [INFO ] 
[00:33:39.428] [INFO ] ╔══════════════════════════════════════════════════════════════════════════╗
[00:33:39.428] [INFO ] ║  ✅ SCRAPE SUCCESSFUL - SCRAPE_20260130_003332_B95A
[00:33:39.428] [INFO ] ╠══════════════════════════════════════════════════════════════════════════╣
[00:33:39.428] [INFO ] 
[00:33:39.428] [INFO ]     ┌─ TIMING BREAKDOWN ───────────────────────────────────────────┐
[00:33:39.428] [INFO ]     │ Browser Launch:      0.06s
[00:33:39.428] [INFO ]     │ Page Load:           0.93s
[00:33:39.428] [INFO ]     │ Cloudflare Wait:     0.00s
[00:33:39.428] [INFO ]     │ Human Simulation:    4.45s
[00:33:39.428] [INFO ]     │
[00:33:39.428] [INFO ]     │ Content Extraction:  0.12s
[00:33:39.428] [INFO ]     │ ─────────────────────────────────────────────────────────────
[00:33:39.428] [INFO ]     │ TOTAL TIME:          5.56s
[00:33:39.428] [INFO ]     └──────────────────────────────────────────────────────────────┘
[00:33:39.428] [INFO ] 
[00:33:39.428] [INFO ]     ┌─ CONTENT METRICS ────────────────────────────────────────────┐
[00:33:39.428] [INFO ]     │ Title:            DPO Appointment Mandated in Egypt: New Job Opportu
[00:33:39.428] [INFO ]     │ Final URL:        https://www.linkedin.com/posts/m-almedbak_the-dpo-appointment-is-one-of-the-most-significant-activity-7415055547407958016-h9p_
[00:33:39.428] [INFO ]     │ HTML Size:        290,569 bytes
[00:33:39.428] [INFO ]     │ Text Size:        14,321 chars
[00:33:39.428] [INFO ]     │ Word Count:       ~2116 words
[00:33:39.428] [INFO ]     │ Extraction:       trafilatura
[00:33:39.428] [INFO ]     │ Has Article:      ✅ Yes
[00:33:39.428] [INFO ]     └──────────────────────────────────────────────────────────────┘
[00:33:39.428] [INFO ] ╠══════════════════════════════════════════════════════════════════════════╣
[00:33:39.428] [INFO ] ║  📊 SESSION STATS
[00:33:39.428] [INFO ] ║  ├─ Strategies Tried:   domcontentloaded
[00:33:39.428] [INFO ] ║  ├─ Popups Dismissed:   0
[00:33:39.428] [INFO ] ║  ├─ Cloudflare:         Not detected
[00:33:39.428] [INFO ] ║  └─ Proxy Used:         Direct
[00:33:39.428] [INFO ] ╚══════════════════════════════════════════════════════════════════════════╝
[00:33:39.428] [INFO ] 

================================================================================
STATUS: SUCCESS
TOTAL TIME: 7.32s
ENDED: 2026-01-30T00:33:39.428738+02:00 (Egypt Time)
END OF SCRAPE LOG
================================================================================