================================================================================
SCRAPE LOG: https://www.legal500.com/guides/chapter/egypt-fintech/?export-pdf
Started: 2026-01-26 12:18:22
Session ID: SCRAPE_20260126_121822_CEA9
================================================================================
[12:18:22.288] [INFO ] 📝 Scrape log: /app/data/logs/scrapes/2026-01-26_121822_legal500.com.log
[12:18:22.288] [DEBUG] ⏱️ Timeout set to 45s for this scrape
[12:18:22.630] [INFO ] 
[12:18:22.630] [INFO ]     🚀 BROWSER LAUNCHED
[12:18:22.630] [INFO ]     ├─ Mode:       Headless
[12:18:22.630] [INFO ]     ├─ Slow Mo:    43ms
[12:18:22.630] [INFO ]     ├─ Launch Time: 0.06s
[12:18:22.630] [INFO ]     └─ Args:       Anti-automation flags enabled
[12:18:22.648] [DEBUG] Browser profile: viewport={'width': 1600, 'height': 900}, locale=en-GB, tz=UTC
[12:18:22.648] [INFO ] 
[12:18:22.648] [INFO ] ╔══════════════════════════════════════════════════════════════════════════╗
[12:18:22.648] [INFO ] ║  📋 SESSION: SCRAPE_20260126_121822_CEA9
[12:18:22.648] [INFO ] ║  🌐 URL: https://www.legal500.com/guides/chapter/egypt-fintech/?export-pdf
[12:18:22.648] [INFO ] ║  🔄 ATTEMPT: 1/2
[12:18:22.648] [INFO ] ║  ⏰ STARTED: 2026-01-26T12:18:22.648410+02:00 (Egypt Time)
[12:18:22.648] [INFO ] ╠══════════════════════════════════════════════════════════════════════════╣
[12:18:22.648] [INFO ] 
[12:18:22.648] [INFO ]     ┌─ BROWSER FINGERPRINT ────────────────────────────────────────┐
[12:18:22.648] [INFO ]     │ Browser:     CHROME v121
[12:18:22.648] [INFO ]     │ User-Agent:  Mozilla/5.0 (Windows NT 11.0; Win64; x64) AppleWebKit/537.36 (KHTML, l...
[12:18:22.648] [INFO ]     │ Viewport:    1600x900
[12:18:22.648] [INFO ]     │ Sec-CH-UA:   (not applicable)...
[12:18:22.648] [INFO ]     ├─ LOCATION PROFILE ───────────────────────────────────────────┤
[12:18:22.648] [INFO ]     │ Location:    Manchester, UK
[12:18:22.648] [INFO ]     │ Timezone:    N/A
[12:18:22.648] [INFO ]     │ Locale:      en-GB
[12:18:22.648] [INFO ]     │ Geo:         0, 0
[12:18:22.648] [INFO ]     ├─ NETWORK ────────────────────────────────────────────────────┤
[12:18:22.648] [INFO ]     │ Proxy:       Direct (no proxy)
[12:18:22.648] [INFO ]     │ Referrer:    https://news.google.com/
[12:18:22.648] [INFO ]     └──────────────────────────────────────────────────────────────┘
[12:18:22.648] [INFO ] ╚══════════════════════════════════════════════════════════════════════════╝
[12:18:22.648] [INFO ] 🛡️ Injected anti-detection scripts at context level
[12:18:22.648] [DEBUG]    └─ Canvas noise, WebGL spoof, Browser patches
[12:18:22.648] [INFO ] 
[12:18:22.648] [INFO ]     🛡️ ANTI-DETECTION SCRIPTS INJECTED (CONTEXT level)
[12:18:22.648] [INFO ]     ├─ Canvas fingerprint noise
[12:18:22.648] [INFO ]     ├─ WebGL renderer/vendor spoof
[12:18:22.648] [INFO ]     ├─ Hardware concurrency randomization
[12:18:22.648] [INFO ]     ├─ Device memory randomization
[12:18:22.648] [INFO ]     ├─ Plugin masking
[12:18:22.648] [INFO ]     ├─ WebRTC IP leak protection
[12:18:22.648] [INFO ]     ├─ Network connection spoof
[12:18:22.648] [INFO ]     └─ Battery API spoof
[12:18:22.689] [INFO ] 
[12:18:22.689] [INFO ]     🥷 STEALTH MODE APPLIED
[12:18:22.689] [INFO ]     ├─ Navigator patches (webdriver, plugins, languages)
[12:18:22.689] [INFO ]     ├─ Chrome runtime patches
[12:18:22.689] [INFO ]     ├─ Console patches
[12:18:22.689] [INFO ]     └─ Permission patches
[12:18:22.689] [INFO ] 🛡️ Injected anti-detection scripts at page level
[12:18:22.689] [DEBUG]    └─ Canvas noise, WebGL spoof, Browser patches
[12:18:22.689] [INFO ] 
[12:18:22.689] [INFO ]     🛡️ ANTI-DETECTION SCRIPTS INJECTED (PAGE level)
[12:18:22.689] [INFO ]     ├─ Canvas fingerprint noise
[12:18:22.689] [INFO ]     ├─ WebGL renderer/vendor spoof
[12:18:22.689] [INFO ]     ├─ Hardware concurrency randomization
[12:18:22.689] [INFO ]     ├─ Device memory randomization
[12:18:22.689] [INFO ]     ├─ Plugin masking
[12:18:22.689] [INFO ]     ├─ WebRTC IP leak protection
[12:18:22.689] [INFO ]     ├─ Network connection spoof
[12:18:22.689] [INFO ]     └─ Battery API spoof
[12:18:22.689] [DEBUG] Enabled resource blocking (images, media, fonts)
[12:18:22.689] [INFO ] 
[12:18:22.689] [INFO ]     🔗 NAVIGATING TO URL
[12:18:22.689] [INFO ]     ├─ Strategy:   domcontentloaded
[12:18:22.689] [INFO ]     ├─ Timeout:    15.0s
[12:18:22.689] [INFO ]     └─ Sleep:      1s after load
[12:18:27.353] [DEBUG] Enabled resource blocking (images, media, fonts)
[12:18:27.353] [INFO ] 
[12:18:27.353] [INFO ]     🔗 NAVIGATING TO URL
[12:18:27.353] [INFO ]     ├─ Strategy:   load
[12:18:27.353] [INFO ]     ├─ Timeout:    20.0s
[12:18:27.353] [INFO ]     └─ Sleep:      1s after load
[12:18:31.318] [DEBUG] Enabled resource blocking (images, media, fonts)
[12:18:31.318] [INFO ] 
[12:18:31.318] [INFO ]     🔗 NAVIGATING TO URL
[12:18:31.318] [INFO ]     ├─ Strategy:   networkidle
[12:18:31.318] [INFO ]     ├─ Timeout:    25.0s
[12:18:31.318] [INFO ]     └─ Sleep:      1s after load
[12:18:46.796] [INFO ] 
[12:18:46.796] [INFO ]     🚀 BROWSER LAUNCHED
[12:18:46.796] [INFO ]     ├─ Mode:       Headless
[12:18:46.796] [INFO ]     ├─ Slow Mo:    55ms
[12:18:46.796] [INFO ]     ├─ Launch Time: 0.06s
[12:18:46.796] [INFO ]     └─ Args:       Anti-automation flags enabled
[12:18:46.814] [DEBUG] Browser profile: viewport={'width': 1536, 'height': 864}, locale=en-CA, tz=UTC
[12:18:46.814] [INFO ] 
[12:18:46.814] [INFO ] ╔══════════════════════════════════════════════════════════════════════════╗
[12:18:46.814] [INFO ] ║  📋 SESSION: SCRAPE_20260126_121822_CEA9
[12:18:46.814] [INFO ] ║  🌐 URL: https://www.legal500.com/guides/chapter/egypt-fintech/?export-pdf
[12:18:46.814] [INFO ] ║  🔄 ATTEMPT: 2/2
[12:18:46.814] [INFO ] ║  ⏰ STARTED: 2026-01-26T12:18:46.814840+02:00 (Egypt Time)
[12:18:46.814] [INFO ] ╠══════════════════════════════════════════════════════════════════════════╣
[12:18:46.814] [INFO ] 
[12:18:46.814] [INFO ]     ┌─ BROWSER FINGERPRINT ────────────────────────────────────────┐
[12:18:46.814] [INFO ]     │ Browser:     CHROME v120
[12:18:46.814] [INFO ]     │ User-Agent:  Mozilla/5.0 (Windows NT 10.0; Win64; x64) AppleWebKit/537.36 (KHTML, l...
[12:18:46.814] [INFO ]     │ Viewport:    1536x864
[12:18:46.814] [INFO ]     │ Sec-CH-UA:   (not applicable)...
[12:18:46.814] [INFO ]     ├─ LOCATION PROFILE ───────────────────────────────────────────┤
[12:18:46.814] [INFO ]     │ Location:    Vancouver, Canada
[12:18:46.814] [INFO ]     │ Timezone:    N/A
[12:18:46.814] [INFO ]     │ Locale:      en-CA
[12:18:46.814] [INFO ]     │ Geo:         0, 0
[12:18:46.814] [INFO ]     ├─ NETWORK ────────────────────────────────────────────────────┤
[12:18:46.814] [INFO ]     │ Proxy:       Direct (no proxy)
[12:18:46.814] [INFO ]     │ Referrer:    https://www.google.com/
[12:18:46.814] [INFO ]     └──────────────────────────────────────────────────────────────┘
[12:18:46.814] [INFO ] ╚══════════════════════════════════════════════════════════════════════════╝
[12:18:46.814] [INFO ] 🛡️ Injected anti-detection scripts at context level
[12:18:46.814] [DEBUG]    └─ Canvas noise, WebGL spoof, Browser patches
[12:18:46.814] [INFO ] 
[12:18:46.814] [INFO ]     🛡️ ANTI-DETECTION SCRIPTS INJECTED (CONTEXT level)
[12:18:46.814] [INFO ]     ├─ Canvas fingerprint noise
[12:18:46.814] [INFO ]     ├─ WebGL renderer/vendor spoof
[12:18:46.814] [INFO ]     ├─ Hardware concurrency randomization
[12:18:46.814] [INFO ]     ├─ Device memory randomization
[12:18:46.814] [INFO ]     ├─ Plugin masking
[12:18:46.814] [INFO ]     ├─ WebRTC IP leak protection
[12:18:46.814] [INFO ]     ├─ Network connection spoof
[12:18:46.814] [INFO ]     └─ Battery API spoof
[12:18:46.855] [INFO ] 
[12:18:46.855] [INFO ]     🥷 STEALTH MODE APPLIED
[12:18:46.855] [INFO ]     ├─ Navigator patches (webdriver, plugins, languages)
[12:18:46.855] [INFO ]     ├─ Chrome runtime patches
[12:18:46.855] [INFO ]     ├─ Console patches
[12:18:46.855] [INFO ]     └─ Permission patches
[12:18:46.855] [INFO ] 🛡️ Injected anti-detection scripts at page level
[12:18:46.855] [DEBUG]    └─ Canvas noise, WebGL spoof, Browser patches
[12:18:46.855] [INFO ] 
[12:18:46.855] [INFO ]     🛡️ ANTI-DETECTION SCRIPTS INJECTED (PAGE level)
[12:18:46.855] [INFO ]     ├─ Canvas fingerprint noise
[12:18:46.856] [INFO ]     ├─ WebGL renderer/vendor spoof
[12:18:46.856] [INFO ]     ├─ Hardware concurrency randomization
[12:18:46.856] [INFO ]     ├─ Device memory randomization
[12:18:46.856] [INFO ]     ├─ Plugin masking
[12:18:46.856] [INFO ]     ├─ WebRTC IP leak protection
[12:18:46.856] [INFO ]     ├─ Network connection spoof
[12:18:46.856] [INFO ]     └─ Battery API spoof
[12:18:46.856] [DEBUG] Enabled resource blocking (images, media, fonts)
[12:18:46.856] [INFO ] 
[12:18:46.856] [INFO ]     🔗 NAVIGATING TO URL
[12:18:46.856] [INFO ]     ├─ Strategy:   domcontentloaded
[12:18:46.856] [INFO ]     ├─ Timeout:    15.0s
[12:18:46.856] [INFO ]     └─ Sleep:      1s after load
[12:18:51.376] [DEBUG] Enabled resource blocking (images, media, fonts)
[12:18:51.376] [INFO ] 
[12:18:51.376] [INFO ]     🔗 NAVIGATING TO URL
[12:18:51.376] [INFO ]     ├─ Strategy:   load
[12:18:51.376] [INFO ]     ├─ Timeout:    20.0s
[12:18:51.376] [INFO ]     └─ Sleep:      1s after load
[12:18:54.991] [DEBUG] Enabled resource blocking (images, media, fonts)
[12:18:54.991] [INFO ] 
[12:18:54.991] [INFO ]     🔗 NAVIGATING TO URL
[12:18:54.991] [INFO ]     ├─ Strategy:   networkidle
[12:18:54.991] [INFO ]     ├─ Timeout:    25.0s
[12:18:54.991] [INFO ]     └─ Sleep:      1s after load
[12:18:58.809] [INFO ] 
[12:18:58.809] [INFO ] ╔══════════════════════════════════════════════════════════════════════════╗
[12:18:58.809] [INFO ] ║  ❌ SCRAPE FAILED - SCRAPE_20260126_121822_CEA9
[12:18:58.809] [INFO ] ╠══════════════════════════════════════════════════════════════════════════╣
[12:18:58.809] [INFO ] 
[12:18:58.809] [INFO ]     ┌─ FAILURE SUMMARY ────────────────────────────────────────────┐
[12:18:58.809] [INFO ]     │ URL:              https://www.legal500.com/guides/chapter/egypt-fintech/?
[12:18:58.809] [INFO ]     │ Error Type:       network
[12:18:58.809] [INFO ]     │ Likely Ban:       ❌ No
[12:18:58.809] [INFO ]     │ Retries Used:     2
[12:18:58.809] [INFO ]     │
[12:18:58.809] [INFO ]     │ Error Message:
[12:18:58.809] [INFO ]     │   Failed after 2 attempts. Last error: Page.goto: Download
[12:18:58.809] [INFO ]     │    is starting
Call log:
  - navigating to "https://www.le
[12:18:58.809] [INFO ]     │   gal500.com/guides/chapter/egypt-fintech/?export-pdf", wa
[12:18:58.809] [INFO ]     │   iting until "networkidle"

[12:18:58.809] [INFO ]     └──────────────────────────────────────────────────────────────┘
[12:18:58.809] [INFO ] 
[12:18:58.809] [INFO ]     ┌─ TIMING AT FAILURE ──────────────────────────────────────────┐
[12:18:58.809] [INFO ]     │ Browser Launch:     0.06s
[12:18:58.809] [INFO ]     │ Page Load:          0.00s
[12:18:58.809] [INFO ]     │ Cloudflare Wait:    0.00s
[12:18:58.809] [INFO ]     │ Human Simulation:   0.00s
[12:18:58.809] [INFO ]     │ ─────────────────────────────────────────────────────────────
[12:18:58.809] [INFO ]     │ FAILED AT:          0.06s
[12:18:58.809] [INFO ]     └──────────────────────────────────────────────────────────────┘
[12:18:58.809] [INFO ] 
[12:18:58.809] [INFO ]     ┌─ RECOMMENDATION ─────────────────────────────────────────────┐
[12:18:58.809] [INFO ]     │ 💡 Network connection issue
[12:18:58.809] [INFO ]     └──────────────────────────────────────────────────────────────┘
[12:18:58.809] [INFO ] 
[12:18:58.809] [INFO ] ╚══════════════════════════════════════════════════════════════════════════╝
[12:18:58.809] [INFO ] 

================================================================================
STATUS: FAILED
TOTAL TIME: 36.52s
ENDED: 2026-01-26T12:18:58.809605+02:00 (Egypt Time)
END OF SCRAPE LOG
================================================================================