================================================================================
SCRAPE LOG: https://secureframe.com/hub/iso-27001/what-is-iso-27001
Started: 2026-01-26 13:05:18
Session ID: SCRAPE_20260126_130518_FB7A
================================================================================
[13:05:18.639] [INFO ] 📝 Scrape log: /app/data/logs/scrapes/2026-01-26_130518_secureframe.com.log
[13:05:18.639] [DEBUG] ⏱️ Timeout set to 45s for this scrape
[13:05:18.984] [INFO ] 
[13:05:18.984] [INFO ]     🚀 BROWSER LAUNCHED
[13:05:18.984] [INFO ]     ├─ Mode:       Headless
[13:05:18.984] [INFO ]     ├─ Slow Mo:    55ms
[13:05:18.984] [INFO ]     ├─ Launch Time: 0.05s
[13:05:18.984] [INFO ]     └─ Args:       Anti-automation flags enabled
[13:05:19.001] [DEBUG] Browser profile: viewport={'width': 2560, 'height': 1440}, locale=en-CA, tz=UTC
[13:05:19.001] [INFO ] 
[13:05:19.001] [INFO ] ╔══════════════════════════════════════════════════════════════════════════╗
[13:05:19.001] [INFO ] ║  📋 SESSION: SCRAPE_20260126_130518_FB7A
[13:05:19.001] [INFO ] ║  🌐 URL: https://secureframe.com/hub/iso-27001/what-is-iso-27001
[13:05:19.001] [INFO ] ║  🔄 ATTEMPT: 1/2
[13:05:19.001] [INFO ] ║  ⏰ STARTED: 2026-01-26T13:05:19.001537+02:00 (Egypt Time)
[13:05:19.001] [INFO ] ╠══════════════════════════════════════════════════════════════════════════╣
[13:05:19.001] [INFO ] 
[13:05:19.001] [INFO ]     ┌─ BROWSER FINGERPRINT ────────────────────────────────────────┐
[13:05:19.001] [INFO ]     │ Browser:     CHROME v119
[13:05:19.001] [INFO ]     │ User-Agent:  Mozilla/5.0 (Windows NT 10.0; Win64; x64) AppleWebKit/537.36 (KHTML, l...
[13:05:19.001] [INFO ]     │ Viewport:    2560x1440
[13:05:19.001] [INFO ]     │ Sec-CH-UA:   (not applicable)...
[13:05:19.001] [INFO ]     ├─ LOCATION PROFILE ───────────────────────────────────────────┤
[13:05:19.001] [INFO ]     │ Location:    Vancouver, Canada
[13:05:19.001] [INFO ]     │ Timezone:    N/A
[13:05:19.001] [INFO ]     │ Locale:      en-CA
[13:05:19.001] [INFO ]     │ Geo:         0, 0
[13:05:19.001] [INFO ]     ├─ NETWORK ────────────────────────────────────────────────────┤
[13:05:19.001] [INFO ]     │ Proxy:       Direct (no proxy)
[13:05:19.001] [INFO ]     │ Referrer:    https://news.google.com/
[13:05:19.001] [INFO ]     └──────────────────────────────────────────────────────────────┘
[13:05:19.001] [INFO ] ╚══════════════════════════════════════════════════════════════════════════╝
[13:05:19.001] [INFO ] 🛡️ Injected anti-detection scripts at context level
[13:05:19.001] [DEBUG]    └─ Canvas noise, WebGL spoof, Browser patches
[13:05:19.001] [INFO ] 
[13:05:19.001] [INFO ]     🛡️ ANTI-DETECTION SCRIPTS INJECTED (CONTEXT level)
[13:05:19.001] [INFO ]     ├─ Canvas fingerprint noise
[13:05:19.001] [INFO ]     ├─ WebGL renderer/vendor spoof
[13:05:19.001] [INFO ]     ├─ Hardware concurrency randomization
[13:05:19.001] [INFO ]     ├─ Device memory randomization
[13:05:19.001] [INFO ]     ├─ Plugin masking
[13:05:19.001] [INFO ]     ├─ WebRTC IP leak protection
[13:05:19.001] [INFO ]     ├─ Network connection spoof
[13:05:19.001] [INFO ]     └─ Battery API spoof
[13:05:19.044] [INFO ] 
[13:05:19.044] [INFO ]     🥷 STEALTH MODE APPLIED
[13:05:19.044] [INFO ]     ├─ Navigator patches (webdriver, plugins, languages)
[13:05:19.044] [INFO ]     ├─ Chrome runtime patches
[13:05:19.044] [INFO ]     ├─ Console patches
[13:05:19.044] [INFO ]     └─ Permission patches
[13:05:19.044] [INFO ] 🛡️ Injected anti-detection scripts at page level
[13:05:19.044] [DEBUG]    └─ Canvas noise, WebGL spoof, Browser patches
[13:05:19.044] [INFO ] 
[13:05:19.044] [INFO ]     🛡️ ANTI-DETECTION SCRIPTS INJECTED (PAGE level)
[13:05:19.044] [INFO ]     ├─ Canvas fingerprint noise
[13:05:19.044] [INFO ]     ├─ WebGL renderer/vendor spoof
[13:05:19.044] [INFO ]     ├─ Hardware concurrency randomization
[13:05:19.044] [INFO ]     ├─ Device memory randomization
[13:05:19.044] [INFO ]     ├─ Plugin masking
[13:05:19.044] [INFO ]     ├─ WebRTC IP leak protection
[13:05:19.044] [INFO ]     ├─ Network connection spoof
[13:05:19.044] [INFO ]     └─ Battery API spoof
[13:05:19.044] [DEBUG] Enabled resource blocking (images, media, fonts)
[13:05:19.044] [INFO ] 
[13:05:19.044] [INFO ]     🔗 NAVIGATING TO URL
[13:05:19.044] [INFO ]     ├─ Strategy:   domcontentloaded
[13:05:19.044] [INFO ]     ├─ Timeout:    15.0s
[13:05:19.044] [INFO ]     └─ Sleep:      1s after load
[13:05:20.405] [INFO ] 
[13:05:20.405] [INFO ]     ✅ PAGE LOADED
[13:05:20.405] [INFO ]     ├─ Final URL:  https://secureframe.com/hub/iso-27001/what-is-iso-27001
[13:05:20.405] [INFO ]     ├─ Title:      What is ISO 27001? A Beginners Guide to Certification | Secureframe
[13:05:20.405] [INFO ]     └─ Load Time:  1.36s
[13:05:23.240] [INFO ] 🧑 Human behavior simulation...
[13:05:30.742] [INFO ] 🖱️ Mouse: 4 moves in 2560x1440
[13:05:30.742] [INFO ] 🖱️ Mouse completed: 4 moves
[13:05:30.742] [INFO ] 📜 Scroll: page height, viewport=1440px
[13:05:30.742] [INFO ] 📜 Scroll completed: 3 scrolls
[13:05:30.742] [INFO ] 🧑 Human behavior completed in 7.5s ✓
[13:05:30.742] [INFO ] 
[13:05:30.742] [INFO ]     🧑 HUMAN BEHAVIOR SIMULATED
[13:05:30.742] [INFO ]     ├─ Mouse Movements: 4
[13:05:30.742] [INFO ]     ├─ Scroll Actions:  3
[13:05:30.742] [INFO ]     └─ Time Spent:      7.50s
[13:05:31.193] [INFO ] 
[13:05:31.193] [INFO ]     ┌─ CONTENT METRICS ────────────────────────────────────────────┐
[13:05:31.193] [INFO ]     │ Title:            What is ISO 27001? A Beginners Guide to Certificat
[13:05:31.193] [INFO ]     │ Final URL:        https://secureframe.com/hub/iso-27001/what-is-iso-27001
[13:05:31.193] [INFO ]     │ HTML Size:        765,099 bytes
[13:05:31.193] [INFO ]     │ Text Size:        16,342 chars
[13:05:31.193] [INFO ]     │ Word Count:       ~2485 words
[13:05:31.193] [INFO ]     │ Extraction:       trafilatura
[13:05:31.193] [INFO ]     │ Has Article:      ✅ Yes
[13:05:31.193] [INFO ]     └──────────────────────────────────────────────────────────────┘
[13:05:31.229] [INFO ] 
[13:05:31.229] [INFO ] ╔══════════════════════════════════════════════════════════════════════════╗
[13:05:31.229] [INFO ] ║  ✅ SCRAPE SUCCESSFUL - SCRAPE_20260126_130518_FB7A
[13:05:31.229] [INFO ] ╠══════════════════════════════════════════════════════════════════════════╣
[13:05:31.229] [INFO ] 
[13:05:31.229] [INFO ]     ┌─ TIMING BREAKDOWN ───────────────────────────────────────────┐
[13:05:31.229] [INFO ]     │ Browser Launch:      0.05s
[13:05:31.229] [INFO ]     │ Page Load:           1.36s
[13:05:31.229] [INFO ]     │ Cloudflare Wait:     0.00s
[13:05:31.229] [INFO ]     │ Human Simulation:    7.50s
[13:05:31.229] [INFO ]     │
[13:05:31.229] [INFO ]     │ Content Extraction:  0.17s
[13:05:31.229] [INFO ]     │ ─────────────────────────────────────────────────────────────
[13:05:31.229] [INFO ]     │ TOTAL TIME:          9.09s
[13:05:31.229] [INFO ]     └──────────────────────────────────────────────────────────────┘
[13:05:31.229] [INFO ] 
[13:05:31.230] [INFO ]     ┌─ CONTENT METRICS ────────────────────────────────────────────┐
[13:05:31.230] [INFO ]     │ Title:            What is ISO 27001? A Beginners Guide to Certificat
[13:05:31.230] [INFO ]     │ Final URL:        https://secureframe.com/hub/iso-27001/what-is-iso-27001
[13:05:31.230] [INFO ]     │ HTML Size:        765,099 bytes
[13:05:31.230] [INFO ]     │ Text Size:        16,342 chars
[13:05:31.230] [INFO ]     │ Word Count:       ~2485 words
[13:05:31.230] [INFO ]     │ Extraction:       trafilatura
[13:05:31.230] [INFO ]     │ Has Article:      ✅ Yes
[13:05:31.230] [INFO ]     └──────────────────────────────────────────────────────────────┘
[13:05:31.230] [INFO ] ╠══════════════════════════════════════════════════════════════════════════╣
[13:05:31.230] [INFO ] ║  📊 SESSION STATS
[13:05:31.230] [INFO ] ║  ├─ Strategies Tried:   domcontentloaded
[13:05:31.230] [INFO ] ║  ├─ Popups Dismissed:   0
[13:05:31.230] [INFO ] ║  ├─ Cloudflare:         Not detected
[13:05:31.230] [INFO ] ║  └─ Proxy Used:         Direct
[13:05:31.230] [INFO ] ╚══════════════════════════════════════════════════════════════════════════╝
[13:05:31.230] [INFO ] 

================================================================================
STATUS: SUCCESS
TOTAL TIME: 12.59s
ENDED: 2026-01-26T13:05:31.230199+02:00 (Egypt Time)
END OF SCRAPE LOG
================================================================================