================================================================================
SCRAPE LOG: https://aws.amazon.com/compliance/iso-27001-faqs/
Started: 2026-01-26 13:13:57
Session ID: SCRAPE_20260126_131357_5B97
================================================================================
[13:13:57.166] [INFO ] 📝 Scrape log: /app/data/logs/scrapes/2026-01-26_131357_aws.amazon.com.log
[13:13:57.166] [DEBUG] ⏱️ Timeout set to 45s for this scrape
[13:13:57.510] [INFO ] 
[13:13:57.510] [INFO ]     🚀 BROWSER LAUNCHED
[13:13:57.510] [INFO ]     ├─ Mode:       Headless
[13:13:57.510] [INFO ]     ├─ Slow Mo:    52ms
[13:13:57.510] [INFO ]     ├─ Launch Time: 0.06s
[13:13:57.510] [INFO ]     └─ Args:       Anti-automation flags enabled
[13:13:57.526] [DEBUG] Browser profile: viewport={'width': 1366, 'height': 768}, locale=en-IE, tz=UTC
[13:13:57.526] [INFO ] 
[13:13:57.526] [INFO ] ╔══════════════════════════════════════════════════════════════════════════╗
[13:13:57.526] [INFO ] ║  📋 SESSION: SCRAPE_20260126_131357_5B97
[13:13:57.526] [INFO ] ║  🌐 URL: https://aws.amazon.com/compliance/iso-27001-faqs/
[13:13:57.526] [INFO ] ║  🔄 ATTEMPT: 1/2
[13:13:57.526] [INFO ] ║  ⏰ STARTED: 2026-01-26T13:13:57.526362+02:00 (Egypt Time)
[13:13:57.526] [INFO ] ╠══════════════════════════════════════════════════════════════════════════╣
[13:13:57.526] [INFO ] 
[13:13:57.526] [INFO ]     ┌─ BROWSER FINGERPRINT ────────────────────────────────────────┐
[13:13:57.526] [INFO ]     │ Browser:     OPERA v105
[13:13:57.526] [INFO ]     │ User-Agent:  Mozilla/5.0 (Windows NT 10.0; Win64; x64) AppleWebKit/537.36 (KHTML, l...
[13:13:57.526] [INFO ]     │ Viewport:    1366x768
[13:13:57.526] [INFO ]     │ Sec-CH-UA:   (not applicable)...
[13:13:57.526] [INFO ]     ├─ LOCATION PROFILE ───────────────────────────────────────────┤
[13:13:57.526] [INFO ]     │ Location:    Dublin, Ireland
[13:13:57.526] [INFO ]     │ Timezone:    N/A
[13:13:57.526] [INFO ]     │ Locale:      en-IE
[13:13:57.526] [INFO ]     │ Geo:         0, 0
[13:13:57.526] [INFO ]     ├─ NETWORK ────────────────────────────────────────────────────┤
[13:13:57.526] [INFO ]     │ Proxy:       Direct (no proxy)
[13:13:57.526] [INFO ]     │ Referrer:    None
[13:13:57.526] [INFO ]     └──────────────────────────────────────────────────────────────┘
[13:13:57.526] [INFO ] ╚══════════════════════════════════════════════════════════════════════════╝
[13:13:57.526] [INFO ] 🛡️ Injected anti-detection scripts at context level
[13:13:57.526] [DEBUG]    └─ Canvas noise, WebGL spoof, Browser patches
[13:13:57.526] [INFO ] 
[13:13:57.526] [INFO ]     🛡️ ANTI-DETECTION SCRIPTS INJECTED (CONTEXT level)
[13:13:57.526] [INFO ]     ├─ Canvas fingerprint noise
[13:13:57.526] [INFO ]     ├─ WebGL renderer/vendor spoof
[13:13:57.526] [INFO ]     ├─ Hardware concurrency randomization
[13:13:57.526] [INFO ]     ├─ Device memory randomization
[13:13:57.526] [INFO ]     ├─ Plugin masking
[13:13:57.526] [INFO ]     ├─ WebRTC IP leak protection
[13:13:57.526] [INFO ]     ├─ Network connection spoof
[13:13:57.526] [INFO ]     └─ Battery API spoof
[13:13:57.568] [INFO ] 
[13:13:57.568] [INFO ]     🥷 STEALTH MODE APPLIED
[13:13:57.568] [INFO ]     ├─ Navigator patches (webdriver, plugins, languages)
[13:13:57.568] [INFO ]     ├─ Chrome runtime patches
[13:13:57.568] [INFO ]     ├─ Console patches
[13:13:57.568] [INFO ]     └─ Permission patches
[13:13:57.568] [INFO ] 🛡️ Injected anti-detection scripts at page level
[13:13:57.568] [DEBUG]    └─ Canvas noise, WebGL spoof, Browser patches
[13:13:57.568] [INFO ] 
[13:13:57.568] [INFO ]     🛡️ ANTI-DETECTION SCRIPTS INJECTED (PAGE level)
[13:13:57.568] [INFO ]     ├─ Canvas fingerprint noise
[13:13:57.568] [INFO ]     ├─ WebGL renderer/vendor spoof
[13:13:57.568] [INFO ]     ├─ Hardware concurrency randomization
[13:13:57.568] [INFO ]     ├─ Device memory randomization
[13:13:57.568] [INFO ]     ├─ Plugin masking
[13:13:57.568] [INFO ]     ├─ WebRTC IP leak protection
[13:13:57.568] [INFO ]     ├─ Network connection spoof
[13:13:57.568] [INFO ]     └─ Battery API spoof
[13:13:57.568] [DEBUG] Enabled resource blocking (images, media, fonts)
[13:13:57.568] [INFO ] 
[13:13:57.568] [INFO ]     🔗 NAVIGATING TO URL
[13:13:57.568] [INFO ]     ├─ Strategy:   domcontentloaded
[13:13:57.568] [INFO ]     ├─ Timeout:    15.0s
[13:13:57.568] [INFO ]     └─ Sleep:      1s after load
[13:13:58.375] [INFO ] 
[13:13:58.375] [INFO ]     ✅ PAGE LOADED
[13:13:58.375] [INFO ]     ├─ Final URL:  https://aws.amazon.com/compliance/iso-27001-faqs/
[13:13:58.375] [INFO ]     ├─ Title:      ISO/IEC 27001:2022 Compliance - Amazon Web Services (AWS)
[13:13:58.375] [INFO ]     └─ Load Time:  0.81s
[13:13:59.706] [INFO ] 🧑 Human behavior simulation...
[13:14:02.812] [INFO ] 🖱️ Mouse: 3 moves in 1366x768
[13:14:02.812] [INFO ] 🖱️ Mouse completed: 3 moves
[13:14:02.812] [INFO ] 📜 Scroll: page height, viewport=768px
[13:14:02.812] [INFO ] 📜 Scroll completed: 2 scrolls
[13:14:02.812] [INFO ] 🧑 Human behavior completed in 3.1s ✓
[13:14:02.812] [INFO ] 
[13:14:02.812] [INFO ]     🧑 HUMAN BEHAVIOR SIMULATED
[13:14:02.812] [INFO ]     ├─ Mouse Movements: 3
[13:14:02.812] [INFO ]     ├─ Scroll Actions:  2
[13:14:02.812] [INFO ]     └─ Time Spent:      3.11s
[13:14:03.026] [INFO ] 
[13:14:03.026] [INFO ]     ┌─ CONTENT METRICS ────────────────────────────────────────────┐
[13:14:03.026] [INFO ]     │ Title:            AWS Achieves ISO 22301 Certification
[13:14:03.026] [INFO ]     │ Final URL:        https://aws.amazon.com/compliance/iso-27001-faqs/
[13:14:03.026] [INFO ]     │ HTML Size:        291,781 bytes
[13:14:03.026] [INFO ]     │ Text Size:        3,128 chars
[13:14:03.026] [INFO ]     │ Word Count:       ~466 words
[13:14:03.026] [INFO ]     │ Extraction:       trafilatura
[13:14:03.026] [INFO ]     │ Has Article:      ✅ Yes
[13:14:03.026] [INFO ]     └──────────────────────────────────────────────────────────────┘
[13:14:03.055] [INFO ] 
[13:14:03.055] [INFO ] ╔══════════════════════════════════════════════════════════════════════════╗
[13:14:03.055] [INFO ] ║  ✅ SCRAPE SUCCESSFUL - SCRAPE_20260126_131357_5B97
[13:14:03.055] [INFO ] ╠══════════════════════════════════════════════════════════════════════════╣
[13:14:03.055] [INFO ] 
[13:14:03.055] [INFO ]     ┌─ TIMING BREAKDOWN ───────────────────────────────────────────┐
[13:14:03.055] [INFO ]     │ Browser Launch:      0.06s
[13:14:03.055] [INFO ]     │ Page Load:           0.81s
[13:14:03.055] [INFO ]     │ Cloudflare Wait:     0.00s
[13:14:03.055] [INFO ]     │ Human Simulation:    3.11s
[13:14:03.055] [INFO ]     │
[13:14:03.055] [INFO ]     │ Content Extraction:  0.10s
[13:14:03.055] [INFO ]     │ ─────────────────────────────────────────────────────────────
[13:14:03.055] [INFO ]     │ TOTAL TIME:          4.07s
[13:14:03.055] [INFO ]     └──────────────────────────────────────────────────────────────┘
[13:14:03.055] [INFO ] 
[13:14:03.055] [INFO ]     ┌─ CONTENT METRICS ────────────────────────────────────────────┐
[13:14:03.055] [INFO ]     │ Title:            AWS Achieves ISO 22301 Certification
[13:14:03.055] [INFO ]     │ Final URL:        https://aws.amazon.com/compliance/iso-27001-faqs/
[13:14:03.055] [INFO ]     │ HTML Size:        291,781 bytes
[13:14:03.055] [INFO ]     │ Text Size:        3,128 chars
[13:14:03.055] [INFO ]     │ Word Count:       ~466 words
[13:14:03.055] [INFO ]     │ Extraction:       trafilatura
[13:14:03.055] [INFO ]     │ Has Article:      ✅ Yes
[13:14:03.055] [INFO ]     └──────────────────────────────────────────────────────────────┘
[13:14:03.055] [INFO ] ╠══════════════════════════════════════════════════════════════════════════╣
[13:14:03.055] [INFO ] ║  📊 SESSION STATS
[13:14:03.055] [INFO ] ║  ├─ Strategies Tried:   domcontentloaded
[13:14:03.055] [INFO ] ║  ├─ Popups Dismissed:   0
[13:14:03.055] [INFO ] ║  ├─ Cloudflare:         Not detected
[13:14:03.055] [INFO ] ║  └─ Proxy Used:         Direct
[13:14:03.055] [INFO ] ╚══════════════════════════════════════════════════════════════════════════╝
[13:14:03.055] [INFO ] 

================================================================================
STATUS: SUCCESS
TOTAL TIME: 5.89s
ENDED: 2026-01-26T13:14:03.055497+02:00 (Egypt Time)
END OF SCRAPE LOG
================================================================================