================================================================================
SCRAPE LOG: https://practiceguides.chambers.com/practice-guides/fintech-2025/egypt
Started: 2026-01-26 12:07:01
Session ID: SCRAPE_20260126_120701_B87E
================================================================================
[12:07:01.495] [INFO ] 📝 Scrape log: /app/data/logs/scrapes/2026-01-26_120701_practiceguides.chambers.com.log
[12:07:01.495] [DEBUG] ⏱️ Timeout set to 45s for this scrape
[12:07:01.851] [INFO ] 
[12:07:01.851] [INFO ]     🚀 BROWSER LAUNCHED
[12:07:01.851] [INFO ]     ├─ Mode:       Headless
[12:07:01.851] [INFO ]     ├─ Slow Mo:    46ms
[12:07:01.851] [INFO ]     ├─ Launch Time: 0.06s
[12:07:01.851] [INFO ]     └─ Args:       Anti-automation flags enabled
[12:07:01.874] [DEBUG] Browser profile: viewport={'width': 1512, 'height': 982}, locale=en-IE, tz=UTC
[12:07:01.874] [INFO ] 
[12:07:01.874] [INFO ] ╔══════════════════════════════════════════════════════════════════════════╗
[12:07:01.874] [INFO ] ║  📋 SESSION: SCRAPE_20260126_120701_B87E
[12:07:01.874] [INFO ] ║  🌐 URL: https://practiceguides.chambers.com/practice-guides/fintech-2025/egypt
[12:07:01.874] [INFO ] ║  🔄 ATTEMPT: 1/2
[12:07:01.874] [INFO ] ║  ⏰ STARTED: 2026-01-26T12:07:01.874134+02:00 (Egypt Time)
[12:07:01.874] [INFO ] ╠══════════════════════════════════════════════════════════════════════════╣
[12:07:01.874] [INFO ] 
[12:07:01.874] [INFO ]     ┌─ BROWSER FINGERPRINT ────────────────────────────────────────┐
[12:07:01.874] [INFO ]     │ Browser:     FIREFOX v123
[12:07:01.874] [INFO ]     │ User-Agent:  Mozilla/5.0 (Macintosh; Intel Mac OS X 10.15; rv:123.0) Gecko/20100101...
[12:07:01.874] [INFO ]     │ Viewport:    1512x982
[12:07:01.874] [INFO ]     │ Sec-CH-UA:   (not applicable)...
[12:07:01.874] [INFO ]     ├─ LOCATION PROFILE ───────────────────────────────────────────┤
[12:07:01.874] [INFO ]     │ Location:    Dublin, Ireland
[12:07:01.874] [INFO ]     │ Timezone:    N/A
[12:07:01.874] [INFO ]     │ Locale:      en-IE
[12:07:01.874] [INFO ]     │ Geo:         0, 0
[12:07:01.874] [INFO ]     ├─ NETWORK ────────────────────────────────────────────────────┤
[12:07:01.874] [INFO ]     │ Proxy:       Direct (no proxy)
[12:07:01.874] [INFO ]     │ Referrer:    https://www.google.com/
[12:07:01.874] [INFO ]     └──────────────────────────────────────────────────────────────┘
[12:07:01.874] [INFO ] ╚══════════════════════════════════════════════════════════════════════════╝
[12:07:01.874] [INFO ] 🛡️ Injected anti-detection scripts at context level
[12:07:01.874] [DEBUG]    └─ Canvas noise, WebGL spoof, Browser patches
[12:07:01.874] [INFO ] 
[12:07:01.874] [INFO ]     🛡️ ANTI-DETECTION SCRIPTS INJECTED (CONTEXT level)
[12:07:01.874] [INFO ]     ├─ Canvas fingerprint noise
[12:07:01.874] [INFO ]     ├─ WebGL renderer/vendor spoof
[12:07:01.874] [INFO ]     ├─ Hardware concurrency randomization
[12:07:01.874] [INFO ]     ├─ Device memory randomization
[12:07:01.874] [INFO ]     ├─ Plugin masking
[12:07:01.874] [INFO ]     ├─ WebRTC IP leak protection
[12:07:01.874] [INFO ]     ├─ Network connection spoof
[12:07:01.874] [INFO ]     └─ Battery API spoof
[12:07:01.918] [INFO ] 
[12:07:01.918] [INFO ]     🥷 STEALTH MODE APPLIED
[12:07:01.918] [INFO ]     ├─ Navigator patches (webdriver, plugins, languages)
[12:07:01.918] [INFO ]     ├─ Chrome runtime patches
[12:07:01.918] [INFO ]     ├─ Console patches
[12:07:01.918] [INFO ]     └─ Permission patches
[12:07:01.918] [INFO ] 🛡️ Injected anti-detection scripts at page level
[12:07:01.918] [DEBUG]    └─ Canvas noise, WebGL spoof, Browser patches
[12:07:01.918] [INFO ] 
[12:07:01.918] [INFO ]     🛡️ ANTI-DETECTION SCRIPTS INJECTED (PAGE level)
[12:07:01.918] [INFO ]     ├─ Canvas fingerprint noise
[12:07:01.918] [INFO ]     ├─ WebGL renderer/vendor spoof
[12:07:01.918] [INFO ]     ├─ Hardware concurrency randomization
[12:07:01.918] [INFO ]     ├─ Device memory randomization
[12:07:01.918] [INFO ]     ├─ Plugin masking
[12:07:01.918] [INFO ]     ├─ WebRTC IP leak protection
[12:07:01.918] [INFO ]     ├─ Network connection spoof
[12:07:01.918] [INFO ]     └─ Battery API spoof
[12:07:01.918] [DEBUG] Enabled resource blocking (images, media, fonts)
[12:07:01.918] [INFO ] 
[12:07:01.918] [INFO ]     🔗 NAVIGATING TO URL
[12:07:01.918] [INFO ]     ├─ Strategy:   domcontentloaded
[12:07:01.918] [INFO ]     ├─ Timeout:    15.0s
[12:07:01.918] [INFO ]     └─ Sleep:      1s after load
[12:07:04.352] [INFO ] 
[12:07:04.352] [INFO ]     ✅ PAGE LOADED
[12:07:04.352] [INFO ]     ├─ Final URL:  https://practiceguides.chambers.com/practice-guides/fintech-2025/egypt
[12:07:04.352] [INFO ]     ├─ Title:      Fintech 2025 - Egypt | Global Practice Guides | Chambers and Partners
[12:07:04.352] [INFO ]     └─ Load Time:  2.43s
[12:07:06.817] [INFO ] 🧑 Human behavior simulation...
[12:07:11.708] [INFO ] 🖱️ Mouse: 3 moves in 1512x982
[12:07:11.708] [INFO ] 🖱️ Mouse completed: 3 moves
[12:07:11.708] [INFO ] 📜 Scroll: page height, viewport=982px
[12:07:11.708] [INFO ] 📜 Scroll completed: 2 scrolls
[12:07:11.708] [INFO ] 🧑 Human behavior completed in 4.9s ✓
[12:07:11.708] [INFO ] 
[12:07:11.708] [INFO ]     🧑 HUMAN BEHAVIOR SIMULATED
[12:07:11.708] [INFO ]     ├─ Mouse Movements: 3
[12:07:11.708] [INFO ]     ├─ Scroll Actions:  2
[12:07:11.708] [INFO ]     └─ Time Spent:      4.89s
[12:07:12.014] [INFO ] 
[12:07:12.014] [INFO ]     ┌─ CONTENT METRICS ────────────────────────────────────────────┐
[12:07:12.014] [INFO ]     │ Title:            Authors
[12:07:12.014] [INFO ]     │ Final URL:        https://practiceguides.chambers.com/practice-guides/fintech-2025/egypt
[12:07:12.014] [INFO ]     │ HTML Size:        238,073 bytes
[12:07:12.014] [INFO ]     │ Text Size:        48,646 chars
[12:07:12.014] [INFO ]     │ Word Count:       ~7069 words
[12:07:12.014] [INFO ]     │ Extraction:       trafilatura
[12:07:12.014] [INFO ]     │ Has Article:      ✅ Yes
[12:07:12.014] [INFO ]     └──────────────────────────────────────────────────────────────┘
[12:07:12.044] [INFO ] 
[12:07:12.044] [INFO ] ╔══════════════════════════════════════════════════════════════════════════╗
[12:07:12.044] [INFO ] ║  ✅ SCRAPE SUCCESSFUL - SCRAPE_20260126_120701_B87E
[12:07:12.044] [INFO ] ╠══════════════════════════════════════════════════════════════════════════╣
[12:07:12.044] [INFO ] 
[12:07:12.044] [INFO ]     ┌─ TIMING BREAKDOWN ───────────────────────────────────────────┐
[12:07:12.044] [INFO ]     │ Browser Launch:      0.06s
[12:07:12.044] [INFO ]     │ Page Load:           2.43s
[12:07:12.044] [INFO ]     │ Cloudflare Wait:     0.00s
[12:07:12.044] [INFO ]     │ Human Simulation:    4.89s
[12:07:12.044] [INFO ]     │
[12:07:12.044] [INFO ]     │ Content Extraction:  0.25s
[12:07:12.044] [INFO ]     │ ─────────────────────────────────────────────────────────────
[12:07:12.044] [INFO ]     │ TOTAL TIME:          7.63s
[12:07:12.044] [INFO ]     └──────────────────────────────────────────────────────────────┘
[12:07:12.044] [INFO ] 
[12:07:12.045] [INFO ]     ┌─ CONTENT METRICS ────────────────────────────────────────────┐
[12:07:12.045] [INFO ]     │ Title:            Authors
[12:07:12.045] [INFO ]     │ Final URL:        https://practiceguides.chambers.com/practice-guides/fintech-2025/egypt
[12:07:12.045] [INFO ]     │ HTML Size:        238,073 bytes
[12:07:12.045] [INFO ]     │ Text Size:        48,646 chars
[12:07:12.045] [INFO ]     │ Word Count:       ~7069 words
[12:07:12.045] [INFO ]     │ Extraction:       trafilatura
[12:07:12.045] [INFO ]     │ Has Article:      ✅ Yes
[12:07:12.045] [INFO ]     └──────────────────────────────────────────────────────────────┘
[12:07:12.045] [INFO ] ╠══════════════════════════════════════════════════════════════════════════╣
[12:07:12.045] [INFO ] ║  📊 SESSION STATS
[12:07:12.045] [INFO ] ║  ├─ Strategies Tried:   domcontentloaded
[12:07:12.045] [INFO ] ║  ├─ Popups Dismissed:   0
[12:07:12.045] [INFO ] ║  ├─ Cloudflare:         Not detected
[12:07:12.045] [INFO ] ║  └─ Proxy Used:         Direct
[12:07:12.045] [INFO ] ╚══════════════════════════════════════════════════════════════════════════╝
[12:07:12.045] [INFO ] 

================================================================================
STATUS: SUCCESS
TOTAL TIME: 10.55s
ENDED: 2026-01-26T12:07:12.045245+02:00 (Egypt Time)
END OF SCRAPE LOG
================================================================================