================================================================================
SCRAPE LOG: https://www.emergobyul.com/resources/hipaa-regulations
Started: 2026-01-29 18:04:52
Session ID: SCRAPE_20260129_180452_E105
================================================================================
[18:04:52.665] [INFO ] 📝 Scrape log: /app/data/logs/scrapes/2026-01-29_180452_emergobyul.com.log
[18:04:52.665] [DEBUG] ⏱️ Timeout set to 45s for this scrape
[18:04:53.003] [INFO ] 
[18:04:53.003] [INFO ]     🚀 BROWSER LAUNCHED
[18:04:53.003] [INFO ]     ├─ Mode:       Headless
[18:04:53.003] [INFO ]     ├─ Slow Mo:    51ms
[18:04:53.003] [INFO ]     ├─ Launch Time: 0.05s
[18:04:53.003] [INFO ]     └─ Args:       Anti-automation flags enabled
[18:04:53.023] [DEBUG] Browser profile: viewport={'width': 1536, 'height': 864}, locale=en-AU, tz=UTC
[18:04:53.023] [INFO ] 
[18:04:53.023] [INFO ] ╔══════════════════════════════════════════════════════════════════════════╗
[18:04:53.023] [INFO ] ║  📋 SESSION: SCRAPE_20260129_180452_E105
[18:04:53.023] [INFO ] ║  🌐 URL: https://www.emergobyul.com/resources/hipaa-regulations
[18:04:53.024] [INFO ] ║  🔄 ATTEMPT: 1/2
[18:04:53.024] [INFO ] ║  ⏰ STARTED: 2026-01-29T18:04:53.024010+02:00 (Egypt Time)
[18:04:53.024] [INFO ] ╠══════════════════════════════════════════════════════════════════════════╣
[18:04:53.024] [INFO ] 
[18:04:53.024] [INFO ]     ┌─ BROWSER FINGERPRINT ────────────────────────────────────────┐
[18:04:53.024] [INFO ]     │ Browser:     CHROME v122
[18:04:53.024] [INFO ]     │ User-Agent:  Mozilla/5.0 (Windows NT 10.0; Win64; x64) AppleWebKit/537.36 (KHTML, l...
[18:04:53.024] [INFO ]     │ Viewport:    1536x864
[18:04:53.024] [INFO ]     │ Sec-CH-UA:   (not applicable)...
[18:04:53.024] [INFO ]     ├─ LOCATION PROFILE ───────────────────────────────────────────┤
[18:04:53.024] [INFO ]     │ Location:    Brisbane, Australia
[18:04:53.024] [INFO ]     │ Timezone:    N/A
[18:04:53.024] [INFO ]     │ Locale:      en-AU
[18:04:53.024] [INFO ]     │ Geo:         0, 0
[18:04:53.024] [INFO ]     ├─ NETWORK ────────────────────────────────────────────────────┤
[18:04:53.024] [INFO ]     │ Proxy:       Direct (no proxy)
[18:04:53.024] [INFO ]     │ Referrer:    https://www.google.com/search?q=www+emergobyul+com
[18:04:53.024] [INFO ]     └──────────────────────────────────────────────────────────────┘
[18:04:53.024] [INFO ] ╚══════════════════════════════════════════════════════════════════════════╝
[18:04:53.024] [INFO ] 🛡️ Injected anti-detection scripts at context level
[18:04:53.024] [DEBUG]    └─ Canvas noise, WebGL spoof, Browser patches
[18:04:53.024] [INFO ] 
[18:04:53.024] [INFO ]     🛡️ ANTI-DETECTION SCRIPTS INJECTED (CONTEXT level)
[18:04:53.024] [INFO ]     ├─ Canvas fingerprint noise
[18:04:53.024] [INFO ]     ├─ WebGL renderer/vendor spoof
[18:04:53.024] [INFO ]     ├─ Hardware concurrency randomization
[18:04:53.024] [INFO ]     ├─ Device memory randomization
[18:04:53.024] [INFO ]     ├─ Plugin masking
[18:04:53.024] [INFO ]     ├─ WebRTC IP leak protection
[18:04:53.024] [INFO ]     ├─ Network connection spoof
[18:04:53.024] [INFO ]     └─ Battery API spoof
[18:04:53.064] [INFO ] 
[18:04:53.064] [INFO ]     🥷 STEALTH MODE APPLIED
[18:04:53.064] [INFO ]     ├─ Navigator patches (webdriver, plugins, languages)
[18:04:53.064] [INFO ]     ├─ Chrome runtime patches
[18:04:53.064] [INFO ]     ├─ Console patches
[18:04:53.064] [INFO ]     └─ Permission patches
[18:04:53.064] [INFO ] 🛡️ Injected anti-detection scripts at page level
[18:04:53.064] [DEBUG]    └─ Canvas noise, WebGL spoof, Browser patches
[18:04:53.064] [INFO ] 
[18:04:53.064] [INFO ]     🛡️ ANTI-DETECTION SCRIPTS INJECTED (PAGE level)
[18:04:53.064] [INFO ]     ├─ Canvas fingerprint noise
[18:04:53.064] [INFO ]     ├─ WebGL renderer/vendor spoof
[18:04:53.064] [INFO ]     ├─ Hardware concurrency randomization
[18:04:53.064] [INFO ]     ├─ Device memory randomization
[18:04:53.064] [INFO ]     ├─ Plugin masking
[18:04:53.064] [INFO ]     ├─ WebRTC IP leak protection
[18:04:53.064] [INFO ]     ├─ Network connection spoof
[18:04:53.064] [INFO ]     └─ Battery API spoof
[18:04:53.064] [DEBUG] Enabled resource blocking (images, media, fonts)
[18:04:53.064] [INFO ] 
[18:04:53.064] [INFO ]     🔗 NAVIGATING TO URL
[18:04:53.064] [INFO ]     ├─ Strategy:   domcontentloaded
[18:04:53.064] [INFO ]     ├─ Timeout:    15.0s
[18:04:53.064] [INFO ]     └─ Sleep:      1s after load
[18:04:55.238] [INFO ] 
[18:04:55.238] [INFO ]     ✅ PAGE LOADED
[18:04:55.238] [INFO ]     ├─ Final URL:  https://www.emergobyul.com/resources/hipaa-regulations
[18:04:55.238] [INFO ]     ├─ Title:      HIPAA Regulations | Emergo by UL
[18:04:55.238] [INFO ]     └─ Load Time:  2.17s
[18:04:57.087] [INFO ] 🧑 Human behavior simulation...
[18:05:03.624] [INFO ] 🖱️ Mouse: 3 moves in 1536x864
[18:05:03.624] [INFO ] 🖱️ Mouse completed: 3 moves
[18:05:03.624] [INFO ] 📜 Scroll: page height, viewport=864px
[18:05:03.624] [INFO ] 📜 Scroll completed: 3 scrolls
[18:05:03.624] [INFO ] 🧑 Human behavior completed in 6.5s ✓
[18:05:03.624] [INFO ] 
[18:05:03.624] [INFO ]     🧑 HUMAN BEHAVIOR SIMULATED
[18:05:03.624] [INFO ]     ├─ Mouse Movements: 3
[18:05:03.624] [INFO ]     ├─ Scroll Actions:  3
[18:05:03.624] [INFO ]     └─ Time Spent:      6.54s
[18:05:03.934] [INFO ] 
[18:05:03.934] [INFO ]     ┌─ CONTENT METRICS ────────────────────────────────────────────┐
[18:05:03.934] [INFO ]     │ Title:            HIPAA Regulations
[18:05:03.934] [INFO ]     │ Final URL:        https://www.emergobyul.com/resources/hipaa-regulations
[18:05:03.934] [INFO ]     │ HTML Size:        140,746 bytes
[18:05:03.934] [INFO ]     │ Text Size:        6,130 chars
[18:05:03.934] [INFO ]     │ Word Count:       ~929 words
[18:05:03.934] [INFO ]     │ Extraction:       trafilatura
[18:05:03.934] [INFO ]     │ Has Article:      ✅ Yes
[18:05:03.934] [INFO ]     └──────────────────────────────────────────────────────────────┘
[18:05:03.965] [INFO ] 
[18:05:03.965] [INFO ] ╔══════════════════════════════════════════════════════════════════════════╗
[18:05:03.965] [INFO ] ║  ✅ SCRAPE SUCCESSFUL - SCRAPE_20260129_180452_E105
[18:05:03.965] [INFO ] ╠══════════════════════════════════════════════════════════════════════════╣
[18:05:03.965] [INFO ] 
[18:05:03.965] [INFO ]     ┌─ TIMING BREAKDOWN ───────────────────────────────────────────┐
[18:05:03.965] [INFO ]     │ Browser Launch:      0.05s
[18:05:03.965] [INFO ]     │ Page Load:           2.17s
[18:05:03.965] [INFO ]     │ Cloudflare Wait:     0.00s
[18:05:03.965] [INFO ]     │ Human Simulation:    6.54s
[18:05:03.965] [INFO ]     │
[18:05:03.965] [INFO ]     │ Content Extraction:  0.27s
[18:05:03.965] [INFO ]     │ ─────────────────────────────────────────────────────────────
[18:05:03.965] [INFO ]     │ TOTAL TIME:          9.04s
[18:05:03.965] [INFO ]     └──────────────────────────────────────────────────────────────┘
[18:05:03.965] [INFO ] 
[18:05:03.965] [INFO ]     ┌─ CONTENT METRICS ────────────────────────────────────────────┐
[18:05:03.965] [INFO ]     │ Title:            HIPAA Regulations
[18:05:03.965] [INFO ]     │ Final URL:        https://www.emergobyul.com/resources/hipaa-regulations
[18:05:03.965] [INFO ]     │ HTML Size:        140,746 bytes
[18:05:03.965] [INFO ]     │ Text Size:        6,130 chars
[18:05:03.965] [INFO ]     │ Word Count:       ~929 words
[18:05:03.965] [INFO ]     │ Extraction:       trafilatura
[18:05:03.965] [INFO ]     │ Has Article:      ✅ Yes
[18:05:03.965] [INFO ]     └──────────────────────────────────────────────────────────────┘
[18:05:03.965] [INFO ] ╠══════════════════════════════════════════════════════════════════════════╣
[18:05:03.965] [INFO ] ║  📊 SESSION STATS
[18:05:03.965] [INFO ] ║  ├─ Strategies Tried:   domcontentloaded
[18:05:03.965] [INFO ] ║  ├─ Popups Dismissed:   0
[18:05:03.965] [INFO ] ║  ├─ Cloudflare:         Not detected
[18:05:03.965] [INFO ] ║  └─ Proxy Used:         Direct
[18:05:03.965] [INFO ] ╚══════════════════════════════════════════════════════════════════════════╝
[18:05:03.965] [INFO ] 

================================================================================
STATUS: SUCCESS
TOTAL TIME: 11.30s
ENDED: 2026-01-29T18:05:03.965671+02:00 (Egypt Time)
END OF SCRAPE LOG
================================================================================