================================================================================
SCRAPE LOG: https://www.accessnow.org/egypts-new-data-protection-law-data-protection-or-data-control/
Started: 2026-01-29 19:35:24
Session ID: SCRAPE_20260129_193524_698B
================================================================================
[19:35:24.841] [INFO ] 📝 Scrape log: /app/data/logs/scrapes/2026-01-29_193524_accessnow.org.log
[19:35:24.841] [DEBUG] ⏱️ Timeout set to 45s for this scrape
[19:35:25.186] [INFO ] 
[19:35:25.186] [INFO ]     🚀 BROWSER LAUNCHED
[19:35:25.186] [INFO ]     ├─ Mode:       Headless
[19:35:25.186] [INFO ]     ├─ Slow Mo:    42ms
[19:35:25.186] [INFO ]     ├─ Launch Time: 0.06s
[19:35:25.186] [INFO ]     └─ Args:       Anti-automation flags enabled
[19:35:25.203] [DEBUG] Browser profile: viewport={'width': 1536, 'height': 864}, locale=en-US, tz=UTC
[19:35:25.203] [INFO ] 
[19:35:25.203] [INFO ] ╔══════════════════════════════════════════════════════════════════════════╗
[19:35:25.203] [INFO ] ║  📋 SESSION: SCRAPE_20260129_193524_698B
[19:35:25.203] [INFO ] ║  🌐 URL: https://www.accessnow.org/egypts-new-data-protection-law-data-protection-or-data-control/
[19:35:25.203] [INFO ] ║  🔄 ATTEMPT: 1/2
[19:35:25.203] [INFO ] ║  ⏰ STARTED: 2026-01-29T19:35:25.203566+02:00 (Egypt Time)
[19:35:25.203] [INFO ] ╠══════════════════════════════════════════════════════════════════════════╣
[19:35:25.203] [INFO ] 
[19:35:25.203] [INFO ]     ┌─ BROWSER FINGERPRINT ────────────────────────────────────────┐
[19:35:25.203] [INFO ]     │ Browser:     CHROME v124
[19:35:25.203] [INFO ]     │ User-Agent:  Mozilla/5.0 (Windows NT 10.0; Win64; x64) AppleWebKit/537.36 (KHTML, l...
[19:35:25.203] [INFO ]     │ Viewport:    1536x864
[19:35:25.203] [INFO ]     │ Sec-CH-UA:   (not applicable)...
[19:35:25.203] [INFO ]     ├─ LOCATION PROFILE ───────────────────────────────────────────┤
[19:35:25.203] [INFO ]     │ Location:    Phoenix, USA
[19:35:25.203] [INFO ]     │ Timezone:    N/A
[19:35:25.203] [INFO ]     │ Locale:      en-US
[19:35:25.203] [INFO ]     │ Geo:         0, 0
[19:35:25.203] [INFO ]     ├─ NETWORK ────────────────────────────────────────────────────┤
[19:35:25.203] [INFO ]     │ Proxy:       Direct (no proxy)
[19:35:25.203] [INFO ]     │ Referrer:    https://www.google.com/search?q=www+accessnow+org
[19:35:25.203] [INFO ]     └──────────────────────────────────────────────────────────────┘
[19:35:25.203] [INFO ] ╚══════════════════════════════════════════════════════════════════════════╝
[19:35:25.203] [INFO ] 🛡️ Injected anti-detection scripts at context level
[19:35:25.203] [DEBUG]    └─ Canvas noise, WebGL spoof, Browser patches
[19:35:25.203] [INFO ] 
[19:35:25.203] [INFO ]     🛡️ ANTI-DETECTION SCRIPTS INJECTED (CONTEXT level)
[19:35:25.203] [INFO ]     ├─ Canvas fingerprint noise
[19:35:25.203] [INFO ]     ├─ WebGL renderer/vendor spoof
[19:35:25.203] [INFO ]     ├─ Hardware concurrency randomization
[19:35:25.203] [INFO ]     ├─ Device memory randomization
[19:35:25.203] [INFO ]     ├─ Plugin masking
[19:35:25.203] [INFO ]     ├─ WebRTC IP leak protection
[19:35:25.203] [INFO ]     ├─ Network connection spoof
[19:35:25.203] [INFO ]     └─ Battery API spoof
[19:35:25.247] [INFO ] 
[19:35:25.247] [INFO ]     🥷 STEALTH MODE APPLIED
[19:35:25.247] [INFO ]     ├─ Navigator patches (webdriver, plugins, languages)
[19:35:25.247] [INFO ]     ├─ Chrome runtime patches
[19:35:25.247] [INFO ]     ├─ Console patches
[19:35:25.247] [INFO ]     └─ Permission patches
[19:35:25.247] [INFO ] 🛡️ Injected anti-detection scripts at page level
[19:35:25.247] [DEBUG]    └─ Canvas noise, WebGL spoof, Browser patches
[19:35:25.247] [INFO ] 
[19:35:25.247] [INFO ]     🛡️ ANTI-DETECTION SCRIPTS INJECTED (PAGE level)
[19:35:25.247] [INFO ]     ├─ Canvas fingerprint noise
[19:35:25.247] [INFO ]     ├─ WebGL renderer/vendor spoof
[19:35:25.247] [INFO ]     ├─ Hardware concurrency randomization
[19:35:25.247] [INFO ]     ├─ Device memory randomization
[19:35:25.247] [INFO ]     ├─ Plugin masking
[19:35:25.247] [INFO ]     ├─ WebRTC IP leak protection
[19:35:25.247] [INFO ]     ├─ Network connection spoof
[19:35:25.247] [INFO ]     └─ Battery API spoof
[19:35:25.247] [DEBUG] Enabled resource blocking (images, media, fonts)
[19:35:25.247] [INFO ] 
[19:35:25.247] [INFO ]     🔗 NAVIGATING TO URL
[19:35:25.247] [INFO ]     ├─ Strategy:   domcontentloaded
[19:35:25.247] [INFO ]     ├─ Timeout:    15.0s
[19:35:25.247] [INFO ]     └─ Sleep:      1s after load
[19:35:26.338] [INFO ] 
[19:35:26.338] [INFO ]     ✅ PAGE LOADED
[19:35:26.338] [INFO ]     ├─ Final URL:  https://www.accessnow.org/egypts-new-data-protection-law-data-protection-or-data-control/
[19:35:26.338] [INFO ]     ├─ Title:      Egypt’s new data protection law: data protection or data control? - Access Now
[19:35:26.338] [INFO ]     └─ Load Time:  1.09s
[19:35:27.647] [INFO ] 🧑 Human behavior simulation...
[19:35:30.604] [INFO ] 🖱️ Mouse: 2 moves in 1536x864
[19:35:30.604] [INFO ] 🖱️ Mouse completed: 2 moves
[19:35:30.604] [INFO ] 📜 Scroll: page height, viewport=864px
[19:35:30.604] [INFO ] 📜 Scroll completed: 2 scrolls
[19:35:30.604] [INFO ] 🧑 Human behavior completed in 3.0s ✓
[19:35:30.604] [INFO ] 
[19:35:30.604] [INFO ]     🧑 HUMAN BEHAVIOR SIMULATED
[19:35:30.604] [INFO ]     ├─ Mouse Movements: 2
[19:35:30.604] [INFO ]     ├─ Scroll Actions:  2
[19:35:30.604] [INFO ]     └─ Time Spent:      2.96s
[19:35:30.766] [INFO ] 
[19:35:30.766] [INFO ]     ┌─ CONTENT METRICS ────────────────────────────────────────────┐
[19:35:30.766] [INFO ]     │ Title:            Egypt’s new data protection law: data protection o
[19:35:30.766] [INFO ]     │ Final URL:        https://www.accessnow.org/egypts-new-data-protection-law-data-protection-or-data-control/
[19:35:30.766] [INFO ]     │ HTML Size:        356,043 bytes
[19:35:30.766] [INFO ]     │ Text Size:        9,693 chars
[19:35:30.766] [INFO ]     │ Word Count:       ~1534 words
[19:35:30.766] [INFO ]     │ Extraction:       trafilatura
[19:35:30.766] [INFO ]     │ Has Article:      ✅ Yes
[19:35:30.766] [INFO ]     └──────────────────────────────────────────────────────────────┘
[19:35:30.796] [INFO ] 
[19:35:30.796] [INFO ] ╔══════════════════════════════════════════════════════════════════════════╗
[19:35:30.796] [INFO ] ║  ✅ SCRAPE SUCCESSFUL - SCRAPE_20260129_193524_698B
[19:35:30.796] [INFO ] ╠══════════════════════════════════════════════════════════════════════════╣
[19:35:30.796] [INFO ] 
[19:35:30.796] [INFO ]     ┌─ TIMING BREAKDOWN ───────────────────────────────────────────┐
[19:35:30.796] [INFO ]     │ Browser Launch:      0.06s
[19:35:30.796] [INFO ]     │ Page Load:           1.09s
[19:35:30.796] [INFO ]     │ Cloudflare Wait:     0.00s
[19:35:30.796] [INFO ]     │ Human Simulation:    2.96s
[19:35:30.796] [INFO ]     │
[19:35:30.796] [INFO ]     │ Content Extraction:  0.09s
[19:35:30.796] [INFO ]     │ ─────────────────────────────────────────────────────────────
[19:35:30.796] [INFO ]     │ TOTAL TIME:          4.19s
[19:35:30.796] [INFO ]     └──────────────────────────────────────────────────────────────┘
[19:35:30.796] [INFO ] 
[19:35:30.797] [INFO ]     ┌─ CONTENT METRICS ────────────────────────────────────────────┐
[19:35:30.797] [INFO ]     │ Title:            Egypt’s new data protection law: data protection o
[19:35:30.797] [INFO ]     │ Final URL:        https://www.accessnow.org/egypts-new-data-protection-law-data-protection-or-data-control/
[19:35:30.797] [INFO ]     │ HTML Size:        356,043 bytes
[19:35:30.797] [INFO ]     │ Text Size:        9,693 chars
[19:35:30.797] [INFO ]     │ Word Count:       ~1534 words
[19:35:30.797] [INFO ]     │ Extraction:       trafilatura
[19:35:30.797] [INFO ]     │ Has Article:      ✅ Yes
[19:35:30.797] [INFO ]     └──────────────────────────────────────────────────────────────┘
[19:35:30.797] [INFO ] ╠══════════════════════════════════════════════════════════════════════════╣
[19:35:30.797] [INFO ] ║  📊 SESSION STATS
[19:35:30.797] [INFO ] ║  ├─ Strategies Tried:   domcontentloaded
[19:35:30.797] [INFO ] ║  ├─ Popups Dismissed:   0
[19:35:30.797] [INFO ] ║  ├─ Cloudflare:         Not detected
[19:35:30.797] [INFO ] ║  └─ Proxy Used:         Direct
[19:35:30.797] [INFO ] ╚══════════════════════════════════════════════════════════════════════════╝
[19:35:30.797] [INFO ] 

================================================================================
STATUS: SUCCESS
TOTAL TIME: 5.96s
ENDED: 2026-01-29T19:35:30.797099+02:00 (Egypt Time)
END OF SCRAPE LOG
================================================================================