================================================================================
SCRAPE LOG: https://gdpr.eu/compliance/
Started: 2026-01-28 12:42:36
Session ID: SCRAPE_20260128_124236_B1C0
================================================================================
[12:42:36.265] [INFO ] 📝 Scrape log: /app/data/logs/scrapes/2026-01-28_124236_gdpr.eu.log
[12:42:36.265] [DEBUG] ⏱️ Timeout set to 45s for this scrape
[12:42:36.607] [INFO ] 
[12:42:36.607] [INFO ]     🚀 BROWSER LAUNCHED
[12:42:36.607] [INFO ]     ├─ Mode:       Headless
[12:42:36.607] [INFO ]     ├─ Slow Mo:    40ms
[12:42:36.607] [INFO ]     ├─ Launch Time: 0.05s
[12:42:36.607] [INFO ]     └─ Args:       Anti-automation flags enabled
[12:42:36.624] [DEBUG] Browser profile: viewport={'width': 1440, 'height': 900}, locale=en-US, tz=UTC
[12:42:36.624] [INFO ] 
[12:42:36.624] [INFO ] ╔══════════════════════════════════════════════════════════════════════════╗
[12:42:36.624] [INFO ] ║  📋 SESSION: SCRAPE_20260128_124236_B1C0
[12:42:36.624] [INFO ] ║  🌐 URL: https://gdpr.eu/compliance/
[12:42:36.624] [INFO ] ║  🔄 ATTEMPT: 1/2
[12:42:36.624] [INFO ] ║  ⏰ STARTED: 2026-01-28T12:42:36.624297+02:00 (Egypt Time)
[12:42:36.624] [INFO ] ╠══════════════════════════════════════════════════════════════════════════╣
[12:42:36.624] [INFO ] 
[12:42:36.624] [INFO ]     ┌─ BROWSER FINGERPRINT ────────────────────────────────────────┐
[12:42:36.624] [INFO ]     │ Browser:     SAFARI v17
[12:42:36.624] [INFO ]     │ User-Agent:  Mozilla/5.0 (Macintosh; Intel Mac OS X 14_1) AppleWebKit/605.1.15 (KHT...
[12:42:36.624] [INFO ]     │ Viewport:    1440x900
[12:42:36.624] [INFO ]     │ Sec-CH-UA:   (not applicable)...
[12:42:36.624] [INFO ]     ├─ LOCATION PROFILE ───────────────────────────────────────────┤
[12:42:36.624] [INFO ]     │ Location:    Los Angeles, USA
[12:42:36.624] [INFO ]     │ Timezone:    N/A
[12:42:36.624] [INFO ]     │ Locale:      en-US
[12:42:36.624] [INFO ]     │ Geo:         0, 0
[12:42:36.624] [INFO ]     ├─ NETWORK ────────────────────────────────────────────────────┤
[12:42:36.624] [INFO ]     │ Proxy:       Direct (no proxy)
[12:42:36.624] [INFO ]     │ Referrer:    None
[12:42:36.624] [INFO ]     └──────────────────────────────────────────────────────────────┘
[12:42:36.624] [INFO ] ╚══════════════════════════════════════════════════════════════════════════╝
[12:42:36.624] [INFO ] 🛡️ Injected anti-detection scripts at context level
[12:42:36.624] [DEBUG]    └─ Canvas noise, WebGL spoof, Browser patches
[12:42:36.624] [INFO ] 
[12:42:36.624] [INFO ]     🛡️ ANTI-DETECTION SCRIPTS INJECTED (CONTEXT level)
[12:42:36.624] [INFO ]     ├─ Canvas fingerprint noise
[12:42:36.624] [INFO ]     ├─ WebGL renderer/vendor spoof
[12:42:36.624] [INFO ]     ├─ Hardware concurrency randomization
[12:42:36.624] [INFO ]     ├─ Device memory randomization
[12:42:36.624] [INFO ]     ├─ Plugin masking
[12:42:36.624] [INFO ]     ├─ WebRTC IP leak protection
[12:42:36.624] [INFO ]     ├─ Network connection spoof
[12:42:36.624] [INFO ]     └─ Battery API spoof
[12:42:36.753] [INFO ] 
[12:42:36.753] [INFO ]     🥷 STEALTH MODE APPLIED
[12:42:36.753] [INFO ]     ├─ Navigator patches (webdriver, plugins, languages)
[12:42:36.753] [INFO ]     ├─ Chrome runtime patches
[12:42:36.753] [INFO ]     ├─ Console patches
[12:42:36.753] [INFO ]     └─ Permission patches
[12:42:36.753] [INFO ] 🛡️ Injected anti-detection scripts at page level
[12:42:36.753] [DEBUG]    └─ Canvas noise, WebGL spoof, Browser patches
[12:42:36.753] [INFO ] 
[12:42:36.753] [INFO ]     🛡️ ANTI-DETECTION SCRIPTS INJECTED (PAGE level)
[12:42:36.753] [INFO ]     ├─ Canvas fingerprint noise
[12:42:36.753] [INFO ]     ├─ WebGL renderer/vendor spoof
[12:42:36.753] [INFO ]     ├─ Hardware concurrency randomization
[12:42:36.753] [INFO ]     ├─ Device memory randomization
[12:42:36.753] [INFO ]     ├─ Plugin masking
[12:42:36.753] [INFO ]     ├─ WebRTC IP leak protection
[12:42:36.753] [INFO ]     ├─ Network connection spoof
[12:42:36.753] [INFO ]     └─ Battery API spoof
[12:42:36.753] [DEBUG] Enabled resource blocking (images, media, fonts)
[12:42:36.753] [INFO ] 
[12:42:36.753] [INFO ]     🔗 NAVIGATING TO URL
[12:42:36.753] [INFO ]     ├─ Strategy:   domcontentloaded
[12:42:36.753] [INFO ]     ├─ Timeout:    15.0s
[12:42:36.753] [INFO ]     └─ Sleep:      1s after load
[12:42:37.511] [INFO ] 
[12:42:37.511] [INFO ]     ✅ PAGE LOADED
[12:42:37.511] [INFO ]     ├─ Final URL:  https://gdpr.eu/compliance/
[12:42:37.511] [INFO ]     ├─ Title:      Everything you need to know about GDPR compliance - GDPR.eu
[12:42:37.511] [INFO ]     └─ Load Time:  0.76s
[12:42:38.687] [INFO ] 🧑 Human behavior simulation...
[12:42:43.495] [INFO ] 🖱️ Mouse: 3 moves in 1440x900
[12:42:43.495] [INFO ] 🖱️ Mouse completed: 3 moves
[12:42:43.495] [INFO ] 📜 Scroll: page height, viewport=900px
[12:42:43.495] [INFO ] 📜 Scroll completed: 3 scrolls
[12:42:43.495] [INFO ] 🧑 Human behavior completed in 4.8s ✓
[12:42:43.495] [INFO ] 
[12:42:43.495] [INFO ]     🧑 HUMAN BEHAVIOR SIMULATED
[12:42:43.495] [INFO ]     ├─ Mouse Movements: 3
[12:42:43.495] [INFO ]     ├─ Scroll Actions:  3
[12:42:43.495] [INFO ]     └─ Time Spent:      4.81s
[12:42:43.534] [INFO ] 
[12:42:43.534] [INFO ]     ┌─ CONTENT METRICS ────────────────────────────────────────────┐
[12:42:43.534] [INFO ]     │ Title:            Everything you need to know about GDPR compliance 
[12:42:43.534] [INFO ]     │ Final URL:        https://gdpr.eu/compliance/
[12:42:43.534] [INFO ]     │ HTML Size:        41,048 bytes
[12:42:43.534] [INFO ]     │ Text Size:        3,976 chars
[12:42:43.534] [INFO ]     │ Word Count:       ~635 words
[12:42:43.534] [INFO ]     │ Extraction:       trafilatura
[12:42:43.534] [INFO ]     │ Has Article:      ✅ Yes
[12:42:43.534] [INFO ]     └──────────────────────────────────────────────────────────────┘
[12:42:43.557] [INFO ] 
[12:42:43.557] [INFO ] ╔══════════════════════════════════════════════════════════════════════════╗
[12:42:43.557] [INFO ] ║  ✅ SCRAPE SUCCESSFUL - SCRAPE_20260128_124236_B1C0
[12:42:43.557] [INFO ] ╠══════════════════════════════════════════════════════════════════════════╣
[12:42:43.557] [INFO ] 
[12:42:43.557] [INFO ]     ┌─ TIMING BREAKDOWN ───────────────────────────────────────────┐
[12:42:43.557] [INFO ]     │ Browser Launch:      0.05s
[12:42:43.557] [INFO ]     │ Page Load:           0.76s
[12:42:43.557] [INFO ]     │ Cloudflare Wait:     0.00s
[12:42:43.557] [INFO ]     │ Human Simulation:    4.81s
[12:42:43.557] [INFO ]     │
[12:42:43.557] [INFO ]     │ Content Extraction:  0.02s
[12:42:43.557] [INFO ]     │ ─────────────────────────────────────────────────────────────
[12:42:43.557] [INFO ]     │ TOTAL TIME:          5.64s
[12:42:43.557] [INFO ]     └──────────────────────────────────────────────────────────────┘
[12:42:43.557] [INFO ] 
[12:42:43.558] [INFO ]     ┌─ CONTENT METRICS ────────────────────────────────────────────┐
[12:42:43.558] [INFO ]     │ Title:            Everything you need to know about GDPR compliance 
[12:42:43.558] [INFO ]     │ Final URL:        https://gdpr.eu/compliance/
[12:42:43.558] [INFO ]     │ HTML Size:        41,048 bytes
[12:42:43.558] [INFO ]     │ Text Size:        3,976 chars
[12:42:43.558] [INFO ]     │ Word Count:       ~635 words
[12:42:43.558] [INFO ]     │ Extraction:       trafilatura
[12:42:43.558] [INFO ]     │ Has Article:      ✅ Yes
[12:42:43.558] [INFO ]     └──────────────────────────────────────────────────────────────┘
[12:42:43.558] [INFO ] ╠══════════════════════════════════════════════════════════════════════════╣
[12:42:43.558] [INFO ] ║  📊 SESSION STATS
[12:42:43.558] [INFO ] ║  ├─ Strategies Tried:   domcontentloaded
[12:42:43.558] [INFO ] ║  ├─ Popups Dismissed:   0
[12:42:43.558] [INFO ] ║  ├─ Cloudflare:         Not detected
[12:42:43.558] [INFO ] ║  └─ Proxy Used:         Direct
[12:42:43.558] [INFO ] ╚══════════════════════════════════════════════════════════════════════════╝
[12:42:43.558] [INFO ] 

================================================================================
STATUS: SUCCESS
TOTAL TIME: 7.29s
ENDED: 2026-01-28T12:42:43.558075+02:00 (Egypt Time)
END OF SCRAPE LOG
================================================================================