================================================================================
SCRAPE LOG: https://www.proofpoint.com/us/threat-reference/gdpr
Started: 2026-01-28 12:39:51
Session ID: SCRAPE_20260128_123951_3F97
================================================================================
[12:39:51.961] [INFO ] 📝 Scrape log: /app/data/logs/scrapes/2026-01-28_123951_proofpoint.com.log
[12:39:51.961] [DEBUG] ⏱️ Timeout set to 45s for this scrape
[12:39:52.303] [INFO ] 
[12:39:52.303] [INFO ]     🚀 BROWSER LAUNCHED
[12:39:52.303] [INFO ]     ├─ Mode:       Headless
[12:39:52.303] [INFO ]     ├─ Slow Mo:    40ms
[12:39:52.303] [INFO ]     ├─ Launch Time: 0.05s
[12:39:52.303] [INFO ]     └─ Args:       Anti-automation flags enabled
[12:39:52.320] [DEBUG] Browser profile: viewport={'width': 1536, 'height': 864}, locale=en-US, tz=UTC
[12:39:52.320] [INFO ] 
[12:39:52.320] [INFO ] ╔══════════════════════════════════════════════════════════════════════════╗
[12:39:52.320] [INFO ] ║  📋 SESSION: SCRAPE_20260128_123951_3F97
[12:39:52.320] [INFO ] ║  🌐 URL: https://www.proofpoint.com/us/threat-reference/gdpr
[12:39:52.320] [INFO ] ║  🔄 ATTEMPT: 1/2
[12:39:52.320] [INFO ] ║  ⏰ STARTED: 2026-01-28T12:39:52.320648+02:00 (Egypt Time)
[12:39:52.320] [INFO ] ╠══════════════════════════════════════════════════════════════════════════╣
[12:39:52.320] [INFO ] 
[12:39:52.320] [INFO ]     ┌─ BROWSER FINGERPRINT ────────────────────────────────────────┐
[12:39:52.320] [INFO ]     │ Browser:     CHROME v124
[12:39:52.320] [INFO ]     │ User-Agent:  Mozilla/5.0 (Windows NT 10.0; Win64; x64) AppleWebKit/537.36 (KHTML, l...
[12:39:52.320] [INFO ]     │ Viewport:    1536x864
[12:39:52.320] [INFO ]     │ Sec-CH-UA:   (not applicable)...
[12:39:52.320] [INFO ]     ├─ LOCATION PROFILE ───────────────────────────────────────────┤
[12:39:52.320] [INFO ]     │ Location:    Miami, USA
[12:39:52.320] [INFO ]     │ Timezone:    N/A
[12:39:52.320] [INFO ]     │ Locale:      en-US
[12:39:52.320] [INFO ]     │ Geo:         0, 0
[12:39:52.320] [INFO ]     ├─ NETWORK ────────────────────────────────────────────────────┤
[12:39:52.320] [INFO ]     │ Proxy:       Direct (no proxy)
[12:39:52.320] [INFO ]     │ Referrer:    None
[12:39:52.320] [INFO ]     └──────────────────────────────────────────────────────────────┘
[12:39:52.320] [INFO ] ╚══════════════════════════════════════════════════════════════════════════╝
[12:39:52.320] [INFO ] 🛡️ Injected anti-detection scripts at context level
[12:39:52.320] [DEBUG]    └─ Canvas noise, WebGL spoof, Browser patches
[12:39:52.320] [INFO ] 
[12:39:52.320] [INFO ]     🛡️ ANTI-DETECTION SCRIPTS INJECTED (CONTEXT level)
[12:39:52.320] [INFO ]     ├─ Canvas fingerprint noise
[12:39:52.320] [INFO ]     ├─ WebGL renderer/vendor spoof
[12:39:52.320] [INFO ]     ├─ Hardware concurrency randomization
[12:39:52.320] [INFO ]     ├─ Device memory randomization
[12:39:52.320] [INFO ]     ├─ Plugin masking
[12:39:52.320] [INFO ]     ├─ WebRTC IP leak protection
[12:39:52.320] [INFO ]     ├─ Network connection spoof
[12:39:52.320] [INFO ]     └─ Battery API spoof
[12:39:52.363] [INFO ] 
[12:39:52.363] [INFO ]     🥷 STEALTH MODE APPLIED
[12:39:52.363] [INFO ]     ├─ Navigator patches (webdriver, plugins, languages)
[12:39:52.363] [INFO ]     ├─ Chrome runtime patches
[12:39:52.363] [INFO ]     ├─ Console patches
[12:39:52.363] [INFO ]     └─ Permission patches
[12:39:52.363] [INFO ] 🛡️ Injected anti-detection scripts at page level
[12:39:52.363] [DEBUG]    └─ Canvas noise, WebGL spoof, Browser patches
[12:39:52.363] [INFO ] 
[12:39:52.363] [INFO ]     🛡️ ANTI-DETECTION SCRIPTS INJECTED (PAGE level)
[12:39:52.363] [INFO ]     ├─ Canvas fingerprint noise
[12:39:52.363] [INFO ]     ├─ WebGL renderer/vendor spoof
[12:39:52.363] [INFO ]     ├─ Hardware concurrency randomization
[12:39:52.363] [INFO ]     ├─ Device memory randomization
[12:39:52.363] [INFO ]     ├─ Plugin masking
[12:39:52.363] [INFO ]     ├─ WebRTC IP leak protection
[12:39:52.363] [INFO ]     ├─ Network connection spoof
[12:39:52.363] [INFO ]     └─ Battery API spoof
[12:39:52.363] [DEBUG] Enabled resource blocking (images, media, fonts)
[12:39:52.363] [INFO ] 
[12:39:52.363] [INFO ]     🔗 NAVIGATING TO URL
[12:39:52.363] [INFO ]     ├─ Strategy:   domcontentloaded
[12:39:52.363] [INFO ]     ├─ Timeout:    15.0s
[12:39:52.363] [INFO ]     └─ Sleep:      1s after load
[12:39:53.539] [INFO ] 
[12:39:53.539] [INFO ]     ✅ PAGE LOADED
[12:39:53.539] [INFO ]     ├─ Final URL:  https://www.proofpoint.com/us/threat-reference/gdpr
[12:39:53.539] [INFO ]     ├─ Title:      What Is GDPR? - Meaning & Compliance Checklist | Proofpoint US
[12:39:53.539] [INFO ]     └─ Load Time:  1.18s
[12:39:54.831] [INFO ] 🧑 Human behavior simulation...
[12:39:58.757] [INFO ] 🖱️ Mouse: 3 moves in 1536x864
[12:39:58.757] [INFO ] 🖱️ Mouse completed: 3 moves
[12:39:58.757] [INFO ] 📜 Scroll: page height, viewport=864px
[12:39:58.757] [INFO ] 📜 Scroll completed: 3 scrolls
[12:39:58.757] [INFO ] 🧑 Human behavior completed in 3.9s ✓
[12:39:58.757] [INFO ] 
[12:39:58.757] [INFO ]     🧑 HUMAN BEHAVIOR SIMULATED
[12:39:58.757] [INFO ]     ├─ Mouse Movements: 3
[12:39:58.757] [INFO ]     ├─ Scroll Actions:  3
[12:39:58.757] [INFO ]     └─ Time Spent:      3.93s
[12:39:59.019] [INFO ] 
[12:39:59.019] [INFO ]     ┌─ CONTENT METRICS ────────────────────────────────────────────┐
[12:39:59.019] [INFO ]     │ Title:            What Is GDPR? - Meaning & Compliance Checklist | P
[12:39:59.019] [INFO ]     │ Final URL:        https://www.proofpoint.com/us/threat-reference/gdpr
[12:39:59.019] [INFO ]     │ HTML Size:        253,727 bytes
[12:39:59.019] [INFO ]     │ Text Size:        10,425 chars
[12:39:59.019] [INFO ]     │ Word Count:       ~1641 words
[12:39:59.019] [INFO ]     │ Extraction:       trafilatura
[12:39:59.019] [INFO ]     │ Has Article:      ✅ Yes
[12:39:59.019] [INFO ]     └──────────────────────────────────────────────────────────────┘
[12:39:59.053] [INFO ] 
[12:39:59.053] [INFO ] ╔══════════════════════════════════════════════════════════════════════════╗
[12:39:59.053] [INFO ] ║  ✅ SCRAPE SUCCESSFUL - SCRAPE_20260128_123951_3F97
[12:39:59.053] [INFO ] ╠══════════════════════════════════════════════════════════════════════════╣
[12:39:59.053] [INFO ] 
[12:39:59.053] [INFO ]     ┌─ TIMING BREAKDOWN ───────────────────────────────────────────┐
[12:39:59.053] [INFO ]     │ Browser Launch:      0.05s
[12:39:59.053] [INFO ]     │ Page Load:           1.18s
[12:39:59.053] [INFO ]     │ Cloudflare Wait:     0.00s
[12:39:59.053] [INFO ]     │ Human Simulation:    3.93s
[12:39:59.053] [INFO ]     │
[12:39:59.053] [INFO ]     │ Content Extraction:  0.12s
[12:39:59.053] [INFO ]     │ ─────────────────────────────────────────────────────────────
[12:39:59.053] [INFO ]     │ TOTAL TIME:          5.28s
[12:39:59.054] [INFO ]     └──────────────────────────────────────────────────────────────┘
[12:39:59.054] [INFO ] 
[12:39:59.054] [INFO ]     ┌─ CONTENT METRICS ────────────────────────────────────────────┐
[12:39:59.054] [INFO ]     │ Title:            What Is GDPR? - Meaning & Compliance Checklist | P
[12:39:59.054] [INFO ]     │ Final URL:        https://www.proofpoint.com/us/threat-reference/gdpr
[12:39:59.054] [INFO ]     │ HTML Size:        253,727 bytes
[12:39:59.054] [INFO ]     │ Text Size:        10,425 chars
[12:39:59.054] [INFO ]     │ Word Count:       ~1641 words
[12:39:59.054] [INFO ]     │ Extraction:       trafilatura
[12:39:59.054] [INFO ]     │ Has Article:      ✅ Yes
[12:39:59.054] [INFO ]     └──────────────────────────────────────────────────────────────┘
[12:39:59.054] [INFO ] ╠══════════════════════════════════════════════════════════════════════════╣
[12:39:59.054] [INFO ] ║  📊 SESSION STATS
[12:39:59.054] [INFO ] ║  ├─ Strategies Tried:   domcontentloaded
[12:39:59.054] [INFO ] ║  ├─ Popups Dismissed:   0
[12:39:59.054] [INFO ] ║  ├─ Cloudflare:         Not detected
[12:39:59.054] [INFO ] ║  └─ Proxy Used:         Direct
[12:39:59.054] [INFO ] ╚══════════════════════════════════════════════════════════════════════════╝
[12:39:59.054] [INFO ] 

================================================================================
STATUS: SUCCESS
TOTAL TIME: 7.09s
ENDED: 2026-01-28T12:39:59.054327+02:00 (Egypt Time)
END OF SCRAPE LOG
================================================================================