================================================================================
SCRAPE LOG: https://www.hubspot.com/data-privacy/gdpr
Started: 2026-01-28 12:44:06
Session ID: SCRAPE_20260128_124406_63D6
================================================================================
[12:44:06.269] [INFO ] 📝 Scrape log: /app/data/logs/scrapes/2026-01-28_124406_hubspot.com.log
[12:44:06.269] [DEBUG] ⏱️ Timeout set to 45s for this scrape
[12:44:06.608] [INFO ] 
[12:44:06.608] [INFO ]     🚀 BROWSER LAUNCHED
[12:44:06.608] [INFO ]     ├─ Mode:       Headless
[12:44:06.608] [INFO ]     ├─ Slow Mo:    41ms
[12:44:06.608] [INFO ]     ├─ Launch Time: 0.06s
[12:44:06.608] [INFO ]     └─ Args:       Anti-automation flags enabled
[12:44:06.626] [DEBUG] Browser profile: viewport={'width': 1680, 'height': 1050}, locale=en-GB, tz=UTC
[12:44:06.626] [INFO ] 
[12:44:06.626] [INFO ] ╔══════════════════════════════════════════════════════════════════════════╗
[12:44:06.626] [INFO ] ║  📋 SESSION: SCRAPE_20260128_124406_63D6
[12:44:06.626] [INFO ] ║  🌐 URL: https://www.hubspot.com/data-privacy/gdpr
[12:44:06.626] [INFO ] ║  🔄 ATTEMPT: 1/2
[12:44:06.626] [INFO ] ║  ⏰ STARTED: 2026-01-28T12:44:06.626579+02:00 (Egypt Time)
[12:44:06.626] [INFO ] ╠══════════════════════════════════════════════════════════════════════════╣
[12:44:06.626] [INFO ] 
[12:44:06.626] [INFO ]     ┌─ BROWSER FINGERPRINT ────────────────────────────────────────┐
[12:44:06.626] [INFO ]     │ Browser:     EDGE v119
[12:44:06.626] [INFO ]     │ User-Agent:  Mozilla/5.0 (Windows NT 10.0; Win64; x64) AppleWebKit/537.36 (KHTML, l...
[12:44:06.626] [INFO ]     │ Viewport:    1680x1050
[12:44:06.626] [INFO ]     │ Sec-CH-UA:   (not applicable)...
[12:44:06.626] [INFO ]     ├─ LOCATION PROFILE ───────────────────────────────────────────┤
[12:44:06.626] [INFO ]     │ Location:    London, UK
[12:44:06.626] [INFO ]     │ Timezone:    N/A
[12:44:06.626] [INFO ]     │ Locale:      en-GB
[12:44:06.626] [INFO ]     │ Geo:         0, 0
[12:44:06.626] [INFO ]     ├─ NETWORK ────────────────────────────────────────────────────┤
[12:44:06.626] [INFO ]     │ Proxy:       Direct (no proxy)
[12:44:06.626] [INFO ]     │ Referrer:    None
[12:44:06.626] [INFO ]     └──────────────────────────────────────────────────────────────┘
[12:44:06.626] [INFO ] ╚══════════════════════════════════════════════════════════════════════════╝
[12:44:06.626] [INFO ] 🛡️ Injected anti-detection scripts at context level
[12:44:06.626] [DEBUG]    └─ Canvas noise, WebGL spoof, Browser patches
[12:44:06.626] [INFO ] 
[12:44:06.626] [INFO ]     🛡️ ANTI-DETECTION SCRIPTS INJECTED (CONTEXT level)
[12:44:06.626] [INFO ]     ├─ Canvas fingerprint noise
[12:44:06.626] [INFO ]     ├─ WebGL renderer/vendor spoof
[12:44:06.626] [INFO ]     ├─ Hardware concurrency randomization
[12:44:06.626] [INFO ]     ├─ Device memory randomization
[12:44:06.626] [INFO ]     ├─ Plugin masking
[12:44:06.626] [INFO ]     ├─ WebRTC IP leak protection
[12:44:06.626] [INFO ]     ├─ Network connection spoof
[12:44:06.626] [INFO ]     └─ Battery API spoof
[12:44:06.668] [INFO ] 
[12:44:06.668] [INFO ]     🥷 STEALTH MODE APPLIED
[12:44:06.668] [INFO ]     ├─ Navigator patches (webdriver, plugins, languages)
[12:44:06.668] [INFO ]     ├─ Chrome runtime patches
[12:44:06.668] [INFO ]     ├─ Console patches
[12:44:06.668] [INFO ]     └─ Permission patches
[12:44:06.668] [INFO ] 🛡️ Injected anti-detection scripts at page level
[12:44:06.668] [DEBUG]    └─ Canvas noise, WebGL spoof, Browser patches
[12:44:06.668] [INFO ] 
[12:44:06.668] [INFO ]     🛡️ ANTI-DETECTION SCRIPTS INJECTED (PAGE level)
[12:44:06.668] [INFO ]     ├─ Canvas fingerprint noise
[12:44:06.668] [INFO ]     ├─ WebGL renderer/vendor spoof
[12:44:06.668] [INFO ]     ├─ Hardware concurrency randomization
[12:44:06.668] [INFO ]     ├─ Device memory randomization
[12:44:06.668] [INFO ]     ├─ Plugin masking
[12:44:06.668] [INFO ]     ├─ WebRTC IP leak protection
[12:44:06.668] [INFO ]     ├─ Network connection spoof
[12:44:06.668] [INFO ]     └─ Battery API spoof
[12:44:06.668] [DEBUG] Enabled resource blocking (images, media, fonts)
[12:44:06.668] [INFO ] 
[12:44:06.668] [INFO ]     🔗 NAVIGATING TO URL
[12:44:06.668] [INFO ]     ├─ Strategy:   domcontentloaded
[12:44:06.668] [INFO ]     ├─ Timeout:    15.0s
[12:44:06.668] [INFO ]     └─ Sleep:      1s after load
[12:44:10.550] [INFO ] 
[12:44:10.550] [INFO ]     ✅ PAGE LOADED
[12:44:10.550] [INFO ]     ├─ Final URL:  https://www.hubspot.com/data-privacy/gdpr
[12:44:10.550] [INFO ]     ├─ Title:      General Data Protection Regulation | HubSpot
[12:44:10.550] [INFO ]     └─ Load Time:  3.88s
[12:44:13.438] [INFO ] 🧑 Human behavior simulation...
[12:44:15.701] [INFO ] 🖱️ Mouse: 1 moves in 1680x1050
[12:44:15.701] [INFO ] 🖱️ Mouse completed: 1 moves
[12:44:15.701] [INFO ] 📜 Scroll: page height, viewport=1050px
[12:44:15.701] [INFO ] 📜 Scroll completed: 2 scrolls
[12:44:15.701] [INFO ] 🧑 Human behavior completed in 2.3s ✓
[12:44:15.701] [INFO ] 
[12:44:15.701] [INFO ]     🧑 HUMAN BEHAVIOR SIMULATED
[12:44:15.701] [INFO ]     ├─ Mouse Movements: 1
[12:44:15.701] [INFO ]     ├─ Scroll Actions:  2
[12:44:15.701] [INFO ]     └─ Time Spent:      2.26s
[12:44:16.964] [INFO ] 
[12:44:16.964] [INFO ]     ┌─ CONTENT METRICS ────────────────────────────────────────────┐
[12:44:16.964] [INFO ]     │ Title:            General Data Protection Regulation | HubSpot
[12:44:16.964] [INFO ]     │ Final URL:        https://www.hubspot.com/data-privacy/gdpr
[12:44:16.964] [INFO ]     │ HTML Size:        792,831 bytes
[12:44:16.964] [INFO ]     │ Text Size:        10,766 chars
[12:44:16.964] [INFO ]     │ Word Count:       ~1732 words
[12:44:16.964] [INFO ]     │ Extraction:       trafilatura
[12:44:16.964] [INFO ]     │ Has Article:      ✅ Yes
[12:44:16.964] [INFO ]     └──────────────────────────────────────────────────────────────┘
[12:44:17.007] [INFO ] 
[12:44:17.007] [INFO ] ╔══════════════════════════════════════════════════════════════════════════╗
[12:44:17.007] [INFO ] ║  ✅ SCRAPE SUCCESSFUL - SCRAPE_20260128_124406_63D6
[12:44:17.007] [INFO ] ╠══════════════════════════════════════════════════════════════════════════╣
[12:44:17.007] [INFO ] 
[12:44:17.007] [INFO ]     ┌─ TIMING BREAKDOWN ───────────────────────────────────────────┐
[12:44:17.007] [INFO ]     │ Browser Launch:      0.06s
[12:44:17.007] [INFO ]     │ Page Load:           3.88s
[12:44:17.007] [INFO ]     │ Cloudflare Wait:     0.00s
[12:44:17.007] [INFO ]     │ Human Simulation:    2.26s
[12:44:17.007] [INFO ]     │
[12:44:17.007] [INFO ]     │ Content Extraction:  0.96s
[12:44:17.007] [INFO ]     │ ─────────────────────────────────────────────────────────────
[12:44:17.007] [INFO ]     │ TOTAL TIME:          7.16s
[12:44:17.007] [INFO ]     └──────────────────────────────────────────────────────────────┘
[12:44:17.007] [INFO ] 
[12:44:17.007] [INFO ]     ┌─ CONTENT METRICS ────────────────────────────────────────────┐
[12:44:17.007] [INFO ]     │ Title:            General Data Protection Regulation | HubSpot
[12:44:17.007] [INFO ]     │ Final URL:        https://www.hubspot.com/data-privacy/gdpr
[12:44:17.007] [INFO ]     │ HTML Size:        792,831 bytes
[12:44:17.007] [INFO ]     │ Text Size:        10,766 chars
[12:44:17.007] [INFO ]     │ Word Count:       ~1732 words
[12:44:17.007] [INFO ]     │ Extraction:       trafilatura
[12:44:17.007] [INFO ]     │ Has Article:      ✅ Yes
[12:44:17.007] [INFO ]     └──────────────────────────────────────────────────────────────┘
[12:44:17.007] [INFO ] ╠══════════════════════════════════════════════════════════════════════════╣
[12:44:17.007] [INFO ] ║  📊 SESSION STATS
[12:44:17.007] [INFO ] ║  ├─ Strategies Tried:   domcontentloaded
[12:44:17.007] [INFO ] ║  ├─ Popups Dismissed:   0
[12:44:17.007] [INFO ] ║  ├─ Cloudflare:         Not detected
[12:44:17.007] [INFO ] ║  └─ Proxy Used:         Direct
[12:44:17.007] [INFO ] ╚══════════════════════════════════════════════════════════════════════════╝
[12:44:17.007] [INFO ] 

================================================================================
STATUS: SUCCESS
TOTAL TIME: 10.74s
ENDED: 2026-01-28T12:44:17.007569+02:00 (Egypt Time)
END OF SCRAPE LOG
================================================================================