================================================================================
SCRAPE LOG: https://resourcehub.bakermckenzie.com/en/resources/global-financial-services-regulatory-guide/europe-middle-east-and-africa/egypt/topics/what-types-of-activities-require-a-license-in-your-jurisdiction
Started: 2026-01-26 11:51:17
Session ID: SCRAPE_20260126_115117_D660
================================================================================
[11:51:17.452] [INFO ] 📝 Scrape log: /app/data/logs/scrapes/2026-01-26_115117_resourcehub.bakermckenzie.com.log
[11:51:17.452] [DEBUG] ⏱️ Timeout set to 45s for this scrape
[11:51:17.797] [INFO ] 
[11:51:17.797] [INFO ]     🚀 BROWSER LAUNCHED
[11:51:17.797] [INFO ]     ├─ Mode:       Headless
[11:51:17.797] [INFO ]     ├─ Slow Mo:    50ms
[11:51:17.797] [INFO ]     ├─ Launch Time: 0.06s
[11:51:17.797] [INFO ]     └─ Args:       Anti-automation flags enabled
[11:51:17.818] [DEBUG] Browser profile: viewport={'width': 1366, 'height': 768}, locale=en-CA, tz=UTC
[11:51:17.818] [INFO ] 
[11:51:17.818] [INFO ] ╔══════════════════════════════════════════════════════════════════════════╗
[11:51:17.818] [INFO ] ║  📋 SESSION: SCRAPE_20260126_115117_D660
[11:51:17.818] [INFO ] ║  🌐 URL: https://resourcehub.bakermckenzie.com/en/resources/global-financial-services-regulatory-guide/europe-middle-east-and-africa/egypt/topics/what-types-of-activities-require-a-license-in-your-jurisdiction
[11:51:17.818] [INFO ] ║  🔄 ATTEMPT: 1/2
[11:51:17.818] [INFO ] ║  ⏰ STARTED: 2026-01-26T11:51:17.818937+02:00 (Egypt Time)
[11:51:17.818] [INFO ] ╠══════════════════════════════════════════════════════════════════════════╣
[11:51:17.818] [INFO ] 
[11:51:17.818] [INFO ]     ┌─ BROWSER FINGERPRINT ────────────────────────────────────────┐
[11:51:17.818] [INFO ]     │ Browser:     CHROME v121
[11:51:17.818] [INFO ]     │ User-Agent:  Mozilla/5.0 (Windows NT 11.0; Win64; x64) AppleWebKit/537.36 (KHTML, l...
[11:51:17.818] [INFO ]     │ Viewport:    1366x768
[11:51:17.818] [INFO ]     │ Sec-CH-UA:   (not applicable)...
[11:51:17.818] [INFO ]     ├─ LOCATION PROFILE ───────────────────────────────────────────┤
[11:51:17.818] [INFO ]     │ Location:    Vancouver, Canada
[11:51:17.818] [INFO ]     │ Timezone:    N/A
[11:51:17.819] [INFO ]     │ Locale:      en-CA
[11:51:17.819] [INFO ]     │ Geo:         0, 0
[11:51:17.819] [INFO ]     ├─ NETWORK ────────────────────────────────────────────────────┤
[11:51:17.819] [INFO ]     │ Proxy:       Direct (no proxy)
[11:51:17.819] [INFO ]     │ Referrer:    https://www.google.com/
[11:51:17.819] [INFO ]     └──────────────────────────────────────────────────────────────┘
[11:51:17.819] [INFO ] ╚══════════════════════════════════════════════════════════════════════════╝
[11:51:17.819] [INFO ] 🛡️ Injected anti-detection scripts at context level
[11:51:17.819] [DEBUG]    └─ Canvas noise, WebGL spoof, Browser patches
[11:51:17.819] [INFO ] 
[11:51:17.819] [INFO ]     🛡️ ANTI-DETECTION SCRIPTS INJECTED (CONTEXT level)
[11:51:17.819] [INFO ]     ├─ Canvas fingerprint noise
[11:51:17.819] [INFO ]     ├─ WebGL renderer/vendor spoof
[11:51:17.819] [INFO ]     ├─ Hardware concurrency randomization
[11:51:17.819] [INFO ]     ├─ Device memory randomization
[11:51:17.819] [INFO ]     ├─ Plugin masking
[11:51:17.819] [INFO ]     ├─ WebRTC IP leak protection
[11:51:17.819] [INFO ]     ├─ Network connection spoof
[11:51:17.819] [INFO ]     └─ Battery API spoof
[11:51:17.861] [INFO ] 
[11:51:17.862] [INFO ]     🥷 STEALTH MODE APPLIED
[11:51:17.862] [INFO ]     ├─ Navigator patches (webdriver, plugins, languages)
[11:51:17.862] [INFO ]     ├─ Chrome runtime patches
[11:51:17.862] [INFO ]     ├─ Console patches
[11:51:17.862] [INFO ]     └─ Permission patches
[11:51:17.862] [INFO ] 🛡️ Injected anti-detection scripts at page level
[11:51:17.862] [DEBUG]    └─ Canvas noise, WebGL spoof, Browser patches
[11:51:17.862] [INFO ] 
[11:51:17.862] [INFO ]     🛡️ ANTI-DETECTION SCRIPTS INJECTED (PAGE level)
[11:51:17.862] [INFO ]     ├─ Canvas fingerprint noise
[11:51:17.862] [INFO ]     ├─ WebGL renderer/vendor spoof
[11:51:17.862] [INFO ]     ├─ Hardware concurrency randomization
[11:51:17.862] [INFO ]     ├─ Device memory randomization
[11:51:17.862] [INFO ]     ├─ Plugin masking
[11:51:17.862] [INFO ]     ├─ WebRTC IP leak protection
[11:51:17.862] [INFO ]     ├─ Network connection spoof
[11:51:17.862] [INFO ]     └─ Battery API spoof
[11:51:17.862] [DEBUG] Enabled resource blocking (images, media, fonts)
[11:51:17.862] [INFO ] 
[11:51:17.862] [INFO ]     🔗 NAVIGATING TO URL
[11:51:17.862] [INFO ]     ├─ Strategy:   domcontentloaded
[11:51:17.862] [INFO ]     ├─ Timeout:    15.0s
[11:51:17.862] [INFO ]     └─ Sleep:      1s after load
[11:51:19.742] [INFO ] 
[11:51:19.743] [INFO ]     ✅ PAGE LOADED
[11:51:19.743] [INFO ]     ├─ Final URL:  https://resourcehub.bakermckenzie.com/en/resources/global-financial-services-regulatory-guide/europe-middle-east-and-africa/egypt/topics/what-types-of-activities-require-a-license-in-your-jurisdiction
[11:51:19.743] [INFO ]     ├─ Title:      3. What types of activities require a license in your jurisdiction? | Egypt | Global Financial Services Regulatory Guide | Baker McKenzie Resource Hub
[11:51:19.743] [INFO ]     └─ Load Time:  1.88s
[11:51:20.941] [INFO ] 🧑 Human behavior simulation...
[11:51:24.926] [INFO ] 🖱️ Mouse: 2 moves in 1366x768
[11:51:24.926] [INFO ] 🖱️ Mouse completed: 2 moves
[11:51:24.926] [INFO ] 📜 Scroll: page height, viewport=768px
[11:51:24.926] [INFO ] 📜 Scroll completed: 1 scrolls
[11:51:24.926] [INFO ] 🧑 Human behavior completed in 4.0s ✓
[11:51:24.926] [INFO ] 
[11:51:24.926] [INFO ]     🧑 HUMAN BEHAVIOR SIMULATED
[11:51:24.926] [INFO ]     ├─ Mouse Movements: 2
[11:51:24.926] [INFO ]     ├─ Scroll Actions:  1
[11:51:24.926] [INFO ]     └─ Time Spent:      3.98s
[11:51:25.123] [INFO ] 
[11:51:25.123] [INFO ]     ┌─ CONTENT METRICS ────────────────────────────────────────────┐
[11:51:25.123] [INFO ]     │ Title:            Extracted Content (Fallback)
[11:51:25.123] [INFO ]     │ Final URL:        https://resourcehub.bakermckenzie.com/en/resources/global-financial-services-regulatory-guide/europe-middle-east-and-africa/egypt/topics/what-types-of-activities-require-a-license-in-your-jurisdiction
[11:51:25.123] [INFO ]     │ HTML Size:        104,998 bytes
[11:51:25.123] [INFO ]     │ Text Size:        3,403 chars
[11:51:25.123] [INFO ]     │ Word Count:       ~518 words
[11:51:25.123] [INFO ]     │ Extraction:       fallback
[11:51:25.123] [INFO ]     │ Has Article:      ✅ Yes
[11:51:25.123] [INFO ]     └──────────────────────────────────────────────────────────────┘
[11:51:25.149] [INFO ] 
[11:51:25.149] [INFO ] ╔══════════════════════════════════════════════════════════════════════════╗
[11:51:25.149] [INFO ] ║  ✅ SCRAPE SUCCESSFUL - SCRAPE_20260126_115117_D660
[11:51:25.149] [INFO ] ╠══════════════════════════════════════════════════════════════════════════╣
[11:51:25.149] [INFO ] 
[11:51:25.149] [INFO ]     ┌─ TIMING BREAKDOWN ───────────────────────────────────────────┐
[11:51:25.149] [INFO ]     │ Browser Launch:      0.06s
[11:51:25.149] [INFO ]     │ Page Load:           1.88s
[11:51:25.149] [INFO ]     │ Cloudflare Wait:     0.00s
[11:51:25.149] [INFO ]     │ Human Simulation:    3.98s
[11:51:25.149] [INFO ]     │
[11:51:25.149] [INFO ]     │ Content Extraction:  0.17s
[11:51:25.149] [INFO ]     │ ─────────────────────────────────────────────────────────────
[11:51:25.149] [INFO ]     │ TOTAL TIME:          6.09s
[11:51:25.149] [INFO ]     └──────────────────────────────────────────────────────────────┘
[11:51:25.149] [INFO ] 
[11:51:25.149] [INFO ]     ┌─ CONTENT METRICS ────────────────────────────────────────────┐
[11:51:25.149] [INFO ]     │ Title:            Extracted Content (Fallback)
[11:51:25.149] [INFO ]     │ Final URL:        https://resourcehub.bakermckenzie.com/en/resources/global-financial-services-regulatory-guide/europe-middle-east-and-africa/egypt/topics/what-types-of-activities-require-a-license-in-your-jurisdiction
[11:51:25.149] [INFO ]     │ HTML Size:        104,998 bytes
[11:51:25.149] [INFO ]     │ Text Size:        3,403 chars
[11:51:25.149] [INFO ]     │ Word Count:       ~518 words
[11:51:25.149] [INFO ]     │ Extraction:       fallback
[11:51:25.149] [INFO ]     │ Has Article:      ✅ Yes
[11:51:25.149] [INFO ]     └──────────────────────────────────────────────────────────────┘
[11:51:25.149] [INFO ] ╠══════════════════════════════════════════════════════════════════════════╣
[11:51:25.149] [INFO ] ║  📊 SESSION STATS
[11:51:25.150] [INFO ] ║  ├─ Strategies Tried:   domcontentloaded
[11:51:25.150] [INFO ] ║  ├─ Popups Dismissed:   0
[11:51:25.150] [INFO ] ║  ├─ Cloudflare:         Not detected
[11:51:25.150] [INFO ] ║  └─ Proxy Used:         Direct
[11:51:25.150] [INFO ] ╚══════════════════════════════════════════════════════════════════════════╝
[11:51:25.150] [INFO ] 

================================================================================
STATUS: SUCCESS
TOTAL TIME: 7.70s
ENDED: 2026-01-26T11:51:25.150029+02:00 (Egypt Time)
END OF SCRAPE LOG
================================================================================