================================================================================
SCRAPE LOG: https://shehatalaw.com/zh-hans/law-update/new-fintech-law-in-egypt/
Started: 2026-01-26 12:12:30
Session ID: SCRAPE_20260126_121230_A801
================================================================================
[12:12:30.309] [INFO ] 📝 Scrape log: /app/data/logs/scrapes/2026-01-26_121230_shehatalaw.com.log
[12:12:30.309] [DEBUG] ⏱️ Timeout set to 45s for this scrape
[12:12:30.651] [INFO ] 
[12:12:30.651] [INFO ]     🚀 BROWSER LAUNCHED
[12:12:30.651] [INFO ]     ├─ Mode:       Headless
[12:12:30.651] [INFO ]     ├─ Slow Mo:    59ms
[12:12:30.651] [INFO ]     ├─ Launch Time: 0.06s
[12:12:30.651] [INFO ]     └─ Args:       Anti-automation flags enabled
[12:12:30.666] [DEBUG] Browser profile: viewport={'width': 1680, 'height': 1050}, locale=en-AU, tz=UTC
[12:12:30.666] [INFO ] 
[12:12:30.666] [INFO ] ╔══════════════════════════════════════════════════════════════════════════╗
[12:12:30.666] [INFO ] ║  📋 SESSION: SCRAPE_20260126_121230_A801
[12:12:30.666] [INFO ] ║  🌐 URL: https://shehatalaw.com/zh-hans/law-update/new-fintech-law-in-egypt/
[12:12:30.666] [INFO ] ║  🔄 ATTEMPT: 1/2
[12:12:30.667] [INFO ] ║  ⏰ STARTED: 2026-01-26T12:12:30.666997+02:00 (Egypt Time)
[12:12:30.667] [INFO ] ╠══════════════════════════════════════════════════════════════════════════╣
[12:12:30.667] [INFO ] 
[12:12:30.667] [INFO ]     ┌─ BROWSER FINGERPRINT ────────────────────────────────────────┐
[12:12:30.667] [INFO ]     │ Browser:     FIREFOX v120
[12:12:30.667] [INFO ]     │ User-Agent:  Mozilla/5.0 (Windows NT 10.0; Win64; x64; rv:120.0) Gecko/20100101 Fir...
[12:12:30.667] [INFO ]     │ Viewport:    1680x1050
[12:12:30.667] [INFO ]     │ Sec-CH-UA:   (not applicable)...
[12:12:30.667] [INFO ]     ├─ LOCATION PROFILE ───────────────────────────────────────────┤
[12:12:30.667] [INFO ]     │ Location:    Brisbane, Australia
[12:12:30.667] [INFO ]     │ Timezone:    N/A
[12:12:30.667] [INFO ]     │ Locale:      en-AU
[12:12:30.667] [INFO ]     │ Geo:         0, 0
[12:12:30.667] [INFO ]     ├─ NETWORK ────────────────────────────────────────────────────┤
[12:12:30.667] [INFO ]     │ Proxy:       Direct (no proxy)
[12:12:30.667] [INFO ]     │ Referrer:    https://news.google.com/
[12:12:30.667] [INFO ]     └──────────────────────────────────────────────────────────────┘
[12:12:30.667] [INFO ] ╚══════════════════════════════════════════════════════════════════════════╝
[12:12:30.667] [INFO ] 🛡️ Injected anti-detection scripts at context level
[12:12:30.667] [DEBUG]    └─ Canvas noise, WebGL spoof, Browser patches
[12:12:30.667] [INFO ] 
[12:12:30.667] [INFO ]     🛡️ ANTI-DETECTION SCRIPTS INJECTED (CONTEXT level)
[12:12:30.667] [INFO ]     ├─ Canvas fingerprint noise
[12:12:30.667] [INFO ]     ├─ WebGL renderer/vendor spoof
[12:12:30.667] [INFO ]     ├─ Hardware concurrency randomization
[12:12:30.667] [INFO ]     ├─ Device memory randomization
[12:12:30.667] [INFO ]     ├─ Plugin masking
[12:12:30.667] [INFO ]     ├─ WebRTC IP leak protection
[12:12:30.667] [INFO ]     ├─ Network connection spoof
[12:12:30.667] [INFO ]     └─ Battery API spoof
[12:12:30.708] [INFO ] 
[12:12:30.708] [INFO ]     🥷 STEALTH MODE APPLIED
[12:12:30.708] [INFO ]     ├─ Navigator patches (webdriver, plugins, languages)
[12:12:30.708] [INFO ]     ├─ Chrome runtime patches
[12:12:30.708] [INFO ]     ├─ Console patches
[12:12:30.708] [INFO ]     └─ Permission patches
[12:12:30.708] [INFO ] 🛡️ Injected anti-detection scripts at page level
[12:12:30.708] [DEBUG]    └─ Canvas noise, WebGL spoof, Browser patches
[12:12:30.708] [INFO ] 
[12:12:30.708] [INFO ]     🛡️ ANTI-DETECTION SCRIPTS INJECTED (PAGE level)
[12:12:30.708] [INFO ]     ├─ Canvas fingerprint noise
[12:12:30.708] [INFO ]     ├─ WebGL renderer/vendor spoof
[12:12:30.708] [INFO ]     ├─ Hardware concurrency randomization
[12:12:30.708] [INFO ]     ├─ Device memory randomization
[12:12:30.708] [INFO ]     ├─ Plugin masking
[12:12:30.708] [INFO ]     ├─ WebRTC IP leak protection
[12:12:30.708] [INFO ]     ├─ Network connection spoof
[12:12:30.708] [INFO ]     └─ Battery API spoof
[12:12:30.708] [DEBUG] Enabled resource blocking (images, media, fonts)
[12:12:30.708] [INFO ] 
[12:12:30.708] [INFO ]     🔗 NAVIGATING TO URL
[12:12:30.708] [INFO ]     ├─ Strategy:   domcontentloaded
[12:12:30.708] [INFO ]     ├─ Timeout:    15.0s
[12:12:30.708] [INFO ]     └─ Sleep:      1s after load
[12:12:34.586] [INFO ] 
[12:12:34.586] [INFO ]     ✅ PAGE LOADED
[12:12:34.586] [INFO ]     ├─ Final URL:  https://shehatalaw.com/zh-hans/law-update/new-fintech-law-in-egypt/
[12:12:34.586] [INFO ]     ├─ Title:      New FinTech Law in Egypt - Shehata & Partners
[12:12:34.586] [INFO ]     └─ Load Time:  3.88s
[12:12:36.481] [INFO ] 🧑 Human behavior simulation...
[12:12:41.560] [INFO ] 🖱️ Mouse: 3 moves in 1680x1050
[12:12:41.560] [INFO ] 🖱️ Mouse completed: 3 moves
[12:12:41.560] [INFO ] 📜 Scroll: page height, viewport=1050px
[12:12:41.560] [INFO ] 📜 Scroll completed: 2 scrolls
[12:12:41.560] [INFO ] 🧑 Human behavior completed in 5.1s ✓
[12:12:41.560] [INFO ] 
[12:12:41.560] [INFO ]     🧑 HUMAN BEHAVIOR SIMULATED
[12:12:41.560] [INFO ]     ├─ Mouse Movements: 3
[12:12:41.560] [INFO ]     ├─ Scroll Actions:  2
[12:12:41.560] [INFO ]     └─ Time Spent:      5.08s
[12:12:41.796] [INFO ] 
[12:12:41.796] [INFO ]     ┌─ CONTENT METRICS ────────────────────────────────────────────┐
[12:12:41.796] [INFO ]     │ Title:            New FinTech Law in Egypt - Shehata & Partners
[12:12:41.796] [INFO ]     │ Final URL:        https://shehatalaw.com/zh-hans/law-update/new-fintech-law-in-egypt/
[12:12:41.796] [INFO ]     │ HTML Size:        366,303 bytes
[12:12:41.796] [INFO ]     │ Text Size:        10,781 chars
[12:12:41.796] [INFO ]     │ Word Count:       ~1754 words
[12:12:41.796] [INFO ]     │ Extraction:       trafilatura
[12:12:41.796] [INFO ]     │ Has Article:      ✅ Yes
[12:12:41.796] [INFO ]     └──────────────────────────────────────────────────────────────┘
[12:12:41.839] [INFO ] 
[12:12:41.839] [INFO ] ╔══════════════════════════════════════════════════════════════════════════╗
[12:12:41.839] [INFO ] ║  ✅ SCRAPE SUCCESSFUL - SCRAPE_20260126_121230_A801
[12:12:41.839] [INFO ] ╠══════════════════════════════════════════════════════════════════════════╣
[12:12:41.839] [INFO ] 
[12:12:41.839] [INFO ]     ┌─ TIMING BREAKDOWN ───────────────────────────────────────────┐
[12:12:41.839] [INFO ]     │ Browser Launch:      0.06s
[12:12:41.839] [INFO ]     │ Page Load:           3.88s
[12:12:41.839] [INFO ]     │ Cloudflare Wait:     0.00s
[12:12:41.839] [INFO ]     │ Human Simulation:    5.08s
[12:12:41.839] [INFO ]     │
[12:12:41.839] [INFO ]     │ Content Extraction:  0.11s
[12:12:41.839] [INFO ]     │ ─────────────────────────────────────────────────────────────
[12:12:41.839] [INFO ]     │ TOTAL TIME:          9.13s
[12:12:41.839] [INFO ]     └──────────────────────────────────────────────────────────────┘
[12:12:41.839] [INFO ] 
[12:12:41.840] [INFO ]     ┌─ CONTENT METRICS ────────────────────────────────────────────┐
[12:12:41.840] [INFO ]     │ Title:            New FinTech Law in Egypt - Shehata & Partners
[12:12:41.840] [INFO ]     │ Final URL:        https://shehatalaw.com/zh-hans/law-update/new-fintech-law-in-egypt/
[12:12:41.840] [INFO ]     │ HTML Size:        366,303 bytes
[12:12:41.840] [INFO ]     │ Text Size:        10,781 chars
[12:12:41.840] [INFO ]     │ Word Count:       ~1754 words
[12:12:41.840] [INFO ]     │ Extraction:       trafilatura
[12:12:41.840] [INFO ]     │ Has Article:      ✅ Yes
[12:12:41.840] [INFO ]     └──────────────────────────────────────────────────────────────┘
[12:12:41.840] [INFO ] ╠══════════════════════════════════════════════════════════════════════════╣
[12:12:41.840] [INFO ] ║  📊 SESSION STATS
[12:12:41.840] [INFO ] ║  ├─ Strategies Tried:   domcontentloaded
[12:12:41.840] [INFO ] ║  ├─ Popups Dismissed:   0
[12:12:41.840] [INFO ] ║  ├─ Cloudflare:         Not detected
[12:12:41.840] [INFO ] ║  └─ Proxy Used:         Direct
[12:12:41.840] [INFO ] ╚══════════════════════════════════════════════════════════════════════════╝
[12:12:41.840] [INFO ] 

================================================================================
STATUS: SUCCESS
TOTAL TIME: 11.53s
ENDED: 2026-01-26T12:12:41.840208+02:00 (Egypt Time)
END OF SCRAPE LOG
================================================================================