================================================================================
SCRAPE LOG: https://www.tqcsi.com/location/iso-certification-egypt-cairo-office
Started: 2026-01-29 17:06:21
Session ID: SCRAPE_20260129_170621_F867
================================================================================
[17:06:21.341] [INFO ] 📝 Scrape log: /app/data/logs/scrapes/2026-01-29_170621_tqcsi.com.log
[17:06:21.341] [DEBUG] ⏱️ Timeout set to 45s for this scrape
[17:06:21.682] [INFO ] 
[17:06:21.682] [INFO ]     🚀 BROWSER LAUNCHED
[17:06:21.682] [INFO ]     ├─ Mode:       Headless
[17:06:21.682] [INFO ]     ├─ Slow Mo:    44ms
[17:06:21.682] [INFO ]     ├─ Launch Time: 0.05s
[17:06:21.682] [INFO ]     └─ Args:       Anti-automation flags enabled
[17:06:21.704] [DEBUG] Browser profile: viewport={'width': 1366, 'height': 768}, locale=en-US, tz=UTC
[17:06:21.704] [INFO ] 
[17:06:21.704] [INFO ] ╔══════════════════════════════════════════════════════════════════════════╗
[17:06:21.704] [INFO ] ║  📋 SESSION: SCRAPE_20260129_170621_F867
[17:06:21.704] [INFO ] ║  🌐 URL: https://www.tqcsi.com/location/iso-certification-egypt-cairo-office
[17:06:21.704] [INFO ] ║  🔄 ATTEMPT: 1/2
[17:06:21.704] [INFO ] ║  ⏰ STARTED: 2026-01-29T17:06:21.704113+02:00 (Egypt Time)
[17:06:21.704] [INFO ] ╠══════════════════════════════════════════════════════════════════════════╣
[17:06:21.704] [INFO ] 
[17:06:21.704] [INFO ]     ┌─ BROWSER FINGERPRINT ────────────────────────────────────────┐
[17:06:21.704] [INFO ]     │ Browser:     CHROME v120
[17:06:21.704] [INFO ]     │ User-Agent:  Mozilla/5.0 (Windows NT 11.0; Win64; x64) AppleWebKit/537.36 (KHTML, l...
[17:06:21.704] [INFO ]     │ Viewport:    1366x768
[17:06:21.704] [INFO ]     │ Sec-CH-UA:   (not applicable)...
[17:06:21.704] [INFO ]     ├─ LOCATION PROFILE ───────────────────────────────────────────┤
[17:06:21.704] [INFO ]     │ Location:    Los Angeles, USA
[17:06:21.704] [INFO ]     │ Timezone:    N/A
[17:06:21.704] [INFO ]     │ Locale:      en-US
[17:06:21.704] [INFO ]     │ Geo:         0, 0
[17:06:21.704] [INFO ]     ├─ NETWORK ────────────────────────────────────────────────────┤
[17:06:21.704] [INFO ]     │ Proxy:       Direct (no proxy)
[17:06:21.704] [INFO ]     │ Referrer:    https://www.google.com/search?q=www+tqcsi+com
[17:06:21.704] [INFO ]     └──────────────────────────────────────────────────────────────┘
[17:06:21.704] [INFO ] ╚══════════════════════════════════════════════════════════════════════════╝
[17:06:21.704] [INFO ] 🛡️ Injected anti-detection scripts at context level
[17:06:21.704] [DEBUG]    └─ Canvas noise, WebGL spoof, Browser patches
[17:06:21.704] [INFO ] 
[17:06:21.704] [INFO ]     🛡️ ANTI-DETECTION SCRIPTS INJECTED (CONTEXT level)
[17:06:21.704] [INFO ]     ├─ Canvas fingerprint noise
[17:06:21.704] [INFO ]     ├─ WebGL renderer/vendor spoof
[17:06:21.704] [INFO ]     ├─ Hardware concurrency randomization
[17:06:21.704] [INFO ]     ├─ Device memory randomization
[17:06:21.704] [INFO ]     ├─ Plugin masking
[17:06:21.704] [INFO ]     ├─ WebRTC IP leak protection
[17:06:21.704] [INFO ]     ├─ Network connection spoof
[17:06:21.704] [INFO ]     └─ Battery API spoof
[17:06:21.747] [INFO ] 
[17:06:21.747] [INFO ]     🥷 STEALTH MODE APPLIED
[17:06:21.747] [INFO ]     ├─ Navigator patches (webdriver, plugins, languages)
[17:06:21.747] [INFO ]     ├─ Chrome runtime patches
[17:06:21.747] [INFO ]     ├─ Console patches
[17:06:21.747] [INFO ]     └─ Permission patches
[17:06:21.747] [INFO ] 🛡️ Injected anti-detection scripts at page level
[17:06:21.747] [DEBUG]    └─ Canvas noise, WebGL spoof, Browser patches
[17:06:21.747] [INFO ] 
[17:06:21.747] [INFO ]     🛡️ ANTI-DETECTION SCRIPTS INJECTED (PAGE level)
[17:06:21.747] [INFO ]     ├─ Canvas fingerprint noise
[17:06:21.747] [INFO ]     ├─ WebGL renderer/vendor spoof
[17:06:21.747] [INFO ]     ├─ Hardware concurrency randomization
[17:06:21.747] [INFO ]     ├─ Device memory randomization
[17:06:21.747] [INFO ]     ├─ Plugin masking
[17:06:21.747] [INFO ]     ├─ WebRTC IP leak protection
[17:06:21.747] [INFO ]     ├─ Network connection spoof
[17:06:21.747] [INFO ]     └─ Battery API spoof
[17:06:21.747] [DEBUG] Enabled resource blocking (images, media, fonts)
[17:06:21.747] [INFO ] 
[17:06:21.747] [INFO ]     🔗 NAVIGATING TO URL
[17:06:21.747] [INFO ]     ├─ Strategy:   domcontentloaded
[17:06:21.747] [INFO ]     ├─ Timeout:    15.0s
[17:06:21.747] [INFO ]     └─ Sleep:      1s after load
[17:06:25.196] [INFO ] 
[17:06:25.196] [INFO ]     ✅ PAGE LOADED
[17:06:25.196] [INFO ]     ├─ Final URL:  https://www.tqcsi.com/location/iso-certification-egypt-cairo-office
[17:06:25.196] [INFO ]     ├─ Title:      Egypt | ISO Management Systems Certification Body | TQCSI
[17:06:25.196] [INFO ]     └─ Load Time:  3.45s
[17:06:26.371] [INFO ] 🧑 Human behavior simulation...
[17:06:28.323] [INFO ] 🖱️ Mouse: 1 moves in 1366x768
[17:06:28.323] [INFO ] 🖱️ Mouse completed: 1 moves
[17:06:28.323] [INFO ] 📜 Scroll: page height, viewport=768px
[17:06:28.323] [INFO ] 📜 Scroll completed: 2 scrolls
[17:06:28.323] [INFO ] 🧑 Human behavior completed in 2.0s ✓
[17:06:28.323] [INFO ] 
[17:06:28.323] [INFO ]     🧑 HUMAN BEHAVIOR SIMULATED
[17:06:28.323] [INFO ]     ├─ Mouse Movements: 1
[17:06:28.323] [INFO ]     ├─ Scroll Actions:  2
[17:06:28.323] [INFO ]     └─ Time Spent:      1.95s
[17:06:28.507] [INFO ] 
[17:06:28.507] [INFO ]     ┌─ CONTENT METRICS ────────────────────────────────────────────┐
[17:06:28.507] [INFO ]     │ Title:            Egypt | ISO Management Systems Certification Body 
[17:06:28.507] [INFO ]     │ Final URL:        https://www.tqcsi.com/location/iso-certification-egypt-cairo-office
[17:06:28.507] [INFO ]     │ HTML Size:        27,420 bytes
[17:06:28.507] [INFO ]     │ Text Size:        822 chars
[17:06:28.507] [INFO ]     │ Word Count:       ~124 words
[17:06:28.507] [INFO ]     │ Extraction:       trafilatura
[17:06:28.507] [INFO ]     │ Has Article:      ✅ Yes
[17:06:28.507] [INFO ]     └──────────────────────────────────────────────────────────────┘
[17:06:28.532] [INFO ] 
[17:06:28.532] [INFO ] ╔══════════════════════════════════════════════════════════════════════════╗
[17:06:28.532] [INFO ] ║  ✅ SCRAPE SUCCESSFUL - SCRAPE_20260129_170621_F867
[17:06:28.532] [INFO ] ╠══════════════════════════════════════════════════════════════════════════╣
[17:06:28.532] [INFO ] 
[17:06:28.532] [INFO ]     ┌─ TIMING BREAKDOWN ───────────────────────────────────────────┐
[17:06:28.532] [INFO ]     │ Browser Launch:      0.05s
[17:06:28.532] [INFO ]     │ Page Load:           3.45s
[17:06:28.532] [INFO ]     │ Cloudflare Wait:     0.00s
[17:06:28.532] [INFO ]     │ Human Simulation:    1.95s
[17:06:28.532] [INFO ]     │
[17:06:28.532] [INFO ]     │ Content Extraction:  0.12s
[17:06:28.532] [INFO ]     │ ─────────────────────────────────────────────────────────────
[17:06:28.532] [INFO ]     │ TOTAL TIME:          5.58s
[17:06:28.532] [INFO ]     └──────────────────────────────────────────────────────────────┘
[17:06:28.532] [INFO ] 
[17:06:28.532] [INFO ]     ┌─ CONTENT METRICS ────────────────────────────────────────────┐
[17:06:28.532] [INFO ]     │ Title:            Egypt | ISO Management Systems Certification Body 
[17:06:28.532] [INFO ]     │ Final URL:        https://www.tqcsi.com/location/iso-certification-egypt-cairo-office
[17:06:28.532] [INFO ]     │ HTML Size:        27,420 bytes
[17:06:28.532] [INFO ]     │ Text Size:        822 chars
[17:06:28.532] [INFO ]     │ Word Count:       ~124 words
[17:06:28.532] [INFO ]     │ Extraction:       trafilatura
[17:06:28.532] [INFO ]     │ Has Article:      ✅ Yes
[17:06:28.532] [INFO ]     └──────────────────────────────────────────────────────────────┘
[17:06:28.532] [INFO ] ╠══════════════════════════════════════════════════════════════════════════╣
[17:06:28.532] [INFO ] ║  📊 SESSION STATS
[17:06:28.532] [INFO ] ║  ├─ Strategies Tried:   domcontentloaded
[17:06:28.532] [INFO ] ║  ├─ Popups Dismissed:   0
[17:06:28.532] [INFO ] ║  ├─ Cloudflare:         Not detected
[17:06:28.532] [INFO ] ║  └─ Proxy Used:         Direct
[17:06:28.532] [INFO ] ╚══════════════════════════════════════════════════════════════════════════╝
[17:06:28.532] [INFO ] 

================================================================================
STATUS: SUCCESS
TOTAL TIME: 7.19s
ENDED: 2026-01-29T17:06:28.532885+02:00 (Egypt Time)
END OF SCRAPE LOG
================================================================================