================================================================================
SCRAPE LOG: https://terralex.connectedcommunity.org/blogs/nicole-rudner/2023/07/17/new-regulations-and-licensing-requirements-for-dig
Started: 2026-01-25 15:55:46
Session ID: SCRAPE_20260125_155546_8952
================================================================================
[15:55:46.634] [INFO ] 📝 Scrape log: /app/data/logs/scrapes/2026-01-25_155546_terralex.connectedcommunity.org.log
[15:55:46.634] [DEBUG] ⏱️ Timeout set to 45s for this scrape
[15:55:46.983] [INFO ] 
[15:55:46.983] [INFO ]     🚀 BROWSER LAUNCHED
[15:55:46.983] [INFO ]     ├─ Mode:       Headless
[15:55:46.983] [INFO ]     ├─ Slow Mo:    49ms
[15:55:46.983] [INFO ]     ├─ Launch Time: 0.06s
[15:55:46.983] [INFO ]     └─ Args:       Anti-automation flags enabled
[15:55:47.003] [DEBUG] Browser profile: viewport={'width': 1600, 'height': 900}, locale=en-GB, tz=UTC
[15:55:47.003] [INFO ] 
[15:55:47.003] [INFO ] ╔══════════════════════════════════════════════════════════════════════════╗
[15:55:47.003] [INFO ] ║  📋 SESSION: SCRAPE_20260125_155546_8952
[15:55:47.003] [INFO ] ║  🌐 URL: https://terralex.connectedcommunity.org/blogs/nicole-rudner/2023/07/17/new-regulations-and-licensing-requirements-for-dig
[15:55:47.003] [INFO ] ║  🔄 ATTEMPT: 1/2
[15:55:47.003] [INFO ] ║  ⏰ STARTED: 2026-01-25T15:55:47.003643+02:00 (Egypt Time)
[15:55:47.003] [INFO ] ╠══════════════════════════════════════════════════════════════════════════╣
[15:55:47.003] [INFO ] 
[15:55:47.003] [INFO ]     ┌─ BROWSER FINGERPRINT ────────────────────────────────────────┐
[15:55:47.003] [INFO ]     │ Browser:     CHROME v124
[15:55:47.003] [INFO ]     │ User-Agent:  Mozilla/5.0 (Windows NT 10.0; Win64; x64) AppleWebKit/537.36 (KHTML, l...
[15:55:47.003] [INFO ]     │ Viewport:    1600x900
[15:55:47.003] [INFO ]     │ Sec-CH-UA:   (not applicable)...
[15:55:47.003] [INFO ]     ├─ LOCATION PROFILE ───────────────────────────────────────────┤
[15:55:47.003] [INFO ]     │ Location:    Manchester, UK
[15:55:47.003] [INFO ]     │ Timezone:    N/A
[15:55:47.003] [INFO ]     │ Locale:      en-GB
[15:55:47.003] [INFO ]     │ Geo:         0, 0
[15:55:47.003] [INFO ]     ├─ NETWORK ────────────────────────────────────────────────────┤
[15:55:47.003] [INFO ]     │ Proxy:       Direct (no proxy)
[15:55:47.003] [INFO ]     │ Referrer:    https://news.google.com/
[15:55:47.003] [INFO ]     └──────────────────────────────────────────────────────────────┘
[15:55:47.003] [INFO ] ╚══════════════════════════════════════════════════════════════════════════╝
[15:55:47.003] [INFO ] 🛡️ Injected anti-detection scripts at context level
[15:55:47.003] [DEBUG]    └─ Canvas noise, WebGL spoof, Browser patches
[15:55:47.003] [INFO ] 
[15:55:47.003] [INFO ]     🛡️ ANTI-DETECTION SCRIPTS INJECTED (CONTEXT level)
[15:55:47.003] [INFO ]     ├─ Canvas fingerprint noise
[15:55:47.003] [INFO ]     ├─ WebGL renderer/vendor spoof
[15:55:47.003] [INFO ]     ├─ Hardware concurrency randomization
[15:55:47.003] [INFO ]     ├─ Device memory randomization
[15:55:47.003] [INFO ]     ├─ Plugin masking
[15:55:47.003] [INFO ]     ├─ WebRTC IP leak protection
[15:55:47.003] [INFO ]     ├─ Network connection spoof
[15:55:47.003] [INFO ]     └─ Battery API spoof
[15:55:47.046] [INFO ] 
[15:55:47.046] [INFO ]     🥷 STEALTH MODE APPLIED
[15:55:47.046] [INFO ]     ├─ Navigator patches (webdriver, plugins, languages)
[15:55:47.046] [INFO ]     ├─ Chrome runtime patches
[15:55:47.046] [INFO ]     ├─ Console patches
[15:55:47.046] [INFO ]     └─ Permission patches
[15:55:47.046] [INFO ] 🛡️ Injected anti-detection scripts at page level
[15:55:47.046] [DEBUG]    └─ Canvas noise, WebGL spoof, Browser patches
[15:55:47.046] [INFO ] 
[15:55:47.046] [INFO ]     🛡️ ANTI-DETECTION SCRIPTS INJECTED (PAGE level)
[15:55:47.046] [INFO ]     ├─ Canvas fingerprint noise
[15:55:47.046] [INFO ]     ├─ WebGL renderer/vendor spoof
[15:55:47.046] [INFO ]     ├─ Hardware concurrency randomization
[15:55:47.046] [INFO ]     ├─ Device memory randomization
[15:55:47.046] [INFO ]     ├─ Plugin masking
[15:55:47.046] [INFO ]     ├─ WebRTC IP leak protection
[15:55:47.046] [INFO ]     ├─ Network connection spoof
[15:55:47.046] [INFO ]     └─ Battery API spoof
[15:55:47.046] [DEBUG] Enabled resource blocking (images, media, fonts)
[15:55:47.046] [INFO ] 
[15:55:47.046] [INFO ]     🔗 NAVIGATING TO URL
[15:55:47.046] [INFO ]     ├─ Strategy:   domcontentloaded
[15:55:47.046] [INFO ]     ├─ Timeout:    15.0s
[15:55:47.046] [INFO ]     └─ Sleep:      1s after load
[15:55:49.363] [INFO ] 
[15:55:49.363] [INFO ]     ✅ PAGE LOADED
[15:55:49.363] [INFO ]     ├─ Final URL:  https://terralex.connectedcommunity.org/blogs/nicole-rudner/2023/07/17/new-regulations-and-licensing-requirements-for-dig
[15:55:49.363] [INFO ]     ├─ Title:      New Regulations and Licensing Requirements for Digital Banks in Egypt
[15:55:49.363] [INFO ]     └─ Load Time:  2.32s
[15:55:50.585] [INFO ] 🧑 Human behavior simulation...
[15:55:55.361] [INFO ] 🖱️ Mouse: 3 moves in 1600x900
[15:55:55.361] [INFO ] 🖱️ Mouse completed: 3 moves
[15:55:55.361] [INFO ] 📜 Scroll: page height, viewport=900px
[15:55:55.361] [INFO ] 📜 Scroll completed: 3 scrolls
[15:55:55.361] [INFO ] 🧑 Human behavior completed in 4.8s ✓
[15:55:55.361] [INFO ] 
[15:55:55.361] [INFO ]     🧑 HUMAN BEHAVIOR SIMULATED
[15:55:55.361] [INFO ]     ├─ Mouse Movements: 3
[15:55:55.361] [INFO ]     ├─ Scroll Actions:  3
[15:55:55.361] [INFO ]     └─ Time Spent:      4.78s
[15:55:55.508] [INFO ] 
[15:55:55.508] [INFO ]     ┌─ CONTENT METRICS ────────────────────────────────────────────┐
[15:55:55.508] [INFO ]     │ Title:            New Regulations and Licensing Requirements for Dig
[15:55:55.508] [INFO ]     │ Final URL:        https://terralex.connectedcommunity.org/blogs/nicole-rudner/2023/07/17/new-regulations-and-licensing-requirements-for-dig
[15:55:55.508] [INFO ]     │ HTML Size:        135,732 bytes
[15:55:55.508] [INFO ]     │ Text Size:        5,098 chars
[15:55:55.508] [INFO ]     │ Word Count:       ~773 words
[15:55:55.508] [INFO ]     │ Extraction:       trafilatura
[15:55:55.508] [INFO ]     │ Has Article:      ✅ Yes
[15:55:55.508] [INFO ]     └──────────────────────────────────────────────────────────────┘
[15:55:55.537] [INFO ] 
[15:55:55.537] [INFO ] ╔══════════════════════════════════════════════════════════════════════════╗
[15:55:55.537] [INFO ] ║  ✅ SCRAPE SUCCESSFUL - SCRAPE_20260125_155546_8952
[15:55:55.537] [INFO ] ╠══════════════════════════════════════════════════════════════════════════╣
[15:55:55.537] [INFO ] 
[15:55:55.537] [INFO ]     ┌─ TIMING BREAKDOWN ───────────────────────────────────────────┐
[15:55:55.537] [INFO ]     │ Browser Launch:      0.06s
[15:55:55.537] [INFO ]     │ Page Load:           2.32s
[15:55:55.537] [INFO ]     │ Cloudflare Wait:     0.00s
[15:55:55.538] [INFO ]     │ Human Simulation:    4.78s
[15:55:55.538] [INFO ]     │
[15:55:55.538] [INFO ]     │ Content Extraction:  0.07s
[15:55:55.538] [INFO ]     │ ─────────────────────────────────────────────────────────────
[15:55:55.538] [INFO ]     │ TOTAL TIME:          7.22s
[15:55:55.538] [INFO ]     └──────────────────────────────────────────────────────────────┘
[15:55:55.538] [INFO ] 
[15:55:55.538] [INFO ]     ┌─ CONTENT METRICS ────────────────────────────────────────────┐
[15:55:55.538] [INFO ]     │ Title:            New Regulations and Licensing Requirements for Dig
[15:55:55.538] [INFO ]     │ Final URL:        https://terralex.connectedcommunity.org/blogs/nicole-rudner/2023/07/17/new-regulations-and-licensing-requirements-for-dig
[15:55:55.538] [INFO ]     │ HTML Size:        135,732 bytes
[15:55:55.538] [INFO ]     │ Text Size:        5,098 chars
[15:55:55.538] [INFO ]     │ Word Count:       ~773 words
[15:55:55.538] [INFO ]     │ Extraction:       trafilatura
[15:55:55.538] [INFO ]     │ Has Article:      ✅ Yes
[15:55:55.538] [INFO ]     └──────────────────────────────────────────────────────────────┘
[15:55:55.538] [INFO ] ╠══════════════════════════════════════════════════════════════════════════╣
[15:55:55.538] [INFO ] ║  📊 SESSION STATS
[15:55:55.538] [INFO ] ║  ├─ Strategies Tried:   domcontentloaded
[15:55:55.538] [INFO ] ║  ├─ Popups Dismissed:   0
[15:55:55.538] [INFO ] ║  ├─ Cloudflare:         Not detected
[15:55:55.538] [INFO ] ║  └─ Proxy Used:         Direct
[15:55:55.538] [INFO ] ╚══════════════════════════════════════════════════════════════════════════╝
[15:55:55.538] [INFO ] 

================================================================================
STATUS: SUCCESS
TOTAL TIME: 8.90s
ENDED: 2026-01-25T15:55:55.538289+02:00 (Egypt Time)
END OF SCRAPE LOG
================================================================================