================================================================================
SCRAPE LOG: https://www.iso-certification-egypt.com/iso-27005-certification.html
Started: 2026-01-29 20:02:26
Session ID: SCRAPE_20260129_200226_8420
================================================================================
[20:02:26.112] [INFO ] 📝 Scrape log: /app/data/logs/scrapes/2026-01-29_200226_iso-certification-egypt.com.log
[20:02:26.112] [DEBUG] ⏱️ Timeout set to 45s for this scrape
[20:02:26.454] [INFO ] 
[20:02:26.454] [INFO ]     🚀 BROWSER LAUNCHED
[20:02:26.454] [INFO ]     ├─ Mode:       Headless
[20:02:26.454] [INFO ]     ├─ Slow Mo:    54ms
[20:02:26.454] [INFO ]     ├─ Launch Time: 0.06s
[20:02:26.454] [INFO ]     └─ Args:       Anti-automation flags enabled
[20:02:26.470] [DEBUG] Browser profile: viewport={'width': 1728, 'height': 1117}, locale=en-US, tz=UTC
[20:02:26.470] [INFO ] 
[20:02:26.470] [INFO ] ╔══════════════════════════════════════════════════════════════════════════╗
[20:02:26.470] [INFO ] ║  📋 SESSION: SCRAPE_20260129_200226_8420
[20:02:26.470] [INFO ] ║  🌐 URL: https://www.iso-certification-egypt.com/iso-27005-certification.html
[20:02:26.470] [INFO ] ║  🔄 ATTEMPT: 1/2
[20:02:26.470] [INFO ] ║  ⏰ STARTED: 2026-01-29T20:02:26.470212+02:00 (Egypt Time)
[20:02:26.470] [INFO ] ╠══════════════════════════════════════════════════════════════════════════╣
[20:02:26.470] [INFO ] 
[20:02:26.470] [INFO ]     ┌─ BROWSER FINGERPRINT ────────────────────────────────────────┐
[20:02:26.470] [INFO ]     │ Browser:     CHROME v119
[20:02:26.470] [INFO ]     │ User-Agent:  Mozilla/5.0 (Macintosh; Intel Mac OS X 13_5) AppleWebKit/537.36 (KHTML...
[20:02:26.470] [INFO ]     │ Viewport:    1728x1117
[20:02:26.470] [INFO ]     │ Sec-CH-UA:   (not applicable)...
[20:02:26.470] [INFO ]     ├─ LOCATION PROFILE ───────────────────────────────────────────┤
[20:02:26.470] [INFO ]     │ Location:    Boston, USA
[20:02:26.470] [INFO ]     │ Timezone:    N/A
[20:02:26.470] [INFO ]     │ Locale:      en-US
[20:02:26.470] [INFO ]     │ Geo:         0, 0
[20:02:26.470] [INFO ]     ├─ NETWORK ────────────────────────────────────────────────────┤
[20:02:26.470] [INFO ]     │ Proxy:       Direct (no proxy)
[20:02:26.470] [INFO ]     │ Referrer:    https://news.google.com/
[20:02:26.470] [INFO ]     └──────────────────────────────────────────────────────────────┘
[20:02:26.470] [INFO ] ╚══════════════════════════════════════════════════════════════════════════╝
[20:02:26.470] [INFO ] 🛡️ Injected anti-detection scripts at context level
[20:02:26.470] [DEBUG]    └─ Canvas noise, WebGL spoof, Browser patches
[20:02:26.470] [INFO ] 
[20:02:26.470] [INFO ]     🛡️ ANTI-DETECTION SCRIPTS INJECTED (CONTEXT level)
[20:02:26.470] [INFO ]     ├─ Canvas fingerprint noise
[20:02:26.470] [INFO ]     ├─ WebGL renderer/vendor spoof
[20:02:26.470] [INFO ]     ├─ Hardware concurrency randomization
[20:02:26.470] [INFO ]     ├─ Device memory randomization
[20:02:26.470] [INFO ]     ├─ Plugin masking
[20:02:26.470] [INFO ]     ├─ WebRTC IP leak protection
[20:02:26.470] [INFO ]     ├─ Network connection spoof
[20:02:26.470] [INFO ]     └─ Battery API spoof
[20:02:26.511] [INFO ] 
[20:02:26.511] [INFO ]     🥷 STEALTH MODE APPLIED
[20:02:26.511] [INFO ]     ├─ Navigator patches (webdriver, plugins, languages)
[20:02:26.511] [INFO ]     ├─ Chrome runtime patches
[20:02:26.511] [INFO ]     ├─ Console patches
[20:02:26.511] [INFO ]     └─ Permission patches
[20:02:26.511] [INFO ] 🛡️ Injected anti-detection scripts at page level
[20:02:26.511] [DEBUG]    └─ Canvas noise, WebGL spoof, Browser patches
[20:02:26.511] [INFO ] 
[20:02:26.511] [INFO ]     🛡️ ANTI-DETECTION SCRIPTS INJECTED (PAGE level)
[20:02:26.511] [INFO ]     ├─ Canvas fingerprint noise
[20:02:26.511] [INFO ]     ├─ WebGL renderer/vendor spoof
[20:02:26.511] [INFO ]     ├─ Hardware concurrency randomization
[20:02:26.511] [INFO ]     ├─ Device memory randomization
[20:02:26.511] [INFO ]     ├─ Plugin masking
[20:02:26.511] [INFO ]     ├─ WebRTC IP leak protection
[20:02:26.511] [INFO ]     ├─ Network connection spoof
[20:02:26.511] [INFO ]     └─ Battery API spoof
[20:02:26.511] [DEBUG] Enabled resource blocking (images, media, fonts)
[20:02:26.511] [INFO ] 
[20:02:26.511] [INFO ]     🔗 NAVIGATING TO URL
[20:02:26.511] [INFO ]     ├─ Strategy:   domcontentloaded
[20:02:26.511] [INFO ]     ├─ Timeout:    15.0s
[20:02:26.511] [INFO ]     └─ Sleep:      1s after load
[20:02:33.408] [INFO ] 
[20:02:33.408] [INFO ]     ✅ PAGE LOADED
[20:02:33.408] [INFO ]     ├─ Final URL:  https://www.iso-certification-egypt.com/iso-27005-certification.html
[20:02:33.408] [INFO ]     ├─ Title:      ISO 27005 Certification Consulting Services in Egypt | TopCertifier
[20:02:33.408] [INFO ]     └─ Load Time:  6.90s
[20:02:34.632] [INFO ] 🧑 Human behavior simulation...
[20:02:39.024] [INFO ] 🖱️ Mouse: 3 moves in 1728x1117
[20:02:39.024] [INFO ] 🖱️ Mouse completed: 3 moves
[20:02:39.024] [INFO ] 📜 Scroll: page height, viewport=1117px
[20:02:39.024] [INFO ] 📜 Scroll completed: 1 scrolls
[20:02:39.024] [INFO ] 🧑 Human behavior completed in 4.4s ✓
[20:02:39.024] [INFO ] 
[20:02:39.024] [INFO ]     🧑 HUMAN BEHAVIOR SIMULATED
[20:02:39.024] [INFO ]     ├─ Mouse Movements: 3
[20:02:39.024] [INFO ]     ├─ Scroll Actions:  1
[20:02:39.024] [INFO ]     └─ Time Spent:      4.39s
[20:02:39.264] [INFO ] 
[20:02:39.264] [INFO ]     ┌─ CONTENT METRICS ────────────────────────────────────────────┐
[20:02:39.264] [INFO ]     │ Title:            ISO 27005 CERTIFICATION IN Egypt
[20:02:39.264] [INFO ]     │ Final URL:        https://www.iso-certification-egypt.com/iso-27005-certification.html
[20:02:39.264] [INFO ]     │ HTML Size:        69,786 bytes
[20:02:39.264] [INFO ]     │ Text Size:        2,178 chars
[20:02:39.264] [INFO ]     │ Word Count:       ~306 words
[20:02:39.264] [INFO ]     │ Extraction:       trafilatura
[20:02:39.264] [INFO ]     │ Has Article:      ✅ Yes
[20:02:39.264] [INFO ]     └──────────────────────────────────────────────────────────────┘
[20:02:39.290] [INFO ] 
[20:02:39.290] [INFO ] ╔══════════════════════════════════════════════════════════════════════════╗
[20:02:39.290] [INFO ] ║  ✅ SCRAPE SUCCESSFUL - SCRAPE_20260129_200226_8420
[20:02:39.290] [INFO ] ╠══════════════════════════════════════════════════════════════════════════╣
[20:02:39.290] [INFO ] 
[20:02:39.290] [INFO ]     ┌─ TIMING BREAKDOWN ───────────────────────────────────────────┐
[20:02:39.290] [INFO ]     │ Browser Launch:      0.06s
[20:02:39.290] [INFO ]     │ Page Load:           6.90s
[20:02:39.290] [INFO ]     │ Cloudflare Wait:     0.00s
[20:02:39.290] [INFO ]     │ Human Simulation:    4.39s
[20:02:39.290] [INFO ]     │
[20:02:39.290] [INFO ]     │ Content Extraction:  0.17s
[20:02:39.290] [INFO ]     │ ─────────────────────────────────────────────────────────────
[20:02:39.290] [INFO ]     │ TOTAL TIME:          11.51s
[20:02:39.290] [INFO ]     └──────────────────────────────────────────────────────────────┘
[20:02:39.290] [INFO ] 
[20:02:39.290] [INFO ]     ┌─ CONTENT METRICS ────────────────────────────────────────────┐
[20:02:39.290] [INFO ]     │ Title:            ISO 27005 CERTIFICATION IN Egypt
[20:02:39.290] [INFO ]     │ Final URL:        https://www.iso-certification-egypt.com/iso-27005-certification.html
[20:02:39.290] [INFO ]     │ HTML Size:        69,786 bytes
[20:02:39.290] [INFO ]     │ Text Size:        2,178 chars
[20:02:39.290] [INFO ]     │ Word Count:       ~306 words
[20:02:39.290] [INFO ]     │ Extraction:       trafilatura
[20:02:39.290] [INFO ]     │ Has Article:      ✅ Yes
[20:02:39.290] [INFO ]     └──────────────────────────────────────────────────────────────┘
[20:02:39.290] [INFO ] ╠══════════════════════════════════════════════════════════════════════════╣
[20:02:39.290] [INFO ] ║  📊 SESSION STATS
[20:02:39.290] [INFO ] ║  ├─ Strategies Tried:   domcontentloaded
[20:02:39.290] [INFO ] ║  ├─ Popups Dismissed:   0
[20:02:39.290] [INFO ] ║  ├─ Cloudflare:         Not detected
[20:02:39.290] [INFO ] ║  └─ Proxy Used:         Direct
[20:02:39.290] [INFO ] ╚══════════════════════════════════════════════════════════════════════════╝
[20:02:39.290] [INFO ] 

================================================================================
STATUS: SUCCESS
TOTAL TIME: 13.18s
ENDED: 2026-01-29T20:02:39.290743+02:00 (Egypt Time)
END OF SCRAPE LOG
================================================================================