================================================================================
SCRAPE LOG: https://www.hubspot.com/data-privacy/gdpr
Started: 2026-01-28 12:40:40
Session ID: SCRAPE_20260128_124040_4612
================================================================================
[12:40:40.319] [INFO ] 📝 Scrape log: /app/data/logs/scrapes/2026-01-28_124040_hubspot.com.log
[12:40:40.319] [DEBUG] ⏱️ Timeout set to 45s for this scrape
[12:40:40.672] [INFO ] 
[12:40:40.672] [INFO ]     🚀 BROWSER LAUNCHED
[12:40:40.672] [INFO ]     ├─ Mode:       Headless
[12:40:40.672] [INFO ]     ├─ Slow Mo:    60ms
[12:40:40.672] [INFO ]     ├─ Launch Time: 0.06s
[12:40:40.672] [INFO ]     └─ Args:       Anti-automation flags enabled
[12:40:40.685] [DEBUG] Browser profile: viewport={'width': 1600, 'height': 900}, locale=en-US, tz=UTC
[12:40:40.685] [INFO ] 
[12:40:40.685] [INFO ] ╔══════════════════════════════════════════════════════════════════════════╗
[12:40:40.685] [INFO ] ║  📋 SESSION: SCRAPE_20260128_124040_4612
[12:40:40.685] [INFO ] ║  🌐 URL: https://www.hubspot.com/data-privacy/gdpr
[12:40:40.685] [INFO ] ║  🔄 ATTEMPT: 1/2
[12:40:40.685] [INFO ] ║  ⏰ STARTED: 2026-01-28T12:40:40.685167+02:00 (Egypt Time)
[12:40:40.685] [INFO ] ╠══════════════════════════════════════════════════════════════════════════╣
[12:40:40.685] [INFO ] 
[12:40:40.685] [INFO ]     ┌─ BROWSER FINGERPRINT ────────────────────────────────────────┐
[12:40:40.685] [INFO ]     │ Browser:     EDGE v120
[12:40:40.685] [INFO ]     │ User-Agent:  Mozilla/5.0 (Windows NT 10.0; Win64; x64) AppleWebKit/537.36 (KHTML, l...
[12:40:40.685] [INFO ]     │ Viewport:    1600x900
[12:40:40.685] [INFO ]     │ Sec-CH-UA:   (not applicable)...
[12:40:40.685] [INFO ]     ├─ LOCATION PROFILE ───────────────────────────────────────────┤
[12:40:40.685] [INFO ]     │ Location:    New York, USA
[12:40:40.685] [INFO ]     │ Timezone:    N/A
[12:40:40.685] [INFO ]     │ Locale:      en-US
[12:40:40.685] [INFO ]     │ Geo:         0, 0
[12:40:40.685] [INFO ]     ├─ NETWORK ────────────────────────────────────────────────────┤
[12:40:40.685] [INFO ]     │ Proxy:       Direct (no proxy)
[12:40:40.685] [INFO ]     │ Referrer:    https://news.google.com/
[12:40:40.685] [INFO ]     └──────────────────────────────────────────────────────────────┘
[12:40:40.685] [INFO ] ╚══════════════════════════════════════════════════════════════════════════╝
[12:40:40.685] [INFO ] 🛡️ Injected anti-detection scripts at context level
[12:40:40.685] [DEBUG]    └─ Canvas noise, WebGL spoof, Browser patches
[12:40:40.685] [INFO ] 
[12:40:40.685] [INFO ]     🛡️ ANTI-DETECTION SCRIPTS INJECTED (CONTEXT level)
[12:40:40.685] [INFO ]     ├─ Canvas fingerprint noise
[12:40:40.685] [INFO ]     ├─ WebGL renderer/vendor spoof
[12:40:40.685] [INFO ]     ├─ Hardware concurrency randomization
[12:40:40.685] [INFO ]     ├─ Device memory randomization
[12:40:40.685] [INFO ]     ├─ Plugin masking
[12:40:40.685] [INFO ]     ├─ WebRTC IP leak protection
[12:40:40.685] [INFO ]     ├─ Network connection spoof
[12:40:40.685] [INFO ]     └─ Battery API spoof
[12:40:40.729] [INFO ] 
[12:40:40.729] [INFO ]     🥷 STEALTH MODE APPLIED
[12:40:40.729] [INFO ]     ├─ Navigator patches (webdriver, plugins, languages)
[12:40:40.729] [INFO ]     ├─ Chrome runtime patches
[12:40:40.729] [INFO ]     ├─ Console patches
[12:40:40.729] [INFO ]     └─ Permission patches
[12:40:40.729] [INFO ] 🛡️ Injected anti-detection scripts at page level
[12:40:40.729] [DEBUG]    └─ Canvas noise, WebGL spoof, Browser patches
[12:40:40.729] [INFO ] 
[12:40:40.729] [INFO ]     🛡️ ANTI-DETECTION SCRIPTS INJECTED (PAGE level)
[12:40:40.729] [INFO ]     ├─ Canvas fingerprint noise
[12:40:40.729] [INFO ]     ├─ WebGL renderer/vendor spoof
[12:40:40.729] [INFO ]     ├─ Hardware concurrency randomization
[12:40:40.729] [INFO ]     ├─ Device memory randomization
[12:40:40.729] [INFO ]     ├─ Plugin masking
[12:40:40.729] [INFO ]     ├─ WebRTC IP leak protection
[12:40:40.729] [INFO ]     ├─ Network connection spoof
[12:40:40.729] [INFO ]     └─ Battery API spoof
[12:40:40.729] [DEBUG] Enabled resource blocking (images, media, fonts)
[12:40:40.729] [INFO ] 
[12:40:40.729] [INFO ]     🔗 NAVIGATING TO URL
[12:40:40.729] [INFO ]     ├─ Strategy:   domcontentloaded
[12:40:40.729] [INFO ]     ├─ Timeout:    15.0s
[12:40:40.729] [INFO ]     └─ Sleep:      1s after load
[12:40:46.071] [INFO ] 
[12:40:46.071] [INFO ]     ✅ PAGE LOADED
[12:40:46.071] [INFO ]     ├─ Final URL:  https://www.hubspot.com/data-privacy/gdpr
[12:40:46.071] [INFO ]     ├─ Title:      General Data Protection Regulation | HubSpot
[12:40:46.071] [INFO ]     └─ Load Time:  5.34s
[12:40:48.801] [INFO ] 🧑 Human behavior simulation...
[12:40:53.910] [INFO ] 🖱️ Mouse: 3 moves in 1600x900
[12:40:53.910] [INFO ] 🖱️ Mouse completed: 3 moves
[12:40:53.910] [INFO ] 📜 Scroll: page height, viewport=900px
[12:40:53.910] [INFO ] 📜 Scroll completed: 1 scrolls
[12:40:53.910] [INFO ] 🧑 Human behavior completed in 5.1s ✓
[12:40:53.910] [INFO ] 
[12:40:53.910] [INFO ]     🧑 HUMAN BEHAVIOR SIMULATED
[12:40:53.910] [INFO ]     ├─ Mouse Movements: 3
[12:40:53.910] [INFO ]     ├─ Scroll Actions:  1
[12:40:53.910] [INFO ]     └─ Time Spent:      5.11s
[12:40:55.217] [INFO ] 
[12:40:55.217] [INFO ]     ┌─ CONTENT METRICS ────────────────────────────────────────────┐
[12:40:55.217] [INFO ]     │ Title:            General Data Protection Regulation | HubSpot
[12:40:55.217] [INFO ]     │ Final URL:        https://www.hubspot.com/data-privacy/gdpr
[12:40:55.217] [INFO ]     │ HTML Size:        793,017 bytes
[12:40:55.217] [INFO ]     │ Text Size:        13,660 chars
[12:40:55.217] [INFO ]     │ Word Count:       ~2206 words
[12:40:55.217] [INFO ]     │ Extraction:       trafilatura
[12:40:55.217] [INFO ]     │ Has Article:      ✅ Yes
[12:40:55.217] [INFO ]     └──────────────────────────────────────────────────────────────┘
[12:40:55.266] [INFO ] 
[12:40:55.266] [INFO ] ╔══════════════════════════════════════════════════════════════════════════╗
[12:40:55.266] [INFO ] ║  ✅ SCRAPE SUCCESSFUL - SCRAPE_20260128_124040_4612
[12:40:55.266] [INFO ] ╠══════════════════════════════════════════════════════════════════════════╣
[12:40:55.266] [INFO ] 
[12:40:55.266] [INFO ]     ┌─ TIMING BREAKDOWN ───────────────────────────────────────────┐
[12:40:55.266] [INFO ]     │ Browser Launch:      0.06s
[12:40:55.266] [INFO ]     │ Page Load:           5.34s
[12:40:55.266] [INFO ]     │ Cloudflare Wait:     0.00s
[12:40:55.266] [INFO ]     │ Human Simulation:    5.11s
[12:40:55.266] [INFO ]     │
[12:40:55.266] [INFO ]     │ Content Extraction:  0.99s
[12:40:55.266] [INFO ]     │ ─────────────────────────────────────────────────────────────
[12:40:55.266] [INFO ]     │ TOTAL TIME:          11.50s
[12:40:55.266] [INFO ]     └──────────────────────────────────────────────────────────────┘
[12:40:55.266] [INFO ] 
[12:40:55.266] [INFO ]     ┌─ CONTENT METRICS ────────────────────────────────────────────┐
[12:40:55.266] [INFO ]     │ Title:            General Data Protection Regulation | HubSpot
[12:40:55.267] [INFO ]     │ Final URL:        https://www.hubspot.com/data-privacy/gdpr
[12:40:55.267] [INFO ]     │ HTML Size:        793,017 bytes
[12:40:55.267] [INFO ]     │ Text Size:        13,660 chars
[12:40:55.267] [INFO ]     │ Word Count:       ~2206 words
[12:40:55.267] [INFO ]     │ Extraction:       trafilatura
[12:40:55.267] [INFO ]     │ Has Article:      ✅ Yes
[12:40:55.267] [INFO ]     └──────────────────────────────────────────────────────────────┘
[12:40:55.267] [INFO ] ╠══════════════════════════════════════════════════════════════════════════╣
[12:40:55.267] [INFO ] ║  📊 SESSION STATS
[12:40:55.267] [INFO ] ║  ├─ Strategies Tried:   domcontentloaded
[12:40:55.267] [INFO ] ║  ├─ Popups Dismissed:   0
[12:40:55.267] [INFO ] ║  ├─ Cloudflare:         Not detected
[12:40:55.267] [INFO ] ║  └─ Proxy Used:         Direct
[12:40:55.267] [INFO ] ╚══════════════════════════════════════════════════════════════════════════╝
[12:40:55.267] [INFO ] 

================================================================================
STATUS: SUCCESS
TOTAL TIME: 14.95s
ENDED: 2026-01-28T12:40:55.267070+02:00 (Egypt Time)
END OF SCRAPE LOG
================================================================================