================================================================================
SCRAPE LOG: https://legal.thomsonreuters.com/en/insights/articles/top-five-concerns-gdpr-compliance
Started: 2026-01-28 12:43:36
Session ID: SCRAPE_20260128_124336_B65A
================================================================================
[12:43:36.269] [INFO ] 📝 Scrape log: /app/data/logs/scrapes/2026-01-28_124336_legal.thomsonreuters.com.log
[12:43:36.269] [DEBUG] ⏱️ Timeout set to 45s for this scrape
[12:43:36.610] [INFO ] 
[12:43:36.610] [INFO ]     🚀 BROWSER LAUNCHED
[12:43:36.610] [INFO ]     ├─ Mode:       Headless
[12:43:36.610] [INFO ]     ├─ Slow Mo:    49ms
[12:43:36.610] [INFO ]     ├─ Launch Time: 0.06s
[12:43:36.610] [INFO ]     └─ Args:       Anti-automation flags enabled
[12:43:36.628] [DEBUG] Browser profile: viewport={'width': 1280, 'height': 720}, locale=en-US, tz=UTC
[12:43:36.628] [INFO ] 
[12:43:36.628] [INFO ] ╔══════════════════════════════════════════════════════════════════════════╗
[12:43:36.628] [INFO ] ║  📋 SESSION: SCRAPE_20260128_124336_B65A
[12:43:36.628] [INFO ] ║  🌐 URL: https://legal.thomsonreuters.com/en/insights/articles/top-five-concerns-gdpr-compliance
[12:43:36.628] [INFO ] ║  🔄 ATTEMPT: 1/2
[12:43:36.628] [INFO ] ║  ⏰ STARTED: 2026-01-28T12:43:36.628616+02:00 (Egypt Time)
[12:43:36.628] [INFO ] ╠══════════════════════════════════════════════════════════════════════════╣
[12:43:36.628] [INFO ] 
[12:43:36.628] [INFO ]     ┌─ BROWSER FINGERPRINT ────────────────────────────────────────┐
[12:43:36.628] [INFO ]     │ Browser:     CHROME v120
[12:43:36.628] [INFO ]     │ User-Agent:  Mozilla/5.0 (Windows NT 11.0; Win64; x64) AppleWebKit/537.36 (KHTML, l...
[12:43:36.628] [INFO ]     │ Viewport:    1280x720
[12:43:36.628] [INFO ]     │ Sec-CH-UA:   (not applicable)...
[12:43:36.628] [INFO ]     ├─ LOCATION PROFILE ───────────────────────────────────────────┤
[12:43:36.628] [INFO ]     │ Location:    New York, USA
[12:43:36.628] [INFO ]     │ Timezone:    N/A
[12:43:36.628] [INFO ]     │ Locale:      en-US
[12:43:36.628] [INFO ]     │ Geo:         0, 0
[12:43:36.628] [INFO ]     ├─ NETWORK ────────────────────────────────────────────────────┤
[12:43:36.628] [INFO ]     │ Proxy:       Direct (no proxy)
[12:43:36.628] [INFO ]     │ Referrer:    None
[12:43:36.628] [INFO ]     └──────────────────────────────────────────────────────────────┘
[12:43:36.628] [INFO ] ╚══════════════════════════════════════════════════════════════════════════╝
[12:43:36.628] [INFO ] 🛡️ Injected anti-detection scripts at context level
[12:43:36.628] [DEBUG]    └─ Canvas noise, WebGL spoof, Browser patches
[12:43:36.628] [INFO ] 
[12:43:36.628] [INFO ]     🛡️ ANTI-DETECTION SCRIPTS INJECTED (CONTEXT level)
[12:43:36.628] [INFO ]     ├─ Canvas fingerprint noise
[12:43:36.628] [INFO ]     ├─ WebGL renderer/vendor spoof
[12:43:36.628] [INFO ]     ├─ Hardware concurrency randomization
[12:43:36.628] [INFO ]     ├─ Device memory randomization
[12:43:36.628] [INFO ]     ├─ Plugin masking
[12:43:36.628] [INFO ]     ├─ WebRTC IP leak protection
[12:43:36.628] [INFO ]     ├─ Network connection spoof
[12:43:36.628] [INFO ]     └─ Battery API spoof
[12:43:36.671] [INFO ] 
[12:43:36.671] [INFO ]     🥷 STEALTH MODE APPLIED
[12:43:36.671] [INFO ]     ├─ Navigator patches (webdriver, plugins, languages)
[12:43:36.671] [INFO ]     ├─ Chrome runtime patches
[12:43:36.671] [INFO ]     ├─ Console patches
[12:43:36.671] [INFO ]     └─ Permission patches
[12:43:36.671] [INFO ] 🛡️ Injected anti-detection scripts at page level
[12:43:36.671] [DEBUG]    └─ Canvas noise, WebGL spoof, Browser patches
[12:43:36.671] [INFO ] 
[12:43:36.671] [INFO ]     🛡️ ANTI-DETECTION SCRIPTS INJECTED (PAGE level)
[12:43:36.671] [INFO ]     ├─ Canvas fingerprint noise
[12:43:36.671] [INFO ]     ├─ WebGL renderer/vendor spoof
[12:43:36.671] [INFO ]     ├─ Hardware concurrency randomization
[12:43:36.671] [INFO ]     ├─ Device memory randomization
[12:43:36.671] [INFO ]     ├─ Plugin masking
[12:43:36.671] [INFO ]     ├─ WebRTC IP leak protection
[12:43:36.671] [INFO ]     ├─ Network connection spoof
[12:43:36.671] [INFO ]     └─ Battery API spoof
[12:43:36.671] [DEBUG] Enabled resource blocking (images, media, fonts)
[12:43:36.671] [INFO ] 
[12:43:36.671] [INFO ]     🔗 NAVIGATING TO URL
[12:43:36.671] [INFO ]     ├─ Strategy:   domcontentloaded
[12:43:36.671] [INFO ]     ├─ Timeout:    15.0s
[12:43:36.671] [INFO ]     └─ Sleep:      1s after load
[12:43:37.592] [INFO ] 
[12:43:37.592] [INFO ]     ✅ PAGE LOADED
[12:43:37.592] [INFO ]     ├─ Final URL:  https://legal.thomsonreuters.com/en/insights/articles/top-five-concerns-gdpr-compliance
[12:43:37.592] [INFO ]     ├─ Title:      Top five concerns with GDPR compliance | Thomson Reuters
[12:43:37.592] [INFO ]     └─ Load Time:  0.92s
[12:43:39.544] [INFO ] 🧑 Human behavior simulation...
[12:43:42.798] [INFO ] 🖱️ Mouse: 2 moves in 1280x720
[12:43:42.798] [INFO ] 🖱️ Mouse completed: 2 moves
[12:43:42.798] [INFO ] 📜 Scroll: page height, viewport=720px
[12:43:42.798] [INFO ] 📜 Scroll completed: 2 scrolls
[12:43:42.798] [INFO ] 🧑 Human behavior completed in 3.3s ✓
[12:43:42.798] [INFO ] 
[12:43:42.798] [INFO ]     🧑 HUMAN BEHAVIOR SIMULATED
[12:43:42.798] [INFO ]     ├─ Mouse Movements: 2
[12:43:42.798] [INFO ]     ├─ Scroll Actions:  2
[12:43:42.798] [INFO ]     └─ Time Spent:      3.25s
[12:43:43.069] [INFO ] 
[12:43:43.069] [INFO ]     ┌─ CONTENT METRICS ────────────────────────────────────────────┐
[12:43:43.069] [INFO ]     │ Title:            Top five concerns with GDPR compliance
[12:43:43.069] [INFO ]     │ Final URL:        https://legal.thomsonreuters.com/en/insights/articles/top-five-concerns-gdpr-compliance
[12:43:43.069] [INFO ]     │ HTML Size:        527,370 bytes
[12:43:43.069] [INFO ]     │ Text Size:        5,561 chars
[12:43:43.069] [INFO ]     │ Word Count:       ~853 words
[12:43:43.069] [INFO ]     │ Extraction:       trafilatura
[12:43:43.069] [INFO ]     │ Has Article:      ✅ Yes
[12:43:43.069] [INFO ]     └──────────────────────────────────────────────────────────────┘
[12:43:43.099] [INFO ] 
[12:43:43.099] [INFO ] ╔══════════════════════════════════════════════════════════════════════════╗
[12:43:43.099] [INFO ] ║  ✅ SCRAPE SUCCESSFUL - SCRAPE_20260128_124336_B65A
[12:43:43.099] [INFO ] ╠══════════════════════════════════════════════════════════════════════════╣
[12:43:43.099] [INFO ] 
[12:43:43.099] [INFO ]     ┌─ TIMING BREAKDOWN ───────────────────────────────────────────┐
[12:43:43.099] [INFO ]     │ Browser Launch:      0.06s
[12:43:43.099] [INFO ]     │ Page Load:           0.92s
[12:43:43.099] [INFO ]     │ Cloudflare Wait:     0.00s
[12:43:43.099] [INFO ]     │ Human Simulation:    3.25s
[12:43:43.099] [INFO ]     │
[12:43:43.099] [INFO ]     │ Content Extraction:  0.12s
[12:43:43.099] [INFO ]     │ ─────────────────────────────────────────────────────────────
[12:43:43.099] [INFO ]     │ TOTAL TIME:          4.35s
[12:43:43.099] [INFO ]     └──────────────────────────────────────────────────────────────┘
[12:43:43.099] [INFO ] 
[12:43:43.099] [INFO ]     ┌─ CONTENT METRICS ────────────────────────────────────────────┐
[12:43:43.099] [INFO ]     │ Title:            Top five concerns with GDPR compliance
[12:43:43.099] [INFO ]     │ Final URL:        https://legal.thomsonreuters.com/en/insights/articles/top-five-concerns-gdpr-compliance
[12:43:43.099] [INFO ]     │ HTML Size:        527,370 bytes
[12:43:43.099] [INFO ]     │ Text Size:        5,561 chars
[12:43:43.099] [INFO ]     │ Word Count:       ~853 words
[12:43:43.099] [INFO ]     │ Extraction:       trafilatura
[12:43:43.099] [INFO ]     │ Has Article:      ✅ Yes
[12:43:43.099] [INFO ]     └──────────────────────────────────────────────────────────────┘
[12:43:43.099] [INFO ] ╠══════════════════════════════════════════════════════════════════════════╣
[12:43:43.099] [INFO ] ║  📊 SESSION STATS
[12:43:43.100] [INFO ] ║  ├─ Strategies Tried:   domcontentloaded
[12:43:43.100] [INFO ] ║  ├─ Popups Dismissed:   0
[12:43:43.100] [INFO ] ║  ├─ Cloudflare:         Not detected
[12:43:43.100] [INFO ] ║  └─ Proxy Used:         Direct
[12:43:43.100] [INFO ] ╚══════════════════════════════════════════════════════════════════════════╝
[12:43:43.100] [INFO ] 

================================================================================
STATUS: SUCCESS
TOTAL TIME: 6.83s
ENDED: 2026-01-28T12:43:43.100035+02:00 (Egypt Time)
END OF SCRAPE LOG
================================================================================