================================================================================
SCRAPE LOG: https://www.aon.com/en/capabilities/cyber-resilience/cyber-insurance
Started: 2026-01-30 01:06:32
Session ID: SCRAPE_20260130_010632_37C0
================================================================================
[01:06:32.930] [INFO ] 📝 Scrape log: /app/data/logs/scrapes/2026-01-30_010632_aon.com.log
[01:06:32.930] [DEBUG] ⏱️ Timeout set to 45s for this scrape
[01:06:33.271] [INFO ] 
[01:06:33.271] [INFO ]     🚀 BROWSER LAUNCHED
[01:06:33.271] [INFO ]     ├─ Mode:       Headless
[01:06:33.271] [INFO ]     ├─ Slow Mo:    56ms
[01:06:33.271] [INFO ]     ├─ Launch Time: 0.06s
[01:06:33.271] [INFO ]     └─ Args:       Anti-automation flags enabled
[01:06:33.292] [DEBUG] Browser profile: viewport={'width': 2560, 'height': 1440}, locale=en-AU, tz=UTC
[01:06:33.292] [INFO ] 
[01:06:33.292] [INFO ] ╔══════════════════════════════════════════════════════════════════════════╗
[01:06:33.292] [INFO ] ║  📋 SESSION: SCRAPE_20260130_010632_37C0
[01:06:33.292] [INFO ] ║  🌐 URL: https://www.aon.com/en/capabilities/cyber-resilience/cyber-insurance
[01:06:33.292] [INFO ] ║  🔄 ATTEMPT: 1/2
[01:06:33.292] [INFO ] ║  ⏰ STARTED: 2026-01-30T01:06:33.292645+02:00 (Egypt Time)
[01:06:33.292] [INFO ] ╠══════════════════════════════════════════════════════════════════════════╣
[01:06:33.292] [INFO ] 
[01:06:33.292] [INFO ]     ┌─ BROWSER FINGERPRINT ────────────────────────────────────────┐
[01:06:33.292] [INFO ]     │ Browser:     CHROME v121
[01:06:33.292] [INFO ]     │ User-Agent:  Mozilla/5.0 (Windows NT 10.0; Win64; x64) AppleWebKit/537.36 (KHTML, l...
[01:06:33.292] [INFO ]     │ Viewport:    2560x1440
[01:06:33.292] [INFO ]     │ Sec-CH-UA:   (not applicable)...
[01:06:33.292] [INFO ]     ├─ LOCATION PROFILE ───────────────────────────────────────────┤
[01:06:33.292] [INFO ]     │ Location:    Sydney, Australia
[01:06:33.292] [INFO ]     │ Timezone:    N/A
[01:06:33.292] [INFO ]     │ Locale:      en-AU
[01:06:33.292] [INFO ]     │ Geo:         0, 0
[01:06:33.292] [INFO ]     ├─ NETWORK ────────────────────────────────────────────────────┤
[01:06:33.292] [INFO ]     │ Proxy:       Direct (no proxy)
[01:06:33.292] [INFO ]     │ Referrer:    https://www.google.com/search?q=www+aon+com
[01:06:33.292] [INFO ]     └──────────────────────────────────────────────────────────────┘
[01:06:33.292] [INFO ] ╚══════════════════════════════════════════════════════════════════════════╝
[01:06:33.292] [INFO ] 🛡️ Injected anti-detection scripts at context level
[01:06:33.292] [DEBUG]    └─ Canvas noise, WebGL spoof, Browser patches
[01:06:33.292] [INFO ] 
[01:06:33.292] [INFO ]     🛡️ ANTI-DETECTION SCRIPTS INJECTED (CONTEXT level)
[01:06:33.292] [INFO ]     ├─ Canvas fingerprint noise
[01:06:33.292] [INFO ]     ├─ WebGL renderer/vendor spoof
[01:06:33.292] [INFO ]     ├─ Hardware concurrency randomization
[01:06:33.292] [INFO ]     ├─ Device memory randomization
[01:06:33.292] [INFO ]     ├─ Plugin masking
[01:06:33.292] [INFO ]     ├─ WebRTC IP leak protection
[01:06:33.292] [INFO ]     ├─ Network connection spoof
[01:06:33.292] [INFO ]     └─ Battery API spoof
[01:06:33.332] [INFO ] 
[01:06:33.332] [INFO ]     🥷 STEALTH MODE APPLIED
[01:06:33.332] [INFO ]     ├─ Navigator patches (webdriver, plugins, languages)
[01:06:33.332] [INFO ]     ├─ Chrome runtime patches
[01:06:33.332] [INFO ]     ├─ Console patches
[01:06:33.332] [INFO ]     └─ Permission patches
[01:06:33.332] [INFO ] 🛡️ Injected anti-detection scripts at page level
[01:06:33.332] [DEBUG]    └─ Canvas noise, WebGL spoof, Browser patches
[01:06:33.332] [INFO ] 
[01:06:33.332] [INFO ]     🛡️ ANTI-DETECTION SCRIPTS INJECTED (PAGE level)
[01:06:33.332] [INFO ]     ├─ Canvas fingerprint noise
[01:06:33.332] [INFO ]     ├─ WebGL renderer/vendor spoof
[01:06:33.332] [INFO ]     ├─ Hardware concurrency randomization
[01:06:33.332] [INFO ]     ├─ Device memory randomization
[01:06:33.332] [INFO ]     ├─ Plugin masking
[01:06:33.332] [INFO ]     ├─ WebRTC IP leak protection
[01:06:33.332] [INFO ]     ├─ Network connection spoof
[01:06:33.332] [INFO ]     └─ Battery API spoof
[01:06:33.332] [DEBUG] Enabled resource blocking (images, media, fonts)
[01:06:33.332] [INFO ] 
[01:06:33.333] [INFO ]     🔗 NAVIGATING TO URL
[01:06:33.333] [INFO ]     ├─ Strategy:   domcontentloaded
[01:06:33.333] [INFO ]     ├─ Timeout:    15.0s
[01:06:33.333] [INFO ]     └─ Sleep:      1s after load
[01:06:34.403] [INFO ] 
[01:06:34.403] [INFO ]     ✅ PAGE LOADED
[01:06:34.403] [INFO ]     ├─ Final URL:  https://www.aon.com/en/capabilities/cyber-resilience/cyber-insurance
[01:06:34.403] [INFO ]     ├─ Title:      Cyber Insurance | Aon
[01:06:34.403] [INFO ]     └─ Load Time:  1.07s
[01:06:36.247] [INFO ] 🧑 Human behavior simulation...
[01:06:44.083] [INFO ] 🖱️ Mouse: 4 moves in 2560x1440
[01:06:44.083] [INFO ] 🖱️ Mouse completed: 4 moves
[01:06:44.083] [INFO ] 📜 Scroll: page height, viewport=1440px
[01:06:44.083] [INFO ] 📜 Scroll completed: 2 scrolls
[01:06:44.083] [INFO ] 🧑 Human behavior completed in 7.8s ✓
[01:06:44.083] [INFO ] 
[01:06:44.083] [INFO ]     🧑 HUMAN BEHAVIOR SIMULATED
[01:06:44.083] [INFO ]     ├─ Mouse Movements: 4
[01:06:44.083] [INFO ]     ├─ Scroll Actions:  2
[01:06:44.083] [INFO ]     └─ Time Spent:      7.84s
[01:06:44.448] [INFO ] 
[01:06:44.448] [INFO ]     ┌─ CONTENT METRICS ────────────────────────────────────────────┐
[01:06:44.448] [INFO ]     │ Title:            Cyber Insurance
[01:06:44.448] [INFO ]     │ Final URL:        https://www.aon.com/en/capabilities/cyber-resilience/cyber-insurance
[01:06:44.448] [INFO ]     │ HTML Size:        437,667 bytes
[01:06:44.448] [INFO ]     │ Text Size:        5,561 chars
[01:06:44.448] [INFO ]     │ Word Count:       ~865 words
[01:06:44.448] [INFO ]     │ Extraction:       trafilatura
[01:06:44.448] [INFO ]     │ Has Article:      ✅ Yes
[01:06:44.448] [INFO ]     └──────────────────────────────────────────────────────────────┘
[01:06:44.494] [INFO ] 
[01:06:44.494] [INFO ] ╔══════════════════════════════════════════════════════════════════════════╗
[01:06:44.494] [INFO ] ║  ✅ SCRAPE SUCCESSFUL - SCRAPE_20260130_010632_37C0
[01:06:44.494] [INFO ] ╠══════════════════════════════════════════════════════════════════════════╣
[01:06:44.494] [INFO ] 
[01:06:44.494] [INFO ]     ┌─ TIMING BREAKDOWN ───────────────────────────────────────────┐
[01:06:44.494] [INFO ]     │ Browser Launch:      0.06s
[01:06:44.494] [INFO ]     │ Page Load:           1.07s
[01:06:44.494] [INFO ]     │ Cloudflare Wait:     0.00s
[01:06:44.494] [INFO ]     │ Human Simulation:    7.84s
[01:06:44.494] [INFO ]     │
[01:06:44.494] [INFO ]     │ Content Extraction:  0.28s
[01:06:44.494] [INFO ]     │ ─────────────────────────────────────────────────────────────
[01:06:44.494] [INFO ]     │ TOTAL TIME:          9.24s
[01:06:44.494] [INFO ]     └──────────────────────────────────────────────────────────────┘
[01:06:44.494] [INFO ] 
[01:06:44.494] [INFO ]     ┌─ CONTENT METRICS ────────────────────────────────────────────┐
[01:06:44.494] [INFO ]     │ Title:            Cyber Insurance
[01:06:44.494] [INFO ]     │ Final URL:        https://www.aon.com/en/capabilities/cyber-resilience/cyber-insurance
[01:06:44.494] [INFO ]     │ HTML Size:        437,667 bytes
[01:06:44.494] [INFO ]     │ Text Size:        5,561 chars
[01:06:44.494] [INFO ]     │ Word Count:       ~865 words
[01:06:44.494] [INFO ]     │ Extraction:       trafilatura
[01:06:44.494] [INFO ]     │ Has Article:      ✅ Yes
[01:06:44.494] [INFO ]     └──────────────────────────────────────────────────────────────┘
[01:06:44.494] [INFO ] ╠══════════════════════════════════════════════════════════════════════════╣
[01:06:44.494] [INFO ] ║  📊 SESSION STATS
[01:06:44.494] [INFO ] ║  ├─ Strategies Tried:   domcontentloaded
[01:06:44.494] [INFO ] ║  ├─ Popups Dismissed:   0
[01:06:44.494] [INFO ] ║  ├─ Cloudflare:         Not detected
[01:06:44.494] [INFO ] ║  └─ Proxy Used:         Direct
[01:06:44.494] [INFO ] ╚══════════════════════════════════════════════════════════════════════════╝
[01:06:44.494] [INFO ] 

================================================================================
STATUS: SUCCESS
TOTAL TIME: 11.56s
ENDED: 2026-01-30T01:06:44.494817+02:00 (Egypt Time)
END OF SCRAPE LOG
================================================================================