================================================================================
SCRAPE LOG: https://visuresolutions.com/alm-guide/iso-27001/
Started: 2026-01-29 20:05:56
Session ID: SCRAPE_20260129_200556_CC5D
================================================================================
[20:05:56.117] [INFO ] 📝 Scrape log: /app/data/logs/scrapes/2026-01-29_200556_visuresolutions.com.log
[20:05:56.117] [DEBUG] ⏱️ Timeout set to 45s for this scrape
[20:05:56.461] [INFO ] 
[20:05:56.461] [INFO ]     🚀 BROWSER LAUNCHED
[20:05:56.461] [INFO ]     ├─ Mode:       Headless
[20:05:56.461] [INFO ]     ├─ Slow Mo:    48ms
[20:05:56.461] [INFO ]     ├─ Launch Time: 0.05s
[20:05:56.461] [INFO ]     └─ Args:       Anti-automation flags enabled
[20:05:56.479] [DEBUG] Browser profile: viewport={'width': 1366, 'height': 768}, locale=en-US, tz=UTC
[20:05:56.480] [INFO ] 
[20:05:56.480] [INFO ] ╔══════════════════════════════════════════════════════════════════════════╗
[20:05:56.480] [INFO ] ║  📋 SESSION: SCRAPE_20260129_200556_CC5D
[20:05:56.480] [INFO ] ║  🌐 URL: https://visuresolutions.com/alm-guide/iso-27001/
[20:05:56.480] [INFO ] ║  🔄 ATTEMPT: 1/2
[20:05:56.480] [INFO ] ║  ⏰ STARTED: 2026-01-29T20:05:56.480035+02:00 (Egypt Time)
[20:05:56.480] [INFO ] ╠══════════════════════════════════════════════════════════════════════════╣
[20:05:56.480] [INFO ] 
[20:05:56.480] [INFO ]     ┌─ BROWSER FINGERPRINT ────────────────────────────────────────┐
[20:05:56.480] [INFO ]     │ Browser:     CHROME v119
[20:05:56.480] [INFO ]     │ User-Agent:  Mozilla/5.0 (Windows NT 10.0; Win64; x64) AppleWebKit/537.36 (KHTML, l...
[20:05:56.480] [INFO ]     │ Viewport:    1366x768
[20:05:56.480] [INFO ]     │ Sec-CH-UA:   (not applicable)...
[20:05:56.480] [INFO ]     ├─ LOCATION PROFILE ───────────────────────────────────────────┤
[20:05:56.480] [INFO ]     │ Location:    Chicago, USA
[20:05:56.480] [INFO ]     │ Timezone:    N/A
[20:05:56.480] [INFO ]     │ Locale:      en-US
[20:05:56.480] [INFO ]     │ Geo:         0, 0
[20:05:56.480] [INFO ]     ├─ NETWORK ────────────────────────────────────────────────────┤
[20:05:56.480] [INFO ]     │ Proxy:       Direct (no proxy)
[20:05:56.480] [INFO ]     │ Referrer:    None
[20:05:56.480] [INFO ]     └──────────────────────────────────────────────────────────────┘
[20:05:56.480] [INFO ] ╚══════════════════════════════════════════════════════════════════════════╝
[20:05:56.480] [INFO ] 🛡️ Injected anti-detection scripts at context level
[20:05:56.480] [DEBUG]    └─ Canvas noise, WebGL spoof, Browser patches
[20:05:56.480] [INFO ] 
[20:05:56.480] [INFO ]     🛡️ ANTI-DETECTION SCRIPTS INJECTED (CONTEXT level)
[20:05:56.480] [INFO ]     ├─ Canvas fingerprint noise
[20:05:56.480] [INFO ]     ├─ WebGL renderer/vendor spoof
[20:05:56.480] [INFO ]     ├─ Hardware concurrency randomization
[20:05:56.480] [INFO ]     ├─ Device memory randomization
[20:05:56.480] [INFO ]     ├─ Plugin masking
[20:05:56.480] [INFO ]     ├─ WebRTC IP leak protection
[20:05:56.480] [INFO ]     ├─ Network connection spoof
[20:05:56.480] [INFO ]     └─ Battery API spoof
[20:05:56.522] [INFO ] 
[20:05:56.522] [INFO ]     🥷 STEALTH MODE APPLIED
[20:05:56.522] [INFO ]     ├─ Navigator patches (webdriver, plugins, languages)
[20:05:56.522] [INFO ]     ├─ Chrome runtime patches
[20:05:56.522] [INFO ]     ├─ Console patches
[20:05:56.522] [INFO ]     └─ Permission patches
[20:05:56.522] [INFO ] 🛡️ Injected anti-detection scripts at page level
[20:05:56.522] [DEBUG]    └─ Canvas noise, WebGL spoof, Browser patches
[20:05:56.522] [INFO ] 
[20:05:56.522] [INFO ]     🛡️ ANTI-DETECTION SCRIPTS INJECTED (PAGE level)
[20:05:56.522] [INFO ]     ├─ Canvas fingerprint noise
[20:05:56.522] [INFO ]     ├─ WebGL renderer/vendor spoof
[20:05:56.522] [INFO ]     ├─ Hardware concurrency randomization
[20:05:56.522] [INFO ]     ├─ Device memory randomization
[20:05:56.522] [INFO ]     ├─ Plugin masking
[20:05:56.522] [INFO ]     ├─ WebRTC IP leak protection
[20:05:56.522] [INFO ]     ├─ Network connection spoof
[20:05:56.522] [INFO ]     └─ Battery API spoof
[20:05:56.522] [DEBUG] Enabled resource blocking (images, media, fonts)
[20:05:56.522] [INFO ] 
[20:05:56.522] [INFO ]     🔗 NAVIGATING TO URL
[20:05:56.522] [INFO ]     ├─ Strategy:   domcontentloaded
[20:05:56.522] [INFO ]     ├─ Timeout:    15.0s
[20:05:56.522] [INFO ]     └─ Sleep:      1s after load
[20:05:58.922] [INFO ] 
[20:05:58.922] [INFO ]     ✅ PAGE LOADED
[20:05:58.922] [INFO ]     ├─ Final URL:  https://visuresolutions.com/alm-guide/iso-27001/
[20:05:58.922] [INFO ]     ├─ Title:      The Essential Guide to ISO-27001/2/5 Standard - Visure Solutions
[20:05:58.922] [INFO ]     └─ Load Time:  2.40s
[20:06:01.842] [INFO ] 🧑 Human behavior simulation...
[20:06:06.180] [INFO ] 🖱️ Mouse: 3 moves in 1366x768
[20:06:06.180] [INFO ] 🖱️ Mouse completed: 3 moves
[20:06:06.180] [INFO ] 📜 Scroll: page height, viewport=768px
[20:06:06.180] [INFO ] 📜 Scroll completed: 3 scrolls
[20:06:06.180] [INFO ] 🧑 Human behavior completed in 4.3s ✓
[20:06:06.180] [INFO ] 
[20:06:06.180] [INFO ]     🧑 HUMAN BEHAVIOR SIMULATED
[20:06:06.180] [INFO ]     ├─ Mouse Movements: 3
[20:06:06.180] [INFO ]     ├─ Scroll Actions:  3
[20:06:06.180] [INFO ]     └─ Time Spent:      4.34s
[20:06:06.567] [INFO ] 
[20:06:06.567] [INFO ]     ┌─ CONTENT METRICS ────────────────────────────────────────────┐
[20:06:06.567] [INFO ]     │ Title:            The Essential Guide to ISO-27001/2/5 Standard
[20:06:06.567] [INFO ]     │ Final URL:        https://visuresolutions.com/alm-guide/iso-27001/
[20:06:06.567] [INFO ]     │ HTML Size:        661,564 bytes
[20:06:06.567] [INFO ]     │ Text Size:        21,490 chars
[20:06:06.567] [INFO ]     │ Word Count:       ~2918 words
[20:06:06.567] [INFO ]     │ Extraction:       trafilatura
[20:06:06.567] [INFO ]     │ Has Article:      ✅ Yes
[20:06:06.567] [INFO ]     └──────────────────────────────────────────────────────────────┘
[20:06:06.613] [INFO ] 
[20:06:06.613] [INFO ] ╔══════════════════════════════════════════════════════════════════════════╗
[20:06:06.613] [INFO ] ║  ✅ SCRAPE SUCCESSFUL - SCRAPE_20260129_200556_CC5D
[20:06:06.613] [INFO ] ╠══════════════════════════════════════════════════════════════════════════╣
[20:06:06.613] [INFO ] 
[20:06:06.613] [INFO ]     ┌─ TIMING BREAKDOWN ───────────────────────────────────────────┐
[20:06:06.613] [INFO ]     │ Browser Launch:      0.05s
[20:06:06.613] [INFO ]     │ Page Load:           2.40s
[20:06:06.613] [INFO ]     │ Cloudflare Wait:     0.00s
[20:06:06.613] [INFO ]     │ Human Simulation:    4.34s
[20:06:06.613] [INFO ]     │
[20:06:06.613] [INFO ]     │ Content Extraction:  0.20s
[20:06:06.613] [INFO ]     │ ─────────────────────────────────────────────────────────────
[20:06:06.613] [INFO ]     │ TOTAL TIME:          6.99s
[20:06:06.613] [INFO ]     └──────────────────────────────────────────────────────────────┘
[20:06:06.613] [INFO ] 
[20:06:06.614] [INFO ]     ┌─ CONTENT METRICS ────────────────────────────────────────────┐
[20:06:06.614] [INFO ]     │ Title:            The Essential Guide to ISO-27001/2/5 Standard
[20:06:06.614] [INFO ]     │ Final URL:        https://visuresolutions.com/alm-guide/iso-27001/
[20:06:06.614] [INFO ]     │ HTML Size:        661,564 bytes
[20:06:06.614] [INFO ]     │ Text Size:        21,490 chars
[20:06:06.614] [INFO ]     │ Word Count:       ~2918 words
[20:06:06.614] [INFO ]     │ Extraction:       trafilatura
[20:06:06.614] [INFO ]     │ Has Article:      ✅ Yes
[20:06:06.614] [INFO ]     └──────────────────────────────────────────────────────────────┘
[20:06:06.614] [INFO ] ╠══════════════════════════════════════════════════════════════════════════╣
[20:06:06.614] [INFO ] ║  📊 SESSION STATS
[20:06:06.614] [INFO ] ║  ├─ Strategies Tried:   domcontentloaded
[20:06:06.614] [INFO ] ║  ├─ Popups Dismissed:   0
[20:06:06.614] [INFO ] ║  ├─ Cloudflare:         Not detected
[20:06:06.614] [INFO ] ║  └─ Proxy Used:         Direct
[20:06:06.614] [INFO ] ╚══════════════════════════════════════════════════════════════════════════╝
[20:06:06.614] [INFO ] 

================================================================================
STATUS: SUCCESS
TOTAL TIME: 10.50s
ENDED: 2026-01-29T20:06:06.614443+02:00 (Egypt Time)
END OF SCRAPE LOG
================================================================================