================================================================================
SCRAPE LOG: https://news.google.com/rss/articles/CBMi0wFBVV95cUxPRm9NdE9wdm9hZ1o3N00yMnN5VGhVZUVOYktpMGU5WVpPeGJKUkFqeUJxRVZaYjBVOVBxVmhQVnpjRnU5RkJKUnlxWE9RVWN4bXJUWnN5el9RWUppU2Q3MnlDb29MenhoRndEZ2ZycmpuZ1Y0WWxqN2N0cGNDdnJPaUFZUTlhZXZvenYtR2JKbnNjZTJqTUtDX19XdldyOFFJU3M3Q2xrLTlMTE9SUjlDRlF2b2J1ZVF5SFBQUXktR3dtel9WLWE0Z3hlOTBKbFZ2N0hB?oc=5
Started: 2026-02-24 14:58:20
Session ID: SCRAPE_20260224_145820_11F3
================================================================================
[14:58:20.393] [INFO ] 📝 Scrape log: /app/data/logs/scrapes/2026-02-24_145820_news.google.com.log
[14:58:20.393] [DEBUG] ⏱️ Timeout set to 45s for this scrape
[14:58:20.729] [INFO ] 
[14:58:20.729] [INFO ]     🚀 BROWSER LAUNCHED
[14:58:20.729] [INFO ]     ├─ Mode:       Headless
[14:58:20.729] [INFO ]     ├─ Slow Mo:    40ms
[14:58:20.729] [INFO ]     ├─ Launch Time: 0.05s
[14:58:20.729] [INFO ]     └─ Args:       Anti-automation flags enabled
[14:58:20.748] [DEBUG] Browser profile: viewport={'width': 1536, 'height': 864}, locale=en-GB, tz=UTC
[14:58:20.748] [INFO ] 
[14:58:20.748] [INFO ] ╔══════════════════════════════════════════════════════════════════════════╗
[14:58:20.748] [INFO ] ║  📋 SESSION: SCRAPE_20260224_145820_11F3
[14:58:20.748] [INFO ] ║  🌐 URL: https://news.google.com/rss/articles/CBMi0wFBVV95cUxPRm9NdE9wdm9hZ1o3N00yMnN5VGhVZUVOYktpMGU5WVpPeGJKUkFqeUJxRVZaYjBVOVBxVmhQVnpjRnU5RkJKUnlxWE9RVWN4bXJUWnN5el9RWUppU2Q3MnlDb29MenhoRndEZ2ZycmpuZ1Y0WWxqN2N0cGNDdnJPaUFZUTlhZXZvenYtR2JKbnNjZTJqTUtDX19XdldyOFFJU3M3Q2xrLTlMTE9SUjlDRlF2b2J1ZVF5SFBQUXktR3dtel9WLWE0Z3hlOTBKbFZ2N0hB?oc=5
[14:58:20.748] [INFO ] ║  🔄 ATTEMPT: 1/2
[14:58:20.748] [INFO ] ║  ⏰ STARTED: 2026-02-24T14:58:20.748375+02:00 (Egypt Time)
[14:58:20.748] [INFO ] ╠══════════════════════════════════════════════════════════════════════════╣
[14:58:20.748] [INFO ] 
[14:58:20.748] [INFO ]     ┌─ BROWSER FINGERPRINT ────────────────────────────────────────┐
[14:58:20.748] [INFO ]     │ Browser:     FIREFOX v122
[14:58:20.748] [INFO ]     │ User-Agent:  Mozilla/5.0 (Windows NT 10.0; Win64; x64; rv:122.0) Gecko/20100101 Fir...
[14:58:20.748] [INFO ]     │ Viewport:    1536x864
[14:58:20.748] [INFO ]     │ Sec-CH-UA:   (not applicable)...
[14:58:20.748] [INFO ]     ├─ LOCATION PROFILE ───────────────────────────────────────────┤
[14:58:20.748] [INFO ]     │ Location:    London, UK
[14:58:20.748] [INFO ]     │ Timezone:    N/A
[14:58:20.748] [INFO ]     │ Locale:      en-GB
[14:58:20.748] [INFO ]     │ Geo:         0, 0
[14:58:20.748] [INFO ]     ├─ NETWORK ────────────────────────────────────────────────────┤
[14:58:20.748] [INFO ]     │ Proxy:       Direct (no proxy)
[14:58:20.748] [INFO ]     │ Referrer:    https://www.google.com/
[14:58:20.748] [INFO ]     └──────────────────────────────────────────────────────────────┘
[14:58:20.748] [INFO ] ╚══════════════════════════════════════════════════════════════════════════╝
[14:58:20.748] [INFO ] 🛡️ Injected anti-detection scripts at context level
[14:58:20.748] [DEBUG]    └─ Canvas noise, WebGL spoof, Browser patches
[14:58:20.748] [INFO ] 
[14:58:20.748] [INFO ]     🛡️ ANTI-DETECTION SCRIPTS INJECTED (CONTEXT level)
[14:58:20.748] [INFO ]     ├─ Canvas fingerprint noise
[14:58:20.748] [INFO ]     ├─ WebGL renderer/vendor spoof
[14:58:20.748] [INFO ]     ├─ Hardware concurrency randomization
[14:58:20.748] [INFO ]     ├─ Device memory randomization
[14:58:20.748] [INFO ]     ├─ Plugin masking
[14:58:20.748] [INFO ]     ├─ WebRTC IP leak protection
[14:58:20.748] [INFO ]     ├─ Network connection spoof
[14:58:20.748] [INFO ]     └─ Battery API spoof
[14:58:20.788] [INFO ] 
[14:58:20.788] [INFO ]     🥷 STEALTH MODE APPLIED
[14:58:20.788] [INFO ]     ├─ Navigator patches (webdriver, plugins, languages)
[14:58:20.788] [INFO ]     ├─ Chrome runtime patches
[14:58:20.788] [INFO ]     ├─ Console patches
[14:58:20.788] [INFO ]     └─ Permission patches
[14:58:20.788] [INFO ] 🛡️ Injected anti-detection scripts at page level
[14:58:20.788] [DEBUG]    └─ Canvas noise, WebGL spoof, Browser patches
[14:58:20.788] [INFO ] 
[14:58:20.788] [INFO ]     🛡️ ANTI-DETECTION SCRIPTS INJECTED (PAGE level)
[14:58:20.788] [INFO ]     ├─ Canvas fingerprint noise
[14:58:20.788] [INFO ]     ├─ WebGL renderer/vendor spoof
[14:58:20.788] [INFO ]     ├─ Hardware concurrency randomization
[14:58:20.788] [INFO ]     ├─ Device memory randomization
[14:58:20.788] [INFO ]     ├─ Plugin masking
[14:58:20.788] [INFO ]     ├─ WebRTC IP leak protection
[14:58:20.788] [INFO ]     ├─ Network connection spoof
[14:58:20.788] [INFO ]     └─ Battery API spoof
[14:58:20.788] [DEBUG] Enabled resource blocking (images, media, fonts)
[14:58:20.788] [INFO ] 
[14:58:20.788] [INFO ]     🔗 NAVIGATING TO URL
[14:58:20.788] [INFO ]     ├─ Strategy:   domcontentloaded
[14:58:20.788] [INFO ]     ├─ Timeout:    15.0s
[14:58:20.788] [INFO ]     └─ Sleep:      1s after load
[14:58:22.170] [INFO ] 
[14:58:22.170] [INFO ]     ✅ PAGE LOADED
[14:58:22.170] [INFO ]     ├─ Final URL:  https://news.google.com/rss/articles/CBMi0wFBVV95cUxPRm9NdE9wdm9hZ1o3N00yMnN5VGhVZUVOYktpMGU5WVpPeGJKUkFqeUJxRVZaYjBVOVBxVmhQVnpjRnU5RkJKUnlxWE9RVWN4bXJUWnN5el9RWUppU2Q3MnlDb29MenhoRndEZ2ZycmpuZ1Y0WWxqN2N0cGNDdnJPaUFZUTlhZXZvenYtR2JKbnNjZTJqTUtDX19XdldyOFFJU3M3Q2xrLTlMTE9SUjlDRlF2b2J1ZVF5SFBQUXktR3dtel9WLWE0Z3hlOTBKbFZ2N0hB?oc=5&hl=en-GB&gl=GB&ceid=GB:en
[14:58:22.170] [INFO ]     ├─ Title:      Google News
[14:58:22.170] [INFO ]     └─ Load Time:  1.38s
[14:58:23.404] [INFO ] 🧑 Human behavior simulation...
[14:58:28.294] [INFO ] 🖱️ Mouse: 3 moves in 1536x864
[14:58:28.294] [INFO ] 🖱️ Mouse completed: 3 moves
[14:58:28.294] [INFO ] 📜 Scroll: page height, viewport=864px
[14:58:28.294] [INFO ] 📜 Scroll completed: 3 scrolls
[14:58:28.294] [INFO ] 🧑 Human behavior completed in 4.9s ✓
[14:58:28.294] [INFO ] 
[14:58:28.294] [INFO ]     🧑 HUMAN BEHAVIOR SIMULATED
[14:58:28.294] [INFO ]     ├─ Mouse Movements: 3
[14:58:28.294] [INFO ]     ├─ Scroll Actions:  3
[14:58:28.294] [INFO ]     └─ Time Spent:      4.89s
[14:58:28.670] [INFO ] 
[14:58:28.670] [INFO ]     ┌─ CONTENT METRICS ────────────────────────────────────────────┐
[14:58:28.670] [INFO ]     │ Title:            Bluesight's 2025 Breach Barometer Report Reveals S
[14:58:28.670] [INFO ]     │ Final URL:        https://news.google.com/rss/articles/CBMi0wFBVV95cUxPRm9NdE9wdm9hZ1o3N00yMnN5VGhVZUVOYktpMGU5WVpPeGJKUkFqeUJxRVZaYjBVOVBxVmhQVnpjRnU5RkJKUnlxWE9RVWN4bXJUWnN5el9RWUppU2Q3MnlDb29MenhoRndEZ2ZycmpuZ1Y0WWxqN2N0cGNDdnJPaUFZUTlhZXZvenYtR2JKbnNjZTJqTUtDX19XdldyOFFJU3M3Q2xrLTlMTE9SUjlDRlF2b2J1ZVF5SFBQUXktR3dtel9WLWE0Z3hlOTBKbFZ2N0hB?oc=5&hl=en-GB&gl=GB&ceid=GB:en
[14:58:28.670] [INFO ]     │ HTML Size:        269,236 bytes
[14:58:28.670] [INFO ]     │ Text Size:        5,070 chars
[14:58:28.670] [INFO ]     │ Word Count:       ~685 words
[14:58:28.670] [INFO ]     │ Extraction:       trafilatura
[14:58:28.670] [INFO ]     │ Has Article:      ✅ Yes
[14:58:28.670] [INFO ]     └──────────────────────────────────────────────────────────────┘
[14:58:28.704] [INFO ] 
[14:58:28.704] [INFO ] ╔══════════════════════════════════════════════════════════════════════════╗
[14:58:28.704] [INFO ] ║  ✅ SCRAPE SUCCESSFUL - SCRAPE_20260224_145820_11F3
[14:58:28.704] [INFO ] ╠══════════════════════════════════════════════════════════════════════════╣
[14:58:28.704] [INFO ] 
[14:58:28.704] [INFO ]     ┌─ TIMING BREAKDOWN ───────────────────────────────────────────┐
[14:58:28.704] [INFO ]     │ Browser Launch:      0.05s
[14:58:28.704] [INFO ]     │ Page Load:           1.38s
[14:58:28.704] [INFO ]     │ Cloudflare Wait:     0.00s
[14:58:28.704] [INFO ]     │ Human Simulation:    4.89s
[14:58:28.704] [INFO ]     │
[14:58:28.704] [INFO ]     │ Content Extraction:  0.12s
[14:58:28.704] [INFO ]     │ ─────────────────────────────────────────────────────────────
[14:58:28.704] [INFO ]     │ TOTAL TIME:          6.45s
[14:58:28.704] [INFO ]     └──────────────────────────────────────────────────────────────┘
[14:58:28.704] [INFO ] 
[14:58:28.705] [INFO ]     ┌─ CONTENT METRICS ────────────────────────────────────────────┐
[14:58:28.705] [INFO ]     │ Title:            Bluesight's 2025 Breach Barometer Report Reveals S
[14:58:28.705] [INFO ]     │ Final URL:        https://news.google.com/rss/articles/CBMi0wFBVV95cUxPRm9NdE9wdm9hZ1o3N00yMnN5VGhVZUVOYktpMGU5WVpPeGJKUkFqeUJxRVZaYjBVOVBxVmhQVnpjRnU5RkJKUnlxWE9RVWN4bXJUWnN5el9RWUppU2Q3MnlDb29MenhoRndEZ2ZycmpuZ1Y0WWxqN2N0cGNDdnJPaUFZUTlhZXZvenYtR2JKbnNjZTJqTUtDX19XdldyOFFJU3M3Q2xrLTlMTE9SUjlDRlF2b2J1ZVF5SFBQUXktR3dtel9WLWE0Z3hlOTBKbFZ2N0hB?oc=5&hl=en-GB&gl=GB&ceid=GB:en
[14:58:28.705] [INFO ]     │ HTML Size:        269,236 bytes
[14:58:28.705] [INFO ]     │ Text Size:        5,070 chars
[14:58:28.705] [INFO ]     │ Word Count:       ~685 words
[14:58:28.705] [INFO ]     │ Extraction:       trafilatura
[14:58:28.705] [INFO ]     │ Has Article:      ✅ Yes
[14:58:28.705] [INFO ]     └──────────────────────────────────────────────────────────────┘
[14:58:28.705] [INFO ] ╠══════════════════════════════════════════════════════════════════════════╣
[14:58:28.705] [INFO ] ║  📊 SESSION STATS
[14:58:28.705] [INFO ] ║  ├─ Strategies Tried:   domcontentloaded
[14:58:28.705] [INFO ] ║  ├─ Popups Dismissed:   0
[14:58:28.705] [INFO ] ║  ├─ Cloudflare:         Not detected
[14:58:28.705] [INFO ] ║  └─ Proxy Used:         Direct
[14:58:28.705] [INFO ] ╚══════════════════════════════════════════════════════════════════════════╝
[14:58:28.705] [INFO ] 

================================================================================
STATUS: SUCCESS
TOTAL TIME: 8.31s
ENDED: 2026-02-24T14:58:28.705123+02:00 (Egypt Time)
END OF SCRAPE LOG
================================================================================