================================================================================
SCRAPE LOG: https://www.techhubeg.net/cybersecurity/pen-testing
Started: 2026-01-30 01:33:33
Session ID: SCRAPE_20260130_013333_33F2
================================================================================
[01:33:33.718] [INFO ] 📝 Scrape log: /app/data/logs/scrapes/2026-01-30_013333_techhubeg.net.log
[01:33:33.718] [DEBUG] ⏱️ Timeout set to 45s for this scrape
[01:33:34.063] [INFO ] 
[01:33:34.063] [INFO ]     🚀 BROWSER LAUNCHED
[01:33:34.063] [INFO ]     ├─ Mode:       Headless
[01:33:34.063] [INFO ]     ├─ Slow Mo:    55ms
[01:33:34.063] [INFO ]     ├─ Launch Time: 0.06s
[01:33:34.063] [INFO ]     └─ Args:       Anti-automation flags enabled
[01:33:34.080] [DEBUG] Browser profile: viewport={'width': 2560, 'height': 1440}, locale=en-AU, tz=UTC
[01:33:34.081] [INFO ] 
[01:33:34.081] [INFO ] ╔══════════════════════════════════════════════════════════════════════════╗
[01:33:34.081] [INFO ] ║  📋 SESSION: SCRAPE_20260130_013333_33F2
[01:33:34.081] [INFO ] ║  🌐 URL: https://www.techhubeg.net/cybersecurity/pen-testing
[01:33:34.081] [INFO ] ║  🔄 ATTEMPT: 1/2
[01:33:34.081] [INFO ] ║  ⏰ STARTED: 2026-01-30T01:33:34.081024+02:00 (Egypt Time)
[01:33:34.081] [INFO ] ╠══════════════════════════════════════════════════════════════════════════╣
[01:33:34.081] [INFO ] 
[01:33:34.081] [INFO ]     ┌─ BROWSER FINGERPRINT ────────────────────────────────────────┐
[01:33:34.081] [INFO ]     │ Browser:     EDGE v121
[01:33:34.081] [INFO ]     │ User-Agent:  Mozilla/5.0 (Macintosh; Intel Mac OS X 10_15_7) AppleWebKit/537.36 (KH...
[01:33:34.081] [INFO ]     │ Viewport:    2560x1440
[01:33:34.081] [INFO ]     │ Sec-CH-UA:   (not applicable)...
[01:33:34.081] [INFO ]     ├─ LOCATION PROFILE ───────────────────────────────────────────┤
[01:33:34.081] [INFO ]     │ Location:    Melbourne, Australia
[01:33:34.081] [INFO ]     │ Timezone:    N/A
[01:33:34.081] [INFO ]     │ Locale:      en-AU
[01:33:34.081] [INFO ]     │ Geo:         0, 0
[01:33:34.081] [INFO ]     ├─ NETWORK ────────────────────────────────────────────────────┤
[01:33:34.081] [INFO ]     │ Proxy:       Direct (no proxy)
[01:33:34.081] [INFO ]     │ Referrer:    None
[01:33:34.081] [INFO ]     └──────────────────────────────────────────────────────────────┘
[01:33:34.081] [INFO ] ╚══════════════════════════════════════════════════════════════════════════╝
[01:33:34.081] [INFO ] 🛡️ Injected anti-detection scripts at context level
[01:33:34.081] [DEBUG]    └─ Canvas noise, WebGL spoof, Browser patches
[01:33:34.081] [INFO ] 
[01:33:34.081] [INFO ]     🛡️ ANTI-DETECTION SCRIPTS INJECTED (CONTEXT level)
[01:33:34.081] [INFO ]     ├─ Canvas fingerprint noise
[01:33:34.081] [INFO ]     ├─ WebGL renderer/vendor spoof
[01:33:34.081] [INFO ]     ├─ Hardware concurrency randomization
[01:33:34.081] [INFO ]     ├─ Device memory randomization
[01:33:34.081] [INFO ]     ├─ Plugin masking
[01:33:34.081] [INFO ]     ├─ WebRTC IP leak protection
[01:33:34.081] [INFO ]     ├─ Network connection spoof
[01:33:34.081] [INFO ]     └─ Battery API spoof
[01:33:34.122] [INFO ] 
[01:33:34.122] [INFO ]     🥷 STEALTH MODE APPLIED
[01:33:34.122] [INFO ]     ├─ Navigator patches (webdriver, plugins, languages)
[01:33:34.122] [INFO ]     ├─ Chrome runtime patches
[01:33:34.122] [INFO ]     ├─ Console patches
[01:33:34.122] [INFO ]     └─ Permission patches
[01:33:34.122] [INFO ] 🛡️ Injected anti-detection scripts at page level
[01:33:34.122] [DEBUG]    └─ Canvas noise, WebGL spoof, Browser patches
[01:33:34.122] [INFO ] 
[01:33:34.122] [INFO ]     🛡️ ANTI-DETECTION SCRIPTS INJECTED (PAGE level)
[01:33:34.122] [INFO ]     ├─ Canvas fingerprint noise
[01:33:34.122] [INFO ]     ├─ WebGL renderer/vendor spoof
[01:33:34.123] [INFO ]     ├─ Hardware concurrency randomization
[01:33:34.123] [INFO ]     ├─ Device memory randomization
[01:33:34.123] [INFO ]     ├─ Plugin masking
[01:33:34.123] [INFO ]     ├─ WebRTC IP leak protection
[01:33:34.123] [INFO ]     ├─ Network connection spoof
[01:33:34.123] [INFO ]     └─ Battery API spoof
[01:33:34.123] [DEBUG] Enabled resource blocking (images, media, fonts)
[01:33:34.123] [INFO ] 
[01:33:34.123] [INFO ]     🔗 NAVIGATING TO URL
[01:33:34.123] [INFO ]     ├─ Strategy:   domcontentloaded
[01:33:34.123] [INFO ]     ├─ Timeout:    15.0s
[01:33:34.123] [INFO ]     └─ Sleep:      1s after load
[01:33:35.711] [INFO ] 
[01:33:35.711] [INFO ]     ✅ PAGE LOADED
[01:33:35.711] [INFO ]     ├─ Final URL:  https://www.techhubeg.net/cybersecurity/pen-testing
[01:33:35.711] [INFO ]     ├─ Title:      TechHuB Egypt - Pen Testing
[01:33:35.711] [INFO ]     └─ Load Time:  1.59s
[01:33:37.035] [INFO ] 🧑 Human behavior simulation...
[01:33:44.740] [INFO ] 🖱️ Mouse: 4 moves in 2560x1440
[01:33:44.740] [INFO ] 🖱️ Mouse completed: 4 moves
[01:33:44.740] [INFO ] 📜 Scroll: page height, viewport=1440px
[01:33:44.740] [INFO ] 📜 Scroll completed: 3 scrolls
[01:33:44.740] [INFO ] 🧑 Human behavior completed in 7.7s ✓
[01:33:44.740] [INFO ] 
[01:33:44.740] [INFO ]     🧑 HUMAN BEHAVIOR SIMULATED
[01:33:44.740] [INFO ]     ├─ Mouse Movements: 4
[01:33:44.740] [INFO ]     ├─ Scroll Actions:  3
[01:33:44.740] [INFO ]     └─ Time Spent:      7.70s
[01:33:45.120] [INFO ] 
[01:33:45.120] [INFO ]     ┌─ CONTENT METRICS ────────────────────────────────────────────┐
[01:33:45.120] [INFO ]     │ Title:            TechHuB Egypt - Pen Testing
[01:33:45.120] [INFO ]     │ Final URL:        https://www.techhubeg.net/cybersecurity/pen-testing
[01:33:45.120] [INFO ]     │ HTML Size:        330,331 bytes
[01:33:45.120] [INFO ]     │ Text Size:        3,290 chars
[01:33:45.120] [INFO ]     │ Word Count:       ~423 words
[01:33:45.120] [INFO ]     │ Extraction:       trafilatura
[01:33:45.120] [INFO ]     │ Has Article:      ✅ Yes
[01:33:45.120] [INFO ]     └──────────────────────────────────────────────────────────────┘
[01:33:45.144] [INFO ] 
[01:33:45.144] [INFO ] ╔══════════════════════════════════════════════════════════════════════════╗
[01:33:45.144] [INFO ] ║  ✅ SCRAPE SUCCESSFUL - SCRAPE_20260130_013333_33F2
[01:33:45.144] [INFO ] ╠══════════════════════════════════════════════════════════════════════════╣
[01:33:45.144] [INFO ] 
[01:33:45.144] [INFO ]     ┌─ TIMING BREAKDOWN ───────────────────────────────────────────┐
[01:33:45.144] [INFO ]     │ Browser Launch:      0.06s
[01:33:45.144] [INFO ]     │ Page Load:           1.59s
[01:33:45.144] [INFO ]     │ Cloudflare Wait:     0.00s
[01:33:45.144] [INFO ]     │ Human Simulation:    7.70s
[01:33:45.144] [INFO ]     │
[01:33:45.144] [INFO ]     │ Content Extraction:  0.31s
[01:33:45.144] [INFO ]     │ ─────────────────────────────────────────────────────────────
[01:33:45.144] [INFO ]     │ TOTAL TIME:          9.66s
[01:33:45.144] [INFO ]     └──────────────────────────────────────────────────────────────┘
[01:33:45.144] [INFO ] 
[01:33:45.144] [INFO ]     ┌─ CONTENT METRICS ────────────────────────────────────────────┐
[01:33:45.144] [INFO ]     │ Title:            TechHuB Egypt - Pen Testing
[01:33:45.144] [INFO ]     │ Final URL:        https://www.techhubeg.net/cybersecurity/pen-testing
[01:33:45.144] [INFO ]     │ HTML Size:        330,331 bytes
[01:33:45.144] [INFO ]     │ Text Size:        3,290 chars
[01:33:45.144] [INFO ]     │ Word Count:       ~423 words
[01:33:45.144] [INFO ]     │ Extraction:       trafilatura
[01:33:45.144] [INFO ]     │ Has Article:      ✅ Yes
[01:33:45.144] [INFO ]     └──────────────────────────────────────────────────────────────┘
[01:33:45.144] [INFO ] ╠══════════════════════════════════════════════════════════════════════════╣
[01:33:45.144] [INFO ] ║  📊 SESSION STATS
[01:33:45.144] [INFO ] ║  ├─ Strategies Tried:   domcontentloaded
[01:33:45.144] [INFO ] ║  ├─ Popups Dismissed:   0
[01:33:45.144] [INFO ] ║  ├─ Cloudflare:         Not detected
[01:33:45.144] [INFO ] ║  └─ Proxy Used:         Direct
[01:33:45.144] [INFO ] ╚══════════════════════════════════════════════════════════════════════════╝
[01:33:45.144] [INFO ] 

================================================================================
STATUS: SUCCESS
TOTAL TIME: 11.43s
ENDED: 2026-01-30T01:33:45.144432+02:00 (Egypt Time)
END OF SCRAPE LOG
================================================================================