================================================================================
SCRAPE LOG: https://www.trendmicro.com/en_us/research/25/i/lockbit-5-targets-windows-linux-esxi.html
Started: 2026-02-24 13:27:23
Session ID: SCRAPE_20260224_132723_5E8F
================================================================================
[13:27:23.361] [INFO ] 📝 Scrape log: /app/data/logs/scrapes/2026-02-24_132723_trendmicro.com.log
[13:27:23.361] [DEBUG] ⏱️ Timeout set to 45s for this scrape
[13:27:25.212] [INFO ] 
[13:27:25.212] [INFO ]     🚀 BROWSER LAUNCHED
[13:27:25.212] [INFO ]     ├─ Mode:       Headless
[13:27:25.212] [INFO ]     ├─ Slow Mo:    47ms
[13:27:25.212] [INFO ]     ├─ Launch Time: 1.00s
[13:27:25.212] [INFO ]     └─ Args:       Anti-automation flags enabled
[13:27:25.230] [DEBUG] Browser profile: viewport={'width': 1680, 'height': 1050}, locale=en-US, tz=UTC
[13:27:25.230] [INFO ] 
[13:27:25.231] [INFO ] ╔══════════════════════════════════════════════════════════════════════════╗
[13:27:25.231] [INFO ] ║  📋 SESSION: SCRAPE_20260224_132723_5E8F
[13:27:25.231] [INFO ] ║  🌐 URL: https://www.trendmicro.com/en_us/research/25/i/lockbit-5-targets-windows-linux-esxi.html
[13:27:25.231] [INFO ] ║  🔄 ATTEMPT: 1/2
[13:27:25.231] [INFO ] ║  ⏰ STARTED: 2026-02-24T13:27:25.231032+02:00 (Egypt Time)
[13:27:25.231] [INFO ] ╠══════════════════════════════════════════════════════════════════════════╣
[13:27:25.231] [INFO ] 
[13:27:25.231] [INFO ]     ┌─ BROWSER FINGERPRINT ────────────────────────────────────────┐
[13:27:25.231] [INFO ]     │ Browser:     CHROME v120
[13:27:25.231] [INFO ]     │ User-Agent:  Mozilla/5.0 (Windows NT 10.0; Win64; x64) AppleWebKit/537.36 (KHTML, l...
[13:27:25.231] [INFO ]     │ Viewport:    1680x1050
[13:27:25.231] [INFO ]     │ Sec-CH-UA:   (not applicable)...
[13:27:25.231] [INFO ]     ├─ LOCATION PROFILE ───────────────────────────────────────────┤
[13:27:25.231] [INFO ]     │ Location:    New York, USA
[13:27:25.231] [INFO ]     │ Timezone:    N/A
[13:27:25.231] [INFO ]     │ Locale:      en-US
[13:27:25.231] [INFO ]     │ Geo:         0, 0
[13:27:25.231] [INFO ]     ├─ NETWORK ────────────────────────────────────────────────────┤
[13:27:25.231] [INFO ]     │ Proxy:       Direct (no proxy)
[13:27:25.231] [INFO ]     │ Referrer:    https://www.google.com/search?q=www+trendmicro+com
[13:27:25.231] [INFO ]     └──────────────────────────────────────────────────────────────┘
[13:27:25.231] [INFO ] ╚══════════════════════════════════════════════════════════════════════════╝
[13:27:25.231] [INFO ] 🛡️ Injected anti-detection scripts at context level
[13:27:25.231] [DEBUG]    └─ Canvas noise, WebGL spoof, Browser patches
[13:27:25.231] [INFO ] 
[13:27:25.231] [INFO ]     🛡️ ANTI-DETECTION SCRIPTS INJECTED (CONTEXT level)
[13:27:25.231] [INFO ]     ├─ Canvas fingerprint noise
[13:27:25.231] [INFO ]     ├─ WebGL renderer/vendor spoof
[13:27:25.231] [INFO ]     ├─ Hardware concurrency randomization
[13:27:25.231] [INFO ]     ├─ Device memory randomization
[13:27:25.231] [INFO ]     ├─ Plugin masking
[13:27:25.231] [INFO ]     ├─ WebRTC IP leak protection
[13:27:25.231] [INFO ]     ├─ Network connection spoof
[13:27:25.231] [INFO ]     └─ Battery API spoof
[13:27:25.503] [INFO ] 
[13:27:25.503] [INFO ]     🥷 STEALTH MODE APPLIED
[13:27:25.503] [INFO ]     ├─ Navigator patches (webdriver, plugins, languages)
[13:27:25.503] [INFO ]     ├─ Chrome runtime patches
[13:27:25.503] [INFO ]     ├─ Console patches
[13:27:25.503] [INFO ]     └─ Permission patches
[13:27:25.503] [INFO ] 🛡️ Injected anti-detection scripts at page level
[13:27:25.503] [DEBUG]    └─ Canvas noise, WebGL spoof, Browser patches
[13:27:25.503] [INFO ] 
[13:27:25.503] [INFO ]     🛡️ ANTI-DETECTION SCRIPTS INJECTED (PAGE level)
[13:27:25.503] [INFO ]     ├─ Canvas fingerprint noise
[13:27:25.503] [INFO ]     ├─ WebGL renderer/vendor spoof
[13:27:25.503] [INFO ]     ├─ Hardware concurrency randomization
[13:27:25.503] [INFO ]     ├─ Device memory randomization
[13:27:25.503] [INFO ]     ├─ Plugin masking
[13:27:25.503] [INFO ]     ├─ WebRTC IP leak protection
[13:27:25.503] [INFO ]     ├─ Network connection spoof
[13:27:25.503] [INFO ]     └─ Battery API spoof
[13:27:25.503] [DEBUG] Enabled resource blocking (images, media, fonts)
[13:27:25.503] [INFO ] 
[13:27:25.503] [INFO ]     🔗 NAVIGATING TO URL
[13:27:25.503] [INFO ]     ├─ Strategy:   domcontentloaded
[13:27:25.503] [INFO ]     ├─ Timeout:    15.0s
[13:27:25.503] [INFO ]     └─ Sleep:      1s after load
[13:27:27.876] [INFO ] 
[13:27:27.876] [INFO ]     ✅ PAGE LOADED
[13:27:27.876] [INFO ]     ├─ Final URL:  https://www.trendmicro.com/en_us/research/25/i/lockbit-5-targets-windows-linux-esxi.html
[13:27:27.876] [INFO ]     ├─ Title:      New LockBit 5.0 Targets Windows, Linux, ESXi | Trend Micro (US)
[13:27:27.876] [INFO ]     └─ Load Time:  2.37s
[13:27:29.588] [INFO ] 🧑 Human behavior simulation...
[13:27:36.339] [INFO ] 🖱️ Mouse: 4 moves in 1680x1050
[13:27:36.339] [INFO ] 🖱️ Mouse completed: 4 moves
[13:27:36.339] [INFO ] 📜 Scroll: page height, viewport=1050px
[13:27:36.339] [INFO ] 📜 Scroll completed: 1 scrolls
[13:27:36.339] [INFO ] 🧑 Human behavior completed in 6.8s ✓
[13:27:36.339] [INFO ] 
[13:27:36.339] [INFO ]     🧑 HUMAN BEHAVIOR SIMULATED
[13:27:36.339] [INFO ]     ├─ Mouse Movements: 4
[13:27:36.339] [INFO ]     ├─ Scroll Actions:  1
[13:27:36.339] [INFO ]     └─ Time Spent:      6.75s
[13:27:36.497] [INFO ] 
[13:27:36.497] [INFO ]     ┌─ CONTENT METRICS ────────────────────────────────────────────┐
[13:27:36.497] [INFO ]     │ Title:            New LockBit 5.0 Targets Windows, Linux, ESXi
[13:27:36.497] [INFO ]     │ Final URL:        https://www.trendmicro.com/en_us/research/25/i/lockbit-5-targets-windows-linux-esxi.html
[13:27:36.497] [INFO ]     │ HTML Size:        255,220 bytes
[13:27:36.497] [INFO ]     │ Text Size:        13,501 chars
[13:27:36.497] [INFO ]     │ Word Count:       ~1862 words
[13:27:36.497] [INFO ]     │ Extraction:       trafilatura
[13:27:36.497] [INFO ]     │ Has Article:      ✅ Yes
[13:27:36.497] [INFO ]     └──────────────────────────────────────────────────────────────┘
[13:27:36.532] [INFO ] 
[13:27:36.532] [INFO ] ╔══════════════════════════════════════════════════════════════════════════╗
[13:27:36.532] [INFO ] ║  ✅ SCRAPE SUCCESSFUL - SCRAPE_20260224_132723_5E8F
[13:27:36.532] [INFO ] ╠══════════════════════════════════════════════════════════════════════════╣
[13:27:36.532] [INFO ] 
[13:27:36.532] [INFO ]     ┌─ TIMING BREAKDOWN ───────────────────────────────────────────┐
[13:27:36.532] [INFO ]     │ Browser Launch:      1.00s
[13:27:36.532] [INFO ]     │ Page Load:           2.37s
[13:27:36.532] [INFO ]     │ Cloudflare Wait:     0.00s
[13:27:36.532] [INFO ]     │ Human Simulation:    6.75s
[13:27:36.532] [INFO ]     │
[13:27:36.532] [INFO ]     │ Content Extraction:  0.10s
[13:27:36.532] [INFO ]     │ ─────────────────────────────────────────────────────────────
[13:27:36.532] [INFO ]     │ TOTAL TIME:          10.22s
[13:27:36.532] [INFO ]     └──────────────────────────────────────────────────────────────┘
[13:27:36.533] [INFO ] 
[13:27:36.533] [INFO ]     ┌─ CONTENT METRICS ────────────────────────────────────────────┐
[13:27:36.533] [INFO ]     │ Title:            New LockBit 5.0 Targets Windows, Linux, ESXi
[13:27:36.533] [INFO ]     │ Final URL:        https://www.trendmicro.com/en_us/research/25/i/lockbit-5-targets-windows-linux-esxi.html
[13:27:36.533] [INFO ]     │ HTML Size:        255,220 bytes
[13:27:36.533] [INFO ]     │ Text Size:        13,501 chars
[13:27:36.533] [INFO ]     │ Word Count:       ~1862 words
[13:27:36.533] [INFO ]     │ Extraction:       trafilatura
[13:27:36.533] [INFO ]     │ Has Article:      ✅ Yes
[13:27:36.533] [INFO ]     └──────────────────────────────────────────────────────────────┘
[13:27:36.533] [INFO ] ╠══════════════════════════════════════════════════════════════════════════╣
[13:27:36.533] [INFO ] ║  📊 SESSION STATS
[13:27:36.533] [INFO ] ║  ├─ Strategies Tried:   domcontentloaded
[13:27:36.533] [INFO ] ║  ├─ Popups Dismissed:   0
[13:27:36.533] [INFO ] ║  ├─ Cloudflare:         Not detected
[13:27:36.533] [INFO ] ║  └─ Proxy Used:         Direct
[13:27:36.533] [INFO ] ╚══════════════════════════════════════════════════════════════════════════╝
[13:27:36.533] [INFO ] 

================================================================================
STATUS: SUCCESS
TOTAL TIME: 13.17s
ENDED: 2026-02-24T13:27:36.533347+02:00 (Egypt Time)
END OF SCRAPE LOG
================================================================================