================================================================================
SCRAPE LOG: https://ebi.gov.eg/events-4/business-continuity-management/
Started: 2026-01-29 22:34:29
Session ID: SCRAPE_20260129_223429_FE12
================================================================================
[22:34:29.578] [INFO ] 📝 Scrape log: /app/data/logs/scrapes/2026-01-29_223429_ebi.gov.eg.log
[22:34:29.578] [DEBUG] ⏱️ Timeout set to 45s for this scrape
[22:34:29.924] [INFO ] 
[22:34:29.924] [INFO ]     🚀 BROWSER LAUNCHED
[22:34:29.924] [INFO ]     ├─ Mode:       Headless
[22:34:29.924] [INFO ]     ├─ Slow Mo:    47ms
[22:34:29.924] [INFO ]     ├─ Launch Time: 0.06s
[22:34:29.924] [INFO ]     └─ Args:       Anti-automation flags enabled
[22:34:29.942] [DEBUG] Browser profile: viewport={'width': 1920, 'height': 1080}, locale=en-US, tz=UTC
[22:34:29.942] [INFO ] 
[22:34:29.942] [INFO ] ╔══════════════════════════════════════════════════════════════════════════╗
[22:34:29.942] [INFO ] ║  📋 SESSION: SCRAPE_20260129_223429_FE12
[22:34:29.942] [INFO ] ║  🌐 URL: https://ebi.gov.eg/events-4/business-continuity-management/
[22:34:29.942] [INFO ] ║  🔄 ATTEMPT: 1/2
[22:34:29.942] [INFO ] ║  ⏰ STARTED: 2026-01-29T22:34:29.942581+02:00 (Egypt Time)
[22:34:29.942] [INFO ] ╠══════════════════════════════════════════════════════════════════════════╣
[22:34:29.942] [INFO ] 
[22:34:29.942] [INFO ]     ┌─ BROWSER FINGERPRINT ────────────────────────────────────────┐
[22:34:29.942] [INFO ]     │ Browser:     CHROME v121
[22:34:29.942] [INFO ]     │ User-Agent:  Mozilla/5.0 (Macintosh; Intel Mac OS X 10_15_7) AppleWebKit/537.36 (KH...
[22:34:29.942] [INFO ]     │ Viewport:    1920x1080
[22:34:29.942] [INFO ]     │ Sec-CH-UA:   (not applicable)...
[22:34:29.942] [INFO ]     ├─ LOCATION PROFILE ───────────────────────────────────────────┤
[22:34:29.942] [INFO ]     │ Location:    Seattle, USA
[22:34:29.942] [INFO ]     │ Timezone:    N/A
[22:34:29.942] [INFO ]     │ Locale:      en-US
[22:34:29.942] [INFO ]     │ Geo:         0, 0
[22:34:29.942] [INFO ]     ├─ NETWORK ────────────────────────────────────────────────────┤
[22:34:29.942] [INFO ]     │ Proxy:       Direct (no proxy)
[22:34:29.942] [INFO ]     │ Referrer:    https://www.google.com/search?q=ebi+gov+eg
[22:34:29.942] [INFO ]     └──────────────────────────────────────────────────────────────┘
[22:34:29.942] [INFO ] ╚══════════════════════════════════════════════════════════════════════════╝
[22:34:29.942] [INFO ] 🛡️ Injected anti-detection scripts at context level
[22:34:29.942] [DEBUG]    └─ Canvas noise, WebGL spoof, Browser patches
[22:34:29.942] [INFO ] 
[22:34:29.942] [INFO ]     🛡️ ANTI-DETECTION SCRIPTS INJECTED (CONTEXT level)
[22:34:29.942] [INFO ]     ├─ Canvas fingerprint noise
[22:34:29.942] [INFO ]     ├─ WebGL renderer/vendor spoof
[22:34:29.942] [INFO ]     ├─ Hardware concurrency randomization
[22:34:29.942] [INFO ]     ├─ Device memory randomization
[22:34:29.942] [INFO ]     ├─ Plugin masking
[22:34:29.942] [INFO ]     ├─ WebRTC IP leak protection
[22:34:29.942] [INFO ]     ├─ Network connection spoof
[22:34:29.942] [INFO ]     └─ Battery API spoof
[22:34:29.983] [INFO ] 
[22:34:29.983] [INFO ]     🥷 STEALTH MODE APPLIED
[22:34:29.983] [INFO ]     ├─ Navigator patches (webdriver, plugins, languages)
[22:34:29.983] [INFO ]     ├─ Chrome runtime patches
[22:34:29.983] [INFO ]     ├─ Console patches
[22:34:29.983] [INFO ]     └─ Permission patches
[22:34:29.983] [INFO ] 🛡️ Injected anti-detection scripts at page level
[22:34:29.983] [DEBUG]    └─ Canvas noise, WebGL spoof, Browser patches
[22:34:29.983] [INFO ] 
[22:34:29.983] [INFO ]     🛡️ ANTI-DETECTION SCRIPTS INJECTED (PAGE level)
[22:34:29.983] [INFO ]     ├─ Canvas fingerprint noise
[22:34:29.983] [INFO ]     ├─ WebGL renderer/vendor spoof
[22:34:29.983] [INFO ]     ├─ Hardware concurrency randomization
[22:34:29.983] [INFO ]     ├─ Device memory randomization
[22:34:29.983] [INFO ]     ├─ Plugin masking
[22:34:29.983] [INFO ]     ├─ WebRTC IP leak protection
[22:34:29.983] [INFO ]     ├─ Network connection spoof
[22:34:29.983] [INFO ]     └─ Battery API spoof
[22:34:29.983] [DEBUG] Enabled resource blocking (images, media, fonts)
[22:34:29.983] [INFO ] 
[22:34:29.983] [INFO ]     🔗 NAVIGATING TO URL
[22:34:29.983] [INFO ]     ├─ Strategy:   domcontentloaded
[22:34:29.983] [INFO ]     ├─ Timeout:    15.0s
[22:34:29.983] [INFO ]     └─ Sleep:      1s after load
[22:34:33.178] [INFO ] 
[22:34:33.178] [INFO ]     ✅ PAGE LOADED
[22:34:33.178] [INFO ]     ├─ Final URL:  https://ebi.gov.eg/events-4/business-continuity-management/
[22:34:33.178] [INFO ]     ├─ Title:      Business Continuity Management – EBI
[22:34:33.178] [INFO ]     └─ Load Time:  3.19s
[22:34:34.501] [INFO ] 🧑 Human behavior simulation...
[22:34:38.487] [INFO ] 🖱️ Mouse: 2 moves in 1920x1080
[22:34:38.487] [INFO ] 🖱️ Mouse completed: 2 moves
[22:34:38.487] [INFO ] 📜 Scroll: page height, viewport=1080px
[22:34:38.487] [INFO ] 📜 Scroll completed: 3 scrolls
[22:34:38.487] [INFO ] 🧑 Human behavior completed in 4.0s ✓
[22:34:38.487] [INFO ] 
[22:34:38.487] [INFO ]     🧑 HUMAN BEHAVIOR SIMULATED
[22:34:38.487] [INFO ]     ├─ Mouse Movements: 2
[22:34:38.487] [INFO ]     ├─ Scroll Actions:  3
[22:34:38.487] [INFO ]     └─ Time Spent:      3.99s
[22:34:38.741] [INFO ] 
[22:34:38.741] [INFO ]     ┌─ CONTENT METRICS ────────────────────────────────────────────┐
[22:34:38.741] [INFO ]     │ Title:            Business Continuity Management
[22:34:38.741] [INFO ]     │ Final URL:        https://ebi.gov.eg/events-4/business-continuity-management/
[22:34:38.741] [INFO ]     │ HTML Size:        102,876 bytes
[22:34:38.741] [INFO ]     │ Text Size:        644 chars
[22:34:38.741] [INFO ]     │ Word Count:       ~88 words
[22:34:38.741] [INFO ]     │ Extraction:       trafilatura
[22:34:38.741] [INFO ]     │ Has Article:      ✅ Yes
[22:34:38.741] [INFO ]     └──────────────────────────────────────────────────────────────┘
[22:34:38.766] [INFO ] 
[22:34:38.766] [INFO ] ╔══════════════════════════════════════════════════════════════════════════╗
[22:34:38.766] [INFO ] ║  ✅ SCRAPE SUCCESSFUL - SCRAPE_20260129_223429_FE12
[22:34:38.766] [INFO ] ╠══════════════════════════════════════════════════════════════════════════╣
[22:34:38.766] [INFO ] 
[22:34:38.766] [INFO ]     ┌─ TIMING BREAKDOWN ───────────────────────────────────────────┐
[22:34:38.766] [INFO ]     │ Browser Launch:      0.06s
[22:34:38.766] [INFO ]     │ Page Load:           3.19s
[22:34:38.766] [INFO ]     │ Cloudflare Wait:     0.00s
[22:34:38.766] [INFO ]     │ Human Simulation:    3.99s
[22:34:38.766] [INFO ]     │
[22:34:38.766] [INFO ]     │ Content Extraction:  0.18s
[22:34:38.766] [INFO ]     │ ─────────────────────────────────────────────────────────────
[22:34:38.766] [INFO ]     │ TOTAL TIME:          7.42s
[22:34:38.766] [INFO ]     └──────────────────────────────────────────────────────────────┘
[22:34:38.766] [INFO ] 
[22:34:38.766] [INFO ]     ┌─ CONTENT METRICS ────────────────────────────────────────────┐
[22:34:38.766] [INFO ]     │ Title:            Business Continuity Management
[22:34:38.766] [INFO ]     │ Final URL:        https://ebi.gov.eg/events-4/business-continuity-management/
[22:34:38.766] [INFO ]     │ HTML Size:        102,876 bytes
[22:34:38.766] [INFO ]     │ Text Size:        644 chars
[22:34:38.766] [INFO ]     │ Word Count:       ~88 words
[22:34:38.766] [INFO ]     │ Extraction:       trafilatura
[22:34:38.766] [INFO ]     │ Has Article:      ✅ Yes
[22:34:38.766] [INFO ]     └──────────────────────────────────────────────────────────────┘
[22:34:38.766] [INFO ] ╠══════════════════════════════════════════════════════════════════════════╣
[22:34:38.766] [INFO ] ║  📊 SESSION STATS
[22:34:38.766] [INFO ] ║  ├─ Strategies Tried:   domcontentloaded
[22:34:38.766] [INFO ] ║  ├─ Popups Dismissed:   0
[22:34:38.766] [INFO ] ║  ├─ Cloudflare:         Not detected
[22:34:38.766] [INFO ] ║  └─ Proxy Used:         Direct
[22:34:38.766] [INFO ] ╚══════════════════════════════════════════════════════════════════════════╝
[22:34:38.766] [INFO ] 

================================================================================
STATUS: SUCCESS
TOTAL TIME: 9.19s
ENDED: 2026-01-29T22:34:38.766727+02:00 (Egypt Time)
END OF SCRAPE LOG
================================================================================