================================================================================
SCRAPE LOG: https://www.escc.gov.eg/page1_2_1_en.html
Started: 2026-01-29 23:34:30
Session ID: SCRAPE_20260129_233430_01A8
================================================================================
[23:34:30.991] [INFO ] 📝 Scrape log: /app/data/logs/scrapes/2026-01-29_233430_escc.gov.eg.log
[23:34:30.991] [DEBUG] ⏱️ Timeout set to 45s for this scrape
[23:34:31.338] [INFO ] 
[23:34:31.338] [INFO ]     🚀 BROWSER LAUNCHED
[23:34:31.338] [INFO ]     ├─ Mode:       Headless
[23:34:31.338] [INFO ]     ├─ Slow Mo:    46ms
[23:34:31.338] [INFO ]     ├─ Launch Time: 0.06s
[23:34:31.338] [INFO ]     └─ Args:       Anti-automation flags enabled
[23:34:31.352] [DEBUG] Browser profile: viewport={'width': 1280, 'height': 720}, locale=en-US, tz=UTC
[23:34:31.352] [INFO ] 
[23:34:31.352] [INFO ] ╔══════════════════════════════════════════════════════════════════════════╗
[23:34:31.352] [INFO ] ║  📋 SESSION: SCRAPE_20260129_233430_01A8
[23:34:31.352] [INFO ] ║  🌐 URL: https://www.escc.gov.eg/page1_2_1_en.html
[23:34:31.352] [INFO ] ║  🔄 ATTEMPT: 1/2
[23:34:31.352] [INFO ] ║  ⏰ STARTED: 2026-01-29T23:34:31.352584+02:00 (Egypt Time)
[23:34:31.352] [INFO ] ╠══════════════════════════════════════════════════════════════════════════╣
[23:34:31.352] [INFO ] 
[23:34:31.352] [INFO ]     ┌─ BROWSER FINGERPRINT ────────────────────────────────────────┐
[23:34:31.352] [INFO ]     │ Browser:     CHROME v121
[23:34:31.352] [INFO ]     │ User-Agent:  Mozilla/5.0 (Windows NT 10.0; Win64; x64) AppleWebKit/537.36 (KHTML, l...
[23:34:31.352] [INFO ]     │ Viewport:    1280x720
[23:34:31.352] [INFO ]     │ Sec-CH-UA:   (not applicable)...
[23:34:31.352] [INFO ]     ├─ LOCATION PROFILE ───────────────────────────────────────────┤
[23:34:31.352] [INFO ]     │ Location:    Los Angeles, USA
[23:34:31.352] [INFO ]     │ Timezone:    N/A
[23:34:31.352] [INFO ]     │ Locale:      en-US
[23:34:31.352] [INFO ]     │ Geo:         0, 0
[23:34:31.352] [INFO ]     ├─ NETWORK ────────────────────────────────────────────────────┤
[23:34:31.352] [INFO ]     │ Proxy:       Direct (no proxy)
[23:34:31.352] [INFO ]     │ Referrer:    https://www.google.com/search?q=www+escc+gov+eg
[23:34:31.352] [INFO ]     └──────────────────────────────────────────────────────────────┘
[23:34:31.352] [INFO ] ╚══════════════════════════════════════════════════════════════════════════╝
[23:34:31.352] [INFO ] 🛡️ Injected anti-detection scripts at context level
[23:34:31.352] [DEBUG]    └─ Canvas noise, WebGL spoof, Browser patches
[23:34:31.352] [INFO ] 
[23:34:31.352] [INFO ]     🛡️ ANTI-DETECTION SCRIPTS INJECTED (CONTEXT level)
[23:34:31.352] [INFO ]     ├─ Canvas fingerprint noise
[23:34:31.352] [INFO ]     ├─ WebGL renderer/vendor spoof
[23:34:31.352] [INFO ]     ├─ Hardware concurrency randomization
[23:34:31.352] [INFO ]     ├─ Device memory randomization
[23:34:31.352] [INFO ]     ├─ Plugin masking
[23:34:31.352] [INFO ]     ├─ WebRTC IP leak protection
[23:34:31.352] [INFO ]     ├─ Network connection spoof
[23:34:31.352] [INFO ]     └─ Battery API spoof
[23:34:31.393] [INFO ] 
[23:34:31.393] [INFO ]     🥷 STEALTH MODE APPLIED
[23:34:31.393] [INFO ]     ├─ Navigator patches (webdriver, plugins, languages)
[23:34:31.393] [INFO ]     ├─ Chrome runtime patches
[23:34:31.393] [INFO ]     ├─ Console patches
[23:34:31.393] [INFO ]     └─ Permission patches
[23:34:31.393] [INFO ] 🛡️ Injected anti-detection scripts at page level
[23:34:31.393] [DEBUG]    └─ Canvas noise, WebGL spoof, Browser patches
[23:34:31.393] [INFO ] 
[23:34:31.393] [INFO ]     🛡️ ANTI-DETECTION SCRIPTS INJECTED (PAGE level)
[23:34:31.393] [INFO ]     ├─ Canvas fingerprint noise
[23:34:31.393] [INFO ]     ├─ WebGL renderer/vendor spoof
[23:34:31.393] [INFO ]     ├─ Hardware concurrency randomization
[23:34:31.393] [INFO ]     ├─ Device memory randomization
[23:34:31.393] [INFO ]     ├─ Plugin masking
[23:34:31.393] [INFO ]     ├─ WebRTC IP leak protection
[23:34:31.393] [INFO ]     ├─ Network connection spoof
[23:34:31.393] [INFO ]     └─ Battery API spoof
[23:34:31.393] [DEBUG] Enabled resource blocking (images, media, fonts)
[23:34:31.393] [INFO ] 
[23:34:31.393] [INFO ]     🔗 NAVIGATING TO URL
[23:34:31.393] [INFO ]     ├─ Strategy:   domcontentloaded
[23:34:31.393] [INFO ]     ├─ Timeout:    15.0s
[23:34:31.393] [INFO ]     └─ Sleep:      1s after load
[23:34:32.582] [DEBUG] Enabled resource blocking (images, media, fonts)
[23:34:32.582] [INFO ] 
[23:34:32.582] [INFO ]     🔗 NAVIGATING TO URL
[23:34:32.582] [INFO ]     ├─ Strategy:   load
[23:34:32.582] [INFO ]     ├─ Timeout:    20.0s
[23:34:32.582] [INFO ]     └─ Sleep:      1s after load
[23:34:32.950] [DEBUG] Enabled resource blocking (images, media, fonts)
[23:34:32.950] [INFO ] 
[23:34:32.950] [INFO ]     🔗 NAVIGATING TO URL
[23:34:32.950] [INFO ]     ├─ Strategy:   networkidle
[23:34:32.950] [INFO ]     ├─ Timeout:    25.0s
[23:34:32.950] [INFO ]     └─ Sleep:      1s after load
[23:34:39.735] [INFO ] 
[23:34:39.735] [INFO ]     🚀 BROWSER LAUNCHED
[23:34:39.735] [INFO ]     ├─ Mode:       Headless
[23:34:39.736] [INFO ]     ├─ Slow Mo:    46ms
[23:34:39.736] [INFO ]     ├─ Launch Time: 0.06s
[23:34:39.736] [INFO ]     └─ Args:       Anti-automation flags enabled
[23:34:39.755] [DEBUG] Browser profile: viewport={'width': 1536, 'height': 864}, locale=en-SG, tz=UTC
[23:34:39.755] [INFO ] 
[23:34:39.755] [INFO ] ╔══════════════════════════════════════════════════════════════════════════╗
[23:34:39.755] [INFO ] ║  📋 SESSION: SCRAPE_20260129_233430_01A8
[23:34:39.755] [INFO ] ║  🌐 URL: https://www.escc.gov.eg/page1_2_1_en.html
[23:34:39.755] [INFO ] ║  🔄 ATTEMPT: 2/2
[23:34:39.755] [INFO ] ║  ⏰ STARTED: 2026-01-29T23:34:39.755677+02:00 (Egypt Time)
[23:34:39.755] [INFO ] ╠══════════════════════════════════════════════════════════════════════════╣
[23:34:39.755] [INFO ] 
[23:34:39.755] [INFO ]     ┌─ BROWSER FINGERPRINT ────────────────────────────────────────┐
[23:34:39.755] [INFO ]     │ Browser:     CHROME v121
[23:34:39.755] [INFO ]     │ User-Agent:  Mozilla/5.0 (Windows NT 11.0; Win64; x64) AppleWebKit/537.36 (KHTML, l...
[23:34:39.755] [INFO ]     │ Viewport:    1536x864
[23:34:39.755] [INFO ]     │ Sec-CH-UA:   (not applicable)...
[23:34:39.755] [INFO ]     ├─ LOCATION PROFILE ───────────────────────────────────────────┤
[23:34:39.755] [INFO ]     │ Location:    Singapore
[23:34:39.755] [INFO ]     │ Timezone:    N/A
[23:34:39.755] [INFO ]     │ Locale:      en-SG
[23:34:39.755] [INFO ]     │ Geo:         0, 0
[23:34:39.755] [INFO ]     ├─ NETWORK ────────────────────────────────────────────────────┤
[23:34:39.755] [INFO ]     │ Proxy:       Direct (no proxy)
[23:34:39.755] [INFO ]     │ Referrer:    https://news.google.com/
[23:34:39.755] [INFO ]     └──────────────────────────────────────────────────────────────┘
[23:34:39.755] [INFO ] ╚══════════════════════════════════════════════════════════════════════════╝
[23:34:39.755] [INFO ] 🛡️ Injected anti-detection scripts at context level
[23:34:39.755] [DEBUG]    └─ Canvas noise, WebGL spoof, Browser patches
[23:34:39.755] [INFO ] 
[23:34:39.755] [INFO ]     🛡️ ANTI-DETECTION SCRIPTS INJECTED (CONTEXT level)
[23:34:39.755] [INFO ]     ├─ Canvas fingerprint noise
[23:34:39.755] [INFO ]     ├─ WebGL renderer/vendor spoof
[23:34:39.755] [INFO ]     ├─ Hardware concurrency randomization
[23:34:39.755] [INFO ]     ├─ Device memory randomization
[23:34:39.755] [INFO ]     ├─ Plugin masking
[23:34:39.755] [INFO ]     ├─ WebRTC IP leak protection
[23:34:39.755] [INFO ]     ├─ Network connection spoof
[23:34:39.755] [INFO ]     └─ Battery API spoof
[23:34:39.798] [INFO ] 
[23:34:39.798] [INFO ]     🥷 STEALTH MODE APPLIED
[23:34:39.798] [INFO ]     ├─ Navigator patches (webdriver, plugins, languages)
[23:34:39.798] [INFO ]     ├─ Chrome runtime patches
[23:34:39.798] [INFO ]     ├─ Console patches
[23:34:39.798] [INFO ]     └─ Permission patches
[23:34:39.798] [INFO ] 🛡️ Injected anti-detection scripts at page level
[23:34:39.798] [DEBUG]    └─ Canvas noise, WebGL spoof, Browser patches
[23:34:39.798] [INFO ] 
[23:34:39.798] [INFO ]     🛡️ ANTI-DETECTION SCRIPTS INJECTED (PAGE level)
[23:34:39.798] [INFO ]     ├─ Canvas fingerprint noise
[23:34:39.798] [INFO ]     ├─ WebGL renderer/vendor spoof
[23:34:39.798] [INFO ]     ├─ Hardware concurrency randomization
[23:34:39.798] [INFO ]     ├─ Device memory randomization
[23:34:39.798] [INFO ]     ├─ Plugin masking
[23:34:39.798] [INFO ]     ├─ WebRTC IP leak protection
[23:34:39.798] [INFO ]     ├─ Network connection spoof
[23:34:39.798] [INFO ]     └─ Battery API spoof
[23:34:39.798] [DEBUG] Enabled resource blocking (images, media, fonts)
[23:34:39.798] [INFO ] 
[23:34:39.798] [INFO ]     🔗 NAVIGATING TO URL
[23:34:39.798] [INFO ]     ├─ Strategy:   domcontentloaded
[23:34:39.798] [INFO ]     ├─ Timeout:    15.0s
[23:34:39.798] [INFO ]     └─ Sleep:      1s after load
[23:34:40.501] [DEBUG] Enabled resource blocking (images, media, fonts)
[23:34:40.501] [INFO ] 
[23:34:40.501] [INFO ]     🔗 NAVIGATING TO URL
[23:34:40.501] [INFO ]     ├─ Strategy:   load
[23:34:40.501] [INFO ]     ├─ Timeout:    20.0s
[23:34:40.501] [INFO ]     └─ Sleep:      1s after load
[23:34:40.856] [DEBUG] Enabled resource blocking (images, media, fonts)
[23:34:40.856] [INFO ] 
[23:34:40.856] [INFO ]     🔗 NAVIGATING TO URL
[23:34:40.856] [INFO ]     ├─ Strategy:   networkidle
[23:34:40.856] [INFO ]     ├─ Timeout:    25.0s
[23:34:40.856] [INFO ]     └─ Sleep:      1s after load
[23:34:41.235] [INFO ] 
[23:34:41.235] [INFO ] ╔══════════════════════════════════════════════════════════════════════════╗
[23:34:41.235] [INFO ] ║  ❌ SCRAPE FAILED - SCRAPE_20260129_233430_01A8
[23:34:41.235] [INFO ] ╠══════════════════════════════════════════════════════════════════════════╣
[23:34:41.235] [INFO ] 
[23:34:41.235] [INFO ]     ┌─ FAILURE SUMMARY ────────────────────────────────────────────┐
[23:34:41.235] [INFO ]     │ URL:              https://www.escc.gov.eg/page1_2_1_en.html
[23:34:41.235] [INFO ]     │ Error Type:       network
[23:34:41.235] [INFO ]     │ Likely Ban:       ❌ No
[23:34:41.235] [INFO ]     │ Retries Used:     2
[23:34:41.235] [INFO ]     │
[23:34:41.235] [INFO ]     │ Error Message:
[23:34:41.235] [INFO ]     │   Failed after 2 attempts. Last error: Page.goto: net::ERR
[23:34:41.235] [INFO ]     │   _CERT_DATE_INVALID at https://www.escc.gov.eg/page1_2_1_
[23:34:41.235] [INFO ]     │   en.html
Call log:
  - navigating to "https://www.escc.go
[23:34:41.235] [INFO ]     │   v.eg/page1_2_1_en.html", waiting until "networkidle"

[23:34:41.235] [INFO ]     └──────────────────────────────────────────────────────────────┘
[23:34:41.235] [INFO ] 
[23:34:41.235] [INFO ]     ┌─ TIMING AT FAILURE ──────────────────────────────────────────┐
[23:34:41.235] [INFO ]     │ Browser Launch:     0.06s
[23:34:41.235] [INFO ]     │ Page Load:          0.00s
[23:34:41.235] [INFO ]     │ Cloudflare Wait:    0.00s
[23:34:41.235] [INFO ]     │ Human Simulation:   0.00s
[23:34:41.235] [INFO ]     │ ─────────────────────────────────────────────────────────────
[23:34:41.235] [INFO ]     │ FAILED AT:          0.06s
[23:34:41.235] [INFO ]     └──────────────────────────────────────────────────────────────┘
[23:34:41.235] [INFO ] 
[23:34:41.235] [INFO ]     ┌─ RECOMMENDATION ─────────────────────────────────────────────┐
[23:34:41.235] [INFO ]     │ 💡 Network connection issue
[23:34:41.235] [INFO ]     └──────────────────────────────────────────────────────────────┘
[23:34:41.235] [INFO ] 
[23:34:41.235] [INFO ] ╚══════════════════════════════════════════════════════════════════════════╝
[23:34:41.235] [INFO ] 

================================================================================
STATUS: FAILED
TOTAL TIME: 10.24s
ENDED: 2026-01-29T23:34:41.235329+02:00 (Egypt Time)
END OF SCRAPE LOG
================================================================================