================================================================================
SCRAPE LOG: https://paymentsecuritysummit.com/egypt/
Started: 2026-02-01 12:19:20
Session ID: SCRAPE_20260201_121920_2D42
================================================================================
[12:19:20.645] [INFO ] 📝 Scrape log: /app/data/logs/scrapes/2026-02-01_121920_paymentsecuritysummit.com.log
[12:19:20.645] [DEBUG] ⏱️ Timeout set to 45s for this scrape
[12:19:21.051] [INFO ] 
[12:19:21.051] [INFO ]     🚀 BROWSER LAUNCHED
[12:19:21.051] [INFO ]     ├─ Mode:       Headless
[12:19:21.051] [INFO ]     ├─ Slow Mo:    55ms
[12:19:21.051] [INFO ]     ├─ Launch Time: 0.07s
[12:19:21.051] [INFO ]     └─ Args:       Anti-automation flags enabled
[12:19:21.073] [DEBUG] Browser profile: viewport={'width': 1920, 'height': 1080}, locale=en-GB, tz=UTC
[12:19:21.073] [INFO ] 
[12:19:21.073] [INFO ] ╔══════════════════════════════════════════════════════════════════════════╗
[12:19:21.073] [INFO ] ║  📋 SESSION: SCRAPE_20260201_121920_2D42
[12:19:21.073] [INFO ] ║  🌐 URL: https://paymentsecuritysummit.com/egypt/
[12:19:21.073] [INFO ] ║  🔄 ATTEMPT: 1/2
[12:19:21.073] [INFO ] ║  ⏰ STARTED: 2026-02-01T12:19:21.073697+02:00 (Egypt Time)
[12:19:21.073] [INFO ] ╠══════════════════════════════════════════════════════════════════════════╣
[12:19:21.073] [INFO ] 
[12:19:21.073] [INFO ]     ┌─ BROWSER FINGERPRINT ────────────────────────────────────────┐
[12:19:21.073] [INFO ]     │ Browser:     SAFARI v17
[12:19:21.073] [INFO ]     │ User-Agent:  Mozilla/5.0 (Macintosh; Intel Mac OS X 10_15_7) AppleWebKit/605.1.15 (...
[12:19:21.073] [INFO ]     │ Viewport:    1920x1080
[12:19:21.073] [INFO ]     │ Sec-CH-UA:   (not applicable)...
[12:19:21.073] [INFO ]     ├─ LOCATION PROFILE ───────────────────────────────────────────┤
[12:19:21.073] [INFO ]     │ Location:    London, UK
[12:19:21.073] [INFO ]     │ Timezone:    N/A
[12:19:21.073] [INFO ]     │ Locale:      en-GB
[12:19:21.073] [INFO ]     │ Geo:         0, 0
[12:19:21.073] [INFO ]     ├─ NETWORK ────────────────────────────────────────────────────┤
[12:19:21.073] [INFO ]     │ Proxy:       Direct (no proxy)
[12:19:21.073] [INFO ]     │ Referrer:    https://www.google.com/
[12:19:21.073] [INFO ]     └──────────────────────────────────────────────────────────────┘
[12:19:21.073] [INFO ] ╚══════════════════════════════════════════════════════════════════════════╝
[12:19:21.073] [INFO ] 🛡️ Injected anti-detection scripts at context level
[12:19:21.073] [DEBUG]    └─ Canvas noise, WebGL spoof, Browser patches
[12:19:21.073] [INFO ] 
[12:19:21.073] [INFO ]     🛡️ ANTI-DETECTION SCRIPTS INJECTED (CONTEXT level)
[12:19:21.073] [INFO ]     ├─ Canvas fingerprint noise
[12:19:21.073] [INFO ]     ├─ WebGL renderer/vendor spoof
[12:19:21.073] [INFO ]     ├─ Hardware concurrency randomization
[12:19:21.073] [INFO ]     ├─ Device memory randomization
[12:19:21.073] [INFO ]     ├─ Plugin masking
[12:19:21.073] [INFO ]     ├─ WebRTC IP leak protection
[12:19:21.073] [INFO ]     ├─ Network connection spoof
[12:19:21.073] [INFO ]     └─ Battery API spoof
[12:19:21.122] [INFO ] 
[12:19:21.122] [INFO ]     🥷 STEALTH MODE APPLIED
[12:19:21.122] [INFO ]     ├─ Navigator patches (webdriver, plugins, languages)
[12:19:21.122] [INFO ]     ├─ Chrome runtime patches
[12:19:21.122] [INFO ]     ├─ Console patches
[12:19:21.122] [INFO ]     └─ Permission patches
[12:19:21.122] [INFO ] 🛡️ Injected anti-detection scripts at page level
[12:19:21.122] [DEBUG]    └─ Canvas noise, WebGL spoof, Browser patches
[12:19:21.122] [INFO ] 
[12:19:21.122] [INFO ]     🛡️ ANTI-DETECTION SCRIPTS INJECTED (PAGE level)
[12:19:21.122] [INFO ]     ├─ Canvas fingerprint noise
[12:19:21.122] [INFO ]     ├─ WebGL renderer/vendor spoof
[12:19:21.122] [INFO ]     ├─ Hardware concurrency randomization
[12:19:21.122] [INFO ]     ├─ Device memory randomization
[12:19:21.122] [INFO ]     ├─ Plugin masking
[12:19:21.122] [INFO ]     ├─ WebRTC IP leak protection
[12:19:21.122] [INFO ]     ├─ Network connection spoof
[12:19:21.122] [INFO ]     └─ Battery API spoof
[12:19:21.122] [DEBUG] Enabled resource blocking (images, media, fonts)
[12:19:21.122] [INFO ] 
[12:19:21.122] [INFO ]     🔗 NAVIGATING TO URL
[12:19:21.122] [INFO ]     ├─ Strategy:   domcontentloaded
[12:19:21.122] [INFO ]     ├─ Timeout:    15.0s
[12:19:21.122] [INFO ]     └─ Sleep:      1s after load
[12:19:25.568] [INFO ] 
[12:19:25.568] [INFO ]     ✅ PAGE LOADED
[12:19:25.568] [INFO ]     ├─ Final URL:  https://paymentsecuritysummit.com/egypt/
[12:19:25.568] [INFO ]     ├─ Title:      Payment Security Summit Egypt | 23rd September, 2025 I Cairo
[12:19:25.568] [INFO ]     └─ Load Time:  4.45s
[12:19:28.790] [INFO ] 🧑 Human behavior simulation...
[12:19:36.422] [INFO ] 🖱️ Mouse: 4 moves in 1920x1080
[12:19:36.422] [INFO ] 🖱️ Mouse completed: 4 moves
[12:19:36.422] [INFO ] 📜 Scroll: page height, viewport=1080px
[12:19:36.422] [INFO ] 📜 Scroll completed: 3 scrolls
[12:19:36.422] [INFO ] 🧑 Human behavior completed in 7.6s ✓
[12:19:36.422] [INFO ] 
[12:19:36.422] [INFO ]     🧑 HUMAN BEHAVIOR SIMULATED
[12:19:36.422] [INFO ]     ├─ Mouse Movements: 4
[12:19:36.422] [INFO ]     ├─ Scroll Actions:  3
[12:19:36.422] [INFO ]     └─ Time Spent:      7.63s
[12:19:37.147] [INFO ] 
[12:19:37.147] [INFO ]     ┌─ CONTENT METRICS ────────────────────────────────────────────┐
[12:19:37.147] [INFO ]     │ Title:            Payment Security Summit Egypt | 23rd September, 20
[12:19:37.147] [INFO ]     │ Final URL:        https://paymentsecuritysummit.com/egypt/
[12:19:37.147] [INFO ]     │ HTML Size:        651,517 bytes
[12:19:37.147] [INFO ]     │ Text Size:        17,507 chars
[12:19:37.147] [INFO ]     │ Word Count:       ~2599 words
[12:19:37.147] [INFO ]     │ Extraction:       trafilatura
[12:19:37.147] [INFO ]     │ Has Article:      ✅ Yes
[12:19:37.147] [INFO ]     └──────────────────────────────────────────────────────────────┘
[12:19:37.195] [INFO ] 
[12:19:37.195] [INFO ] ╔══════════════════════════════════════════════════════════════════════════╗
[12:19:37.195] [INFO ] ║  ✅ SCRAPE SUCCESSFUL - SCRAPE_20260201_121920_2D42
[12:19:37.195] [INFO ] ╠══════════════════════════════════════════════════════════════════════════╣
[12:19:37.195] [INFO ] 
[12:19:37.195] [INFO ]     ┌─ TIMING BREAKDOWN ───────────────────────────────────────────┐
[12:19:37.195] [INFO ]     │ Browser Launch:      0.07s
[12:19:37.195] [INFO ]     │ Page Load:           4.45s
[12:19:37.195] [INFO ]     │ Cloudflare Wait:     0.00s
[12:19:37.195] [INFO ]     │ Human Simulation:    7.63s
[12:19:37.195] [INFO ]     │
[12:19:37.195] [INFO ]     │ Content Extraction:  0.48s
[12:19:37.195] [INFO ]     │ ─────────────────────────────────────────────────────────────
[12:19:37.195] [INFO ]     │ TOTAL TIME:          12.62s
[12:19:37.195] [INFO ]     └──────────────────────────────────────────────────────────────┘
[12:19:37.195] [INFO ] 
[12:19:37.196] [INFO ]     ┌─ CONTENT METRICS ────────────────────────────────────────────┐
[12:19:37.196] [INFO ]     │ Title:            Payment Security Summit Egypt | 23rd September, 20
[12:19:37.196] [INFO ]     │ Final URL:        https://paymentsecuritysummit.com/egypt/
[12:19:37.196] [INFO ]     │ HTML Size:        651,517 bytes
[12:19:37.196] [INFO ]     │ Text Size:        17,507 chars
[12:19:37.196] [INFO ]     │ Word Count:       ~2599 words
[12:19:37.196] [INFO ]     │ Extraction:       trafilatura
[12:19:37.196] [INFO ]     │ Has Article:      ✅ Yes
[12:19:37.196] [INFO ]     └──────────────────────────────────────────────────────────────┘
[12:19:37.196] [INFO ] ╠══════════════════════════════════════════════════════════════════════════╣
[12:19:37.196] [INFO ] ║  📊 SESSION STATS
[12:19:37.196] [INFO ] ║  ├─ Strategies Tried:   domcontentloaded
[12:19:37.196] [INFO ] ║  ├─ Popups Dismissed:   0
[12:19:37.196] [INFO ] ║  ├─ Cloudflare:         Not detected
[12:19:37.196] [INFO ] ║  └─ Proxy Used:         Direct
[12:19:37.196] [INFO ] ╚══════════════════════════════════════════════════════════════════════════╝
[12:19:37.196] [INFO ] 

================================================================================
STATUS: SUCCESS
TOTAL TIME: 16.55s
ENDED: 2026-02-01T12:19:37.196140+02:00 (Egypt Time)
END OF SCRAPE LOG
================================================================================