================================================================================
SCRAPE LOG: https://news.google.com/rss/articles/CBMitAFBVV95cUxNNVhwcmNLYVRFT3IwUFJ6VWdFb1l4Wmt1aTBjWkNvOHpjLXRMOENhdzdKZDhEMVE4ZjBncENtMUtUT0JDSWkzTEtZZ0d4VGxkNzVYeDNzMk80QmNmTkNDSFlwY2k4blQ0RUM3TExqTFpPT1hKMlBGLXlKbXBzWDlmRzhsSFlIXzUxN043bWNLY0NkU19ITHFQTFh4dEpvajJCRmFHREpjVWNTNl9fYnFoV2Voeno?oc=5
Started: 2026-02-25 14:45:37
Session ID: SCRAPE_20260225_144537_66D0
================================================================================
[14:45:37.789] [INFO ] 📝 Scrape log: /app/data/logs/scrapes/2026-02-25_144537_news.google.com.log
[14:45:37.790] [DEBUG] ⏱️ Timeout set to 45s for this scrape
[14:45:38.124] [INFO ] 
[14:45:38.124] [INFO ]     🚀 BROWSER LAUNCHED
[14:45:38.124] [INFO ]     ├─ Mode:       Headless
[14:45:38.124] [INFO ]     ├─ Slow Mo:    56ms
[14:45:38.124] [INFO ]     ├─ Launch Time: 0.05s
[14:45:38.124] [INFO ]     └─ Args:       Anti-automation flags enabled
[14:45:38.143] [DEBUG] Browser profile: viewport={'width': 1600, 'height': 900}, locale=en-AU, tz=UTC
[14:45:38.143] [INFO ] 
[14:45:38.143] [INFO ] ╔══════════════════════════════════════════════════════════════════════════╗
[14:45:38.143] [INFO ] ║  📋 SESSION: SCRAPE_20260225_144537_66D0
[14:45:38.143] [INFO ] ║  🌐 URL: https://news.google.com/rss/articles/CBMitAFBVV95cUxNNVhwcmNLYVRFT3IwUFJ6VWdFb1l4Wmt1aTBjWkNvOHpjLXRMOENhdzdKZDhEMVE4ZjBncENtMUtUT0JDSWkzTEtZZ0d4VGxkNzVYeDNzMk80QmNmTkNDSFlwY2k4blQ0RUM3TExqTFpPT1hKMlBGLXlKbXBzWDlmRzhsSFlIXzUxN043bWNLY0NkU19ITHFQTFh4dEpvajJCRmFHREpjVWNTNl9fYnFoV2Voeno?oc=5
[14:45:38.143] [INFO ] ║  🔄 ATTEMPT: 1/2
[14:45:38.143] [INFO ] ║  ⏰ STARTED: 2026-02-25T14:45:38.143654+02:00 (Egypt Time)
[14:45:38.143] [INFO ] ╠══════════════════════════════════════════════════════════════════════════╣
[14:45:38.143] [INFO ] 
[14:45:38.143] [INFO ]     ┌─ BROWSER FINGERPRINT ────────────────────────────────────────┐
[14:45:38.143] [INFO ]     │ Browser:     CHROME v124
[14:45:38.143] [INFO ]     │ User-Agent:  Mozilla/5.0 (Windows NT 10.0; Win64; x64) AppleWebKit/537.36 (KHTML, l...
[14:45:38.143] [INFO ]     │ Viewport:    1600x900
[14:45:38.143] [INFO ]     │ Sec-CH-UA:   (not applicable)...
[14:45:38.143] [INFO ]     ├─ LOCATION PROFILE ───────────────────────────────────────────┤
[14:45:38.143] [INFO ]     │ Location:    Melbourne, Australia
[14:45:38.143] [INFO ]     │ Timezone:    N/A
[14:45:38.143] [INFO ]     │ Locale:      en-AU
[14:45:38.143] [INFO ]     │ Geo:         0, 0
[14:45:38.143] [INFO ]     ├─ NETWORK ────────────────────────────────────────────────────┤
[14:45:38.143] [INFO ]     │ Proxy:       Direct (no proxy)
[14:45:38.143] [INFO ]     │ Referrer:    https://news.google.com/
[14:45:38.143] [INFO ]     └──────────────────────────────────────────────────────────────┘
[14:45:38.143] [INFO ] ╚══════════════════════════════════════════════════════════════════════════╝
[14:45:38.143] [INFO ] 🛡️ Injected anti-detection scripts at context level
[14:45:38.143] [DEBUG]    └─ Canvas noise, WebGL spoof, Browser patches
[14:45:38.143] [INFO ] 
[14:45:38.143] [INFO ]     🛡️ ANTI-DETECTION SCRIPTS INJECTED (CONTEXT level)
[14:45:38.143] [INFO ]     ├─ Canvas fingerprint noise
[14:45:38.143] [INFO ]     ├─ WebGL renderer/vendor spoof
[14:45:38.143] [INFO ]     ├─ Hardware concurrency randomization
[14:45:38.143] [INFO ]     ├─ Device memory randomization
[14:45:38.143] [INFO ]     ├─ Plugin masking
[14:45:38.143] [INFO ]     ├─ WebRTC IP leak protection
[14:45:38.143] [INFO ]     ├─ Network connection spoof
[14:45:38.143] [INFO ]     └─ Battery API spoof
[14:45:38.184] [INFO ] 
[14:45:38.184] [INFO ]     🥷 STEALTH MODE APPLIED
[14:45:38.184] [INFO ]     ├─ Navigator patches (webdriver, plugins, languages)
[14:45:38.184] [INFO ]     ├─ Chrome runtime patches
[14:45:38.184] [INFO ]     ├─ Console patches
[14:45:38.184] [INFO ]     └─ Permission patches
[14:45:38.184] [INFO ] 🛡️ Injected anti-detection scripts at page level
[14:45:38.184] [DEBUG]    └─ Canvas noise, WebGL spoof, Browser patches
[14:45:38.184] [INFO ] 
[14:45:38.184] [INFO ]     🛡️ ANTI-DETECTION SCRIPTS INJECTED (PAGE level)
[14:45:38.184] [INFO ]     ├─ Canvas fingerprint noise
[14:45:38.184] [INFO ]     ├─ WebGL renderer/vendor spoof
[14:45:38.184] [INFO ]     ├─ Hardware concurrency randomization
[14:45:38.184] [INFO ]     ├─ Device memory randomization
[14:45:38.184] [INFO ]     ├─ Plugin masking
[14:45:38.184] [INFO ]     ├─ WebRTC IP leak protection
[14:45:38.184] [INFO ]     ├─ Network connection spoof
[14:45:38.184] [INFO ]     └─ Battery API spoof
[14:45:38.184] [DEBUG] Enabled resource blocking (images, media, fonts)
[14:45:38.184] [INFO ] 
[14:45:38.184] [INFO ]     🔗 NAVIGATING TO URL
[14:45:38.184] [INFO ]     ├─ Strategy:   domcontentloaded
[14:45:38.184] [INFO ]     ├─ Timeout:    15.0s
[14:45:38.184] [INFO ]     └─ Sleep:      1s after load
[14:45:39.739] [INFO ] 
[14:45:39.739] [INFO ]     ✅ PAGE LOADED
[14:45:39.739] [INFO ]     ├─ Final URL:  https://news.google.com/rss/articles/CBMitAFBVV95cUxNNVhwcmNLYVRFT3IwUFJ6VWdFb1l4Wmt1aTBjWkNvOHpjLXRMOENhdzdKZDhEMVE4ZjBncENtMUtUT0JDSWkzTEtZZ0d4VGxkNzVYeDNzMk80QmNmTkNDSFlwY2k4blQ0RUM3TExqTFpPT1hKMlBGLXlKbXBzWDlmRzhsSFlIXzUxN043bWNLY0NkU19ITHFQTFh4dEpvajJCRmFHREpjVWNTNl9fYnFoV2Voeno?oc=5&hl=en-AU&gl=AU&ceid=AU:en
[14:45:39.739] [INFO ]     ├─ Title:      Google News
[14:45:39.739] [INFO ]     └─ Load Time:  1.56s
[14:45:40.979] [INFO ] 🧑 Human behavior simulation...
[14:45:45.265] [INFO ] 🖱️ Mouse: 3 moves in 1600x900
[14:45:45.265] [INFO ] 🖱️ Mouse completed: 3 moves
[14:45:45.265] [INFO ] 📜 Scroll: page height, viewport=900px
[14:45:45.265] [INFO ] 📜 Scroll completed: 2 scrolls
[14:45:45.265] [INFO ] 🧑 Human behavior completed in 4.3s ✓
[14:45:45.265] [INFO ] 
[14:45:45.265] [INFO ]     🧑 HUMAN BEHAVIOR SIMULATED
[14:45:45.265] [INFO ]     ├─ Mouse Movements: 3
[14:45:45.265] [INFO ]     ├─ Scroll Actions:  2
[14:45:45.265] [INFO ]     └─ Time Spent:      4.29s
[14:45:45.373] [INFO ] 
[14:45:45.373] [INFO ]     ┌─ CONTENT METRICS ────────────────────────────────────────────┐
[14:45:45.373] [INFO ]     │ Title:            AMAN Holding, Dahab Masr partner to make gold inve
[14:45:45.373] [INFO ]     │ Final URL:        https://news.google.com/rss/articles/CBMitAFBVV95cUxNNVhwcmNLYVRFT3IwUFJ6VWdFb1l4Wmt1aTBjWkNvOHpjLXRMOENhdzdKZDhEMVE4ZjBncENtMUtUT0JDSWkzTEtZZ0d4VGxkNzVYeDNzMk80QmNmTkNDSFlwY2k4blQ0RUM3TExqTFpPT1hKMlBGLXlKbXBzWDlmRzhsSFlIXzUxN043bWNLY0NkU19ITHFQTFh4dEpvajJCRmFHREpjVWNTNl9fYnFoV2Voeno?oc=5&hl=en-AU&gl=AU&ceid=AU:en
[14:45:45.373] [INFO ]     │ HTML Size:        117,816 bytes
[14:45:45.373] [INFO ]     │ Text Size:        1,673 chars
[14:45:45.373] [INFO ]     │ Word Count:       ~240 words
[14:45:45.373] [INFO ]     │ Extraction:       trafilatura
[14:45:45.373] [INFO ]     │ Has Article:      ✅ Yes
[14:45:45.373] [INFO ]     └──────────────────────────────────────────────────────────────┘
[14:45:45.399] [INFO ] 
[14:45:45.399] [INFO ] ╔══════════════════════════════════════════════════════════════════════════╗
[14:45:45.399] [INFO ] ║  ✅ SCRAPE SUCCESSFUL - SCRAPE_20260225_144537_66D0
[14:45:45.399] [INFO ] ╠══════════════════════════════════════════════════════════════════════════╣
[14:45:45.399] [INFO ] 
[14:45:45.399] [INFO ]     ┌─ TIMING BREAKDOWN ───────────────────────────────────────────┐
[14:45:45.399] [INFO ]     │ Browser Launch:      0.05s
[14:45:45.399] [INFO ]     │ Page Load:           1.56s
[14:45:45.399] [INFO ]     │ Cloudflare Wait:     0.00s
[14:45:45.399] [INFO ]     │ Human Simulation:    4.29s
[14:45:45.399] [INFO ]     │
[14:45:45.399] [INFO ]     │ Content Extraction:  0.04s
[14:45:45.399] [INFO ]     │ ─────────────────────────────────────────────────────────────
[14:45:45.399] [INFO ]     │ TOTAL TIME:          5.93s
[14:45:45.399] [INFO ]     └──────────────────────────────────────────────────────────────┘
[14:45:45.399] [INFO ] 
[14:45:45.399] [INFO ]     ┌─ CONTENT METRICS ────────────────────────────────────────────┐
[14:45:45.399] [INFO ]     │ Title:            AMAN Holding, Dahab Masr partner to make gold inve
[14:45:45.399] [INFO ]     │ Final URL:        https://news.google.com/rss/articles/CBMitAFBVV95cUxNNVhwcmNLYVRFT3IwUFJ6VWdFb1l4Wmt1aTBjWkNvOHpjLXRMOENhdzdKZDhEMVE4ZjBncENtMUtUT0JDSWkzTEtZZ0d4VGxkNzVYeDNzMk80QmNmTkNDSFlwY2k4blQ0RUM3TExqTFpPT1hKMlBGLXlKbXBzWDlmRzhsSFlIXzUxN043bWNLY0NkU19ITHFQTFh4dEpvajJCRmFHREpjVWNTNl9fYnFoV2Voeno?oc=5&hl=en-AU&gl=AU&ceid=AU:en
[14:45:45.399] [INFO ]     │ HTML Size:        117,816 bytes
[14:45:45.399] [INFO ]     │ Text Size:        1,673 chars
[14:45:45.399] [INFO ]     │ Word Count:       ~240 words
[14:45:45.399] [INFO ]     │ Extraction:       trafilatura
[14:45:45.399] [INFO ]     │ Has Article:      ✅ Yes
[14:45:45.399] [INFO ]     └──────────────────────────────────────────────────────────────┘
[14:45:45.399] [INFO ] ╠══════════════════════════════════════════════════════════════════════════╣
[14:45:45.399] [INFO ] ║  📊 SESSION STATS
[14:45:45.399] [INFO ] ║  ├─ Strategies Tried:   domcontentloaded
[14:45:45.399] [INFO ] ║  ├─ Popups Dismissed:   0
[14:45:45.399] [INFO ] ║  ├─ Cloudflare:         Not detected
[14:45:45.399] [INFO ] ║  └─ Proxy Used:         Direct
[14:45:45.399] [INFO ] ╚══════════════════════════════════════════════════════════════════════════╝
[14:45:45.399] [INFO ] 

================================================================================
STATUS: SUCCESS
TOTAL TIME: 7.61s
ENDED: 2026-02-25T14:45:45.399883+02:00 (Egypt Time)
END OF SCRAPE LOG
================================================================================