================================================================================
SCRAPE LOG: https://news.google.com/rss/articles/CBMifEFVX3lxTE5UOWhBQ1VzVVBHQ0ZDVVE5enppaWZrT2M2eU9rZThTMUs5M0hLYk41dzYzWHZlSm04ajMyVnJmRmp1cjMyNGowZ1Ria1kwYmd3QWV0WGdSc1lELXJNcHZLVGtua2MxUGNDU1ZueGdYU3NzcVNpUXZlMk9xcUg?oc=5
Started: 2026-02-24 14:59:19
Session ID: SCRAPE_20260224_145919_8612
================================================================================
[14:59:19.426] [INFO ] 📝 Scrape log: /app/data/logs/scrapes/2026-02-24_145919_news.google.com.log
[14:59:19.426] [DEBUG] ⏱️ Timeout set to 45s for this scrape
[14:59:19.762] [INFO ] 
[14:59:19.762] [INFO ]     🚀 BROWSER LAUNCHED
[14:59:19.762] [INFO ]     ├─ Mode:       Headless
[14:59:19.762] [INFO ]     ├─ Slow Mo:    54ms
[14:59:19.762] [INFO ]     ├─ Launch Time: 0.05s
[14:59:19.762] [INFO ]     └─ Args:       Anti-automation flags enabled
[14:59:19.779] [DEBUG] Browser profile: viewport={'width': 1280, 'height': 800}, locale=en-US, tz=UTC
[14:59:19.779] [INFO ] 
[14:59:19.779] [INFO ] ╔══════════════════════════════════════════════════════════════════════════╗
[14:59:19.779] [INFO ] ║  📋 SESSION: SCRAPE_20260224_145919_8612
[14:59:19.779] [INFO ] ║  🌐 URL: https://news.google.com/rss/articles/CBMifEFVX3lxTE5UOWhBQ1VzVVBHQ0ZDVVE5enppaWZrT2M2eU9rZThTMUs5M0hLYk41dzYzWHZlSm04ajMyVnJmRmp1cjMyNGowZ1Ria1kwYmd3QWV0WGdSc1lELXJNcHZLVGtua2MxUGNDU1ZueGdYU3NzcVNpUXZlMk9xcUg?oc=5
[14:59:19.779] [INFO ] ║  🔄 ATTEMPT: 1/2
[14:59:19.779] [INFO ] ║  ⏰ STARTED: 2026-02-24T14:59:19.779787+02:00 (Egypt Time)
[14:59:19.779] [INFO ] ╠══════════════════════════════════════════════════════════════════════════╣
[14:59:19.779] [INFO ] 
[14:59:19.779] [INFO ]     ┌─ BROWSER FINGERPRINT ────────────────────────────────────────┐
[14:59:19.779] [INFO ]     │ Browser:     CHROME v120
[14:59:19.779] [INFO ]     │ User-Agent:  Mozilla/5.0 (X11; Linux x86_64) AppleWebKit/537.36 (KHTML, like Gecko)...
[14:59:19.779] [INFO ]     │ Viewport:    1280x800
[14:59:19.779] [INFO ]     │ Sec-CH-UA:   (not applicable)...
[14:59:19.779] [INFO ]     ├─ LOCATION PROFILE ───────────────────────────────────────────┤
[14:59:19.779] [INFO ]     │ Location:    New York, USA
[14:59:19.779] [INFO ]     │ Timezone:    N/A
[14:59:19.779] [INFO ]     │ Locale:      en-US
[14:59:19.779] [INFO ]     │ Geo:         0, 0
[14:59:19.779] [INFO ]     ├─ NETWORK ────────────────────────────────────────────────────┤
[14:59:19.779] [INFO ]     │ Proxy:       Direct (no proxy)
[14:59:19.779] [INFO ]     │ Referrer:    https://www.google.com/
[14:59:19.779] [INFO ]     └──────────────────────────────────────────────────────────────┘
[14:59:19.779] [INFO ] ╚══════════════════════════════════════════════════════════════════════════╝
[14:59:19.779] [INFO ] 🛡️ Injected anti-detection scripts at context level
[14:59:19.779] [DEBUG]    └─ Canvas noise, WebGL spoof, Browser patches
[14:59:19.779] [INFO ] 
[14:59:19.779] [INFO ]     🛡️ ANTI-DETECTION SCRIPTS INJECTED (CONTEXT level)
[14:59:19.779] [INFO ]     ├─ Canvas fingerprint noise
[14:59:19.779] [INFO ]     ├─ WebGL renderer/vendor spoof
[14:59:19.779] [INFO ]     ├─ Hardware concurrency randomization
[14:59:19.779] [INFO ]     ├─ Device memory randomization
[14:59:19.779] [INFO ]     ├─ Plugin masking
[14:59:19.779] [INFO ]     ├─ WebRTC IP leak protection
[14:59:19.779] [INFO ]     ├─ Network connection spoof
[14:59:19.779] [INFO ]     └─ Battery API spoof
[14:59:19.822] [INFO ] 
[14:59:19.822] [INFO ]     🥷 STEALTH MODE APPLIED
[14:59:19.822] [INFO ]     ├─ Navigator patches (webdriver, plugins, languages)
[14:59:19.822] [INFO ]     ├─ Chrome runtime patches
[14:59:19.822] [INFO ]     ├─ Console patches
[14:59:19.823] [INFO ]     └─ Permission patches
[14:59:19.823] [INFO ] 🛡️ Injected anti-detection scripts at page level
[14:59:19.823] [DEBUG]    └─ Canvas noise, WebGL spoof, Browser patches
[14:59:19.823] [INFO ] 
[14:59:19.823] [INFO ]     🛡️ ANTI-DETECTION SCRIPTS INJECTED (PAGE level)
[14:59:19.823] [INFO ]     ├─ Canvas fingerprint noise
[14:59:19.823] [INFO ]     ├─ WebGL renderer/vendor spoof
[14:59:19.823] [INFO ]     ├─ Hardware concurrency randomization
[14:59:19.823] [INFO ]     ├─ Device memory randomization
[14:59:19.823] [INFO ]     ├─ Plugin masking
[14:59:19.823] [INFO ]     ├─ WebRTC IP leak protection
[14:59:19.823] [INFO ]     ├─ Network connection spoof
[14:59:19.823] [INFO ]     └─ Battery API spoof
[14:59:19.823] [DEBUG] Enabled resource blocking (images, media, fonts)
[14:59:19.823] [INFO ] 
[14:59:19.823] [INFO ]     🔗 NAVIGATING TO URL
[14:59:19.823] [INFO ]     ├─ Strategy:   domcontentloaded
[14:59:19.823] [INFO ]     ├─ Timeout:    15.0s
[14:59:19.823] [INFO ]     └─ Sleep:      1s after load
[14:59:21.203] [INFO ] 
[14:59:21.203] [INFO ]     ✅ PAGE LOADED
[14:59:21.203] [INFO ]     ├─ Final URL:  https://news.google.com/rss/articles/CBMifEFVX3lxTE5UOWhBQ1VzVVBHQ0ZDVVE5enppaWZrT2M2eU9rZThTMUs5M0hLYk41dzYzWHZlSm04ajMyVnJmRmp1cjMyNGowZ1Ria1kwYmd3QWV0WGdSc1lELXJNcHZLVGtua2MxUGNDU1ZueGdYU3NzcVNpUXZlMk9xcUg?oc=5&hl=en-US&gl=US&ceid=US:en
[14:59:21.203] [INFO ]     ├─ Title:      Google News
[14:59:21.203] [INFO ]     └─ Load Time:  1.38s
[14:59:23.487] [INFO ] 🧑 Human behavior simulation...
[14:59:32.210] [INFO ] 🖱️ Mouse: 5 moves in 1280x800
[14:59:32.210] [INFO ] 🖱️ Mouse completed: 5 moves
[14:59:32.210] [INFO ] 📜 Scroll: page height, viewport=800px
[14:59:32.210] [INFO ] 📜 Scroll completed: 2 scrolls
[14:59:32.210] [INFO ] 🧑 Human behavior completed in 8.7s ✓
[14:59:32.210] [INFO ] 
[14:59:32.210] [INFO ]     🧑 HUMAN BEHAVIOR SIMULATED
[14:59:32.210] [INFO ]     ├─ Mouse Movements: 5
[14:59:32.210] [INFO ]     ├─ Scroll Actions:  2
[14:59:32.210] [INFO ]     └─ Time Spent:      8.72s
[14:59:32.588] [INFO ] 
[14:59:32.588] [INFO ]     ┌─ CONTENT METRICS ────────────────────────────────────────────┐
[14:59:32.588] [INFO ]     │ Title:            LSUA, LSUS and Ingalls Information Security Collab
[14:59:32.588] [INFO ]     │ Final URL:        https://news.google.com/rss/articles/CBMifEFVX3lxTE5UOWhBQ1VzVVBHQ0ZDVVE5enppaWZrT2M2eU9rZThTMUs5M0hLYk41dzYzWHZlSm04ajMyVnJmRmp1cjMyNGowZ1Ria1kwYmd3QWV0WGdSc1lELXJNcHZLVGtua2MxUGNDU1ZueGdYU3NzcVNpUXZlMk9xcUg?oc=5&hl=en-US&gl=US&ceid=US:en
[14:59:32.588] [INFO ]     │ HTML Size:        687,040 bytes
[14:59:32.588] [INFO ]     │ Text Size:        1,849 chars
[14:59:32.588] [INFO ]     │ Word Count:       ~297 words
[14:59:32.588] [INFO ]     │ Extraction:       trafilatura
[14:59:32.588] [INFO ]     │ Has Article:      ✅ Yes
[14:59:32.588] [INFO ]     └──────────────────────────────────────────────────────────────┘
[14:59:32.627] [INFO ] 
[14:59:32.627] [INFO ] ╔══════════════════════════════════════════════════════════════════════════╗
[14:59:32.627] [INFO ] ║  ✅ SCRAPE SUCCESSFUL - SCRAPE_20260224_145919_8612
[14:59:32.627] [INFO ] ╠══════════════════════════════════════════════════════════════════════════╣
[14:59:32.627] [INFO ] 
[14:59:32.627] [INFO ]     ┌─ TIMING BREAKDOWN ───────────────────────────────────────────┐
[14:59:32.627] [INFO ]     │ Browser Launch:      0.05s
[14:59:32.627] [INFO ]     │ Page Load:           1.38s
[14:59:32.627] [INFO ]     │ Cloudflare Wait:     0.00s
[14:59:32.627] [INFO ]     │ Human Simulation:    8.72s
[14:59:32.627] [INFO ]     │
[14:59:32.627] [INFO ]     │ Content Extraction:  0.15s
[14:59:32.627] [INFO ]     │ ─────────────────────────────────────────────────────────────
[14:59:32.627] [INFO ]     │ TOTAL TIME:          10.30s
[14:59:32.627] [INFO ]     └──────────────────────────────────────────────────────────────┘
[14:59:32.627] [INFO ] 
[14:59:32.627] [INFO ]     ┌─ CONTENT METRICS ────────────────────────────────────────────┐
[14:59:32.627] [INFO ]     │ Title:            LSUA, LSUS and Ingalls Information Security Collab
[14:59:32.627] [INFO ]     │ Final URL:        https://news.google.com/rss/articles/CBMifEFVX3lxTE5UOWhBQ1VzVVBHQ0ZDVVE5enppaWZrT2M2eU9rZThTMUs5M0hLYk41dzYzWHZlSm04ajMyVnJmRmp1cjMyNGowZ1Ria1kwYmd3QWV0WGdSc1lELXJNcHZLVGtua2MxUGNDU1ZueGdYU3NzcVNpUXZlMk9xcUg?oc=5&hl=en-US&gl=US&ceid=US:en
[14:59:32.627] [INFO ]     │ HTML Size:        687,040 bytes
[14:59:32.627] [INFO ]     │ Text Size:        1,849 chars
[14:59:32.627] [INFO ]     │ Word Count:       ~297 words
[14:59:32.627] [INFO ]     │ Extraction:       trafilatura
[14:59:32.627] [INFO ]     │ Has Article:      ✅ Yes
[14:59:32.627] [INFO ]     └──────────────────────────────────────────────────────────────┘
[14:59:32.627] [INFO ] ╠══════════════════════════════════════════════════════════════════════════╣
[14:59:32.627] [INFO ] ║  📊 SESSION STATS
[14:59:32.627] [INFO ] ║  ├─ Strategies Tried:   domcontentloaded
[14:59:32.627] [INFO ] ║  ├─ Popups Dismissed:   0
[14:59:32.627] [INFO ] ║  ├─ Cloudflare:         Not detected
[14:59:32.627] [INFO ] ║  └─ Proxy Used:         Direct
[14:59:32.627] [INFO ] ╚══════════════════════════════════════════════════════════════════════════╝
[14:59:32.627] [INFO ] 

================================================================================
STATUS: SUCCESS
TOTAL TIME: 13.20s
ENDED: 2026-02-24T14:59:32.627871+02:00 (Egypt Time)
END OF SCRAPE LOG
================================================================================