================================================================================
SCRAPE LOG: https://www.devex.com/organizations/saudi-arabian-monetary-authority-sama-146362
Started: 2026-02-01 12:19:18
Session ID: SCRAPE_20260201_121918_CB23
================================================================================
[12:19:18.450] [INFO ] 📝 Scrape log: /app/data/logs/scrapes/2026-02-01_121918_devex.com.log
[12:19:18.450] [DEBUG] ⏱️ Timeout set to 45s for this scrape
[12:19:18.800] [INFO ] 
[12:19:18.800] [INFO ]     🚀 BROWSER LAUNCHED
[12:19:18.800] [INFO ]     ├─ Mode:       Headless
[12:19:18.800] [INFO ]     ├─ Slow Mo:    56ms
[12:19:18.800] [INFO ]     ├─ Launch Time: 0.06s
[12:19:18.800] [INFO ]     └─ Args:       Anti-automation flags enabled
[12:19:18.818] [DEBUG] Browser profile: viewport={'width': 2560, 'height': 1440}, locale=en-CA, tz=UTC
[12:19:18.818] [INFO ] 
[12:19:18.818] [INFO ] ╔══════════════════════════════════════════════════════════════════════════╗
[12:19:18.818] [INFO ] ║  📋 SESSION: SCRAPE_20260201_121918_CB23
[12:19:18.818] [INFO ] ║  🌐 URL: https://www.devex.com/organizations/saudi-arabian-monetary-authority-sama-146362
[12:19:18.818] [INFO ] ║  🔄 ATTEMPT: 1/2
[12:19:18.818] [INFO ] ║  ⏰ STARTED: 2026-02-01T12:19:18.818789+02:00 (Egypt Time)
[12:19:18.818] [INFO ] ╠══════════════════════════════════════════════════════════════════════════╣
[12:19:18.818] [INFO ] 
[12:19:18.818] [INFO ]     ┌─ BROWSER FINGERPRINT ────────────────────────────────────────┐
[12:19:18.818] [INFO ]     │ Browser:     CHROME v120
[12:19:18.818] [INFO ]     │ User-Agent:  Mozilla/5.0 (X11; Linux x86_64) AppleWebKit/537.36 (KHTML, like Gecko)...
[12:19:18.818] [INFO ]     │ Viewport:    2560x1440
[12:19:18.818] [INFO ]     │ Sec-CH-UA:   (not applicable)...
[12:19:18.818] [INFO ]     ├─ LOCATION PROFILE ───────────────────────────────────────────┤
[12:19:18.818] [INFO ]     │ Location:    Toronto, Canada
[12:19:18.818] [INFO ]     │ Timezone:    N/A
[12:19:18.818] [INFO ]     │ Locale:      en-CA
[12:19:18.818] [INFO ]     │ Geo:         0, 0
[12:19:18.818] [INFO ]     ├─ NETWORK ────────────────────────────────────────────────────┤
[12:19:18.818] [INFO ]     │ Proxy:       Direct (no proxy)
[12:19:18.818] [INFO ]     │ Referrer:    https://news.google.com/
[12:19:18.818] [INFO ]     └──────────────────────────────────────────────────────────────┘
[12:19:18.818] [INFO ] ╚══════════════════════════════════════════════════════════════════════════╝
[12:19:18.818] [INFO ] 🛡️ Injected anti-detection scripts at context level
[12:19:18.818] [DEBUG]    └─ Canvas noise, WebGL spoof, Browser patches
[12:19:18.818] [INFO ] 
[12:19:18.818] [INFO ]     🛡️ ANTI-DETECTION SCRIPTS INJECTED (CONTEXT level)
[12:19:18.818] [INFO ]     ├─ Canvas fingerprint noise
[12:19:18.818] [INFO ]     ├─ WebGL renderer/vendor spoof
[12:19:18.818] [INFO ]     ├─ Hardware concurrency randomization
[12:19:18.818] [INFO ]     ├─ Device memory randomization
[12:19:18.818] [INFO ]     ├─ Plugin masking
[12:19:18.818] [INFO ]     ├─ WebRTC IP leak protection
[12:19:18.818] [INFO ]     ├─ Network connection spoof
[12:19:18.818] [INFO ]     └─ Battery API spoof
[12:19:18.860] [INFO ] 
[12:19:18.860] [INFO ]     🥷 STEALTH MODE APPLIED
[12:19:18.860] [INFO ]     ├─ Navigator patches (webdriver, plugins, languages)
[12:19:18.860] [INFO ]     ├─ Chrome runtime patches
[12:19:18.860] [INFO ]     ├─ Console patches
[12:19:18.860] [INFO ]     └─ Permission patches
[12:19:18.860] [INFO ] 🛡️ Injected anti-detection scripts at page level
[12:19:18.860] [DEBUG]    └─ Canvas noise, WebGL spoof, Browser patches
[12:19:18.860] [INFO ] 
[12:19:18.860] [INFO ]     🛡️ ANTI-DETECTION SCRIPTS INJECTED (PAGE level)
[12:19:18.860] [INFO ]     ├─ Canvas fingerprint noise
[12:19:18.860] [INFO ]     ├─ WebGL renderer/vendor spoof
[12:19:18.860] [INFO ]     ├─ Hardware concurrency randomization
[12:19:18.860] [INFO ]     ├─ Device memory randomization
[12:19:18.860] [INFO ]     ├─ Plugin masking
[12:19:18.860] [INFO ]     ├─ WebRTC IP leak protection
[12:19:18.860] [INFO ]     ├─ Network connection spoof
[12:19:18.860] [INFO ]     └─ Battery API spoof
[12:19:18.860] [DEBUG] Enabled resource blocking (images, media, fonts)
[12:19:18.860] [INFO ] 
[12:19:18.860] [INFO ]     🔗 NAVIGATING TO URL
[12:19:18.860] [INFO ]     ├─ Strategy:   domcontentloaded
[12:19:18.860] [INFO ]     ├─ Timeout:    15.0s
[12:19:18.860] [INFO ]     └─ Sleep:      1s after load
[12:19:20.342] [INFO ] 
[12:19:20.342] [INFO ]     ✅ PAGE LOADED
[12:19:20.342] [INFO ]     ├─ Final URL:  https://www.devex.com/organizations/saudi-arabian-monetary-authority-sama-146362
[12:19:20.343] [INFO ]     ├─ Title:      Saudi Arabian Monetary Authority (SAMA) | Devex
[12:19:20.343] [INFO ]     └─ Load Time:  1.48s
[12:19:24.218] [INFO ] 🧑 Human behavior simulation...
[12:19:29.279] [INFO ] 🖱️ Mouse: 2 moves in 2560x1440
[12:19:29.279] [INFO ] 🖱️ Mouse completed: 2 moves
[12:19:29.279] [INFO ] 📜 Scroll: page height, viewport=1440px
[12:19:29.279] [INFO ] 📜 Scroll completed: 3 scrolls
[12:19:29.279] [INFO ] 🧑 Human behavior completed in 5.1s ✓
[12:19:29.279] [INFO ] 
[12:19:29.279] [INFO ]     🧑 HUMAN BEHAVIOR SIMULATED
[12:19:29.279] [INFO ]     ├─ Mouse Movements: 2
[12:19:29.279] [INFO ]     ├─ Scroll Actions:  3
[12:19:29.279] [INFO ]     └─ Time Spent:      5.06s
[12:19:29.462] [INFO ] 
[12:19:29.462] [INFO ]     ┌─ CONTENT METRICS ────────────────────────────────────────────┐
[12:19:29.462] [INFO ]     │ Title:            Saudi Arabian Monetary Authority (SAMA)
[12:19:29.462] [INFO ]     │ Final URL:        https://www.devex.com/organizations/saudi-arabian-monetary-authority-sama-146362
[12:19:29.462] [INFO ]     │ HTML Size:        70,246 bytes
[12:19:29.462] [INFO ]     │ Text Size:        998 chars
[12:19:29.462] [INFO ]     │ Word Count:       ~143 words
[12:19:29.462] [INFO ]     │ Extraction:       trafilatura
[12:19:29.462] [INFO ]     │ Has Article:      ✅ Yes
[12:19:29.462] [INFO ]     └──────────────────────────────────────────────────────────────┘
[12:19:29.491] [INFO ] 
[12:19:29.491] [INFO ] ╔══════════════════════════════════════════════════════════════════════════╗
[12:19:29.491] [INFO ] ║  ✅ SCRAPE SUCCESSFUL - SCRAPE_20260201_121918_CB23
[12:19:29.491] [INFO ] ╠══════════════════════════════════════════════════════════════════════════╣
[12:19:29.491] [INFO ] 
[12:19:29.491] [INFO ]     ┌─ TIMING BREAKDOWN ───────────────────────────────────────────┐
[12:19:29.491] [INFO ]     │ Browser Launch:      0.06s
[12:19:29.491] [INFO ]     │ Page Load:           1.48s
[12:19:29.491] [INFO ]     │ Cloudflare Wait:     0.00s
[12:19:29.491] [INFO ]     │ Human Simulation:    5.06s
[12:19:29.491] [INFO ]     │
[12:19:29.491] [INFO ]     │ Content Extraction:  0.16s
[12:19:29.491] [INFO ]     │ ─────────────────────────────────────────────────────────────
[12:19:29.491] [INFO ]     │ TOTAL TIME:          6.76s
[12:19:29.491] [INFO ]     └──────────────────────────────────────────────────────────────┘
[12:19:29.491] [INFO ] 
[12:19:29.491] [INFO ]     ┌─ CONTENT METRICS ────────────────────────────────────────────┐
[12:19:29.491] [INFO ]     │ Title:            Saudi Arabian Monetary Authority (SAMA)
[12:19:29.491] [INFO ]     │ Final URL:        https://www.devex.com/organizations/saudi-arabian-monetary-authority-sama-146362
[12:19:29.491] [INFO ]     │ HTML Size:        70,246 bytes
[12:19:29.491] [INFO ]     │ Text Size:        998 chars
[12:19:29.491] [INFO ]     │ Word Count:       ~143 words
[12:19:29.491] [INFO ]     │ Extraction:       trafilatura
[12:19:29.491] [INFO ]     │ Has Article:      ✅ Yes
[12:19:29.491] [INFO ]     └──────────────────────────────────────────────────────────────┘
[12:19:29.491] [INFO ] ╠══════════════════════════════════════════════════════════════════════════╣
[12:19:29.491] [INFO ] ║  📊 SESSION STATS
[12:19:29.491] [INFO ] ║  ├─ Strategies Tried:   domcontentloaded
[12:19:29.491] [INFO ] ║  ├─ Popups Dismissed:   0
[12:19:29.491] [INFO ] ║  ├─ Cloudflare:         Not detected
[12:19:29.491] [INFO ] ║  └─ Proxy Used:         Direct
[12:19:29.491] [INFO ] ╚══════════════════════════════════════════════════════════════════════════╝
[12:19:29.491] [INFO ] 

================================================================================
STATUS: SUCCESS
TOTAL TIME: 11.04s
ENDED: 2026-02-01T12:19:29.491218+02:00 (Egypt Time)
END OF SCRAPE LOG
================================================================================