================================================================================
SCRAPE LOG: https://news.google.com/rss/articles/CBMitAFBVV95cUxQOXNZeUt4YW9jMmJ3NFJ1Ykcwa1lMa0diRExEUzZqaW05ZHZBTGlxTGVralBTOGxiSXlYbUlfcmdBaHdOaWhLem0zeEV5a295TlFMcG1WS1AtTWRQWFYyLVlTVVZ5SW02YzJ5Vk44UHFsbGhfcWpXUHh6cTlMQ3FVQlREREpzcVkzRUI4OVh3ZHBNdGEza1RqdEU2Y0ZoVXl5cDNqNlV1NUhXckRhN281SkpxdUY?oc=5
Started: 2026-02-24 15:00:40
Session ID: SCRAPE_20260224_150040_8F6F
================================================================================
[15:00:40.552] [INFO ] 📝 Scrape log: /app/data/logs/scrapes/2026-02-24_150040_news.google.com.log
[15:00:40.552] [DEBUG] ⏱️ Timeout set to 45s for this scrape
[15:00:40.893] [INFO ] 
[15:00:40.893] [INFO ]     🚀 BROWSER LAUNCHED
[15:00:40.893] [INFO ]     ├─ Mode:       Headless
[15:00:40.893] [INFO ]     ├─ Slow Mo:    60ms
[15:00:40.893] [INFO ]     ├─ Launch Time: 0.05s
[15:00:40.893] [INFO ]     └─ Args:       Anti-automation flags enabled
[15:00:40.910] [DEBUG] Browser profile: viewport={'width': 1600, 'height': 900}, locale=en-SG, tz=UTC
[15:00:40.910] [INFO ] 
[15:00:40.910] [INFO ] ╔══════════════════════════════════════════════════════════════════════════╗
[15:00:40.910] [INFO ] ║  📋 SESSION: SCRAPE_20260224_150040_8F6F
[15:00:40.910] [INFO ] ║  🌐 URL: https://news.google.com/rss/articles/CBMitAFBVV95cUxQOXNZeUt4YW9jMmJ3NFJ1Ykcwa1lMa0diRExEUzZqaW05ZHZBTGlxTGVralBTOGxiSXlYbUlfcmdBaHdOaWhLem0zeEV5a295TlFMcG1WS1AtTWRQWFYyLVlTVVZ5SW02YzJ5Vk44UHFsbGhfcWpXUHh6cTlMQ3FVQlREREpzcVkzRUI4OVh3ZHBNdGEza1RqdEU2Y0ZoVXl5cDNqNlV1NUhXckRhN281SkpxdUY?oc=5
[15:00:40.910] [INFO ] ║  🔄 ATTEMPT: 1/2
[15:00:40.910] [INFO ] ║  ⏰ STARTED: 2026-02-24T15:00:40.910414+02:00 (Egypt Time)
[15:00:40.910] [INFO ] ╠══════════════════════════════════════════════════════════════════════════╣
[15:00:40.910] [INFO ] 
[15:00:40.910] [INFO ]     ┌─ BROWSER FINGERPRINT ────────────────────────────────────────┐
[15:00:40.910] [INFO ]     │ Browser:     CHROME v120
[15:00:40.910] [INFO ]     │ User-Agent:  Mozilla/5.0 (Windows NT 11.0; Win64; x64) AppleWebKit/537.36 (KHTML, l...
[15:00:40.910] [INFO ]     │ Viewport:    1600x900
[15:00:40.910] [INFO ]     │ Sec-CH-UA:   (not applicable)...
[15:00:40.910] [INFO ]     ├─ LOCATION PROFILE ───────────────────────────────────────────┤
[15:00:40.910] [INFO ]     │ Location:    Singapore
[15:00:40.910] [INFO ]     │ Timezone:    N/A
[15:00:40.910] [INFO ]     │ Locale:      en-SG
[15:00:40.910] [INFO ]     │ Geo:         0, 0
[15:00:40.910] [INFO ]     ├─ NETWORK ────────────────────────────────────────────────────┤
[15:00:40.910] [INFO ]     │ Proxy:       Direct (no proxy)
[15:00:40.910] [INFO ]     │ Referrer:    https://t.co/
[15:00:40.910] [INFO ]     └──────────────────────────────────────────────────────────────┘
[15:00:40.910] [INFO ] ╚══════════════════════════════════════════════════════════════════════════╝
[15:00:40.910] [INFO ] 🛡️ Injected anti-detection scripts at context level
[15:00:40.910] [DEBUG]    └─ Canvas noise, WebGL spoof, Browser patches
[15:00:40.910] [INFO ] 
[15:00:40.910] [INFO ]     🛡️ ANTI-DETECTION SCRIPTS INJECTED (CONTEXT level)
[15:00:40.910] [INFO ]     ├─ Canvas fingerprint noise
[15:00:40.910] [INFO ]     ├─ WebGL renderer/vendor spoof
[15:00:40.910] [INFO ]     ├─ Hardware concurrency randomization
[15:00:40.910] [INFO ]     ├─ Device memory randomization
[15:00:40.910] [INFO ]     ├─ Plugin masking
[15:00:40.910] [INFO ]     ├─ WebRTC IP leak protection
[15:00:40.910] [INFO ]     ├─ Network connection spoof
[15:00:40.910] [INFO ]     └─ Battery API spoof
[15:00:40.950] [INFO ] 
[15:00:40.950] [INFO ]     🥷 STEALTH MODE APPLIED
[15:00:40.950] [INFO ]     ├─ Navigator patches (webdriver, plugins, languages)
[15:00:40.950] [INFO ]     ├─ Chrome runtime patches
[15:00:40.950] [INFO ]     ├─ Console patches
[15:00:40.950] [INFO ]     └─ Permission patches
[15:00:40.950] [INFO ] 🛡️ Injected anti-detection scripts at page level
[15:00:40.950] [DEBUG]    └─ Canvas noise, WebGL spoof, Browser patches
[15:00:40.950] [INFO ] 
[15:00:40.950] [INFO ]     🛡️ ANTI-DETECTION SCRIPTS INJECTED (PAGE level)
[15:00:40.951] [INFO ]     ├─ Canvas fingerprint noise
[15:00:40.951] [INFO ]     ├─ WebGL renderer/vendor spoof
[15:00:40.951] [INFO ]     ├─ Hardware concurrency randomization
[15:00:40.951] [INFO ]     ├─ Device memory randomization
[15:00:40.951] [INFO ]     ├─ Plugin masking
[15:00:40.951] [INFO ]     ├─ WebRTC IP leak protection
[15:00:40.951] [INFO ]     ├─ Network connection spoof
[15:00:40.951] [INFO ]     └─ Battery API spoof
[15:00:40.951] [DEBUG] Enabled resource blocking (images, media, fonts)
[15:00:40.951] [INFO ] 
[15:00:40.951] [INFO ]     🔗 NAVIGATING TO URL
[15:00:40.951] [INFO ]     ├─ Strategy:   domcontentloaded
[15:00:40.951] [INFO ]     ├─ Timeout:    15.0s
[15:00:40.951] [INFO ]     └─ Sleep:      1s after load
[15:00:42.355] [INFO ] 
[15:00:42.355] [INFO ]     ✅ PAGE LOADED
[15:00:42.355] [INFO ]     ├─ Final URL:  https://news.google.com/rss/articles/CBMitAFBVV95cUxQOXNZeUt4YW9jMmJ3NFJ1Ykcwa1lMa0diRExEUzZqaW05ZHZBTGlxTGVralBTOGxiSXlYbUlfcmdBaHdOaWhLem0zeEV5a295TlFMcG1WS1AtTWRQWFYyLVlTVVZ5SW02YzJ5Vk44UHFsbGhfcWpXUHh6cTlMQ3FVQlREREpzcVkzRUI4OVh3ZHBNdGEza1RqdEU2Y0ZoVXl5cDNqNlV1NUhXckRhN281SkpxdUY?oc=5&hl=en-SG&gl=SG&ceid=SG:en
[15:00:42.355] [INFO ]     ├─ Title:      Google News
[15:00:42.355] [INFO ]     └─ Load Time:  1.40s
[15:00:43.607] [INFO ] 🧑 Human behavior simulation...
[15:00:46.440] [INFO ] 🖱️ Mouse: 2 moves in 1600x900
[15:00:46.440] [INFO ] 🖱️ Mouse completed: 2 moves
[15:00:46.440] [INFO ] 📜 Scroll: page height, viewport=900px
[15:00:46.440] [INFO ] 📜 Scroll completed: 3 scrolls
[15:00:46.440] [INFO ] 🧑 Human behavior completed in 2.8s ✓
[15:00:46.440] [INFO ] 
[15:00:46.440] [INFO ]     🧑 HUMAN BEHAVIOR SIMULATED
[15:00:46.440] [INFO ]     ├─ Mouse Movements: 2
[15:00:46.440] [INFO ]     ├─ Scroll Actions:  3
[15:00:46.440] [INFO ]     └─ Time Spent:      2.83s
[15:00:52.205] [INFO ] 
[15:00:52.205] [INFO ]     🚀 BROWSER LAUNCHED
[15:00:52.205] [INFO ]     ├─ Mode:       Headless
[15:00:52.205] [INFO ]     ├─ Slow Mo:    45ms
[15:00:52.205] [INFO ]     ├─ Launch Time: 0.06s
[15:00:52.205] [INFO ]     └─ Args:       Anti-automation flags enabled
[15:00:52.225] [DEBUG] Browser profile: viewport={'width': 1680, 'height': 1050}, locale=en-SG, tz=UTC
[15:00:52.225] [INFO ] 
[15:00:52.225] [INFO ] ╔══════════════════════════════════════════════════════════════════════════╗
[15:00:52.225] [INFO ] ║  📋 SESSION: SCRAPE_20260224_150040_8F6F
[15:00:52.225] [INFO ] ║  🌐 URL: https://news.google.com/rss/articles/CBMitAFBVV95cUxQOXNZeUt4YW9jMmJ3NFJ1Ykcwa1lMa0diRExEUzZqaW05ZHZBTGlxTGVralBTOGxiSXlYbUlfcmdBaHdOaWhLem0zeEV5a295TlFMcG1WS1AtTWRQWFYyLVlTVVZ5SW02YzJ5Vk44UHFsbGhfcWpXUHh6cTlMQ3FVQlREREpzcVkzRUI4OVh3ZHBNdGEza1RqdEU2Y0ZoVXl5cDNqNlV1NUhXckRhN281SkpxdUY?oc=5
[15:00:52.225] [INFO ] ║  🔄 ATTEMPT: 2/2
[15:00:52.225] [INFO ] ║  ⏰ STARTED: 2026-02-24T15:00:52.225839+02:00 (Egypt Time)
[15:00:52.225] [INFO ] ╠══════════════════════════════════════════════════════════════════════════╣
[15:00:52.225] [INFO ] 
[15:00:52.225] [INFO ]     ┌─ BROWSER FINGERPRINT ────────────────────────────────────────┐
[15:00:52.225] [INFO ]     │ Browser:     EDGE v119
[15:00:52.225] [INFO ]     │ User-Agent:  Mozilla/5.0 (Windows NT 10.0; Win64; x64) AppleWebKit/537.36 (KHTML, l...
[15:00:52.225] [INFO ]     │ Viewport:    1680x1050
[15:00:52.225] [INFO ]     │ Sec-CH-UA:   (not applicable)...
[15:00:52.225] [INFO ]     ├─ LOCATION PROFILE ───────────────────────────────────────────┤
[15:00:52.225] [INFO ]     │ Location:    Singapore
[15:00:52.225] [INFO ]     │ Timezone:    N/A
[15:00:52.225] [INFO ]     │ Locale:      en-SG
[15:00:52.225] [INFO ]     │ Geo:         0, 0
[15:00:52.225] [INFO ]     ├─ NETWORK ────────────────────────────────────────────────────┤
[15:00:52.225] [INFO ]     │ Proxy:       Direct (no proxy)
[15:00:52.225] [INFO ]     │ Referrer:    None
[15:00:52.225] [INFO ]     └──────────────────────────────────────────────────────────────┘
[15:00:52.225] [INFO ] ╚══════════════════════════════════════════════════════════════════════════╝
[15:00:52.225] [INFO ] 🛡️ Injected anti-detection scripts at context level
[15:00:52.225] [DEBUG]    └─ Canvas noise, WebGL spoof, Browser patches
[15:00:52.225] [INFO ] 
[15:00:52.225] [INFO ]     🛡️ ANTI-DETECTION SCRIPTS INJECTED (CONTEXT level)
[15:00:52.225] [INFO ]     ├─ Canvas fingerprint noise
[15:00:52.225] [INFO ]     ├─ WebGL renderer/vendor spoof
[15:00:52.225] [INFO ]     ├─ Hardware concurrency randomization
[15:00:52.225] [INFO ]     ├─ Device memory randomization
[15:00:52.225] [INFO ]     ├─ Plugin masking
[15:00:52.225] [INFO ]     ├─ WebRTC IP leak protection
[15:00:52.225] [INFO ]     ├─ Network connection spoof
[15:00:52.225] [INFO ]     └─ Battery API spoof
[15:00:52.268] [INFO ] 
[15:00:52.268] [INFO ]     🥷 STEALTH MODE APPLIED
[15:00:52.268] [INFO ]     ├─ Navigator patches (webdriver, plugins, languages)
[15:00:52.268] [INFO ]     ├─ Chrome runtime patches
[15:00:52.268] [INFO ]     ├─ Console patches
[15:00:52.268] [INFO ]     └─ Permission patches
[15:00:52.268] [INFO ] 🛡️ Injected anti-detection scripts at page level
[15:00:52.268] [DEBUG]    └─ Canvas noise, WebGL spoof, Browser patches
[15:00:52.268] [INFO ] 
[15:00:52.268] [INFO ]     🛡️ ANTI-DETECTION SCRIPTS INJECTED (PAGE level)
[15:00:52.268] [INFO ]     ├─ Canvas fingerprint noise
[15:00:52.268] [INFO ]     ├─ WebGL renderer/vendor spoof
[15:00:52.268] [INFO ]     ├─ Hardware concurrency randomization
[15:00:52.268] [INFO ]     ├─ Device memory randomization
[15:00:52.268] [INFO ]     ├─ Plugin masking
[15:00:52.268] [INFO ]     ├─ WebRTC IP leak protection
[15:00:52.268] [INFO ]     ├─ Network connection spoof
[15:00:52.268] [INFO ]     └─ Battery API spoof
[15:00:52.268] [DEBUG] Enabled resource blocking (images, media, fonts)
[15:00:52.268] [INFO ] 
[15:00:52.268] [INFO ]     🔗 NAVIGATING TO URL
[15:00:52.268] [INFO ]     ├─ Strategy:   domcontentloaded
[15:00:52.268] [INFO ]     ├─ Timeout:    15.0s
[15:00:52.268] [INFO ]     └─ Sleep:      1s after load
[15:00:53.615] [INFO ] 
[15:00:53.615] [INFO ]     ✅ PAGE LOADED
[15:00:53.615] [INFO ]     ├─ Final URL:  https://news.google.com/rss/articles/CBMitAFBVV95cUxQOXNZeUt4YW9jMmJ3NFJ1Ykcwa1lMa0diRExEUzZqaW05ZHZBTGlxTGVralBTOGxiSXlYbUlfcmdBaHdOaWhLem0zeEV5a295TlFMcG1WS1AtTWRQWFYyLVlTVVZ5SW02YzJ5Vk44UHFsbGhfcWpXUHh6cTlMQ3FVQlREREpzcVkzRUI4OVh3ZHBNdGEza1RqdEU2Y0ZoVXl5cDNqNlV1NUhXckRhN281SkpxdUY?oc=5&hl=en-SG&gl=SG&ceid=SG:en
[15:00:53.615] [INFO ]     ├─ Title:      Google News
[15:00:53.615] [INFO ]     └─ Load Time:  1.35s
[15:00:54.857] [INFO ] 🧑 Human behavior simulation...
[15:01:00.521] [INFO ] 🖱️ Mouse: 3 moves in 1680x1050
[15:01:00.521] [INFO ] 🖱️ Mouse completed: 3 moves
[15:01:00.521] [INFO ] 📜 Scroll: page height, viewport=1050px
[15:01:00.521] [INFO ] 📜 Scroll completed: 2 scrolls
[15:01:00.521] [INFO ] 🧑 Human behavior completed in 5.7s ✓
[15:01:00.521] [INFO ] 
[15:01:00.521] [INFO ]     🧑 HUMAN BEHAVIOR SIMULATED
[15:01:00.521] [INFO ]     ├─ Mouse Movements: 3
[15:01:00.521] [INFO ]     ├─ Scroll Actions:  2
[15:01:00.521] [INFO ]     └─ Time Spent:      5.66s
[15:01:00.597] [INFO ] 
[15:01:00.597] [INFO ] ╔══════════════════════════════════════════════════════════════════════════╗
[15:01:00.597] [INFO ] ║  ❌ SCRAPE FAILED - SCRAPE_20260224_150040_8F6F
[15:01:00.597] [INFO ] ╠══════════════════════════════════════════════════════════════════════════╣
[15:01:00.597] [INFO ] 
[15:01:00.597] [INFO ]     ┌─ FAILURE SUMMARY ────────────────────────────────────────────┐
[15:01:00.597] [INFO ]     │ URL:              https://news.google.com/rss/articles/CBMitAFBVV95cUxQOX
[15:01:00.597] [INFO ]     │ Error Type:       unknown
[15:01:00.597] [INFO ]     │ Likely Ban:       ❌ No
[15:01:00.597] [INFO ]     │ Retries Used:     2
[15:01:00.597] [INFO ]     │
[15:01:00.597] [INFO ]     │ Error Message:
[15:01:00.597] [INFO ]     │   Failed after 2 attempts. Last error: Unknown error
[15:01:00.597] [INFO ]     └──────────────────────────────────────────────────────────────┘
[15:01:00.597] [INFO ] 
[15:01:00.597] [INFO ]     ┌─ TIMING AT FAILURE ──────────────────────────────────────────┐
[15:01:00.597] [INFO ]     │ Browser Launch:     0.06s
[15:01:00.597] [INFO ]     │ Page Load:          1.35s
[15:01:00.597] [INFO ]     │ Cloudflare Wait:    0.00s
[15:01:00.597] [INFO ]     │ Human Simulation:   5.66s
[15:01:00.597] [INFO ]     │ ─────────────────────────────────────────────────────────────
[15:01:00.597] [INFO ]     │ FAILED AT:          7.07s
[15:01:00.597] [INFO ]     └──────────────────────────────────────────────────────────────┘
[15:01:00.597] [INFO ] 
[15:01:00.597] [INFO ] ╚══════════════════════════════════════════════════════════════════════════╝
[15:01:00.597] [INFO ] 

================================================================================
STATUS: FAILED
TOTAL TIME: 20.05s
ENDED: 2026-02-24T15:01:00.597538+02:00 (Egypt Time)
END OF SCRAPE LOG
================================================================================