================================================================================
SCRAPE LOG: https://cybersecurity.bureauveritas.com/services/process/security-management/cmmc-compliance
Started: 2026-01-29 20:36:26
Session ID: SCRAPE_20260129_203626_CD25
================================================================================
[20:36:26.128] [INFO ] 📝 Scrape log: /app/data/logs/scrapes/2026-01-29_203626_cybersecurity.bureauveritas.com.log
[20:36:26.128] [DEBUG] ⏱️ Timeout set to 45s for this scrape
[20:36:26.475] [INFO ] 
[20:36:26.475] [INFO ]     🚀 BROWSER LAUNCHED
[20:36:26.475] [INFO ]     ├─ Mode:       Headless
[20:36:26.475] [INFO ]     ├─ Slow Mo:    47ms
[20:36:26.475] [INFO ]     ├─ Launch Time: 0.06s
[20:36:26.475] [INFO ]     └─ Args:       Anti-automation flags enabled
[20:36:26.492] [DEBUG] Browser profile: viewport={'width': 1680, 'height': 1050}, locale=en-GB, tz=UTC
[20:36:26.492] [INFO ] 
[20:36:26.492] [INFO ] ╔══════════════════════════════════════════════════════════════════════════╗
[20:36:26.492] [INFO ] ║  📋 SESSION: SCRAPE_20260129_203626_CD25
[20:36:26.492] [INFO ] ║  🌐 URL: https://cybersecurity.bureauveritas.com/services/process/security-management/cmmc-compliance
[20:36:26.492] [INFO ] ║  🔄 ATTEMPT: 1/2
[20:36:26.492] [INFO ] ║  ⏰ STARTED: 2026-01-29T20:36:26.492213+02:00 (Egypt Time)
[20:36:26.492] [INFO ] ╠══════════════════════════════════════════════════════════════════════════╣
[20:36:26.492] [INFO ] 
[20:36:26.492] [INFO ]     ┌─ BROWSER FINGERPRINT ────────────────────────────────────────┐
[20:36:26.492] [INFO ]     │ Browser:     EDGE v119
[20:36:26.492] [INFO ]     │ User-Agent:  Mozilla/5.0 (Windows NT 10.0; Win64; x64) AppleWebKit/537.36 (KHTML, l...
[20:36:26.492] [INFO ]     │ Viewport:    1680x1050
[20:36:26.492] [INFO ]     │ Sec-CH-UA:   (not applicable)...
[20:36:26.492] [INFO ]     ├─ LOCATION PROFILE ───────────────────────────────────────────┤
[20:36:26.492] [INFO ]     │ Location:    Birmingham, UK
[20:36:26.492] [INFO ]     │ Timezone:    N/A
[20:36:26.492] [INFO ]     │ Locale:      en-GB
[20:36:26.492] [INFO ]     │ Geo:         0, 0
[20:36:26.492] [INFO ]     ├─ NETWORK ────────────────────────────────────────────────────┤
[20:36:26.492] [INFO ]     │ Proxy:       Direct (no proxy)
[20:36:26.492] [INFO ]     │ Referrer:    https://www.google.com/search?q=cybersecurity+bureauveritas+com
[20:36:26.492] [INFO ]     └──────────────────────────────────────────────────────────────┘
[20:36:26.492] [INFO ] ╚══════════════════════════════════════════════════════════════════════════╝
[20:36:26.492] [INFO ] 🛡️ Injected anti-detection scripts at context level
[20:36:26.492] [DEBUG]    └─ Canvas noise, WebGL spoof, Browser patches
[20:36:26.492] [INFO ] 
[20:36:26.492] [INFO ]     🛡️ ANTI-DETECTION SCRIPTS INJECTED (CONTEXT level)
[20:36:26.492] [INFO ]     ├─ Canvas fingerprint noise
[20:36:26.492] [INFO ]     ├─ WebGL renderer/vendor spoof
[20:36:26.492] [INFO ]     ├─ Hardware concurrency randomization
[20:36:26.492] [INFO ]     ├─ Device memory randomization
[20:36:26.492] [INFO ]     ├─ Plugin masking
[20:36:26.492] [INFO ]     ├─ WebRTC IP leak protection
[20:36:26.492] [INFO ]     ├─ Network connection spoof
[20:36:26.492] [INFO ]     └─ Battery API spoof
[20:36:26.535] [INFO ] 
[20:36:26.535] [INFO ]     🥷 STEALTH MODE APPLIED
[20:36:26.535] [INFO ]     ├─ Navigator patches (webdriver, plugins, languages)
[20:36:26.535] [INFO ]     ├─ Chrome runtime patches
[20:36:26.535] [INFO ]     ├─ Console patches
[20:36:26.535] [INFO ]     └─ Permission patches
[20:36:26.535] [INFO ] 🛡️ Injected anti-detection scripts at page level
[20:36:26.535] [DEBUG]    └─ Canvas noise, WebGL spoof, Browser patches
[20:36:26.535] [INFO ] 
[20:36:26.535] [INFO ]     🛡️ ANTI-DETECTION SCRIPTS INJECTED (PAGE level)
[20:36:26.535] [INFO ]     ├─ Canvas fingerprint noise
[20:36:26.535] [INFO ]     ├─ WebGL renderer/vendor spoof
[20:36:26.535] [INFO ]     ├─ Hardware concurrency randomization
[20:36:26.535] [INFO ]     ├─ Device memory randomization
[20:36:26.535] [INFO ]     ├─ Plugin masking
[20:36:26.535] [INFO ]     ├─ WebRTC IP leak protection
[20:36:26.535] [INFO ]     ├─ Network connection spoof
[20:36:26.535] [INFO ]     └─ Battery API spoof
[20:36:26.535] [DEBUG] Enabled resource blocking (images, media, fonts)
[20:36:26.535] [INFO ] 
[20:36:26.535] [INFO ]     🔗 NAVIGATING TO URL
[20:36:26.535] [INFO ]     ├─ Strategy:   domcontentloaded
[20:36:26.535] [INFO ]     ├─ Timeout:    15.0s
[20:36:26.535] [INFO ]     └─ Sleep:      1s after load
[20:36:28.500] [INFO ] 
[20:36:28.500] [INFO ]     ✅ PAGE LOADED
[20:36:28.500] [INFO ]     ├─ Final URL:  https://cybersecurity.bureauveritas.com/services/process/security-management/cmmc-compliance
[20:36:28.500] [INFO ]     ├─ Title:      Reaching CMMC compliance | Reaching CMMC compliance | Bureau Veritas Cybersecurity
[20:36:28.500] [INFO ]     └─ Load Time:  1.97s
[20:36:30.462] [INFO ] 🧑 Human behavior simulation...
[20:36:32.944] [INFO ] 🖱️ Mouse: 1 moves in 1680x1050
[20:36:32.944] [INFO ] 🖱️ Mouse completed: 1 moves
[20:36:32.944] [INFO ] 📜 Scroll: page height, viewport=1050px
[20:36:32.944] [INFO ] 📜 Scroll completed: 2 scrolls
[20:36:32.944] [INFO ] 🧑 Human behavior completed in 2.5s ✓
[20:36:32.944] [INFO ] 
[20:36:32.944] [INFO ]     🧑 HUMAN BEHAVIOR SIMULATED
[20:36:32.944] [INFO ]     ├─ Mouse Movements: 1
[20:36:32.944] [INFO ]     ├─ Scroll Actions:  2
[20:36:32.944] [INFO ]     └─ Time Spent:      2.48s
[20:36:33.231] [INFO ] 
[20:36:33.231] [INFO ]     ┌─ CONTENT METRICS ────────────────────────────────────────────┐
[20:36:33.231] [INFO ]     │ Title:            Reaching CMMC compliance | Bureau Veritas Cybersec
[20:36:33.231] [INFO ]     │ Final URL:        https://cybersecurity.bureauveritas.com/services/process/security-management/cmmc-compliance
[20:36:33.231] [INFO ]     │ HTML Size:        295,666 bytes
[20:36:33.231] [INFO ]     │ Text Size:        5,917 chars
[20:36:33.231] [INFO ]     │ Word Count:       ~924 words
[20:36:33.231] [INFO ]     │ Extraction:       trafilatura
[20:36:33.231] [INFO ]     │ Has Article:      ✅ Yes
[20:36:33.231] [INFO ]     └──────────────────────────────────────────────────────────────┘
[20:36:33.260] [INFO ] 
[20:36:33.260] [INFO ] ╔══════════════════════════════════════════════════════════════════════════╗
[20:36:33.260] [INFO ] ║  ✅ SCRAPE SUCCESSFUL - SCRAPE_20260129_203626_CD25
[20:36:33.260] [INFO ] ╠══════════════════════════════════════════════════════════════════════════╣
[20:36:33.260] [INFO ] 
[20:36:33.260] [INFO ]     ┌─ TIMING BREAKDOWN ───────────────────────────────────────────┐
[20:36:33.260] [INFO ]     │ Browser Launch:      0.06s
[20:36:33.260] [INFO ]     │ Page Load:           1.97s
[20:36:33.260] [INFO ]     │ Cloudflare Wait:     0.00s
[20:36:33.260] [INFO ]     │ Human Simulation:    2.48s
[20:36:33.260] [INFO ]     │
[20:36:33.260] [INFO ]     │ Content Extraction:  0.17s
[20:36:33.260] [INFO ]     │ ─────────────────────────────────────────────────────────────
[20:36:33.260] [INFO ]     │ TOTAL TIME:          4.67s
[20:36:33.260] [INFO ]     └──────────────────────────────────────────────────────────────┘
[20:36:33.260] [INFO ] 
[20:36:33.260] [INFO ]     ┌─ CONTENT METRICS ────────────────────────────────────────────┐
[20:36:33.260] [INFO ]     │ Title:            Reaching CMMC compliance | Bureau Veritas Cybersec
[20:36:33.260] [INFO ]     │ Final URL:        https://cybersecurity.bureauveritas.com/services/process/security-management/cmmc-compliance
[20:36:33.260] [INFO ]     │ HTML Size:        295,666 bytes
[20:36:33.260] [INFO ]     │ Text Size:        5,917 chars
[20:36:33.260] [INFO ]     │ Word Count:       ~924 words
[20:36:33.260] [INFO ]     │ Extraction:       trafilatura
[20:36:33.260] [INFO ]     │ Has Article:      ✅ Yes
[20:36:33.260] [INFO ]     └──────────────────────────────────────────────────────────────┘
[20:36:33.260] [INFO ] ╠══════════════════════════════════════════════════════════════════════════╣
[20:36:33.260] [INFO ] ║  📊 SESSION STATS
[20:36:33.260] [INFO ] ║  ├─ Strategies Tried:   domcontentloaded
[20:36:33.260] [INFO ] ║  ├─ Popups Dismissed:   0
[20:36:33.260] [INFO ] ║  ├─ Cloudflare:         Not detected
[20:36:33.260] [INFO ] ║  └─ Proxy Used:         Direct
[20:36:33.260] [INFO ] ╚══════════════════════════════════════════════════════════════════════════╝
[20:36:33.260] [INFO ] 

================================================================================
STATUS: SUCCESS
TOTAL TIME: 7.13s
ENDED: 2026-01-29T20:36:33.260397+02:00 (Egypt Time)
END OF SCRAPE LOG
================================================================================