================================================================================
SCRAPE LOG: https://www.iso.org/home.html
Started: 2026-01-26 13:02:18
Session ID: SCRAPE_20260126_130218_E27C
================================================================================
[13:02:18.634] [INFO ] 📝 Scrape log: /app/data/logs/scrapes/2026-01-26_130218_iso.org.log
[13:02:18.634] [DEBUG] ⏱️ Timeout set to 45s for this scrape
[13:02:18.975] [INFO ] 
[13:02:18.975] [INFO ]     🚀 BROWSER LAUNCHED
[13:02:18.975] [INFO ]     ├─ Mode:       Headless
[13:02:18.975] [INFO ]     ├─ Slow Mo:    56ms
[13:02:18.975] [INFO ]     ├─ Launch Time: 0.06s
[13:02:18.975] [INFO ]     └─ Args:       Anti-automation flags enabled
[13:02:18.989] [DEBUG] Browser profile: viewport={'width': 1536, 'height': 864}, locale=en-IE, tz=UTC
[13:02:18.989] [INFO ] 
[13:02:18.989] [INFO ] ╔══════════════════════════════════════════════════════════════════════════╗
[13:02:18.989] [INFO ] ║  📋 SESSION: SCRAPE_20260126_130218_E27C
[13:02:18.989] [INFO ] ║  🌐 URL: https://www.iso.org/home.html
[13:02:18.989] [INFO ] ║  🔄 ATTEMPT: 1/2
[13:02:18.989] [INFO ] ║  ⏰ STARTED: 2026-01-26T13:02:18.989894+02:00 (Egypt Time)
[13:02:18.989] [INFO ] ╠══════════════════════════════════════════════════════════════════════════╣
[13:02:18.989] [INFO ] 
[13:02:18.989] [INFO ]     ┌─ BROWSER FINGERPRINT ────────────────────────────────────────┐
[13:02:18.989] [INFO ]     │ Browser:     CHROME v120
[13:02:18.989] [INFO ]     │ User-Agent:  Mozilla/5.0 (Windows NT 10.0; Win64; x64) AppleWebKit/537.36 (KHTML, l...
[13:02:18.989] [INFO ]     │ Viewport:    1536x864
[13:02:18.989] [INFO ]     │ Sec-CH-UA:   (not applicable)...
[13:02:18.989] [INFO ]     ├─ LOCATION PROFILE ───────────────────────────────────────────┤
[13:02:18.989] [INFO ]     │ Location:    Dublin, Ireland
[13:02:18.989] [INFO ]     │ Timezone:    N/A
[13:02:18.989] [INFO ]     │ Locale:      en-IE
[13:02:18.989] [INFO ]     │ Geo:         0, 0
[13:02:18.989] [INFO ]     ├─ NETWORK ────────────────────────────────────────────────────┤
[13:02:18.989] [INFO ]     │ Proxy:       Direct (no proxy)
[13:02:18.989] [INFO ]     │ Referrer:    https://www.google.com/
[13:02:18.989] [INFO ]     └──────────────────────────────────────────────────────────────┘
[13:02:18.989] [INFO ] ╚══════════════════════════════════════════════════════════════════════════╝
[13:02:18.989] [INFO ] 🛡️ Injected anti-detection scripts at context level
[13:02:18.989] [DEBUG]    └─ Canvas noise, WebGL spoof, Browser patches
[13:02:18.989] [INFO ] 
[13:02:18.989] [INFO ]     🛡️ ANTI-DETECTION SCRIPTS INJECTED (CONTEXT level)
[13:02:18.989] [INFO ]     ├─ Canvas fingerprint noise
[13:02:18.989] [INFO ]     ├─ WebGL renderer/vendor spoof
[13:02:18.990] [INFO ]     ├─ Hardware concurrency randomization
[13:02:18.990] [INFO ]     ├─ Device memory randomization
[13:02:18.990] [INFO ]     ├─ Plugin masking
[13:02:18.990] [INFO ]     ├─ WebRTC IP leak protection
[13:02:18.990] [INFO ]     ├─ Network connection spoof
[13:02:18.990] [INFO ]     └─ Battery API spoof
[13:02:19.029] [INFO ] 
[13:02:19.029] [INFO ]     🥷 STEALTH MODE APPLIED
[13:02:19.030] [INFO ]     ├─ Navigator patches (webdriver, plugins, languages)
[13:02:19.030] [INFO ]     ├─ Chrome runtime patches
[13:02:19.030] [INFO ]     ├─ Console patches
[13:02:19.030] [INFO ]     └─ Permission patches
[13:02:19.030] [INFO ] 🛡️ Injected anti-detection scripts at page level
[13:02:19.030] [DEBUG]    └─ Canvas noise, WebGL spoof, Browser patches
[13:02:19.030] [INFO ] 
[13:02:19.030] [INFO ]     🛡️ ANTI-DETECTION SCRIPTS INJECTED (PAGE level)
[13:02:19.030] [INFO ]     ├─ Canvas fingerprint noise
[13:02:19.030] [INFO ]     ├─ WebGL renderer/vendor spoof
[13:02:19.030] [INFO ]     ├─ Hardware concurrency randomization
[13:02:19.030] [INFO ]     ├─ Device memory randomization
[13:02:19.030] [INFO ]     ├─ Plugin masking
[13:02:19.030] [INFO ]     ├─ WebRTC IP leak protection
[13:02:19.030] [INFO ]     ├─ Network connection spoof
[13:02:19.030] [INFO ]     └─ Battery API spoof
[13:02:19.030] [DEBUG] Enabled resource blocking (images, media, fonts)
[13:02:19.030] [INFO ] 
[13:02:19.030] [INFO ]     🔗 NAVIGATING TO URL
[13:02:19.030] [INFO ]     ├─ Strategy:   domcontentloaded
[13:02:19.030] [INFO ]     ├─ Timeout:    15.0s
[13:02:19.030] [INFO ]     └─ Sleep:      1s after load
[13:02:19.941] [INFO ] 
[13:02:19.941] [INFO ]     ✅ PAGE LOADED
[13:02:19.941] [INFO ]     ├─ Final URL:  https://www.iso.org/home.html
[13:02:19.941] [INFO ]     ├─ Title:      ISO - International Organization for Standardization
[13:02:19.941] [INFO ]     └─ Load Time:  0.91s
[13:02:21.157] [INFO ] 🧑 Human behavior simulation...
[13:02:28.187] [INFO ] 🖱️ Mouse: 4 moves in 1536x864
[13:02:28.187] [INFO ] 🖱️ Mouse completed: 4 moves
[13:02:28.187] [INFO ] 📜 Scroll: page height, viewport=864px
[13:02:28.187] [INFO ] 📜 Scroll completed: 2 scrolls
[13:02:28.187] [INFO ] 🧑 Human behavior completed in 7.0s ✓
[13:02:28.187] [INFO ] 
[13:02:28.187] [INFO ]     🧑 HUMAN BEHAVIOR SIMULATED
[13:02:28.187] [INFO ]     ├─ Mouse Movements: 4
[13:02:28.187] [INFO ]     ├─ Scroll Actions:  2
[13:02:28.187] [INFO ]     └─ Time Spent:      7.03s
[13:02:28.330] [INFO ] 
[13:02:28.330] [INFO ]     ┌─ CONTENT METRICS ────────────────────────────────────────────┐
[13:02:28.330] [INFO ]     │ Title:            ISO - International Organization for Standardizati
[13:02:28.330] [INFO ]     │ Final URL:        https://www.iso.org/home.html
[13:02:28.330] [INFO ]     │ HTML Size:        100,423 bytes
[13:02:28.330] [INFO ]     │ Text Size:        2,480 chars
[13:02:28.330] [INFO ]     │ Word Count:       ~363 words
[13:02:28.330] [INFO ]     │ Extraction:       trafilatura
[13:02:28.330] [INFO ]     │ Has Article:      ✅ Yes
[13:02:28.330] [INFO ]     └──────────────────────────────────────────────────────────────┘
[13:02:28.359] [INFO ] 
[13:02:28.359] [INFO ] ╔══════════════════════════════════════════════════════════════════════════╗
[13:02:28.359] [INFO ] ║  ✅ SCRAPE SUCCESSFUL - SCRAPE_20260126_130218_E27C
[13:02:28.359] [INFO ] ╠══════════════════════════════════════════════════════════════════════════╣
[13:02:28.359] [INFO ] 
[13:02:28.359] [INFO ]     ┌─ TIMING BREAKDOWN ───────────────────────────────────────────┐
[13:02:28.359] [INFO ]     │ Browser Launch:      0.06s
[13:02:28.359] [INFO ]     │ Page Load:           0.91s
[13:02:28.359] [INFO ]     │ Cloudflare Wait:     0.00s
[13:02:28.359] [INFO ]     │ Human Simulation:    7.03s
[13:02:28.359] [INFO ]     │
[13:02:28.359] [INFO ]     │ Content Extraction:  0.07s
[13:02:28.359] [INFO ]     │ ─────────────────────────────────────────────────────────────
[13:02:28.359] [INFO ]     │ TOTAL TIME:          8.07s
[13:02:28.359] [INFO ]     └──────────────────────────────────────────────────────────────┘
[13:02:28.359] [INFO ] 
[13:02:28.359] [INFO ]     ┌─ CONTENT METRICS ────────────────────────────────────────────┐
[13:02:28.359] [INFO ]     │ Title:            ISO - International Organization for Standardizati
[13:02:28.359] [INFO ]     │ Final URL:        https://www.iso.org/home.html
[13:02:28.359] [INFO ]     │ HTML Size:        100,423 bytes
[13:02:28.359] [INFO ]     │ Text Size:        2,480 chars
[13:02:28.359] [INFO ]     │ Word Count:       ~363 words
[13:02:28.359] [INFO ]     │ Extraction:       trafilatura
[13:02:28.359] [INFO ]     │ Has Article:      ✅ Yes
[13:02:28.359] [INFO ]     └──────────────────────────────────────────────────────────────┘
[13:02:28.359] [INFO ] ╠══════════════════════════════════════════════════════════════════════════╣
[13:02:28.359] [INFO ] ║  📊 SESSION STATS
[13:02:28.360] [INFO ] ║  ├─ Strategies Tried:   domcontentloaded
[13:02:28.360] [INFO ] ║  ├─ Popups Dismissed:   0
[13:02:28.360] [INFO ] ║  ├─ Cloudflare:         Not detected
[13:02:28.360] [INFO ] ║  └─ Proxy Used:         Direct
[13:02:28.360] [INFO ] ╚══════════════════════════════════════════════════════════════════════════╝
[13:02:28.360] [INFO ] 

================================================================================
STATUS: SUCCESS
TOTAL TIME: 9.73s
ENDED: 2026-01-26T13:02:28.360029+02:00 (Egypt Time)
END OF SCRAPE LOG
================================================================================