================================================================================
SCRAPE LOG: https://resourcehub.bakermckenzie.com/en/resources/global-data-and-cyber-handbook/emea/egypt/topics/dpos-and-notification-requirements
Started: 2026-01-30 00:33:02
Session ID: SCRAPE_20260130_003302_C0F8
================================================================================
[00:33:02.111] [INFO ] 📝 Scrape log: /app/data/logs/scrapes/2026-01-30_003302_resourcehub.bakermckenzie.com.log
[00:33:02.111] [DEBUG] ⏱️ Timeout set to 45s for this scrape
[00:33:02.461] [INFO ] 
[00:33:02.461] [INFO ]     🚀 BROWSER LAUNCHED
[00:33:02.461] [INFO ]     ├─ Mode:       Headless
[00:33:02.461] [INFO ]     ├─ Slow Mo:    44ms
[00:33:02.461] [INFO ]     ├─ Launch Time: 0.06s
[00:33:02.461] [INFO ]     └─ Args:       Anti-automation flags enabled
[00:33:02.479] [DEBUG] Browser profile: viewport={'width': 1440, 'height': 900}, locale=en-SG, tz=UTC
[00:33:02.479] [INFO ] 
[00:33:02.479] [INFO ] ╔══════════════════════════════════════════════════════════════════════════╗
[00:33:02.479] [INFO ] ║  📋 SESSION: SCRAPE_20260130_003302_C0F8
[00:33:02.479] [INFO ] ║  🌐 URL: https://resourcehub.bakermckenzie.com/en/resources/global-data-and-cyber-handbook/emea/egypt/topics/dpos-and-notification-requirements
[00:33:02.479] [INFO ] ║  🔄 ATTEMPT: 1/2
[00:33:02.479] [INFO ] ║  ⏰ STARTED: 2026-01-30T00:33:02.479488+02:00 (Egypt Time)
[00:33:02.479] [INFO ] ╠══════════════════════════════════════════════════════════════════════════╣
[00:33:02.479] [INFO ] 
[00:33:02.479] [INFO ]     ┌─ BROWSER FINGERPRINT ────────────────────────────────────────┐
[00:33:02.479] [INFO ]     │ Browser:     CHROME v120
[00:33:02.479] [INFO ]     │ User-Agent:  Mozilla/5.0 (Macintosh; Intel Mac OS X 10_15_7) AppleWebKit/537.36 (KH...
[00:33:02.479] [INFO ]     │ Viewport:    1440x900
[00:33:02.479] [INFO ]     │ Sec-CH-UA:   (not applicable)...
[00:33:02.479] [INFO ]     ├─ LOCATION PROFILE ───────────────────────────────────────────┤
[00:33:02.479] [INFO ]     │ Location:    Singapore
[00:33:02.479] [INFO ]     │ Timezone:    N/A
[00:33:02.479] [INFO ]     │ Locale:      en-SG
[00:33:02.479] [INFO ]     │ Geo:         0, 0
[00:33:02.479] [INFO ]     ├─ NETWORK ────────────────────────────────────────────────────┤
[00:33:02.479] [INFO ]     │ Proxy:       Direct (no proxy)
[00:33:02.479] [INFO ]     │ Referrer:    https://www.google.com/search?q=resourcehub+bakermckenzie+com
[00:33:02.479] [INFO ]     └──────────────────────────────────────────────────────────────┘
[00:33:02.479] [INFO ] ╚══════════════════════════════════════════════════════════════════════════╝
[00:33:02.479] [INFO ] 🛡️ Injected anti-detection scripts at context level
[00:33:02.479] [DEBUG]    └─ Canvas noise, WebGL spoof, Browser patches
[00:33:02.479] [INFO ] 
[00:33:02.479] [INFO ]     🛡️ ANTI-DETECTION SCRIPTS INJECTED (CONTEXT level)
[00:33:02.479] [INFO ]     ├─ Canvas fingerprint noise
[00:33:02.479] [INFO ]     ├─ WebGL renderer/vendor spoof
[00:33:02.479] [INFO ]     ├─ Hardware concurrency randomization
[00:33:02.479] [INFO ]     ├─ Device memory randomization
[00:33:02.479] [INFO ]     ├─ Plugin masking
[00:33:02.479] [INFO ]     ├─ WebRTC IP leak protection
[00:33:02.479] [INFO ]     ├─ Network connection spoof
[00:33:02.479] [INFO ]     └─ Battery API spoof
[00:33:02.521] [INFO ] 
[00:33:02.521] [INFO ]     🥷 STEALTH MODE APPLIED
[00:33:02.521] [INFO ]     ├─ Navigator patches (webdriver, plugins, languages)
[00:33:02.521] [INFO ]     ├─ Chrome runtime patches
[00:33:02.521] [INFO ]     ├─ Console patches
[00:33:02.521] [INFO ]     └─ Permission patches
[00:33:02.521] [INFO ] 🛡️ Injected anti-detection scripts at page level
[00:33:02.521] [DEBUG]    └─ Canvas noise, WebGL spoof, Browser patches
[00:33:02.521] [INFO ] 
[00:33:02.521] [INFO ]     🛡️ ANTI-DETECTION SCRIPTS INJECTED (PAGE level)
[00:33:02.521] [INFO ]     ├─ Canvas fingerprint noise
[00:33:02.521] [INFO ]     ├─ WebGL renderer/vendor spoof
[00:33:02.521] [INFO ]     ├─ Hardware concurrency randomization
[00:33:02.521] [INFO ]     ├─ Device memory randomization
[00:33:02.521] [INFO ]     ├─ Plugin masking
[00:33:02.521] [INFO ]     ├─ WebRTC IP leak protection
[00:33:02.521] [INFO ]     ├─ Network connection spoof
[00:33:02.521] [INFO ]     └─ Battery API spoof
[00:33:02.521] [DEBUG] Enabled resource blocking (images, media, fonts)
[00:33:02.521] [INFO ] 
[00:33:02.521] [INFO ]     🔗 NAVIGATING TO URL
[00:33:02.521] [INFO ]     ├─ Strategy:   domcontentloaded
[00:33:02.521] [INFO ]     ├─ Timeout:    15.0s
[00:33:02.521] [INFO ]     └─ Sleep:      1s after load
[00:33:05.554] [INFO ] 
[00:33:05.554] [INFO ]     ✅ PAGE LOADED
[00:33:05.554] [INFO ]     ├─ Final URL:  https://resourcehub.bakermckenzie.com/en/access-denied?rurl=%2fen%2fresources%2fglobal-data-and-cyber-handbook%2femea%2fegypt%2ftopics%2fdpos-and-notification-requirements
[00:33:05.554] [INFO ]     ├─ Title:      Please login to access this site | Baker McKenzie Resource Hub
[00:33:05.554] [INFO ]     └─ Load Time:  3.03s
[00:33:06.739] [INFO ] 🧑 Human behavior simulation...
[00:33:11.560] [INFO ] 🖱️ Mouse: 3 moves in 1440x900
[00:33:11.560] [INFO ] 🖱️ Mouse completed: 3 moves
[00:33:11.560] [INFO ] 📜 Scroll: page height, viewport=900px
[00:33:11.560] [INFO ] 📜 Scroll completed: 2 scrolls
[00:33:11.560] [INFO ] 🧑 Human behavior completed in 4.8s ✓
[00:33:11.560] [INFO ] 
[00:33:11.560] [INFO ]     🧑 HUMAN BEHAVIOR SIMULATED
[00:33:11.560] [INFO ]     ├─ Mouse Movements: 3
[00:33:11.560] [INFO ]     ├─ Scroll Actions:  2
[00:33:11.560] [INFO ]     └─ Time Spent:      4.82s
[00:33:11.722] [INFO ] 
[00:33:11.722] [INFO ]     ┌─ CONTENT METRICS ────────────────────────────────────────────┐
[00:33:11.722] [INFO ]     │ Title:            Please login to access this site | Baker McKenzie 
[00:33:11.722] [INFO ]     │ Final URL:        https://resourcehub.bakermckenzie.com/en/access-denied?rurl=%2fen%2fresources%2fglobal-data-and-cyber-handbook%2femea%2fegypt%2ftopics%2fdpos-and-notification-requirements
[00:33:11.722] [INFO ]     │ HTML Size:        96,214 bytes
[00:33:11.722] [INFO ]     │ Text Size:        327 chars
[00:33:11.722] [INFO ]     │ Word Count:       ~56 words
[00:33:11.722] [INFO ]     │ Extraction:       trafilatura
[00:33:11.722] [INFO ]     │ Has Article:      ✅ Yes
[00:33:11.722] [INFO ]     └──────────────────────────────────────────────────────────────┘
[00:33:11.754] [INFO ] 
[00:33:11.754] [INFO ] ╔══════════════════════════════════════════════════════════════════════════╗
[00:33:11.754] [INFO ] ║  ✅ SCRAPE SUCCESSFUL - SCRAPE_20260130_003302_C0F8
[00:33:11.754] [INFO ] ╠══════════════════════════════════════════════════════════════════════════╣
[00:33:11.754] [INFO ] 
[00:33:11.754] [INFO ]     ┌─ TIMING BREAKDOWN ───────────────────────────────────────────┐
[00:33:11.754] [INFO ]     │ Browser Launch:      0.06s
[00:33:11.754] [INFO ]     │ Page Load:           3.03s
[00:33:11.754] [INFO ]     │ Cloudflare Wait:     0.00s
[00:33:11.754] [INFO ]     │ Human Simulation:    4.82s
[00:33:11.754] [INFO ]     │
[00:33:11.754] [INFO ]     │ Content Extraction:  0.14s
[00:33:11.754] [INFO ]     │ ─────────────────────────────────────────────────────────────
[00:33:11.754] [INFO ]     │ TOTAL TIME:          8.05s
[00:33:11.754] [INFO ]     └──────────────────────────────────────────────────────────────┘
[00:33:11.754] [INFO ] 
[00:33:11.754] [INFO ]     ┌─ CONTENT METRICS ────────────────────────────────────────────┐
[00:33:11.754] [INFO ]     │ Title:            Please login to access this site | Baker McKenzie 
[00:33:11.754] [INFO ]     │ Final URL:        https://resourcehub.bakermckenzie.com/en/access-denied?rurl=%2fen%2fresources%2fglobal-data-and-cyber-handbook%2femea%2fegypt%2ftopics%2fdpos-and-notification-requirements
[00:33:11.754] [INFO ]     │ HTML Size:        96,214 bytes
[00:33:11.754] [INFO ]     │ Text Size:        327 chars
[00:33:11.754] [INFO ]     │ Word Count:       ~56 words
[00:33:11.754] [INFO ]     │ Extraction:       trafilatura
[00:33:11.754] [INFO ]     │ Has Article:      ✅ Yes
[00:33:11.754] [INFO ]     └──────────────────────────────────────────────────────────────┘
[00:33:11.754] [INFO ] ╠══════════════════════════════════════════════════════════════════════════╣
[00:33:11.754] [INFO ] ║  📊 SESSION STATS
[00:33:11.754] [INFO ] ║  ├─ Strategies Tried:   domcontentloaded
[00:33:11.754] [INFO ] ║  ├─ Popups Dismissed:   0
[00:33:11.754] [INFO ] ║  ├─ Cloudflare:         Not detected
[00:33:11.754] [INFO ] ║  └─ Proxy Used:         Direct
[00:33:11.754] [INFO ] ╚══════════════════════════════════════════════════════════════════════════╝
[00:33:11.754] [INFO ] 

================================================================================
STATUS: SUCCESS
TOTAL TIME: 9.64s
ENDED: 2026-01-30T00:33:11.754797+02:00 (Egypt Time)
END OF SCRAPE LOG
================================================================================