================================================================================
SCRAPE LOG: https://www.tookitaki.com/compliance-hub/challenges-combating-money-laundering-egypt-tookitaki
Started: 2026-01-30 02:05:04
Session ID: SCRAPE_20260130_020504_5036
================================================================================
[02:05:04.265] [INFO ] 📝 Scrape log: /app/data/logs/scrapes/2026-01-30_020504_tookitaki.com.log
[02:05:04.265] [DEBUG] ⏱️ Timeout set to 45s for this scrape
[02:05:04.613] [INFO ] 
[02:05:04.613] [INFO ]     🚀 BROWSER LAUNCHED
[02:05:04.613] [INFO ]     ├─ Mode:       Headless
[02:05:04.613] [INFO ]     ├─ Slow Mo:    60ms
[02:05:04.613] [INFO ]     ├─ Launch Time: 0.06s
[02:05:04.613] [INFO ]     └─ Args:       Anti-automation flags enabled
[02:05:04.633] [DEBUG] Browser profile: viewport={'width': 1366, 'height': 768}, locale=en-SG, tz=UTC
[02:05:04.633] [INFO ] 
[02:05:04.633] [INFO ] ╔══════════════════════════════════════════════════════════════════════════╗
[02:05:04.633] [INFO ] ║  📋 SESSION: SCRAPE_20260130_020504_5036
[02:05:04.633] [INFO ] ║  🌐 URL: https://www.tookitaki.com/compliance-hub/challenges-combating-money-laundering-egypt-tookitaki
[02:05:04.633] [INFO ] ║  🔄 ATTEMPT: 1/2
[02:05:04.633] [INFO ] ║  ⏰ STARTED: 2026-01-30T02:05:04.633546+02:00 (Egypt Time)
[02:05:04.633] [INFO ] ╠══════════════════════════════════════════════════════════════════════════╣
[02:05:04.633] [INFO ] 
[02:05:04.633] [INFO ]     ┌─ BROWSER FINGERPRINT ────────────────────────────────────────┐
[02:05:04.633] [INFO ]     │ Browser:     CHROME v123
[02:05:04.633] [INFO ]     │ User-Agent:  Mozilla/5.0 (Windows NT 10.0; Win64; x64) AppleWebKit/537.36 (KHTML, l...
[02:05:04.633] [INFO ]     │ Viewport:    1366x768
[02:05:04.633] [INFO ]     │ Sec-CH-UA:   (not applicable)...
[02:05:04.633] [INFO ]     ├─ LOCATION PROFILE ───────────────────────────────────────────┤
[02:05:04.633] [INFO ]     │ Location:    Singapore
[02:05:04.633] [INFO ]     │ Timezone:    N/A
[02:05:04.633] [INFO ]     │ Locale:      en-SG
[02:05:04.633] [INFO ]     │ Geo:         0, 0
[02:05:04.633] [INFO ]     ├─ NETWORK ────────────────────────────────────────────────────┤
[02:05:04.633] [INFO ]     │ Proxy:       Direct (no proxy)
[02:05:04.633] [INFO ]     │ Referrer:    https://www.google.com/search?q=www+tookitaki+com
[02:05:04.633] [INFO ]     └──────────────────────────────────────────────────────────────┘
[02:05:04.633] [INFO ] ╚══════════════════════════════════════════════════════════════════════════╝
[02:05:04.633] [INFO ] 🛡️ Injected anti-detection scripts at context level
[02:05:04.633] [DEBUG]    └─ Canvas noise, WebGL spoof, Browser patches
[02:05:04.633] [INFO ] 
[02:05:04.633] [INFO ]     🛡️ ANTI-DETECTION SCRIPTS INJECTED (CONTEXT level)
[02:05:04.633] [INFO ]     ├─ Canvas fingerprint noise
[02:05:04.633] [INFO ]     ├─ WebGL renderer/vendor spoof
[02:05:04.633] [INFO ]     ├─ Hardware concurrency randomization
[02:05:04.633] [INFO ]     ├─ Device memory randomization
[02:05:04.633] [INFO ]     ├─ Plugin masking
[02:05:04.633] [INFO ]     ├─ WebRTC IP leak protection
[02:05:04.633] [INFO ]     ├─ Network connection spoof
[02:05:04.633] [INFO ]     └─ Battery API spoof
[02:05:04.674] [INFO ] 
[02:05:04.675] [INFO ]     🥷 STEALTH MODE APPLIED
[02:05:04.675] [INFO ]     ├─ Navigator patches (webdriver, plugins, languages)
[02:05:04.675] [INFO ]     ├─ Chrome runtime patches
[02:05:04.675] [INFO ]     ├─ Console patches
[02:05:04.675] [INFO ]     └─ Permission patches
[02:05:04.675] [INFO ] 🛡️ Injected anti-detection scripts at page level
[02:05:04.675] [DEBUG]    └─ Canvas noise, WebGL spoof, Browser patches
[02:05:04.675] [INFO ] 
[02:05:04.675] [INFO ]     🛡️ ANTI-DETECTION SCRIPTS INJECTED (PAGE level)
[02:05:04.675] [INFO ]     ├─ Canvas fingerprint noise
[02:05:04.675] [INFO ]     ├─ WebGL renderer/vendor spoof
[02:05:04.675] [INFO ]     ├─ Hardware concurrency randomization
[02:05:04.675] [INFO ]     ├─ Device memory randomization
[02:05:04.675] [INFO ]     ├─ Plugin masking
[02:05:04.675] [INFO ]     ├─ WebRTC IP leak protection
[02:05:04.675] [INFO ]     ├─ Network connection spoof
[02:05:04.675] [INFO ]     └─ Battery API spoof
[02:05:04.675] [DEBUG] Enabled resource blocking (images, media, fonts)
[02:05:04.675] [INFO ] 
[02:05:04.675] [INFO ]     🔗 NAVIGATING TO URL
[02:05:04.675] [INFO ]     ├─ Strategy:   domcontentloaded
[02:05:04.675] [INFO ]     ├─ Timeout:    15.0s
[02:05:04.675] [INFO ]     └─ Sleep:      1s after load
[02:05:06.661] [INFO ] 
[02:05:06.661] [INFO ]     ✅ PAGE LOADED
[02:05:06.661] [INFO ]     ├─ Final URL:  https://www.tookitaki.com/compliance-hub/challenges-combating-money-laundering-egypt-tookitaki
[02:05:06.661] [INFO ]     ├─ Title:      Understanding Money Laundering in Egypt
[02:05:06.661] [INFO ]     └─ Load Time:  1.99s
[02:05:07.939] [INFO ] 🧑 Human behavior simulation...
[02:05:16.377] [INFO ] 🖱️ Mouse: 4 moves in 1366x768
[02:05:16.377] [INFO ] 🖱️ Mouse completed: 4 moves
[02:05:16.377] [INFO ] 📜 Scroll: page height, viewport=768px
[02:05:16.377] [INFO ] 📜 Scroll completed: 3 scrolls
[02:05:16.377] [INFO ] 🧑 Human behavior completed in 8.4s ✓
[02:05:16.377] [INFO ] 
[02:05:16.377] [INFO ]     🧑 HUMAN BEHAVIOR SIMULATED
[02:05:16.377] [INFO ]     ├─ Mouse Movements: 4
[02:05:16.377] [INFO ]     ├─ Scroll Actions:  3
[02:05:16.377] [INFO ]     └─ Time Spent:      8.44s
[02:05:16.696] [INFO ] 
[02:05:16.696] [INFO ]     ┌─ CONTENT METRICS ────────────────────────────────────────────┐
[02:05:16.696] [INFO ]     │ Title:            Top AML Scenarios in ASEAN
[02:05:16.696] [INFO ]     │ Final URL:        https://www.tookitaki.com/compliance-hub/challenges-combating-money-laundering-egypt-tookitaki
[02:05:16.696] [INFO ]     │ HTML Size:        199,332 bytes
[02:05:16.696] [INFO ]     │ Text Size:        70,117 chars
[02:05:16.696] [INFO ]     │ Word Count:       ~10103 words
[02:05:16.696] [INFO ]     │ Extraction:       trafilatura
[02:05:16.696] [INFO ]     │ Has Article:      ✅ Yes
[02:05:16.696] [INFO ]     └──────────────────────────────────────────────────────────────┘
[02:05:16.722] [INFO ] 
[02:05:16.722] [INFO ] ╔══════════════════════════════════════════════════════════════════════════╗
[02:05:16.722] [INFO ] ║  ✅ SCRAPE SUCCESSFUL - SCRAPE_20260130_020504_5036
[02:05:16.722] [INFO ] ╠══════════════════════════════════════════════════════════════════════════╣
[02:05:16.722] [INFO ] 
[02:05:16.722] [INFO ]     ┌─ TIMING BREAKDOWN ───────────────────────────────────────────┐
[02:05:16.723] [INFO ]     │ Browser Launch:      0.06s
[02:05:16.723] [INFO ]     │ Page Load:           1.99s
[02:05:16.723] [INFO ]     │ Cloudflare Wait:     0.00s
[02:05:16.723] [INFO ]     │ Human Simulation:    8.44s
[02:05:16.723] [INFO ]     │
[02:05:16.723] [INFO ]     │ Content Extraction:  0.27s
[02:05:16.723] [INFO ]     │ ─────────────────────────────────────────────────────────────
[02:05:16.723] [INFO ]     │ TOTAL TIME:          10.75s
[02:05:16.723] [INFO ]     └──────────────────────────────────────────────────────────────┘
[02:05:16.723] [INFO ] 
[02:05:16.724] [INFO ]     ┌─ CONTENT METRICS ────────────────────────────────────────────┐
[02:05:16.724] [INFO ]     │ Title:            Top AML Scenarios in ASEAN
[02:05:16.724] [INFO ]     │ Final URL:        https://www.tookitaki.com/compliance-hub/challenges-combating-money-laundering-egypt-tookitaki
[02:05:16.724] [INFO ]     │ HTML Size:        199,332 bytes
[02:05:16.724] [INFO ]     │ Text Size:        70,117 chars
[02:05:16.724] [INFO ]     │ Word Count:       ~10103 words
[02:05:16.724] [INFO ]     │ Extraction:       trafilatura
[02:05:16.724] [INFO ]     │ Has Article:      ✅ Yes
[02:05:16.724] [INFO ]     └──────────────────────────────────────────────────────────────┘
[02:05:16.724] [INFO ] ╠══════════════════════════════════════════════════════════════════════════╣
[02:05:16.724] [INFO ] ║  📊 SESSION STATS
[02:05:16.724] [INFO ] ║  ├─ Strategies Tried:   domcontentloaded
[02:05:16.724] [INFO ] ║  ├─ Popups Dismissed:   0
[02:05:16.724] [INFO ] ║  ├─ Cloudflare:         Not detected
[02:05:16.724] [INFO ] ║  └─ Proxy Used:         Direct
[02:05:16.724] [INFO ] ╚══════════════════════════════════════════════════════════════════════════╝
[02:05:16.724] [INFO ] 

================================================================================
STATUS: SUCCESS
TOTAL TIME: 12.46s
ENDED: 2026-01-30T02:05:16.724111+02:00 (Egypt Time)
END OF SCRAPE LOG
================================================================================