================================================================================
SCRAPE LOG: https://www.infort.co/defense-cyber-security/
Started: 2026-01-30 01:06:02
Session ID: SCRAPE_20260130_010602_1F01
================================================================================
[01:06:02.929] [INFO ] 📝 Scrape log: /app/data/logs/scrapes/2026-01-30_010602_infort.co.log
[01:06:02.929] [DEBUG] ⏱️ Timeout set to 45s for this scrape
[01:06:03.275] [INFO ] 
[01:06:03.275] [INFO ]     🚀 BROWSER LAUNCHED
[01:06:03.275] [INFO ]     ├─ Mode:       Headless
[01:06:03.275] [INFO ]     ├─ Slow Mo:    60ms
[01:06:03.275] [INFO ]     ├─ Launch Time: 0.06s
[01:06:03.275] [INFO ]     └─ Args:       Anti-automation flags enabled
[01:06:03.292] [DEBUG] Browser profile: viewport={'width': 1440, 'height': 900}, locale=en-GB, tz=UTC
[01:06:03.292] [INFO ] 
[01:06:03.292] [INFO ] ╔══════════════════════════════════════════════════════════════════════════╗
[01:06:03.292] [INFO ] ║  📋 SESSION: SCRAPE_20260130_010602_1F01
[01:06:03.292] [INFO ] ║  🌐 URL: https://www.infort.co/defense-cyber-security/
[01:06:03.292] [INFO ] ║  🔄 ATTEMPT: 1/2
[01:06:03.292] [INFO ] ║  ⏰ STARTED: 2026-01-30T01:06:03.292421+02:00 (Egypt Time)
[01:06:03.292] [INFO ] ╠══════════════════════════════════════════════════════════════════════════╣
[01:06:03.292] [INFO ] 
[01:06:03.292] [INFO ]     ┌─ BROWSER FINGERPRINT ────────────────────────────────────────┐
[01:06:03.292] [INFO ]     │ Browser:     CHROME v122
[01:06:03.292] [INFO ]     │ User-Agent:  Mozilla/5.0 (Macintosh; Intel Mac OS X 10_15_7) AppleWebKit/537.36 (KH...
[01:06:03.292] [INFO ]     │ Viewport:    1440x900
[01:06:03.292] [INFO ]     │ Sec-CH-UA:   (not applicable)...
[01:06:03.292] [INFO ]     ├─ LOCATION PROFILE ───────────────────────────────────────────┤
[01:06:03.292] [INFO ]     │ Location:    London, UK
[01:06:03.292] [INFO ]     │ Timezone:    N/A
[01:06:03.292] [INFO ]     │ Locale:      en-GB
[01:06:03.292] [INFO ]     │ Geo:         0, 0
[01:06:03.292] [INFO ]     ├─ NETWORK ────────────────────────────────────────────────────┤
[01:06:03.292] [INFO ]     │ Proxy:       Direct (no proxy)
[01:06:03.292] [INFO ]     │ Referrer:    https://www.google.com/search?q=www+infort+co
[01:06:03.292] [INFO ]     └──────────────────────────────────────────────────────────────┘
[01:06:03.292] [INFO ] ╚══════════════════════════════════════════════════════════════════════════╝
[01:06:03.292] [INFO ] 🛡️ Injected anti-detection scripts at context level
[01:06:03.292] [DEBUG]    └─ Canvas noise, WebGL spoof, Browser patches
[01:06:03.292] [INFO ] 
[01:06:03.292] [INFO ]     🛡️ ANTI-DETECTION SCRIPTS INJECTED (CONTEXT level)
[01:06:03.292] [INFO ]     ├─ Canvas fingerprint noise
[01:06:03.292] [INFO ]     ├─ WebGL renderer/vendor spoof
[01:06:03.292] [INFO ]     ├─ Hardware concurrency randomization
[01:06:03.292] [INFO ]     ├─ Device memory randomization
[01:06:03.292] [INFO ]     ├─ Plugin masking
[01:06:03.292] [INFO ]     ├─ WebRTC IP leak protection
[01:06:03.292] [INFO ]     ├─ Network connection spoof
[01:06:03.292] [INFO ]     └─ Battery API spoof
[01:06:03.334] [INFO ] 
[01:06:03.334] [INFO ]     🥷 STEALTH MODE APPLIED
[01:06:03.334] [INFO ]     ├─ Navigator patches (webdriver, plugins, languages)
[01:06:03.334] [INFO ]     ├─ Chrome runtime patches
[01:06:03.334] [INFO ]     ├─ Console patches
[01:06:03.334] [INFO ]     └─ Permission patches
[01:06:03.334] [INFO ] 🛡️ Injected anti-detection scripts at page level
[01:06:03.334] [DEBUG]    └─ Canvas noise, WebGL spoof, Browser patches
[01:06:03.334] [INFO ] 
[01:06:03.334] [INFO ]     🛡️ ANTI-DETECTION SCRIPTS INJECTED (PAGE level)
[01:06:03.334] [INFO ]     ├─ Canvas fingerprint noise
[01:06:03.334] [INFO ]     ├─ WebGL renderer/vendor spoof
[01:06:03.334] [INFO ]     ├─ Hardware concurrency randomization
[01:06:03.334] [INFO ]     ├─ Device memory randomization
[01:06:03.334] [INFO ]     ├─ Plugin masking
[01:06:03.334] [INFO ]     ├─ WebRTC IP leak protection
[01:06:03.334] [INFO ]     ├─ Network connection spoof
[01:06:03.334] [INFO ]     └─ Battery API spoof
[01:06:03.334] [DEBUG] Enabled resource blocking (images, media, fonts)
[01:06:03.334] [INFO ] 
[01:06:03.334] [INFO ]     🔗 NAVIGATING TO URL
[01:06:03.334] [INFO ]     ├─ Strategy:   domcontentloaded
[01:06:03.334] [INFO ]     ├─ Timeout:    15.0s
[01:06:03.334] [INFO ]     └─ Sleep:      1s after load
[01:06:08.488] [INFO ] 
[01:06:08.488] [INFO ]     ✅ PAGE LOADED
[01:06:08.488] [INFO ]     ├─ Final URL:  https://www.infort.co/defense-cyber-security/
[01:06:08.488] [INFO ]     ├─ Title:      Defense & Cyber Security | INFORT
[01:06:08.488] [INFO ]     └─ Load Time:  5.15s
[01:06:09.715] [INFO ] 🧑 Human behavior simulation...
[01:06:13.828] [INFO ] 🖱️ Mouse: 2 moves in 1440x900
[01:06:13.828] [INFO ] 🖱️ Mouse completed: 2 moves
[01:06:13.828] [INFO ] 📜 Scroll: page height, viewport=900px
[01:06:13.828] [INFO ] 📜 Scroll completed: 3 scrolls
[01:06:13.828] [INFO ] 🧑 Human behavior completed in 4.1s ✓
[01:06:13.828] [INFO ] 
[01:06:13.828] [INFO ]     🧑 HUMAN BEHAVIOR SIMULATED
[01:06:13.828] [INFO ]     ├─ Mouse Movements: 2
[01:06:13.828] [INFO ]     ├─ Scroll Actions:  3
[01:06:13.828] [INFO ]     └─ Time Spent:      4.11s
[01:06:13.932] [INFO ] 
[01:06:13.932] [INFO ]     ┌─ CONTENT METRICS ────────────────────────────────────────────┐
[01:06:13.932] [INFO ]     │ Title:            Defense & Cyber Security | INFORT
[01:06:13.932] [INFO ]     │ Final URL:        https://www.infort.co/defense-cyber-security/
[01:06:13.932] [INFO ]     │ HTML Size:        122,197 bytes
[01:06:13.932] [INFO ]     │ Text Size:        823 chars
[01:06:13.932] [INFO ]     │ Word Count:       ~112 words
[01:06:13.932] [INFO ]     │ Extraction:       trafilatura
[01:06:13.932] [INFO ]     │ Has Article:      ✅ Yes
[01:06:13.932] [INFO ]     └──────────────────────────────────────────────────────────────┘
[01:06:13.958] [INFO ] 
[01:06:13.958] [INFO ] ╔══════════════════════════════════════════════════════════════════════════╗
[01:06:13.958] [INFO ] ║  ✅ SCRAPE SUCCESSFUL - SCRAPE_20260130_010602_1F01
[01:06:13.958] [INFO ] ╠══════════════════════════════════════════════════════════════════════════╣
[01:06:13.958] [INFO ] 
[01:06:13.958] [INFO ]     ┌─ TIMING BREAKDOWN ───────────────────────────────────────────┐
[01:06:13.958] [INFO ]     │ Browser Launch:      0.06s
[01:06:13.958] [INFO ]     │ Page Load:           5.15s
[01:06:13.958] [INFO ]     │ Cloudflare Wait:     0.00s
[01:06:13.958] [INFO ]     │ Human Simulation:    4.11s
[01:06:13.958] [INFO ]     │
[01:06:13.958] [INFO ]     │ Content Extraction:  0.07s
[01:06:13.958] [INFO ]     │ ─────────────────────────────────────────────────────────────
[01:06:13.958] [INFO ]     │ TOTAL TIME:          9.40s
[01:06:13.958] [INFO ]     └──────────────────────────────────────────────────────────────┘
[01:06:13.958] [INFO ] 
[01:06:13.958] [INFO ]     ┌─ CONTENT METRICS ────────────────────────────────────────────┐
[01:06:13.958] [INFO ]     │ Title:            Defense & Cyber Security | INFORT
[01:06:13.958] [INFO ]     │ Final URL:        https://www.infort.co/defense-cyber-security/
[01:06:13.958] [INFO ]     │ HTML Size:        122,197 bytes
[01:06:13.958] [INFO ]     │ Text Size:        823 chars
[01:06:13.958] [INFO ]     │ Word Count:       ~112 words
[01:06:13.958] [INFO ]     │ Extraction:       trafilatura
[01:06:13.958] [INFO ]     │ Has Article:      ✅ Yes
[01:06:13.958] [INFO ]     └──────────────────────────────────────────────────────────────┘
[01:06:13.958] [INFO ] ╠══════════════════════════════════════════════════════════════════════════╣
[01:06:13.958] [INFO ] ║  📊 SESSION STATS
[01:06:13.958] [INFO ] ║  ├─ Strategies Tried:   domcontentloaded
[01:06:13.958] [INFO ] ║  ├─ Popups Dismissed:   0
[01:06:13.958] [INFO ] ║  ├─ Cloudflare:         Not detected
[01:06:13.958] [INFO ] ║  └─ Proxy Used:         Direct
[01:06:13.958] [INFO ] ╚══════════════════════════════════════════════════════════════════════════╝
[01:06:13.958] [INFO ] 

================================================================================
STATUS: SUCCESS
TOTAL TIME: 11.03s
ENDED: 2026-01-30T01:06:13.958975+02:00 (Egypt Time)
END OF SCRAPE LOG
================================================================================