================================================================================
SCRAPE LOG: https://www.fortinet.com/resources/articles/hipaa-compliance-and-privacy-for-employers
Started: 2026-01-29 18:05:52
Session ID: SCRAPE_20260129_180552_73CD
================================================================================
[18:05:52.665] [INFO ] 📝 Scrape log: /app/data/logs/scrapes/2026-01-29_180552_fortinet.com.log
[18:05:52.665] [DEBUG] ⏱️ Timeout set to 45s for this scrape
[18:05:53.007] [INFO ] 
[18:05:53.007] [INFO ]     🚀 BROWSER LAUNCHED
[18:05:53.007] [INFO ]     ├─ Mode:       Headless
[18:05:53.007] [INFO ]     ├─ Slow Mo:    44ms
[18:05:53.007] [INFO ]     ├─ Launch Time: 0.06s
[18:05:53.007] [INFO ]     └─ Args:       Anti-automation flags enabled
[18:05:53.023] [DEBUG] Browser profile: viewport={'width': 1280, 'height': 720}, locale=en-US, tz=UTC
[18:05:53.023] [INFO ] 
[18:05:53.023] [INFO ] ╔══════════════════════════════════════════════════════════════════════════╗
[18:05:53.023] [INFO ] ║  📋 SESSION: SCRAPE_20260129_180552_73CD
[18:05:53.023] [INFO ] ║  🌐 URL: https://www.fortinet.com/resources/articles/hipaa-compliance-and-privacy-for-employers
[18:05:53.023] [INFO ] ║  🔄 ATTEMPT: 1/2
[18:05:53.023] [INFO ] ║  ⏰ STARTED: 2026-01-29T18:05:53.023136+02:00 (Egypt Time)
[18:05:53.023] [INFO ] ╠══════════════════════════════════════════════════════════════════════════╣
[18:05:53.023] [INFO ] 
[18:05:53.023] [INFO ]     ┌─ BROWSER FINGERPRINT ────────────────────────────────────────┐
[18:05:53.023] [INFO ]     │ Browser:     CHROME v121
[18:05:53.023] [INFO ]     │ User-Agent:  Mozilla/5.0 (Windows NT 11.0; Win64; x64) AppleWebKit/537.36 (KHTML, l...
[18:05:53.023] [INFO ]     │ Viewport:    1280x720
[18:05:53.023] [INFO ]     │ Sec-CH-UA:   (not applicable)...
[18:05:53.023] [INFO ]     ├─ LOCATION PROFILE ───────────────────────────────────────────┤
[18:05:53.023] [INFO ]     │ Location:    Denver, USA
[18:05:53.023] [INFO ]     │ Timezone:    N/A
[18:05:53.023] [INFO ]     │ Locale:      en-US
[18:05:53.023] [INFO ]     │ Geo:         0, 0
[18:05:53.023] [INFO ]     ├─ NETWORK ────────────────────────────────────────────────────┤
[18:05:53.023] [INFO ]     │ Proxy:       Direct (no proxy)
[18:05:53.023] [INFO ]     │ Referrer:    https://www.facebook.com/
[18:05:53.023] [INFO ]     └──────────────────────────────────────────────────────────────┘
[18:05:53.023] [INFO ] ╚══════════════════════════════════════════════════════════════════════════╝
[18:05:53.023] [INFO ] 🛡️ Injected anti-detection scripts at context level
[18:05:53.023] [DEBUG]    └─ Canvas noise, WebGL spoof, Browser patches
[18:05:53.023] [INFO ] 
[18:05:53.023] [INFO ]     🛡️ ANTI-DETECTION SCRIPTS INJECTED (CONTEXT level)
[18:05:53.023] [INFO ]     ├─ Canvas fingerprint noise
[18:05:53.023] [INFO ]     ├─ WebGL renderer/vendor spoof
[18:05:53.023] [INFO ]     ├─ Hardware concurrency randomization
[18:05:53.023] [INFO ]     ├─ Device memory randomization
[18:05:53.023] [INFO ]     ├─ Plugin masking
[18:05:53.023] [INFO ]     ├─ WebRTC IP leak protection
[18:05:53.023] [INFO ]     ├─ Network connection spoof
[18:05:53.023] [INFO ]     └─ Battery API spoof
[18:05:53.063] [INFO ] 
[18:05:53.063] [INFO ]     🥷 STEALTH MODE APPLIED
[18:05:53.063] [INFO ]     ├─ Navigator patches (webdriver, plugins, languages)
[18:05:53.063] [INFO ]     ├─ Chrome runtime patches
[18:05:53.063] [INFO ]     ├─ Console patches
[18:05:53.063] [INFO ]     └─ Permission patches
[18:05:53.063] [INFO ] 🛡️ Injected anti-detection scripts at page level
[18:05:53.063] [DEBUG]    └─ Canvas noise, WebGL spoof, Browser patches
[18:05:53.063] [INFO ] 
[18:05:53.063] [INFO ]     🛡️ ANTI-DETECTION SCRIPTS INJECTED (PAGE level)
[18:05:53.063] [INFO ]     ├─ Canvas fingerprint noise
[18:05:53.063] [INFO ]     ├─ WebGL renderer/vendor spoof
[18:05:53.063] [INFO ]     ├─ Hardware concurrency randomization
[18:05:53.063] [INFO ]     ├─ Device memory randomization
[18:05:53.063] [INFO ]     ├─ Plugin masking
[18:05:53.063] [INFO ]     ├─ WebRTC IP leak protection
[18:05:53.063] [INFO ]     ├─ Network connection spoof
[18:05:53.063] [INFO ]     └─ Battery API spoof
[18:05:53.063] [DEBUG] Enabled resource blocking (images, media, fonts)
[18:05:53.063] [INFO ] 
[18:05:53.063] [INFO ]     🔗 NAVIGATING TO URL
[18:05:53.063] [INFO ]     ├─ Strategy:   domcontentloaded
[18:05:53.063] [INFO ]     ├─ Timeout:    15.0s
[18:05:53.063] [INFO ]     └─ Sleep:      1s after load
[18:05:54.999] [INFO ] 
[18:05:54.999] [INFO ]     ✅ PAGE LOADED
[18:05:54.999] [INFO ]     ├─ Final URL:  https://www.fortinet.com/resources/articles/hipaa-compliance-and-privacy-for-employers
[18:05:54.999] [INFO ]     ├─ Title:      HIPAA Compliance and Privacy | Fortinet
[18:05:54.999] [INFO ]     └─ Load Time:  1.94s
[18:05:56.962] [INFO ] 🧑 Human behavior simulation...
[18:06:00.868] [INFO ] 🖱️ Mouse: 3 moves in 1280x720
[18:06:00.868] [INFO ] 🖱️ Mouse completed: 3 moves
[18:06:00.868] [INFO ] 📜 Scroll: page height, viewport=720px
[18:06:00.868] [INFO ] 📜 Scroll completed: 1 scrolls
[18:06:00.868] [INFO ] 🧑 Human behavior completed in 3.9s ✓
[18:06:00.868] [INFO ] 
[18:06:00.868] [INFO ]     🧑 HUMAN BEHAVIOR SIMULATED
[18:06:00.868] [INFO ]     ├─ Mouse Movements: 3
[18:06:00.868] [INFO ]     ├─ Scroll Actions:  1
[18:06:00.868] [INFO ]     └─ Time Spent:      3.91s
[18:06:01.844] [INFO ] 
[18:06:01.844] [INFO ]     ┌─ CONTENT METRICS ────────────────────────────────────────────┐
[18:06:01.844] [INFO ]     │ Title:            HIPAA Compliance and Privacy | Fortinet
[18:06:01.844] [INFO ]     │ Final URL:        https://www.fortinet.com/resources/articles/hipaa-compliance-and-privacy-for-employers
[18:06:01.844] [INFO ]     │ HTML Size:        419,721 bytes
[18:06:01.844] [INFO ]     │ Text Size:        6,657 chars
[18:06:01.844] [INFO ]     │ Word Count:       ~980 words
[18:06:01.844] [INFO ]     │ Extraction:       trafilatura
[18:06:01.844] [INFO ]     │ Has Article:      ✅ Yes
[18:06:01.844] [INFO ]     └──────────────────────────────────────────────────────────────┘
[18:06:01.876] [INFO ] 
[18:06:01.876] [INFO ] ╔══════════════════════════════════════════════════════════════════════════╗
[18:06:01.876] [INFO ] ║  ✅ SCRAPE SUCCESSFUL - SCRAPE_20260129_180552_73CD
[18:06:01.876] [INFO ] ╠══════════════════════════════════════════════════════════════════════════╣
[18:06:01.876] [INFO ] 
[18:06:01.876] [INFO ]     ┌─ TIMING BREAKDOWN ───────────────────────────────────────────┐
[18:06:01.876] [INFO ]     │ Browser Launch:      0.06s
[18:06:01.876] [INFO ]     │ Page Load:           1.94s
[18:06:01.876] [INFO ]     │ Cloudflare Wait:     0.00s
[18:06:01.876] [INFO ]     │ Human Simulation:    3.91s
[18:06:01.876] [INFO ]     │
[18:06:01.876] [INFO ]     │ Content Extraction:  0.76s
[18:06:01.876] [INFO ]     │ ─────────────────────────────────────────────────────────────
[18:06:01.876] [INFO ]     │ TOTAL TIME:          6.66s
[18:06:01.876] [INFO ]     └──────────────────────────────────────────────────────────────┘
[18:06:01.876] [INFO ] 
[18:06:01.876] [INFO ]     ┌─ CONTENT METRICS ────────────────────────────────────────────┐
[18:06:01.876] [INFO ]     │ Title:            HIPAA Compliance and Privacy | Fortinet
[18:06:01.876] [INFO ]     │ Final URL:        https://www.fortinet.com/resources/articles/hipaa-compliance-and-privacy-for-employers
[18:06:01.876] [INFO ]     │ HTML Size:        419,721 bytes
[18:06:01.876] [INFO ]     │ Text Size:        6,657 chars
[18:06:01.876] [INFO ]     │ Word Count:       ~980 words
[18:06:01.876] [INFO ]     │ Extraction:       trafilatura
[18:06:01.876] [INFO ]     │ Has Article:      ✅ Yes
[18:06:01.876] [INFO ]     └──────────────────────────────────────────────────────────────┘
[18:06:01.876] [INFO ] ╠══════════════════════════════════════════════════════════════════════════╣
[18:06:01.876] [INFO ] ║  📊 SESSION STATS
[18:06:01.876] [INFO ] ║  ├─ Strategies Tried:   domcontentloaded
[18:06:01.876] [INFO ] ║  ├─ Popups Dismissed:   0
[18:06:01.876] [INFO ] ║  ├─ Cloudflare:         Not detected
[18:06:01.876] [INFO ] ║  └─ Proxy Used:         Direct
[18:06:01.876] [INFO ] ╚══════════════════════════════════════════════════════════════════════════╝
[18:06:01.876] [INFO ] 

================================================================================
STATUS: SUCCESS
TOTAL TIME: 9.21s
ENDED: 2026-01-29T18:06:01.876666+02:00 (Egypt Time)
END OF SCRAPE LOG
================================================================================