================================================================================
SCRAPE LOG: https://www.tripwire.com/resources/datasheets/egypt-financial-cybersecurity-framework
Started: 2026-01-29 23:36:00
Session ID: SCRAPE_20260129_233600_8002
================================================================================
[23:36:00.993] [INFO ] 📝 Scrape log: /app/data/logs/scrapes/2026-01-29_233600_tripwire.com.log
[23:36:00.993] [DEBUG] ⏱️ Timeout set to 45s for this scrape
[23:36:01.339] [INFO ] 
[23:36:01.339] [INFO ]     🚀 BROWSER LAUNCHED
[23:36:01.339] [INFO ]     ├─ Mode:       Headless
[23:36:01.339] [INFO ]     ├─ Slow Mo:    48ms
[23:36:01.339] [INFO ]     ├─ Launch Time: 0.06s
[23:36:01.339] [INFO ]     └─ Args:       Anti-automation flags enabled
[23:36:01.357] [DEBUG] Browser profile: viewport={'width': 2560, 'height': 1440}, locale=en-GB, tz=UTC
[23:36:01.357] [INFO ] 
[23:36:01.357] [INFO ] ╔══════════════════════════════════════════════════════════════════════════╗
[23:36:01.357] [INFO ] ║  📋 SESSION: SCRAPE_20260129_233600_8002
[23:36:01.357] [INFO ] ║  🌐 URL: https://www.tripwire.com/resources/datasheets/egypt-financial-cybersecurity-framework
[23:36:01.357] [INFO ] ║  🔄 ATTEMPT: 1/2
[23:36:01.357] [INFO ] ║  ⏰ STARTED: 2026-01-29T23:36:01.357990+02:00 (Egypt Time)
[23:36:01.358] [INFO ] ╠══════════════════════════════════════════════════════════════════════════╣
[23:36:01.358] [INFO ] 
[23:36:01.358] [INFO ]     ┌─ BROWSER FINGERPRINT ────────────────────────────────────────┐
[23:36:01.358] [INFO ]     │ Browser:     FIREFOX v122
[23:36:01.358] [INFO ]     │ User-Agent:  Mozilla/5.0 (Windows NT 10.0; Win64; x64; rv:122.0) Gecko/20100101 Fir...
[23:36:01.358] [INFO ]     │ Viewport:    2560x1440
[23:36:01.358] [INFO ]     │ Sec-CH-UA:   (not applicable)...
[23:36:01.358] [INFO ]     ├─ LOCATION PROFILE ───────────────────────────────────────────┤
[23:36:01.358] [INFO ]     │ Location:    London, UK
[23:36:01.358] [INFO ]     │ Timezone:    N/A
[23:36:01.358] [INFO ]     │ Locale:      en-GB
[23:36:01.358] [INFO ]     │ Geo:         0, 0
[23:36:01.358] [INFO ]     ├─ NETWORK ────────────────────────────────────────────────────┤
[23:36:01.358] [INFO ]     │ Proxy:       Direct (no proxy)
[23:36:01.358] [INFO ]     │ Referrer:    https://news.google.com/
[23:36:01.358] [INFO ]     └──────────────────────────────────────────────────────────────┘
[23:36:01.358] [INFO ] ╚══════════════════════════════════════════════════════════════════════════╝
[23:36:01.358] [INFO ] 🛡️ Injected anti-detection scripts at context level
[23:36:01.358] [DEBUG]    └─ Canvas noise, WebGL spoof, Browser patches
[23:36:01.358] [INFO ] 
[23:36:01.358] [INFO ]     🛡️ ANTI-DETECTION SCRIPTS INJECTED (CONTEXT level)
[23:36:01.358] [INFO ]     ├─ Canvas fingerprint noise
[23:36:01.358] [INFO ]     ├─ WebGL renderer/vendor spoof
[23:36:01.358] [INFO ]     ├─ Hardware concurrency randomization
[23:36:01.358] [INFO ]     ├─ Device memory randomization
[23:36:01.358] [INFO ]     ├─ Plugin masking
[23:36:01.358] [INFO ]     ├─ WebRTC IP leak protection
[23:36:01.358] [INFO ]     ├─ Network connection spoof
[23:36:01.358] [INFO ]     └─ Battery API spoof
[23:36:01.401] [INFO ] 
[23:36:01.401] [INFO ]     🥷 STEALTH MODE APPLIED
[23:36:01.401] [INFO ]     ├─ Navigator patches (webdriver, plugins, languages)
[23:36:01.401] [INFO ]     ├─ Chrome runtime patches
[23:36:01.401] [INFO ]     ├─ Console patches
[23:36:01.401] [INFO ]     └─ Permission patches
[23:36:01.401] [INFO ] 🛡️ Injected anti-detection scripts at page level
[23:36:01.401] [DEBUG]    └─ Canvas noise, WebGL spoof, Browser patches
[23:36:01.401] [INFO ] 
[23:36:01.401] [INFO ]     🛡️ ANTI-DETECTION SCRIPTS INJECTED (PAGE level)
[23:36:01.401] [INFO ]     ├─ Canvas fingerprint noise
[23:36:01.401] [INFO ]     ├─ WebGL renderer/vendor spoof
[23:36:01.401] [INFO ]     ├─ Hardware concurrency randomization
[23:36:01.401] [INFO ]     ├─ Device memory randomization
[23:36:01.401] [INFO ]     ├─ Plugin masking
[23:36:01.401] [INFO ]     ├─ WebRTC IP leak protection
[23:36:01.401] [INFO ]     ├─ Network connection spoof
[23:36:01.401] [INFO ]     └─ Battery API spoof
[23:36:01.401] [DEBUG] Enabled resource blocking (images, media, fonts)
[23:36:01.401] [INFO ] 
[23:36:01.401] [INFO ]     🔗 NAVIGATING TO URL
[23:36:01.401] [INFO ]     ├─ Strategy:   domcontentloaded
[23:36:01.401] [INFO ]     ├─ Timeout:    15.0s
[23:36:01.401] [INFO ]     └─ Sleep:      1s after load
[23:36:03.637] [INFO ] 
[23:36:03.638] [INFO ]     ✅ PAGE LOADED
[23:36:03.638] [INFO ]     ├─ Final URL:  https://www.tripwire.com/resources/datasheets/egypt-financial-cybersecurity-framework
[23:36:03.638] [INFO ]     ├─ Title:      Egypt Financial Cybersecurity Framework | Tripwire Datasheet
[23:36:03.638] [INFO ]     └─ Load Time:  2.24s
[23:36:04.983] [INFO ] 🧑 Human behavior simulation...
[23:36:09.742] [INFO ] 🖱️ Mouse: 2 moves in 2560x1440
[23:36:09.742] [INFO ] 🖱️ Mouse completed: 2 moves
[23:36:09.742] [INFO ] 📜 Scroll: page height, viewport=1440px
[23:36:09.742] [INFO ] 📜 Scroll completed: 2 scrolls
[23:36:09.742] [INFO ] 🧑 Human behavior completed in 4.8s ✓
[23:36:09.742] [INFO ] 
[23:36:09.742] [INFO ]     🧑 HUMAN BEHAVIOR SIMULATED
[23:36:09.742] [INFO ]     ├─ Mouse Movements: 2
[23:36:09.742] [INFO ]     ├─ Scroll Actions:  2
[23:36:09.742] [INFO ]     └─ Time Spent:      4.76s
[23:36:10.393] [INFO ] 
[23:36:10.393] [INFO ]     ┌─ CONTENT METRICS ────────────────────────────────────────────┐
[23:36:10.393] [INFO ]     │ Title:            The Egypt Financial Cybersecurity Framework
[23:36:10.393] [INFO ]     │ Final URL:        https://www.tripwire.com/resources/datasheets/egypt-financial-cybersecurity-framework
[23:36:10.393] [INFO ]     │ HTML Size:        602,954 bytes
[23:36:10.393] [INFO ]     │ Text Size:        5,791 chars
[23:36:10.393] [INFO ]     │ Word Count:       ~796 words
[23:36:10.393] [INFO ]     │ Extraction:       trafilatura
[23:36:10.393] [INFO ]     │ Has Article:      ✅ Yes
[23:36:10.393] [INFO ]     └──────────────────────────────────────────────────────────────┘
[23:36:10.437] [INFO ] 
[23:36:10.437] [INFO ] ╔══════════════════════════════════════════════════════════════════════════╗
[23:36:10.437] [INFO ] ║  ✅ SCRAPE SUCCESSFUL - SCRAPE_20260129_233600_8002
[23:36:10.437] [INFO ] ╠══════════════════════════════════════════════════════════════════════════╣
[23:36:10.437] [INFO ] 
[23:36:10.437] [INFO ]     ┌─ TIMING BREAKDOWN ───────────────────────────────────────────┐
[23:36:10.437] [INFO ]     │ Browser Launch:      0.06s
[23:36:10.437] [INFO ]     │ Page Load:           2.24s
[23:36:10.437] [INFO ]     │ Cloudflare Wait:     0.00s
[23:36:10.437] [INFO ]     │ Human Simulation:    4.76s
[23:36:10.437] [INFO ]     │
[23:36:10.437] [INFO ]     │ Content Extraction:  0.39s
[23:36:10.437] [INFO ]     │ ─────────────────────────────────────────────────────────────
[23:36:10.437] [INFO ]     │ TOTAL TIME:          7.44s
[23:36:10.437] [INFO ]     └──────────────────────────────────────────────────────────────┘
[23:36:10.437] [INFO ] 
[23:36:10.437] [INFO ]     ┌─ CONTENT METRICS ────────────────────────────────────────────┐
[23:36:10.438] [INFO ]     │ Title:            The Egypt Financial Cybersecurity Framework
[23:36:10.438] [INFO ]     │ Final URL:        https://www.tripwire.com/resources/datasheets/egypt-financial-cybersecurity-framework
[23:36:10.438] [INFO ]     │ HTML Size:        602,954 bytes
[23:36:10.438] [INFO ]     │ Text Size:        5,791 chars
[23:36:10.438] [INFO ]     │ Word Count:       ~796 words
[23:36:10.438] [INFO ]     │ Extraction:       trafilatura
[23:36:10.438] [INFO ]     │ Has Article:      ✅ Yes
[23:36:10.438] [INFO ]     └──────────────────────────────────────────────────────────────┘
[23:36:10.438] [INFO ] ╠══════════════════════════════════════════════════════════════════════════╣
[23:36:10.438] [INFO ] ║  📊 SESSION STATS
[23:36:10.438] [INFO ] ║  ├─ Strategies Tried:   domcontentloaded
[23:36:10.438] [INFO ] ║  ├─ Popups Dismissed:   0
[23:36:10.438] [INFO ] ║  ├─ Cloudflare:         Not detected
[23:36:10.438] [INFO ] ║  └─ Proxy Used:         Direct
[23:36:10.438] [INFO ] ╚══════════════════════════════════════════════════════════════════════════╝
[23:36:10.438] [INFO ] 

================================================================================
STATUS: SUCCESS
TOTAL TIME: 9.44s
ENDED: 2026-01-29T23:36:10.438112+02:00 (Egypt Time)
END OF SCRAPE LOG
================================================================================