================================================================================
SCRAPE LOG: https://www.linkedin.com/posts/mohamed-el-mofty_ictmisr-hybridcloud-digitalinfrastructure-activity-7415046761825681409-_K4Q
Started: 2026-01-29 21:03:57
Session ID: SCRAPE_20260129_210357_73CD
================================================================================
[21:03:57.558] [INFO ] 📝 Scrape log: /app/data/logs/scrapes/2026-01-29_210357_linkedin.com.log
[21:03:57.558] [DEBUG] ⏱️ Timeout set to 45s for this scrape
[21:03:57.903] [INFO ] 
[21:03:57.903] [INFO ]     🚀 BROWSER LAUNCHED
[21:03:57.903] [INFO ]     ├─ Mode:       Headless
[21:03:57.903] [INFO ]     ├─ Slow Mo:    55ms
[21:03:57.903] [INFO ]     ├─ Launch Time: 0.06s
[21:03:57.903] [INFO ]     └─ Args:       Anti-automation flags enabled
[21:03:57.921] [DEBUG] Browser profile: viewport={'width': 2560, 'height': 1440}, locale=en-GB, tz=UTC
[21:03:57.921] [INFO ] 
[21:03:57.921] [INFO ] ╔══════════════════════════════════════════════════════════════════════════╗
[21:03:57.921] [INFO ] ║  📋 SESSION: SCRAPE_20260129_210357_73CD
[21:03:57.921] [INFO ] ║  🌐 URL: https://www.linkedin.com/posts/mohamed-el-mofty_ictmisr-hybridcloud-digitalinfrastructure-activity-7415046761825681409-_K4Q
[21:03:57.921] [INFO ] ║  🔄 ATTEMPT: 1/2
[21:03:57.921] [INFO ] ║  ⏰ STARTED: 2026-01-29T21:03:57.921205+02:00 (Egypt Time)
[21:03:57.921] [INFO ] ╠══════════════════════════════════════════════════════════════════════════╣
[21:03:57.921] [INFO ] 
[21:03:57.921] [INFO ]     ┌─ BROWSER FINGERPRINT ────────────────────────────────────────┐
[21:03:57.921] [INFO ]     │ Browser:     EDGE v120
[21:03:57.921] [INFO ]     │ User-Agent:  Mozilla/5.0 (Windows NT 10.0; Win64; x64) AppleWebKit/537.36 (KHTML, l...
[21:03:57.921] [INFO ]     │ Viewport:    2560x1440
[21:03:57.921] [INFO ]     │ Sec-CH-UA:   (not applicable)...
[21:03:57.921] [INFO ]     ├─ LOCATION PROFILE ───────────────────────────────────────────┤
[21:03:57.921] [INFO ]     │ Location:    London, UK
[21:03:57.921] [INFO ]     │ Timezone:    N/A
[21:03:57.921] [INFO ]     │ Locale:      en-GB
[21:03:57.921] [INFO ]     │ Geo:         0, 0
[21:03:57.921] [INFO ]     ├─ NETWORK ────────────────────────────────────────────────────┤
[21:03:57.921] [INFO ]     │ Proxy:       Direct (no proxy)
[21:03:57.921] [INFO ]     │ Referrer:    https://www.google.com/search?q=www+linkedin+com
[21:03:57.921] [INFO ]     └──────────────────────────────────────────────────────────────┘
[21:03:57.921] [INFO ] ╚══════════════════════════════════════════════════════════════════════════╝
[21:03:57.921] [INFO ] 🛡️ Injected anti-detection scripts at context level
[21:03:57.921] [DEBUG]    └─ Canvas noise, WebGL spoof, Browser patches
[21:03:57.921] [INFO ] 
[21:03:57.921] [INFO ]     🛡️ ANTI-DETECTION SCRIPTS INJECTED (CONTEXT level)
[21:03:57.921] [INFO ]     ├─ Canvas fingerprint noise
[21:03:57.921] [INFO ]     ├─ WebGL renderer/vendor spoof
[21:03:57.921] [INFO ]     ├─ Hardware concurrency randomization
[21:03:57.921] [INFO ]     ├─ Device memory randomization
[21:03:57.921] [INFO ]     ├─ Plugin masking
[21:03:57.921] [INFO ]     ├─ WebRTC IP leak protection
[21:03:57.921] [INFO ]     ├─ Network connection spoof
[21:03:57.921] [INFO ]     └─ Battery API spoof
[21:03:57.963] [INFO ] 
[21:03:57.963] [INFO ]     🥷 STEALTH MODE APPLIED
[21:03:57.963] [INFO ]     ├─ Navigator patches (webdriver, plugins, languages)
[21:03:57.963] [INFO ]     ├─ Chrome runtime patches
[21:03:57.963] [INFO ]     ├─ Console patches
[21:03:57.963] [INFO ]     └─ Permission patches
[21:03:57.963] [INFO ] 🛡️ Injected anti-detection scripts at page level
[21:03:57.963] [DEBUG]    └─ Canvas noise, WebGL spoof, Browser patches
[21:03:57.963] [INFO ] 
[21:03:57.963] [INFO ]     🛡️ ANTI-DETECTION SCRIPTS INJECTED (PAGE level)
[21:03:57.963] [INFO ]     ├─ Canvas fingerprint noise
[21:03:57.963] [INFO ]     ├─ WebGL renderer/vendor spoof
[21:03:57.963] [INFO ]     ├─ Hardware concurrency randomization
[21:03:57.963] [INFO ]     ├─ Device memory randomization
[21:03:57.963] [INFO ]     ├─ Plugin masking
[21:03:57.963] [INFO ]     ├─ WebRTC IP leak protection
[21:03:57.963] [INFO ]     ├─ Network connection spoof
[21:03:57.963] [INFO ]     └─ Battery API spoof
[21:03:57.963] [DEBUG] Enabled resource blocking (images, media, fonts)
[21:03:57.963] [INFO ] 
[21:03:57.963] [INFO ]     🔗 NAVIGATING TO URL
[21:03:57.963] [INFO ]     ├─ Strategy:   domcontentloaded
[21:03:57.963] [INFO ]     ├─ Timeout:    15.0s
[21:03:57.963] [INFO ]     └─ Sleep:      1s after load
[21:03:59.321] [INFO ] 
[21:03:59.322] [INFO ]     ✅ PAGE LOADED
[21:03:59.322] [INFO ]     ├─ Final URL:  https://www.linkedin.com/posts/mohamed-el-mofty_ictmisr-hybridcloud-digitalinfrastructure-activity-7415046761825681409-_K4Q
[21:03:59.322] [INFO ]     ├─ Title:      Hybrid Cloud Dominates Egypt's Digital Landscape in 2025 | Mohamed El Mofty posted on the topic | LinkedIn
[21:03:59.322] [INFO ]     └─ Load Time:  1.36s
[21:04:00.606] [INFO ] 🧑 Human behavior simulation...
[21:04:05.118] [INFO ] 🖱️ Mouse: 2 moves in 2560x1440
[21:04:05.118] [INFO ] 🖱️ Mouse completed: 2 moves
[21:04:05.118] [INFO ] 📜 Scroll: page height, viewport=1440px
[21:04:05.118] [INFO ] 📜 Scroll completed: 3 scrolls
[21:04:05.118] [INFO ] 🧑 Human behavior completed in 4.5s ✓
[21:04:05.118] [INFO ] 
[21:04:05.118] [INFO ]     🧑 HUMAN BEHAVIOR SIMULATED
[21:04:05.118] [INFO ]     ├─ Mouse Movements: 2
[21:04:05.118] [INFO ]     ├─ Scroll Actions:  3
[21:04:05.118] [INFO ]     └─ Time Spent:      4.51s
[21:04:05.295] [INFO ] 
[21:04:05.295] [INFO ]     ┌─ CONTENT METRICS ────────────────────────────────────────────┐
[21:04:05.295] [INFO ]     │ Title:            Hybrid Cloud Dominates Egypt's Digital Landscape i
[21:04:05.295] [INFO ]     │ Final URL:        https://www.linkedin.com/posts/mohamed-el-mofty_ictmisr-hybridcloud-digitalinfrastructure-activity-7415046761825681409-_K4Q
[21:04:05.295] [INFO ]     │ HTML Size:        265,709 bytes
[21:04:05.295] [INFO ]     │ Text Size:        10,975 chars
[21:04:05.295] [INFO ]     │ Word Count:       ~1600 words
[21:04:05.295] [INFO ]     │ Extraction:       trafilatura
[21:04:05.295] [INFO ]     │ Has Article:      ✅ Yes
[21:04:05.295] [INFO ]     └──────────────────────────────────────────────────────────────┘
[21:04:05.325] [INFO ] 
[21:04:05.325] [INFO ] ╔══════════════════════════════════════════════════════════════════════════╗
[21:04:05.325] [INFO ] ║  ✅ SCRAPE SUCCESSFUL - SCRAPE_20260129_210357_73CD
[21:04:05.325] [INFO ] ╠══════════════════════════════════════════════════════════════════════════╣
[21:04:05.325] [INFO ] 
[21:04:05.325] [INFO ]     ┌─ TIMING BREAKDOWN ───────────────────────────────────────────┐
[21:04:05.325] [INFO ]     │ Browser Launch:      0.06s
[21:04:05.325] [INFO ]     │ Page Load:           1.36s
[21:04:05.325] [INFO ]     │ Cloudflare Wait:     0.00s
[21:04:05.325] [INFO ]     │ Human Simulation:    4.51s
[21:04:05.325] [INFO ]     │
[21:04:05.325] [INFO ]     │ Content Extraction:  0.11s
[21:04:05.325] [INFO ]     │ ─────────────────────────────────────────────────────────────
[21:04:05.325] [INFO ]     │ TOTAL TIME:          6.04s
[21:04:05.325] [INFO ]     └──────────────────────────────────────────────────────────────┘
[21:04:05.325] [INFO ] 
[21:04:05.326] [INFO ]     ┌─ CONTENT METRICS ────────────────────────────────────────────┐
[21:04:05.326] [INFO ]     │ Title:            Hybrid Cloud Dominates Egypt's Digital Landscape i
[21:04:05.326] [INFO ]     │ Final URL:        https://www.linkedin.com/posts/mohamed-el-mofty_ictmisr-hybridcloud-digitalinfrastructure-activity-7415046761825681409-_K4Q
[21:04:05.326] [INFO ]     │ HTML Size:        265,709 bytes
[21:04:05.326] [INFO ]     │ Text Size:        10,975 chars
[21:04:05.326] [INFO ]     │ Word Count:       ~1600 words
[21:04:05.326] [INFO ]     │ Extraction:       trafilatura
[21:04:05.326] [INFO ]     │ Has Article:      ✅ Yes
[21:04:05.326] [INFO ]     └──────────────────────────────────────────────────────────────┘
[21:04:05.326] [INFO ] ╠══════════════════════════════════════════════════════════════════════════╣
[21:04:05.326] [INFO ] ║  📊 SESSION STATS
[21:04:05.326] [INFO ] ║  ├─ Strategies Tried:   domcontentloaded
[21:04:05.326] [INFO ] ║  ├─ Popups Dismissed:   0
[21:04:05.326] [INFO ] ║  ├─ Cloudflare:         Not detected
[21:04:05.326] [INFO ] ║  └─ Proxy Used:         Direct
[21:04:05.326] [INFO ] ╚══════════════════════════════════════════════════════════════════════════╝
[21:04:05.326] [INFO ] 

================================================================================
STATUS: SUCCESS
TOTAL TIME: 7.77s
ENDED: 2026-01-29T21:04:05.326231+02:00 (Egypt Time)
END OF SCRAPE LOG
================================================================================