================================================================================
SCRAPE LOG: https://www.sama.gov.sa/Pages/default.aspx
Started: 2026-02-01 12:17:48
Session ID: SCRAPE_20260201_121748_9E2C
================================================================================
[12:17:48.447] [INFO ] 📝 Scrape log: /app/data/logs/scrapes/2026-02-01_121748_sama.gov.sa.log
[12:17:48.447] [DEBUG] ⏱️ Timeout set to 45s for this scrape
[12:17:48.788] [INFO ] 
[12:17:48.788] [INFO ]     🚀 BROWSER LAUNCHED
[12:17:48.789] [INFO ]     ├─ Mode:       Headless
[12:17:48.789] [INFO ]     ├─ Slow Mo:    52ms
[12:17:48.789] [INFO ]     ├─ Launch Time: 0.06s
[12:17:48.789] [INFO ]     └─ Args:       Anti-automation flags enabled
[12:17:48.806] [DEBUG] Browser profile: viewport={'width': 2560, 'height': 1440}, locale=en-US, tz=UTC
[12:17:48.806] [INFO ] 
[12:17:48.806] [INFO ] ╔══════════════════════════════════════════════════════════════════════════╗
[12:17:48.806] [INFO ] ║  📋 SESSION: SCRAPE_20260201_121748_9E2C
[12:17:48.806] [INFO ] ║  🌐 URL: https://www.sama.gov.sa/Pages/default.aspx
[12:17:48.806] [INFO ] ║  🔄 ATTEMPT: 1/2
[12:17:48.806] [INFO ] ║  ⏰ STARTED: 2026-02-01T12:17:48.806915+02:00 (Egypt Time)
[12:17:48.806] [INFO ] ╠══════════════════════════════════════════════════════════════════════════╣
[12:17:48.806] [INFO ] 
[12:17:48.806] [INFO ]     ┌─ BROWSER FINGERPRINT ────────────────────────────────────────┐
[12:17:48.806] [INFO ]     │ Browser:     OPERA v106
[12:17:48.806] [INFO ]     │ User-Agent:  Mozilla/5.0 (Windows NT 10.0; Win64; x64) AppleWebKit/537.36 (KHTML, l...
[12:17:48.806] [INFO ]     │ Viewport:    2560x1440
[12:17:48.806] [INFO ]     │ Sec-CH-UA:   (not applicable)...
[12:17:48.806] [INFO ]     ├─ LOCATION PROFILE ───────────────────────────────────────────┤
[12:17:48.806] [INFO ]     │ Location:    Chicago, USA
[12:17:48.806] [INFO ]     │ Timezone:    N/A
[12:17:48.806] [INFO ]     │ Locale:      en-US
[12:17:48.806] [INFO ]     │ Geo:         0, 0
[12:17:48.806] [INFO ]     ├─ NETWORK ────────────────────────────────────────────────────┤
[12:17:48.807] [INFO ]     │ Proxy:       Direct (no proxy)
[12:17:48.807] [INFO ]     │ Referrer:    https://www.google.com/
[12:17:48.807] [INFO ]     └──────────────────────────────────────────────────────────────┘
[12:17:48.807] [INFO ] ╚══════════════════════════════════════════════════════════════════════════╝
[12:17:48.807] [INFO ] 🛡️ Injected anti-detection scripts at context level
[12:17:48.807] [DEBUG]    └─ Canvas noise, WebGL spoof, Browser patches
[12:17:48.807] [INFO ] 
[12:17:48.807] [INFO ]     🛡️ ANTI-DETECTION SCRIPTS INJECTED (CONTEXT level)
[12:17:48.807] [INFO ]     ├─ Canvas fingerprint noise
[12:17:48.807] [INFO ]     ├─ WebGL renderer/vendor spoof
[12:17:48.807] [INFO ]     ├─ Hardware concurrency randomization
[12:17:48.807] [INFO ]     ├─ Device memory randomization
[12:17:48.807] [INFO ]     ├─ Plugin masking
[12:17:48.807] [INFO ]     ├─ WebRTC IP leak protection
[12:17:48.807] [INFO ]     ├─ Network connection spoof
[12:17:48.807] [INFO ]     └─ Battery API spoof
[12:17:48.850] [INFO ] 
[12:17:48.850] [INFO ]     🥷 STEALTH MODE APPLIED
[12:17:48.850] [INFO ]     ├─ Navigator patches (webdriver, plugins, languages)
[12:17:48.850] [INFO ]     ├─ Chrome runtime patches
[12:17:48.850] [INFO ]     ├─ Console patches
[12:17:48.850] [INFO ]     └─ Permission patches
[12:17:48.850] [INFO ] 🛡️ Injected anti-detection scripts at page level
[12:17:48.850] [DEBUG]    └─ Canvas noise, WebGL spoof, Browser patches
[12:17:48.850] [INFO ] 
[12:17:48.850] [INFO ]     🛡️ ANTI-DETECTION SCRIPTS INJECTED (PAGE level)
[12:17:48.850] [INFO ]     ├─ Canvas fingerprint noise
[12:17:48.850] [INFO ]     ├─ WebGL renderer/vendor spoof
[12:17:48.850] [INFO ]     ├─ Hardware concurrency randomization
[12:17:48.850] [INFO ]     ├─ Device memory randomization
[12:17:48.850] [INFO ]     ├─ Plugin masking
[12:17:48.850] [INFO ]     ├─ WebRTC IP leak protection
[12:17:48.850] [INFO ]     ├─ Network connection spoof
[12:17:48.850] [INFO ]     └─ Battery API spoof
[12:17:48.850] [DEBUG] Enabled resource blocking (images, media, fonts)
[12:17:48.850] [INFO ] 
[12:17:48.850] [INFO ]     🔗 NAVIGATING TO URL
[12:17:48.850] [INFO ]     ├─ Strategy:   domcontentloaded
[12:17:48.850] [INFO ]     ├─ Timeout:    15.0s
[12:17:48.850] [INFO ]     └─ Sleep:      1s after load
[12:18:03.905] [DEBUG] Enabled resource blocking (images, media, fonts)
[12:18:03.905] [INFO ] 
[12:18:03.905] [INFO ]     🔗 NAVIGATING TO URL
[12:18:03.905] [INFO ]     ├─ Strategy:   load
[12:18:03.905] [INFO ]     ├─ Timeout:    20.0s
[12:18:03.905] [INFO ]     └─ Sleep:      1s after load
[12:18:16.212] [INFO ] 
[12:18:16.212] [INFO ]     ✅ PAGE LOADED
[12:18:16.212] [INFO ]     ├─ Final URL:  https://www.sama.gov.sa/Pages/default.aspx
[12:18:16.212] [INFO ]     ├─ Title:      Home
[12:18:16.212] [INFO ]     └─ Load Time:  12.31s
[12:18:17.425] [INFO ] 🧑 Human behavior simulation...
[12:18:25.042] [INFO ] 🖱️ Mouse: 4 moves in 2560x1440
[12:18:25.042] [INFO ] 🖱️ Mouse completed: 4 moves
[12:18:25.042] [INFO ] 📜 Scroll: page height, viewport=1440px
[12:18:25.042] [INFO ] 📜 Scroll completed: 2 scrolls
[12:18:25.042] [INFO ] 🧑 Human behavior completed in 7.6s ✓
[12:18:25.042] [INFO ] 
[12:18:25.042] [INFO ]     🧑 HUMAN BEHAVIOR SIMULATED
[12:18:25.042] [INFO ]     ├─ Mouse Movements: 4
[12:18:25.042] [INFO ]     ├─ Scroll Actions:  2
[12:18:25.042] [INFO ]     └─ Time Spent:      7.62s
[12:18:25.143] [INFO ] 
[12:18:25.143] [INFO ]     ┌─ CONTENT METRICS ────────────────────────────────────────────┐
[12:18:25.143] [INFO ]     │ Title:            Currency rate
[12:18:25.143] [INFO ]     │ Final URL:        https://www.sama.gov.sa/Pages/default.aspx
[12:18:25.143] [INFO ]     │ HTML Size:        137,177 bytes
[12:18:25.143] [INFO ]     │ Text Size:        4,312 chars
[12:18:25.143] [INFO ]     │ Word Count:       ~603 words
[12:18:25.143] [INFO ]     │ Extraction:       trafilatura
[12:18:25.143] [INFO ]     │ Has Article:      ✅ Yes
[12:18:25.143] [INFO ]     └──────────────────────────────────────────────────────────────┘
[12:18:25.166] [INFO ] 
[12:18:25.166] [INFO ] ╔══════════════════════════════════════════════════════════════════════════╗
[12:18:25.166] [INFO ] ║  ✅ SCRAPE SUCCESSFUL - SCRAPE_20260201_121748_9E2C
[12:18:25.166] [INFO ] ╠══════════════════════════════════════════════════════════════════════════╣
[12:18:25.166] [INFO ] 
[12:18:25.166] [INFO ]     ┌─ TIMING BREAKDOWN ───────────────────────────────────────────┐
[12:18:25.166] [INFO ]     │ Browser Launch:      0.06s
[12:18:25.166] [INFO ]     │ Page Load:           12.31s
[12:18:25.166] [INFO ]     │ Cloudflare Wait:     0.00s
[12:18:25.166] [INFO ]     │ Human Simulation:    7.62s
[12:18:25.166] [INFO ]     │
[12:18:25.166] [INFO ]     │ Content Extraction:  0.07s
[12:18:25.166] [INFO ]     │ ─────────────────────────────────────────────────────────────
[12:18:25.166] [INFO ]     │ TOTAL TIME:          20.05s
[12:18:25.166] [INFO ]     └──────────────────────────────────────────────────────────────┘
[12:18:25.166] [INFO ] 
[12:18:25.166] [INFO ]     ┌─ CONTENT METRICS ────────────────────────────────────────────┐
[12:18:25.166] [INFO ]     │ Title:            Currency rate
[12:18:25.166] [INFO ]     │ Final URL:        https://www.sama.gov.sa/Pages/default.aspx
[12:18:25.166] [INFO ]     │ HTML Size:        137,177 bytes
[12:18:25.166] [INFO ]     │ Text Size:        4,312 chars
[12:18:25.166] [INFO ]     │ Word Count:       ~603 words
[12:18:25.166] [INFO ]     │ Extraction:       trafilatura
[12:18:25.166] [INFO ]     │ Has Article:      ✅ Yes
[12:18:25.166] [INFO ]     └──────────────────────────────────────────────────────────────┘
[12:18:25.166] [INFO ] ╠══════════════════════════════════════════════════════════════════════════╣
[12:18:25.166] [INFO ] ║  📊 SESSION STATS
[12:18:25.166] [INFO ] ║  ├─ Strategies Tried:   domcontentloaded
[12:18:25.166] [INFO ] ║  ├─ Popups Dismissed:   0
[12:18:25.166] [INFO ] ║  ├─ Cloudflare:         Not detected
[12:18:25.166] [INFO ] ║  └─ Proxy Used:         Direct
[12:18:25.166] [INFO ] ╚══════════════════════════════════════════════════════════════════════════╝
[12:18:25.166] [INFO ] 

================================================================================
STATUS: SUCCESS
TOTAL TIME: 36.72s
ENDED: 2026-02-01T12:18:25.167000+02:00 (Egypt Time)
END OF SCRAPE LOG
================================================================================