================================================================================
SCRAPE LOG: https://ensun.io/search/pen-testing/egypt
Started: 2026-01-30 01:34:33
Session ID: SCRAPE_20260130_013433_8B61
================================================================================
[01:34:33.721] [INFO ] 📝 Scrape log: /app/data/logs/scrapes/2026-01-30_013433_ensun.io.log
[01:34:33.721] [DEBUG] ⏱️ Timeout set to 45s for this scrape
[01:34:34.062] [INFO ] 
[01:34:34.062] [INFO ]     🚀 BROWSER LAUNCHED
[01:34:34.062] [INFO ]     ├─ Mode:       Headless
[01:34:34.062] [INFO ]     ├─ Slow Mo:    41ms
[01:34:34.062] [INFO ]     ├─ Launch Time: 0.06s
[01:34:34.062] [INFO ]     └─ Args:       Anti-automation flags enabled
[01:34:34.080] [DEBUG] Browser profile: viewport={'width': 1536, 'height': 864}, locale=en-GB, tz=UTC
[01:34:34.080] [INFO ] 
[01:34:34.080] [INFO ] ╔══════════════════════════════════════════════════════════════════════════╗
[01:34:34.080] [INFO ] ║  📋 SESSION: SCRAPE_20260130_013433_8B61
[01:34:34.080] [INFO ] ║  🌐 URL: https://ensun.io/search/pen-testing/egypt
[01:34:34.080] [INFO ] ║  🔄 ATTEMPT: 1/2
[01:34:34.080] [INFO ] ║  ⏰ STARTED: 2026-01-30T01:34:34.080513+02:00 (Egypt Time)
[01:34:34.080] [INFO ] ╠══════════════════════════════════════════════════════════════════════════╣
[01:34:34.080] [INFO ] 
[01:34:34.080] [INFO ]     ┌─ BROWSER FINGERPRINT ────────────────────────────────────────┐
[01:34:34.080] [INFO ]     │ Browser:     FIREFOX v124
[01:34:34.080] [INFO ]     │ User-Agent:  Mozilla/5.0 (Windows NT 10.0; Win64; x64; rv:124.0) Gecko/20100101 Fir...
[01:34:34.080] [INFO ]     │ Viewport:    1536x864
[01:34:34.080] [INFO ]     │ Sec-CH-UA:   (not applicable)...
[01:34:34.080] [INFO ]     ├─ LOCATION PROFILE ───────────────────────────────────────────┤
[01:34:34.080] [INFO ]     │ Location:    London, UK
[01:34:34.080] [INFO ]     │ Timezone:    N/A
[01:34:34.080] [INFO ]     │ Locale:      en-GB
[01:34:34.080] [INFO ]     │ Geo:         0, 0
[01:34:34.080] [INFO ]     ├─ NETWORK ────────────────────────────────────────────────────┤
[01:34:34.080] [INFO ]     │ Proxy:       Direct (no proxy)
[01:34:34.080] [INFO ]     │ Referrer:    https://news.google.com/
[01:34:34.080] [INFO ]     └──────────────────────────────────────────────────────────────┘
[01:34:34.080] [INFO ] ╚══════════════════════════════════════════════════════════════════════════╝
[01:34:34.080] [INFO ] 🛡️ Injected anti-detection scripts at context level
[01:34:34.080] [DEBUG]    └─ Canvas noise, WebGL spoof, Browser patches
[01:34:34.080] [INFO ] 
[01:34:34.080] [INFO ]     🛡️ ANTI-DETECTION SCRIPTS INJECTED (CONTEXT level)
[01:34:34.080] [INFO ]     ├─ Canvas fingerprint noise
[01:34:34.080] [INFO ]     ├─ WebGL renderer/vendor spoof
[01:34:34.080] [INFO ]     ├─ Hardware concurrency randomization
[01:34:34.080] [INFO ]     ├─ Device memory randomization
[01:34:34.080] [INFO ]     ├─ Plugin masking
[01:34:34.080] [INFO ]     ├─ WebRTC IP leak protection
[01:34:34.080] [INFO ]     ├─ Network connection spoof
[01:34:34.080] [INFO ]     └─ Battery API spoof
[01:34:34.121] [INFO ] 
[01:34:34.121] [INFO ]     🥷 STEALTH MODE APPLIED
[01:34:34.121] [INFO ]     ├─ Navigator patches (webdriver, plugins, languages)
[01:34:34.121] [INFO ]     ├─ Chrome runtime patches
[01:34:34.121] [INFO ]     ├─ Console patches
[01:34:34.121] [INFO ]     └─ Permission patches
[01:34:34.121] [INFO ] 🛡️ Injected anti-detection scripts at page level
[01:34:34.121] [DEBUG]    └─ Canvas noise, WebGL spoof, Browser patches
[01:34:34.121] [INFO ] 
[01:34:34.121] [INFO ]     🛡️ ANTI-DETECTION SCRIPTS INJECTED (PAGE level)
[01:34:34.121] [INFO ]     ├─ Canvas fingerprint noise
[01:34:34.121] [INFO ]     ├─ WebGL renderer/vendor spoof
[01:34:34.121] [INFO ]     ├─ Hardware concurrency randomization
[01:34:34.121] [INFO ]     ├─ Device memory randomization
[01:34:34.121] [INFO ]     ├─ Plugin masking
[01:34:34.121] [INFO ]     ├─ WebRTC IP leak protection
[01:34:34.121] [INFO ]     ├─ Network connection spoof
[01:34:34.121] [INFO ]     └─ Battery API spoof
[01:34:34.121] [DEBUG] Enabled resource blocking (images, media, fonts)
[01:34:34.121] [INFO ] 
[01:34:34.121] [INFO ]     🔗 NAVIGATING TO URL
[01:34:34.121] [INFO ]     ├─ Strategy:   domcontentloaded
[01:34:34.121] [INFO ]     ├─ Timeout:    15.0s
[01:34:34.121] [INFO ]     └─ Sleep:      1s after load
[01:34:34.454] [INFO ] 
[01:34:34.454] [INFO ]     ✅ PAGE LOADED
[01:34:34.454] [INFO ]     ├─ Final URL:  https://ensun.io/search/pen-testing/egypt
[01:34:34.454] [INFO ]     ├─ Title:      Vercel Security Checkpoint
[01:34:34.454] [INFO ]     └─ Load Time:  0.33s
[01:34:35.632] [INFO ] 🧑 Human behavior simulation...
[01:34:37.293] [INFO ] 🖱️ Mouse: 1 moves in 1536x864
[01:34:37.293] [INFO ] 🖱️ Mouse completed: 1 moves
[01:34:37.293] [INFO ] 📜 Scroll: page height, viewport=864px
[01:34:37.293] [INFO ] 📜 Scroll completed: 2 scrolls
[01:34:37.293] [INFO ] 🧑 Human behavior completed in 1.7s ✓
[01:34:37.293] [INFO ] 
[01:34:37.293] [INFO ]     🧑 HUMAN BEHAVIOR SIMULATED
[01:34:37.293] [INFO ]     ├─ Mouse Movements: 1
[01:34:37.293] [INFO ]     ├─ Scroll Actions:  2
[01:34:37.293] [INFO ]     └─ Time Spent:      1.66s
[01:34:44.925] [INFO ] 
[01:34:44.925] [INFO ]     🚀 BROWSER LAUNCHED
[01:34:44.925] [INFO ]     ├─ Mode:       Headless
[01:34:44.925] [INFO ]     ├─ Slow Mo:    54ms
[01:34:44.925] [INFO ]     ├─ Launch Time: 0.06s
[01:34:44.925] [INFO ]     └─ Args:       Anti-automation flags enabled
[01:34:44.945] [DEBUG] Browser profile: viewport={'width': 2560, 'height': 1440}, locale=en-GB, tz=UTC
[01:34:44.945] [INFO ] 
[01:34:44.945] [INFO ] ╔══════════════════════════════════════════════════════════════════════════╗
[01:34:44.945] [INFO ] ║  📋 SESSION: SCRAPE_20260130_013433_8B61
[01:34:44.945] [INFO ] ║  🌐 URL: https://ensun.io/search/pen-testing/egypt
[01:34:44.945] [INFO ] ║  🔄 ATTEMPT: 2/2
[01:34:44.945] [INFO ] ║  ⏰ STARTED: 2026-01-30T01:34:44.945858+02:00 (Egypt Time)
[01:34:44.945] [INFO ] ╠══════════════════════════════════════════════════════════════════════════╣
[01:34:44.945] [INFO ] 
[01:34:44.945] [INFO ]     ┌─ BROWSER FINGERPRINT ────────────────────────────────────────┐
[01:34:44.945] [INFO ]     │ Browser:     EDGE v120
[01:34:44.945] [INFO ]     │ User-Agent:  Mozilla/5.0 (Windows NT 10.0; Win64; x64) AppleWebKit/537.36 (KHTML, l...
[01:34:44.945] [INFO ]     │ Viewport:    2560x1440
[01:34:44.945] [INFO ]     │ Sec-CH-UA:   (not applicable)...
[01:34:44.945] [INFO ]     ├─ LOCATION PROFILE ───────────────────────────────────────────┤
[01:34:44.945] [INFO ]     │ Location:    London, UK
[01:34:44.945] [INFO ]     │ Timezone:    N/A
[01:34:44.945] [INFO ]     │ Locale:      en-GB
[01:34:44.945] [INFO ]     │ Geo:         0, 0
[01:34:44.945] [INFO ]     ├─ NETWORK ────────────────────────────────────────────────────┤
[01:34:44.945] [INFO ]     │ Proxy:       Direct (no proxy)
[01:34:44.945] [INFO ]     │ Referrer:    https://www.google.com/search?q=ensun+io
[01:34:44.945] [INFO ]     └──────────────────────────────────────────────────────────────┘
[01:34:44.945] [INFO ] ╚══════════════════════════════════════════════════════════════════════════╝
[01:34:44.945] [INFO ] 🛡️ Injected anti-detection scripts at context level
[01:34:44.945] [DEBUG]    └─ Canvas noise, WebGL spoof, Browser patches
[01:34:44.945] [INFO ] 
[01:34:44.945] [INFO ]     🛡️ ANTI-DETECTION SCRIPTS INJECTED (CONTEXT level)
[01:34:44.945] [INFO ]     ├─ Canvas fingerprint noise
[01:34:44.945] [INFO ]     ├─ WebGL renderer/vendor spoof
[01:34:44.945] [INFO ]     ├─ Hardware concurrency randomization
[01:34:44.945] [INFO ]     ├─ Device memory randomization
[01:34:44.945] [INFO ]     ├─ Plugin masking
[01:34:44.945] [INFO ]     ├─ WebRTC IP leak protection
[01:34:44.945] [INFO ]     ├─ Network connection spoof
[01:34:44.945] [INFO ]     └─ Battery API spoof
[01:34:44.987] [INFO ] 
[01:34:44.987] [INFO ]     🥷 STEALTH MODE APPLIED
[01:34:44.987] [INFO ]     ├─ Navigator patches (webdriver, plugins, languages)
[01:34:44.987] [INFO ]     ├─ Chrome runtime patches
[01:34:44.987] [INFO ]     ├─ Console patches
[01:34:44.987] [INFO ]     └─ Permission patches
[01:34:44.987] [INFO ] 🛡️ Injected anti-detection scripts at page level
[01:34:44.987] [DEBUG]    └─ Canvas noise, WebGL spoof, Browser patches
[01:34:44.987] [INFO ] 
[01:34:44.987] [INFO ]     🛡️ ANTI-DETECTION SCRIPTS INJECTED (PAGE level)
[01:34:44.987] [INFO ]     ├─ Canvas fingerprint noise
[01:34:44.987] [INFO ]     ├─ WebGL renderer/vendor spoof
[01:34:44.987] [INFO ]     ├─ Hardware concurrency randomization
[01:34:44.987] [INFO ]     ├─ Device memory randomization
[01:34:44.987] [INFO ]     ├─ Plugin masking
[01:34:44.987] [INFO ]     ├─ WebRTC IP leak protection
[01:34:44.987] [INFO ]     ├─ Network connection spoof
[01:34:44.987] [INFO ]     └─ Battery API spoof
[01:34:44.987] [DEBUG] Enabled resource blocking (images, media, fonts)
[01:34:44.987] [INFO ] 
[01:34:44.987] [INFO ]     🔗 NAVIGATING TO URL
[01:34:44.987] [INFO ]     ├─ Strategy:   domcontentloaded
[01:34:44.987] [INFO ]     ├─ Timeout:    15.0s
[01:34:44.987] [INFO ]     └─ Sleep:      1s after load
[01:34:45.152] [INFO ] 
[01:34:45.152] [INFO ]     ✅ PAGE LOADED
[01:34:45.152] [INFO ]     ├─ Final URL:  https://ensun.io/search/pen-testing/egypt
[01:34:45.152] [INFO ]     ├─ Title:      Vercel Security Checkpoint
[01:34:45.152] [INFO ]     └─ Load Time:  0.17s
[01:34:46.347] [INFO ] 🧑 Human behavior simulation...
[01:34:51.517] [INFO ] 🖱️ Mouse: 3 moves in 2560x1440
[01:34:51.517] [INFO ] 🖱️ Mouse completed: 3 moves
[01:34:51.517] [INFO ] 📜 Scroll: page height, viewport=1440px
[01:34:51.517] [INFO ] 📜 Scroll completed: 1 scrolls
[01:34:51.517] [INFO ] 🧑 Human behavior completed in 5.2s ✓
[01:34:51.517] [INFO ] 
[01:34:51.517] [INFO ]     🧑 HUMAN BEHAVIOR SIMULATED
[01:34:51.517] [INFO ]     ├─ Mouse Movements: 3
[01:34:51.517] [INFO ]     ├─ Scroll Actions:  1
[01:34:51.517] [INFO ]     └─ Time Spent:      5.17s
[01:34:51.633] [INFO ] 
[01:34:51.633] [INFO ] ╔══════════════════════════════════════════════════════════════════════════╗
[01:34:51.633] [INFO ] ║  ❌ SCRAPE FAILED - SCRAPE_20260130_013433_8B61
[01:34:51.633] [INFO ] ╠══════════════════════════════════════════════════════════════════════════╣
[01:34:51.633] [INFO ] 
[01:34:51.633] [INFO ]     ┌─ FAILURE SUMMARY ────────────────────────────────────────────┐
[01:34:51.633] [INFO ]     │ URL:              https://ensun.io/search/pen-testing/egypt
[01:34:51.633] [INFO ]     │ Error Type:       unknown
[01:34:51.633] [INFO ]     │ Likely Ban:       ❌ No
[01:34:51.633] [INFO ]     │ Retries Used:     2
[01:34:51.633] [INFO ]     │
[01:34:51.633] [INFO ]     │ Error Message:
[01:34:51.633] [INFO ]     │   Failed after 2 attempts. Last error: Unknown error
[01:34:51.633] [INFO ]     └──────────────────────────────────────────────────────────────┘
[01:34:51.633] [INFO ] 
[01:34:51.633] [INFO ]     ┌─ TIMING AT FAILURE ──────────────────────────────────────────┐
[01:34:51.633] [INFO ]     │ Browser Launch:     0.06s
[01:34:51.633] [INFO ]     │ Page Load:          0.17s
[01:34:51.633] [INFO ]     │ Cloudflare Wait:    0.00s
[01:34:51.633] [INFO ]     │ Human Simulation:   5.17s
[01:34:51.633] [INFO ]     │ ─────────────────────────────────────────────────────────────
[01:34:51.633] [INFO ]     │ FAILED AT:          5.39s
[01:34:51.633] [INFO ]     └──────────────────────────────────────────────────────────────┘
[01:34:51.633] [INFO ] 
[01:34:51.633] [INFO ] ╚══════════════════════════════════════════════════════════════════════════╝
[01:34:51.633] [INFO ] 

================================================================================
STATUS: FAILED
TOTAL TIME: 17.91s
ENDED: 2026-01-30T01:34:51.633366+02:00 (Egypt Time)
END OF SCRAPE LOG
================================================================================