================================================================================
SCRAPE LOG: https://www.cohnreznick.com/insights/cmmc-compliance-here-are-you-ready
Started: 2026-01-29 20:32:26
Session ID: SCRAPE_20260129_203226_B00D
================================================================================
[20:32:26.126] [INFO ] 📝 Scrape log: /app/data/logs/scrapes/2026-01-29_203226_cohnreznick.com.log
[20:32:26.126] [DEBUG] ⏱️ Timeout set to 45s for this scrape
[20:32:26.470] [INFO ] 
[20:32:26.470] [INFO ]     🚀 BROWSER LAUNCHED
[20:32:26.470] [INFO ]     ├─ Mode:       Headless
[20:32:26.470] [INFO ]     ├─ Slow Mo:    44ms
[20:32:26.470] [INFO ]     ├─ Launch Time: 0.05s
[20:32:26.470] [INFO ]     └─ Args:       Anti-automation flags enabled
[20:32:26.489] [DEBUG] Browser profile: viewport={'width': 1280, 'height': 800}, locale=en-AU, tz=UTC
[20:32:26.489] [INFO ] 
[20:32:26.489] [INFO ] ╔══════════════════════════════════════════════════════════════════════════╗
[20:32:26.489] [INFO ] ║  📋 SESSION: SCRAPE_20260129_203226_B00D
[20:32:26.489] [INFO ] ║  🌐 URL: https://www.cohnreznick.com/insights/cmmc-compliance-here-are-you-ready
[20:32:26.489] [INFO ] ║  🔄 ATTEMPT: 1/2
[20:32:26.489] [INFO ] ║  ⏰ STARTED: 2026-01-29T20:32:26.489895+02:00 (Egypt Time)
[20:32:26.489] [INFO ] ╠══════════════════════════════════════════════════════════════════════════╣
[20:32:26.489] [INFO ] 
[20:32:26.489] [INFO ]     ┌─ BROWSER FINGERPRINT ────────────────────────────────────────┐
[20:32:26.489] [INFO ]     │ Browser:     FIREFOX v121
[20:32:26.489] [INFO ]     │ User-Agent:  Mozilla/5.0 (X11; Ubuntu; Linux x86_64; rv:121.0) Gecko/20100101 Firef...
[20:32:26.489] [INFO ]     │ Viewport:    1280x800
[20:32:26.489] [INFO ]     │ Sec-CH-UA:   (not applicable)...
[20:32:26.489] [INFO ]     ├─ LOCATION PROFILE ───────────────────────────────────────────┤
[20:32:26.489] [INFO ]     │ Location:    Brisbane, Australia
[20:32:26.489] [INFO ]     │ Timezone:    N/A
[20:32:26.489] [INFO ]     │ Locale:      en-AU
[20:32:26.489] [INFO ]     │ Geo:         0, 0
[20:32:26.489] [INFO ]     ├─ NETWORK ────────────────────────────────────────────────────┤
[20:32:26.489] [INFO ]     │ Proxy:       Direct (no proxy)
[20:32:26.489] [INFO ]     │ Referrer:    https://www.google.com/search?q=www+cohnreznick+com
[20:32:26.489] [INFO ]     └──────────────────────────────────────────────────────────────┘
[20:32:26.489] [INFO ] ╚══════════════════════════════════════════════════════════════════════════╝
[20:32:26.489] [INFO ] 🛡️ Injected anti-detection scripts at context level
[20:32:26.489] [DEBUG]    └─ Canvas noise, WebGL spoof, Browser patches
[20:32:26.489] [INFO ] 
[20:32:26.489] [INFO ]     🛡️ ANTI-DETECTION SCRIPTS INJECTED (CONTEXT level)
[20:32:26.489] [INFO ]     ├─ Canvas fingerprint noise
[20:32:26.490] [INFO ]     ├─ WebGL renderer/vendor spoof
[20:32:26.490] [INFO ]     ├─ Hardware concurrency randomization
[20:32:26.490] [INFO ]     ├─ Device memory randomization
[20:32:26.490] [INFO ]     ├─ Plugin masking
[20:32:26.490] [INFO ]     ├─ WebRTC IP leak protection
[20:32:26.490] [INFO ]     ├─ Network connection spoof
[20:32:26.490] [INFO ]     └─ Battery API spoof
[20:32:26.531] [INFO ] 
[20:32:26.531] [INFO ]     🥷 STEALTH MODE APPLIED
[20:32:26.531] [INFO ]     ├─ Navigator patches (webdriver, plugins, languages)
[20:32:26.531] [INFO ]     ├─ Chrome runtime patches
[20:32:26.531] [INFO ]     ├─ Console patches
[20:32:26.531] [INFO ]     └─ Permission patches
[20:32:26.531] [INFO ] 🛡️ Injected anti-detection scripts at page level
[20:32:26.531] [DEBUG]    └─ Canvas noise, WebGL spoof, Browser patches
[20:32:26.531] [INFO ] 
[20:32:26.531] [INFO ]     🛡️ ANTI-DETECTION SCRIPTS INJECTED (PAGE level)
[20:32:26.531] [INFO ]     ├─ Canvas fingerprint noise
[20:32:26.531] [INFO ]     ├─ WebGL renderer/vendor spoof
[20:32:26.531] [INFO ]     ├─ Hardware concurrency randomization
[20:32:26.531] [INFO ]     ├─ Device memory randomization
[20:32:26.531] [INFO ]     ├─ Plugin masking
[20:32:26.531] [INFO ]     ├─ WebRTC IP leak protection
[20:32:26.531] [INFO ]     ├─ Network connection spoof
[20:32:26.531] [INFO ]     └─ Battery API spoof
[20:32:26.531] [DEBUG] Enabled resource blocking (images, media, fonts)
[20:32:26.531] [INFO ] 
[20:32:26.531] [INFO ]     🔗 NAVIGATING TO URL
[20:32:26.531] [INFO ]     ├─ Strategy:   domcontentloaded
[20:32:26.531] [INFO ]     ├─ Timeout:    15.0s
[20:32:26.531] [INFO ]     └─ Sleep:      1s after load
[20:32:30.555] [INFO ] 
[20:32:30.555] [INFO ]     ✅ PAGE LOADED
[20:32:30.555] [INFO ]     ├─ Final URL:  https://www.cohnreznick.com/insights/cmmc-compliance-here-are-you-ready
[20:32:30.555] [INFO ]     ├─ Title:      CMMC compliance is here – Are you ready? - CohnReznick
[20:32:30.555] [INFO ]     └─ Load Time:  4.02s
[20:32:32.766] [INFO ] 🧑 Human behavior simulation...
[20:32:38.125] [INFO ] 🖱️ Mouse: 3 moves in 1280x800
[20:32:38.125] [INFO ] 🖱️ Mouse completed: 3 moves
[20:32:38.125] [INFO ] 📜 Scroll: page height, viewport=800px
[20:32:38.125] [INFO ] 📜 Scroll completed: 3 scrolls
[20:32:38.125] [INFO ] 🧑 Human behavior completed in 5.4s ✓
[20:32:38.125] [INFO ] 
[20:32:38.125] [INFO ]     🧑 HUMAN BEHAVIOR SIMULATED
[20:32:38.125] [INFO ]     ├─ Mouse Movements: 3
[20:32:38.125] [INFO ]     ├─ Scroll Actions:  3
[20:32:38.126] [INFO ]     └─ Time Spent:      5.36s
[20:32:38.405] [INFO ] 
[20:32:38.405] [INFO ]     ┌─ CONTENT METRICS ────────────────────────────────────────────┐
[20:32:38.405] [INFO ]     │ Title:            CMMC compliance is here – Are you ready?
[20:32:38.405] [INFO ]     │ Final URL:        https://www.cohnreznick.com/insights/cmmc-compliance-here-are-you-ready
[20:32:38.405] [INFO ]     │ HTML Size:        364,592 bytes
[20:32:38.405] [INFO ]     │ Text Size:        7,564 chars
[20:32:38.405] [INFO ]     │ Word Count:       ~1097 words
[20:32:38.405] [INFO ]     │ Extraction:       trafilatura
[20:32:38.405] [INFO ]     │ Has Article:      ✅ Yes
[20:32:38.405] [INFO ]     └──────────────────────────────────────────────────────────────┘
[20:32:38.438] [INFO ] 
[20:32:38.438] [INFO ] ╔══════════════════════════════════════════════════════════════════════════╗
[20:32:38.438] [INFO ] ║  ✅ SCRAPE SUCCESSFUL - SCRAPE_20260129_203226_B00D
[20:32:38.438] [INFO ] ╠══════════════════════════════════════════════════════════════════════════╣
[20:32:38.438] [INFO ] 
[20:32:38.438] [INFO ]     ┌─ TIMING BREAKDOWN ───────────────────────────────────────────┐
[20:32:38.438] [INFO ]     │ Browser Launch:      0.05s
[20:32:38.438] [INFO ]     │ Page Load:           4.02s
[20:32:38.438] [INFO ]     │ Cloudflare Wait:     0.00s
[20:32:38.438] [INFO ]     │ Human Simulation:    5.36s
[20:32:38.438] [INFO ]     │
[20:32:38.438] [INFO ]     │ Content Extraction:  0.19s
[20:32:38.438] [INFO ]     │ ─────────────────────────────────────────────────────────────
[20:32:38.438] [INFO ]     │ TOTAL TIME:          9.63s
[20:32:38.438] [INFO ]     └──────────────────────────────────────────────────────────────┘
[20:32:38.438] [INFO ] 
[20:32:38.439] [INFO ]     ┌─ CONTENT METRICS ────────────────────────────────────────────┐
[20:32:38.439] [INFO ]     │ Title:            CMMC compliance is here – Are you ready?
[20:32:38.439] [INFO ]     │ Final URL:        https://www.cohnreznick.com/insights/cmmc-compliance-here-are-you-ready
[20:32:38.439] [INFO ]     │ HTML Size:        364,592 bytes
[20:32:38.439] [INFO ]     │ Text Size:        7,564 chars
[20:32:38.439] [INFO ]     │ Word Count:       ~1097 words
[20:32:38.439] [INFO ]     │ Extraction:       trafilatura
[20:32:38.439] [INFO ]     │ Has Article:      ✅ Yes
[20:32:38.439] [INFO ]     └──────────────────────────────────────────────────────────────┘
[20:32:38.439] [INFO ] ╠══════════════════════════════════════════════════════════════════════════╣
[20:32:38.439] [INFO ] ║  📊 SESSION STATS
[20:32:38.439] [INFO ] ║  ├─ Strategies Tried:   domcontentloaded
[20:32:38.439] [INFO ] ║  ├─ Popups Dismissed:   0
[20:32:38.439] [INFO ] ║  ├─ Cloudflare:         Not detected
[20:32:38.439] [INFO ] ║  └─ Proxy Used:         Direct
[20:32:38.439] [INFO ] ╚══════════════════════════════════════════════════════════════════════════╝
[20:32:38.439] [INFO ] 

================================================================================
STATUS: SUCCESS
TOTAL TIME: 12.31s
ENDED: 2026-01-29T20:32:38.439105+02:00 (Egypt Time)
END OF SCRAPE LOG
================================================================================