================================================================================
SCRAPE LOG: https://news.google.com/rss/articles/CBMixAFBVV95cUxNWTZZRkMxS1NOY2otRUNrMVNSbzhfbTJGRWZ6cE5IdDlUa1VTS1MtZEd3QnlNN21pRlV6LWZMWExKVlJEdG4xVE9yWnFmZUJjMlJ5Zl91dHdFbkNqZmpEYVJzOGFDUGR4WWcyUlhXbnh2eUZiUTEySzVyRTlxWUJxN0VjWU4xZEp4eG5sNWZpbEVJSWs0Zk9fVzJnXzh0MEpMR3VTVEQ1NFhOeFRfNHRSVHpEOXhzam9fYXpkNUp0dWZxQ1RC?oc=5
Started: 2026-02-25 14:44:38
Session ID: SCRAPE_20260225_144438_4FAA
================================================================================
[14:44:38.465] [INFO ] 📝 Scrape log: /app/data/logs/scrapes/2026-02-25_144438_news.google.com.log
[14:44:38.465] [DEBUG] ⏱️ Timeout set to 45s for this scrape
[14:44:38.804] [INFO ] 
[14:44:38.804] [INFO ]     🚀 BROWSER LAUNCHED
[14:44:38.804] [INFO ]     ├─ Mode:       Headless
[14:44:38.804] [INFO ]     ├─ Slow Mo:    60ms
[14:44:38.804] [INFO ]     ├─ Launch Time: 0.05s
[14:44:38.804] [INFO ]     └─ Args:       Anti-automation flags enabled
[14:44:38.822] [DEBUG] Browser profile: viewport={'width': 1680, 'height': 1050}, locale=en-CA, tz=UTC
[14:44:38.822] [INFO ] 
[14:44:38.822] [INFO ] ╔══════════════════════════════════════════════════════════════════════════╗
[14:44:38.822] [INFO ] ║  📋 SESSION: SCRAPE_20260225_144438_4FAA
[14:44:38.822] [INFO ] ║  🌐 URL: https://news.google.com/rss/articles/CBMixAFBVV95cUxNWTZZRkMxS1NOY2otRUNrMVNSbzhfbTJGRWZ6cE5IdDlUa1VTS1MtZEd3QnlNN21pRlV6LWZMWExKVlJEdG4xVE9yWnFmZUJjMlJ5Zl91dHdFbkNqZmpEYVJzOGFDUGR4WWcyUlhXbnh2eUZiUTEySzVyRTlxWUJxN0VjWU4xZEp4eG5sNWZpbEVJSWs0Zk9fVzJnXzh0MEpMR3VTVEQ1NFhOeFRfNHRSVHpEOXhzam9fYXpkNUp0dWZxQ1RC?oc=5
[14:44:38.822] [INFO ] ║  🔄 ATTEMPT: 1/2
[14:44:38.822] [INFO ] ║  ⏰ STARTED: 2026-02-25T14:44:38.822675+02:00 (Egypt Time)
[14:44:38.822] [INFO ] ╠══════════════════════════════════════════════════════════════════════════╣
[14:44:38.822] [INFO ] 
[14:44:38.822] [INFO ]     ┌─ BROWSER FINGERPRINT ────────────────────────────────────────┐
[14:44:38.822] [INFO ]     │ Browser:     SAFARI v17
[14:44:38.822] [INFO ]     │ User-Agent:  Mozilla/5.0 (Macintosh; Intel Mac OS X 10_15_7) AppleWebKit/605.1.15 (...
[14:44:38.822] [INFO ]     │ Viewport:    1680x1050
[14:44:38.822] [INFO ]     │ Sec-CH-UA:   (not applicable)...
[14:44:38.822] [INFO ]     ├─ LOCATION PROFILE ───────────────────────────────────────────┤
[14:44:38.822] [INFO ]     │ Location:    Toronto, Canada
[14:44:38.822] [INFO ]     │ Timezone:    N/A
[14:44:38.822] [INFO ]     │ Locale:      en-CA
[14:44:38.822] [INFO ]     │ Geo:         0, 0
[14:44:38.822] [INFO ]     ├─ NETWORK ────────────────────────────────────────────────────┤
[14:44:38.822] [INFO ]     │ Proxy:       Direct (no proxy)
[14:44:38.822] [INFO ]     │ Referrer:    https://www.google.com/
[14:44:38.822] [INFO ]     └──────────────────────────────────────────────────────────────┘
[14:44:38.822] [INFO ] ╚══════════════════════════════════════════════════════════════════════════╝
[14:44:38.822] [INFO ] 🛡️ Injected anti-detection scripts at context level
[14:44:38.822] [DEBUG]    └─ Canvas noise, WebGL spoof, Browser patches
[14:44:38.822] [INFO ] 
[14:44:38.822] [INFO ]     🛡️ ANTI-DETECTION SCRIPTS INJECTED (CONTEXT level)
[14:44:38.822] [INFO ]     ├─ Canvas fingerprint noise
[14:44:38.822] [INFO ]     ├─ WebGL renderer/vendor spoof
[14:44:38.822] [INFO ]     ├─ Hardware concurrency randomization
[14:44:38.822] [INFO ]     ├─ Device memory randomization
[14:44:38.822] [INFO ]     ├─ Plugin masking
[14:44:38.822] [INFO ]     ├─ WebRTC IP leak protection
[14:44:38.822] [INFO ]     ├─ Network connection spoof
[14:44:38.822] [INFO ]     └─ Battery API spoof
[14:44:38.863] [INFO ] 
[14:44:38.863] [INFO ]     🥷 STEALTH MODE APPLIED
[14:44:38.863] [INFO ]     ├─ Navigator patches (webdriver, plugins, languages)
[14:44:38.863] [INFO ]     ├─ Chrome runtime patches
[14:44:38.863] [INFO ]     ├─ Console patches
[14:44:38.863] [INFO ]     └─ Permission patches
[14:44:38.863] [INFO ] 🛡️ Injected anti-detection scripts at page level
[14:44:38.863] [DEBUG]    └─ Canvas noise, WebGL spoof, Browser patches
[14:44:38.863] [INFO ] 
[14:44:38.863] [INFO ]     🛡️ ANTI-DETECTION SCRIPTS INJECTED (PAGE level)
[14:44:38.863] [INFO ]     ├─ Canvas fingerprint noise
[14:44:38.863] [INFO ]     ├─ WebGL renderer/vendor spoof
[14:44:38.863] [INFO ]     ├─ Hardware concurrency randomization
[14:44:38.863] [INFO ]     ├─ Device memory randomization
[14:44:38.863] [INFO ]     ├─ Plugin masking
[14:44:38.863] [INFO ]     ├─ WebRTC IP leak protection
[14:44:38.863] [INFO ]     ├─ Network connection spoof
[14:44:38.863] [INFO ]     └─ Battery API spoof
[14:44:38.863] [DEBUG] Enabled resource blocking (images, media, fonts)
[14:44:38.863] [INFO ] 
[14:44:38.863] [INFO ]     🔗 NAVIGATING TO URL
[14:44:38.863] [INFO ]     ├─ Strategy:   domcontentloaded
[14:44:38.863] [INFO ]     ├─ Timeout:    15.0s
[14:44:38.863] [INFO ]     └─ Sleep:      1s after load
[14:44:40.415] [INFO ] 
[14:44:40.415] [INFO ]     ✅ PAGE LOADED
[14:44:40.415] [INFO ]     ├─ Final URL:  https://news.google.com/rss/articles/CBMixAFBVV95cUxNWTZZRkMxS1NOY2otRUNrMVNSbzhfbTJGRWZ6cE5IdDlUa1VTS1MtZEd3QnlNN21pRlV6LWZMWExKVlJEdG4xVE9yWnFmZUJjMlJ5Zl91dHdFbkNqZmpEYVJzOGFDUGR4WWcyUlhXbnh2eUZiUTEySzVyRTlxWUJxN0VjWU4xZEp4eG5sNWZpbEVJSWs0Zk9fVzJnXzh0MEpMR3VTVEQ1NFhOeFRfNHRSVHpEOXhzam9fYXpkNUp0dWZxQ1RC?oc=5&hl=en-CA&gl=CA&ceid=CA:en
[14:44:40.415] [INFO ]     ├─ Title:      Google News
[14:44:40.415] [INFO ]     └─ Load Time:  1.55s
[14:44:41.679] [INFO ] 🧑 Human behavior simulation...
[14:44:47.348] [INFO ] 🖱️ Mouse: 1 moves in 1680x1050
[14:44:47.348] [INFO ] 🖱️ Mouse completed: 1 moves
[14:44:47.348] [INFO ] 📜 Scroll: page height, viewport=1050px
[14:44:47.348] [INFO ] 📜 Scroll completed: 2 scrolls
[14:44:47.348] [INFO ] 🧑 Human behavior completed in 5.7s ✓
[14:44:47.348] [INFO ] 
[14:44:47.348] [INFO ]     🧑 HUMAN BEHAVIOR SIMULATED
[14:44:47.348] [INFO ]     ├─ Mouse Movements: 1
[14:44:47.348] [INFO ]     ├─ Scroll Actions:  2
[14:44:47.348] [INFO ]     └─ Time Spent:      5.67s
[14:44:47.475] [INFO ] 
[14:44:47.475] [INFO ]     ┌─ CONTENT METRICS ────────────────────────────────────────────┐
[14:44:47.475] [INFO ]     │ Title:            CI Capital Concludes EGP 665.5m Securitized Bond I
[14:44:47.475] [INFO ]     │ Final URL:        https://news.google.com/rss/articles/CBMixAFBVV95cUxNWTZZRkMxS1NOY2otRUNrMVNSbzhfbTJGRWZ6cE5IdDlUa1VTS1MtZEd3QnlNN21pRlV6LWZMWExKVlJEdG4xVE9yWnFmZUJjMlJ5Zl91dHdFbkNqZmpEYVJzOGFDUGR4WWcyUlhXbnh2eUZiUTEySzVyRTlxWUJxN0VjWU4xZEp4eG5sNWZpbEVJSWs0Zk9fVzJnXzh0MEpMR3VTVEQ1NFhOeFRfNHRSVHpEOXhzam9fYXpkNUp0dWZxQ1RC?oc=5&hl=en-CA&gl=CA&ceid=CA:en
[14:44:47.475] [INFO ]     │ HTML Size:        120,060 bytes
[14:44:47.475] [INFO ]     │ Text Size:        2,872 chars
[14:44:47.475] [INFO ]     │ Word Count:       ~427 words
[14:44:47.475] [INFO ]     │ Extraction:       trafilatura
[14:44:47.475] [INFO ]     │ Has Article:      ✅ Yes
[14:44:47.475] [INFO ]     └──────────────────────────────────────────────────────────────┘
[14:44:47.500] [INFO ] 
[14:44:47.500] [INFO ] ╔══════════════════════════════════════════════════════════════════════════╗
[14:44:47.500] [INFO ] ║  ✅ SCRAPE SUCCESSFUL - SCRAPE_20260225_144438_4FAA
[14:44:47.500] [INFO ] ╠══════════════════════════════════════════════════════════════════════════╣
[14:44:47.500] [INFO ] 
[14:44:47.500] [INFO ]     ┌─ TIMING BREAKDOWN ───────────────────────────────────────────┐
[14:44:47.500] [INFO ]     │ Browser Launch:      0.05s
[14:44:47.500] [INFO ]     │ Page Load:           1.55s
[14:44:47.500] [INFO ]     │ Cloudflare Wait:     0.00s
[14:44:47.500] [INFO ]     │ Human Simulation:    5.67s
[14:44:47.500] [INFO ]     │
[14:44:47.500] [INFO ]     │ Content Extraction:  0.04s
[14:44:47.500] [INFO ]     │ ─────────────────────────────────────────────────────────────
[14:44:47.500] [INFO ]     │ TOTAL TIME:          7.32s
[14:44:47.500] [INFO ]     └──────────────────────────────────────────────────────────────┘
[14:44:47.500] [INFO ] 
[14:44:47.500] [INFO ]     ┌─ CONTENT METRICS ────────────────────────────────────────────┐
[14:44:47.500] [INFO ]     │ Title:            CI Capital Concludes EGP 665.5m Securitized Bond I
[14:44:47.500] [INFO ]     │ Final URL:        https://news.google.com/rss/articles/CBMixAFBVV95cUxNWTZZRkMxS1NOY2otRUNrMVNSbzhfbTJGRWZ6cE5IdDlUa1VTS1MtZEd3QnlNN21pRlV6LWZMWExKVlJEdG4xVE9yWnFmZUJjMlJ5Zl91dHdFbkNqZmpEYVJzOGFDUGR4WWcyUlhXbnh2eUZiUTEySzVyRTlxWUJxN0VjWU4xZEp4eG5sNWZpbEVJSWs0Zk9fVzJnXzh0MEpMR3VTVEQ1NFhOeFRfNHRSVHpEOXhzam9fYXpkNUp0dWZxQ1RC?oc=5&hl=en-CA&gl=CA&ceid=CA:en
[14:44:47.500] [INFO ]     │ HTML Size:        120,060 bytes
[14:44:47.500] [INFO ]     │ Text Size:        2,872 chars
[14:44:47.500] [INFO ]     │ Word Count:       ~427 words
[14:44:47.500] [INFO ]     │ Extraction:       trafilatura
[14:44:47.500] [INFO ]     │ Has Article:      ✅ Yes
[14:44:47.500] [INFO ]     └──────────────────────────────────────────────────────────────┘
[14:44:47.500] [INFO ] ╠══════════════════════════════════════════════════════════════════════════╣
[14:44:47.500] [INFO ] ║  📊 SESSION STATS
[14:44:47.500] [INFO ] ║  ├─ Strategies Tried:   domcontentloaded
[14:44:47.500] [INFO ] ║  ├─ Popups Dismissed:   0
[14:44:47.500] [INFO ] ║  ├─ Cloudflare:         Not detected
[14:44:47.500] [INFO ] ║  └─ Proxy Used:         Direct
[14:44:47.500] [INFO ] ╚══════════════════════════════════════════════════════════════════════════╝
[14:44:47.500] [INFO ] 

================================================================================
STATUS: SUCCESS
TOTAL TIME: 9.04s
ENDED: 2026-02-25T14:44:47.500851+02:00 (Egypt Time)
END OF SCRAPE LOG
================================================================================