================================================================================
SCRAPE LOG: https://www.cyknox.com/en/blog/cyber-security-in-egypt/
Started: 2026-01-29 22:04:58
Session ID: SCRAPE_20260129_220458_0771
================================================================================
[22:04:58.614] [INFO ] 📝 Scrape log: /app/data/logs/scrapes/2026-01-29_220458_cyknox.com.log
[22:04:58.614] [DEBUG] ⏱️ Timeout set to 45s for this scrape
[22:04:58.957] [INFO ] 
[22:04:58.957] [INFO ]     🚀 BROWSER LAUNCHED
[22:04:58.957] [INFO ]     ├─ Mode:       Headless
[22:04:58.957] [INFO ]     ├─ Slow Mo:    51ms
[22:04:58.957] [INFO ]     ├─ Launch Time: 0.06s
[22:04:58.957] [INFO ]     └─ Args:       Anti-automation flags enabled
[22:04:58.974] [DEBUG] Browser profile: viewport={'width': 2560, 'height': 1440}, locale=en-AU, tz=UTC
[22:04:58.974] [INFO ] 
[22:04:58.975] [INFO ] ╔══════════════════════════════════════════════════════════════════════════╗
[22:04:58.975] [INFO ] ║  📋 SESSION: SCRAPE_20260129_220458_0771
[22:04:58.975] [INFO ] ║  🌐 URL: https://www.cyknox.com/en/blog/cyber-security-in-egypt/
[22:04:58.975] [INFO ] ║  🔄 ATTEMPT: 1/2
[22:04:58.975] [INFO ] ║  ⏰ STARTED: 2026-01-29T22:04:58.975032+02:00 (Egypt Time)
[22:04:58.975] [INFO ] ╠══════════════════════════════════════════════════════════════════════════╣
[22:04:58.975] [INFO ] 
[22:04:58.975] [INFO ]     ┌─ BROWSER FINGERPRINT ────────────────────────────────────────┐
[22:04:58.975] [INFO ]     │ Browser:     EDGE v121
[22:04:58.975] [INFO ]     │ User-Agent:  Mozilla/5.0 (Macintosh; Intel Mac OS X 10_15_7) AppleWebKit/537.36 (KH...
[22:04:58.975] [INFO ]     │ Viewport:    2560x1440
[22:04:58.975] [INFO ]     │ Sec-CH-UA:   (not applicable)...
[22:04:58.975] [INFO ]     ├─ LOCATION PROFILE ───────────────────────────────────────────┤
[22:04:58.975] [INFO ]     │ Location:    Brisbane, Australia
[22:04:58.975] [INFO ]     │ Timezone:    N/A
[22:04:58.975] [INFO ]     │ Locale:      en-AU
[22:04:58.975] [INFO ]     │ Geo:         0, 0
[22:04:58.975] [INFO ]     ├─ NETWORK ────────────────────────────────────────────────────┤
[22:04:58.975] [INFO ]     │ Proxy:       Direct (no proxy)
[22:04:58.975] [INFO ]     │ Referrer:    None
[22:04:58.975] [INFO ]     └──────────────────────────────────────────────────────────────┘
[22:04:58.975] [INFO ] ╚══════════════════════════════════════════════════════════════════════════╝
[22:04:58.975] [INFO ] 🛡️ Injected anti-detection scripts at context level
[22:04:58.975] [DEBUG]    └─ Canvas noise, WebGL spoof, Browser patches
[22:04:58.975] [INFO ] 
[22:04:58.975] [INFO ]     🛡️ ANTI-DETECTION SCRIPTS INJECTED (CONTEXT level)
[22:04:58.975] [INFO ]     ├─ Canvas fingerprint noise
[22:04:58.975] [INFO ]     ├─ WebGL renderer/vendor spoof
[22:04:58.975] [INFO ]     ├─ Hardware concurrency randomization
[22:04:58.975] [INFO ]     ├─ Device memory randomization
[22:04:58.975] [INFO ]     ├─ Plugin masking
[22:04:58.975] [INFO ]     ├─ WebRTC IP leak protection
[22:04:58.975] [INFO ]     ├─ Network connection spoof
[22:04:58.975] [INFO ]     └─ Battery API spoof
[22:04:59.016] [INFO ] 
[22:04:59.016] [INFO ]     🥷 STEALTH MODE APPLIED
[22:04:59.016] [INFO ]     ├─ Navigator patches (webdriver, plugins, languages)
[22:04:59.016] [INFO ]     ├─ Chrome runtime patches
[22:04:59.016] [INFO ]     ├─ Console patches
[22:04:59.016] [INFO ]     └─ Permission patches
[22:04:59.016] [INFO ] 🛡️ Injected anti-detection scripts at page level
[22:04:59.016] [DEBUG]    └─ Canvas noise, WebGL spoof, Browser patches
[22:04:59.016] [INFO ] 
[22:04:59.016] [INFO ]     🛡️ ANTI-DETECTION SCRIPTS INJECTED (PAGE level)
[22:04:59.016] [INFO ]     ├─ Canvas fingerprint noise
[22:04:59.016] [INFO ]     ├─ WebGL renderer/vendor spoof
[22:04:59.016] [INFO ]     ├─ Hardware concurrency randomization
[22:04:59.016] [INFO ]     ├─ Device memory randomization
[22:04:59.016] [INFO ]     ├─ Plugin masking
[22:04:59.016] [INFO ]     ├─ WebRTC IP leak protection
[22:04:59.016] [INFO ]     ├─ Network connection spoof
[22:04:59.016] [INFO ]     └─ Battery API spoof
[22:04:59.016] [DEBUG] Enabled resource blocking (images, media, fonts)
[22:04:59.016] [INFO ] 
[22:04:59.016] [INFO ]     🔗 NAVIGATING TO URL
[22:04:59.016] [INFO ]     ├─ Strategy:   domcontentloaded
[22:04:59.016] [INFO ]     ├─ Timeout:    15.0s
[22:04:59.016] [INFO ]     └─ Sleep:      1s after load
[22:05:03.719] [INFO ] 
[22:05:03.719] [INFO ]     ✅ PAGE LOADED
[22:05:03.719] [INFO ]     ├─ Final URL:  https://www.cyknox.com/en/blog/cyber-security-in-egypt/
[22:05:03.719] [INFO ]     ├─ Title:      Cyber Security in Egypt
[22:05:03.719] [INFO ]     └─ Load Time:  4.70s
[22:05:05.542] [INFO ] 🧑 Human behavior simulation...
[22:05:11.262] [INFO ] 🖱️ Mouse: 3 moves in 2560x1440
[22:05:11.262] [INFO ] 🖱️ Mouse completed: 3 moves
[22:05:11.262] [INFO ] 📜 Scroll: page height, viewport=1440px
[22:05:11.262] [INFO ] 📜 Scroll completed: 2 scrolls
[22:05:11.262] [INFO ] 🧑 Human behavior completed in 5.7s ✓
[22:05:11.262] [INFO ] 
[22:05:11.262] [INFO ]     🧑 HUMAN BEHAVIOR SIMULATED
[22:05:11.262] [INFO ]     ├─ Mouse Movements: 3
[22:05:11.262] [INFO ]     ├─ Scroll Actions:  2
[22:05:11.262] [INFO ]     └─ Time Spent:      5.72s
[22:05:11.410] [INFO ] 
[22:05:11.410] [INFO ]     ┌─ CONTENT METRICS ────────────────────────────────────────────┐
[22:05:11.410] [INFO ]     │ Title:            Cyber Security in Egypt
[22:05:11.410] [INFO ]     │ Final URL:        https://www.cyknox.com/en/blog/cyber-security-in-egypt/
[22:05:11.410] [INFO ]     │ HTML Size:        115,466 bytes
[22:05:11.410] [INFO ]     │ Text Size:        4,438 chars
[22:05:11.410] [INFO ]     │ Word Count:       ~601 words
[22:05:11.410] [INFO ]     │ Extraction:       trafilatura
[22:05:11.410] [INFO ]     │ Has Article:      ✅ Yes
[22:05:11.410] [INFO ]     └──────────────────────────────────────────────────────────────┘
[22:05:11.438] [INFO ] 
[22:05:11.438] [INFO ] ╔══════════════════════════════════════════════════════════════════════════╗
[22:05:11.438] [INFO ] ║  ✅ SCRAPE SUCCESSFUL - SCRAPE_20260129_220458_0771
[22:05:11.438] [INFO ] ╠══════════════════════════════════════════════════════════════════════════╣
[22:05:11.438] [INFO ] 
[22:05:11.438] [INFO ]     ┌─ TIMING BREAKDOWN ───────────────────────────────────────────┐
[22:05:11.438] [INFO ]     │ Browser Launch:      0.06s
[22:05:11.438] [INFO ]     │ Page Load:           4.70s
[22:05:11.438] [INFO ]     │ Cloudflare Wait:     0.00s
[22:05:11.438] [INFO ]     │ Human Simulation:    5.72s
[22:05:11.438] [INFO ]     │
[22:05:11.438] [INFO ]     │ Content Extraction:  0.07s
[22:05:11.438] [INFO ]     │ ─────────────────────────────────────────────────────────────
[22:05:11.438] [INFO ]     │ TOTAL TIME:          10.55s
[22:05:11.438] [INFO ]     └──────────────────────────────────────────────────────────────┘
[22:05:11.438] [INFO ] 
[22:05:11.438] [INFO ]     ┌─ CONTENT METRICS ────────────────────────────────────────────┐
[22:05:11.438] [INFO ]     │ Title:            Cyber Security in Egypt
[22:05:11.438] [INFO ]     │ Final URL:        https://www.cyknox.com/en/blog/cyber-security-in-egypt/
[22:05:11.438] [INFO ]     │ HTML Size:        115,466 bytes
[22:05:11.438] [INFO ]     │ Text Size:        4,438 chars
[22:05:11.438] [INFO ]     │ Word Count:       ~601 words
[22:05:11.438] [INFO ]     │ Extraction:       trafilatura
[22:05:11.438] [INFO ]     │ Has Article:      ✅ Yes
[22:05:11.438] [INFO ]     └──────────────────────────────────────────────────────────────┘
[22:05:11.438] [INFO ] ╠══════════════════════════════════════════════════════════════════════════╣
[22:05:11.438] [INFO ] ║  📊 SESSION STATS
[22:05:11.438] [INFO ] ║  ├─ Strategies Tried:   domcontentloaded
[22:05:11.438] [INFO ] ║  ├─ Popups Dismissed:   0
[22:05:11.438] [INFO ] ║  ├─ Cloudflare:         Not detected
[22:05:11.438] [INFO ] ║  └─ Proxy Used:         Direct
[22:05:11.438] [INFO ] ╚══════════════════════════════════════════════════════════════════════════╝
[22:05:11.438] [INFO ] 

================================================================================
STATUS: SUCCESS
TOTAL TIME: 12.82s
ENDED: 2026-01-29T22:05:11.438705+02:00 (Egypt Time)
END OF SCRAPE LOG
================================================================================