================================================================================
SCRAPE LOG: https://www.glaco.com/blog/nbf-fintech-startups-incorporation-and-licensing-a-more-specific-take-by-the-fra/
Started: 2026-01-26 11:53:17
Session ID: SCRAPE_20260126_115317_08BC
================================================================================
[11:53:17.455] [INFO ] 📝 Scrape log: /app/data/logs/scrapes/2026-01-26_115317_glaco.com.log
[11:53:17.455] [DEBUG] ⏱️ Timeout set to 45s for this scrape
[11:53:17.793] [INFO ] 
[11:53:17.793] [INFO ]     🚀 BROWSER LAUNCHED
[11:53:17.793] [INFO ]     ├─ Mode:       Headless
[11:53:17.793] [INFO ]     ├─ Slow Mo:    45ms
[11:53:17.793] [INFO ]     ├─ Launch Time: 0.06s
[11:53:17.793] [INFO ]     └─ Args:       Anti-automation flags enabled
[11:53:17.812] [DEBUG] Browser profile: viewport={'width': 1600, 'height': 900}, locale=en-SG, tz=UTC
[11:53:17.812] [INFO ] 
[11:53:17.812] [INFO ] ╔══════════════════════════════════════════════════════════════════════════╗
[11:53:17.812] [INFO ] ║  📋 SESSION: SCRAPE_20260126_115317_08BC
[11:53:17.812] [INFO ] ║  🌐 URL: https://www.glaco.com/blog/nbf-fintech-startups-incorporation-and-licensing-a-more-specific-take-by-the-fra/
[11:53:17.812] [INFO ] ║  🔄 ATTEMPT: 1/2
[11:53:17.812] [INFO ] ║  ⏰ STARTED: 2026-01-26T11:53:17.812182+02:00 (Egypt Time)
[11:53:17.812] [INFO ] ╠══════════════════════════════════════════════════════════════════════════╣
[11:53:17.812] [INFO ] 
[11:53:17.812] [INFO ]     ┌─ BROWSER FINGERPRINT ────────────────────────────────────────┐
[11:53:17.812] [INFO ]     │ Browser:     CHROME v120
[11:53:17.812] [INFO ]     │ User-Agent:  Mozilla/5.0 (Windows NT 11.0; Win64; x64) AppleWebKit/537.36 (KHTML, l...
[11:53:17.812] [INFO ]     │ Viewport:    1600x900
[11:53:17.812] [INFO ]     │ Sec-CH-UA:   (not applicable)...
[11:53:17.812] [INFO ]     ├─ LOCATION PROFILE ───────────────────────────────────────────┤
[11:53:17.812] [INFO ]     │ Location:    Singapore
[11:53:17.812] [INFO ]     │ Timezone:    N/A
[11:53:17.812] [INFO ]     │ Locale:      en-SG
[11:53:17.812] [INFO ]     │ Geo:         0, 0
[11:53:17.812] [INFO ]     ├─ NETWORK ────────────────────────────────────────────────────┤
[11:53:17.812] [INFO ]     │ Proxy:       Direct (no proxy)
[11:53:17.812] [INFO ]     │ Referrer:    None
[11:53:17.812] [INFO ]     └──────────────────────────────────────────────────────────────┘
[11:53:17.812] [INFO ] ╚══════════════════════════════════════════════════════════════════════════╝
[11:53:17.812] [INFO ] 🛡️ Injected anti-detection scripts at context level
[11:53:17.812] [DEBUG]    └─ Canvas noise, WebGL spoof, Browser patches
[11:53:17.812] [INFO ] 
[11:53:17.812] [INFO ]     🛡️ ANTI-DETECTION SCRIPTS INJECTED (CONTEXT level)
[11:53:17.812] [INFO ]     ├─ Canvas fingerprint noise
[11:53:17.812] [INFO ]     ├─ WebGL renderer/vendor spoof
[11:53:17.812] [INFO ]     ├─ Hardware concurrency randomization
[11:53:17.812] [INFO ]     ├─ Device memory randomization
[11:53:17.812] [INFO ]     ├─ Plugin masking
[11:53:17.812] [INFO ]     ├─ WebRTC IP leak protection
[11:53:17.812] [INFO ]     ├─ Network connection spoof
[11:53:17.812] [INFO ]     └─ Battery API spoof
[11:53:17.853] [INFO ] 
[11:53:17.853] [INFO ]     🥷 STEALTH MODE APPLIED
[11:53:17.853] [INFO ]     ├─ Navigator patches (webdriver, plugins, languages)
[11:53:17.853] [INFO ]     ├─ Chrome runtime patches
[11:53:17.853] [INFO ]     ├─ Console patches
[11:53:17.853] [INFO ]     └─ Permission patches
[11:53:17.853] [INFO ] 🛡️ Injected anti-detection scripts at page level
[11:53:17.853] [DEBUG]    └─ Canvas noise, WebGL spoof, Browser patches
[11:53:17.853] [INFO ] 
[11:53:17.853] [INFO ]     🛡️ ANTI-DETECTION SCRIPTS INJECTED (PAGE level)
[11:53:17.853] [INFO ]     ├─ Canvas fingerprint noise
[11:53:17.853] [INFO ]     ├─ WebGL renderer/vendor spoof
[11:53:17.853] [INFO ]     ├─ Hardware concurrency randomization
[11:53:17.853] [INFO ]     ├─ Device memory randomization
[11:53:17.853] [INFO ]     ├─ Plugin masking
[11:53:17.853] [INFO ]     ├─ WebRTC IP leak protection
[11:53:17.853] [INFO ]     ├─ Network connection spoof
[11:53:17.853] [INFO ]     └─ Battery API spoof
[11:53:17.853] [DEBUG] Enabled resource blocking (images, media, fonts)
[11:53:17.853] [INFO ] 
[11:53:17.853] [INFO ]     🔗 NAVIGATING TO URL
[11:53:17.853] [INFO ]     ├─ Strategy:   domcontentloaded
[11:53:17.853] [INFO ]     ├─ Timeout:    15.0s
[11:53:17.853] [INFO ]     └─ Sleep:      1s after load
[11:53:19.941] [INFO ] 
[11:53:19.941] [INFO ]     ✅ PAGE LOADED
[11:53:19.941] [INFO ]     ├─ Final URL:  https://www.glaco.com/blog/nbf-fintech-startups-incorporation-and-licensing-a-more-specific-take-by-the-fra/
[11:53:19.941] [INFO ]     ├─ Title:      NBF FinTech Startups Incorporation and Licensing – A More Specific Take By The FRA - GLA & Company
[11:53:19.941] [INFO ]     └─ Load Time:  2.09s
[11:53:21.126] [INFO ] 🧑 Human behavior simulation...
[11:53:25.423] [INFO ] 🖱️ Mouse: 2 moves in 1600x900
[11:53:25.423] [INFO ] 🖱️ Mouse completed: 2 moves
[11:53:25.423] [INFO ] 📜 Scroll: page height, viewport=900px
[11:53:25.423] [INFO ] 📜 Scroll completed: 3 scrolls
[11:53:25.423] [INFO ] 🧑 Human behavior completed in 4.3s ✓
[11:53:25.423] [INFO ] 
[11:53:25.423] [INFO ]     🧑 HUMAN BEHAVIOR SIMULATED
[11:53:25.423] [INFO ]     ├─ Mouse Movements: 2
[11:53:25.423] [INFO ]     ├─ Scroll Actions:  3
[11:53:25.423] [INFO ]     └─ Time Spent:      4.30s
[11:53:25.520] [INFO ] 
[11:53:25.520] [INFO ]     ┌─ CONTENT METRICS ────────────────────────────────────────────┐
[11:53:25.520] [INFO ]     │ Title:            NBF FinTech Startups Incorporation and Licensing –
[11:53:25.520] [INFO ]     │ Final URL:        https://www.glaco.com/blog/nbf-fintech-startups-incorporation-and-licensing-a-more-specific-take-by-the-fra/
[11:53:25.520] [INFO ]     │ HTML Size:        58,908 bytes
[11:53:25.520] [INFO ]     │ Text Size:        4,847 chars
[11:53:25.520] [INFO ]     │ Word Count:       ~713 words
[11:53:25.520] [INFO ]     │ Extraction:       trafilatura
[11:53:25.520] [INFO ]     │ Has Article:      ✅ Yes
[11:53:25.520] [INFO ]     └──────────────────────────────────────────────────────────────┘
[11:53:25.545] [INFO ] 
[11:53:25.545] [INFO ] ╔══════════════════════════════════════════════════════════════════════════╗
[11:53:25.545] [INFO ] ║  ✅ SCRAPE SUCCESSFUL - SCRAPE_20260126_115317_08BC
[11:53:25.545] [INFO ] ╠══════════════════════════════════════════════════════════════════════════╣
[11:53:25.545] [INFO ] 
[11:53:25.545] [INFO ]     ┌─ TIMING BREAKDOWN ───────────────────────────────────────────┐
[11:53:25.545] [INFO ]     │ Browser Launch:      0.06s
[11:53:25.545] [INFO ]     │ Page Load:           2.09s
[11:53:25.545] [INFO ]     │ Cloudflare Wait:     0.00s
[11:53:25.545] [INFO ]     │ Human Simulation:    4.30s
[11:53:25.545] [INFO ]     │
[11:53:25.545] [INFO ]     │ Content Extraction:  0.03s
[11:53:25.545] [INFO ]     │ ─────────────────────────────────────────────────────────────
[11:53:25.545] [INFO ]     │ TOTAL TIME:          6.47s
[11:53:25.545] [INFO ]     └──────────────────────────────────────────────────────────────┘
[11:53:25.545] [INFO ] 
[11:53:25.545] [INFO ]     ┌─ CONTENT METRICS ────────────────────────────────────────────┐
[11:53:25.545] [INFO ]     │ Title:            NBF FinTech Startups Incorporation and Licensing –
[11:53:25.545] [INFO ]     │ Final URL:        https://www.glaco.com/blog/nbf-fintech-startups-incorporation-and-licensing-a-more-specific-take-by-the-fra/
[11:53:25.545] [INFO ]     │ HTML Size:        58,908 bytes
[11:53:25.545] [INFO ]     │ Text Size:        4,847 chars
[11:53:25.545] [INFO ]     │ Word Count:       ~713 words
[11:53:25.545] [INFO ]     │ Extraction:       trafilatura
[11:53:25.545] [INFO ]     │ Has Article:      ✅ Yes
[11:53:25.545] [INFO ]     └──────────────────────────────────────────────────────────────┘
[11:53:25.545] [INFO ] ╠══════════════════════════════════════════════════════════════════════════╣
[11:53:25.545] [INFO ] ║  📊 SESSION STATS
[11:53:25.545] [INFO ] ║  ├─ Strategies Tried:   domcontentloaded
[11:53:25.545] [INFO ] ║  ├─ Popups Dismissed:   0
[11:53:25.545] [INFO ] ║  ├─ Cloudflare:         Not detected
[11:53:25.545] [INFO ] ║  └─ Proxy Used:         Direct
[11:53:25.545] [INFO ] ╚══════════════════════════════════════════════════════════════════════════╝
[11:53:25.545] [INFO ] 

================================================================================
STATUS: SUCCESS
TOTAL TIME: 8.09s
ENDED: 2026-01-26T11:53:25.545530+02:00 (Egypt Time)
END OF SCRAPE LOG
================================================================================