================================================================================
SCRAPE LOG: https://sis.gov.eg/en/media-center/news/distinguished-egyptian-participation-in-the-brussels-international-bus-show/
Started: 2026-01-14 15:55:43
Session ID: N/A
================================================================================
[15:55:43.091] [INFO ] 📝 Scrape log: logs/scrapes/2026-01-14_155543_sis.gov.eg.log
[15:55:43.092] [DEBUG] ⏱️ Timeout set to 45s for this scrape
[15:55:44.383] [INFO ] 
    🚀 BROWSER LAUNCHED
    ├─ Mode:       Visible
    ├─ Slow Mo:    265ms
    ├─ Launch Time: 1.29s
    └─ Args:       Anti-automation flags enabled
[15:55:44.391] [DEBUG] Browser profile: viewport={'width': 1366, 'height': 768}, locale=en-US, tz=America/New_York
[15:55:44.392] [INFO ] 
╔══════════════════════════════════════════════════════════════════════════╗
║  📋 SESSION: SCRAPE_20260114_155543_0001
║  🌐 URL: https://sis.gov.eg/en/media-center/news/distinguished-egyptian-pa...
║  🔄 ATTEMPT: 1/3
║  ⏰ STARTED: 2026-01-14T15:55:43.092333
╠══════════════════════════════════════════════════════════════════════════╣

    ┌─ BROWSER FINGERPRINT ────────────────────────────────────────┐
    │ Browser:     FIREFOX v125 on WINDOWS
    │ User-Agent:  Mozilla/5.0 (Windows NT 10.0; Win64; x64; rv:125.0) Gecko/20100101 Fir...
    │ Viewport:    1366x768
    │ Sec-CH-UA:   (not applicable)...
    ├─ LOCATION PROFILE ───────────────────────────────────────────┤
    │ Location:    Miami, USA
    │ Timezone:    America/New_York
    │ Locale:      en-US
    │ Geo:         25.7617, -80.1918
    ├─ NETWORK ────────────────────────────────────────────────────┤
    │ Proxy:       Direct (no proxy)
    │ Referrer:    https://www.google.com/
    └──────────────────────────────────────────────────────────────┘
╚══════════════════════════════════════════════════════════════════════════╝
[15:55:45.393] [INFO ] 🛡️ Injected anti-detection scripts at context level
[15:55:45.394] [DEBUG]    └─ Canvas noise, WebGL spoof, Browser patches
[15:55:45.397] [INFO ] 
    🛡️ ANTI-DETECTION SCRIPTS INJECTED (CONTEXT level)
    ├─ Canvas fingerprint noise
    ├─ WebGL renderer/vendor spoof
    ├─ Hardware concurrency randomization
    ├─ Device memory randomization
    ├─ Plugin masking
    ├─ WebRTC IP leak protection
    ├─ Network connection spoof
    └─ Battery API spoof
[15:55:45.540] [INFO ] 
    🥷 STEALTH MODE APPLIED
    ├─ Navigator patches (webdriver, plugins, languages)
    ├─ Chrome runtime patches
    ├─ Console patches  
    └─ Permission patches
[15:55:45.555] [INFO ] 🛡️ Injected anti-detection scripts at page level
[15:55:45.555] [DEBUG]    └─ Canvas noise, WebGL spoof, Browser patches
[15:55:45.560] [INFO ] 
    🛡️ ANTI-DETECTION SCRIPTS INJECTED (PAGE level)
    ├─ Canvas fingerprint noise
    ├─ WebGL renderer/vendor spoof
    ├─ Hardware concurrency randomization
    ├─ Device memory randomization
    ├─ Plugin masking
    ├─ WebRTC IP leak protection
    ├─ Network connection spoof
    └─ Battery API spoof
[15:55:45.564] [DEBUG] Enabled resource blocking (images, media, fonts)
[15:55:45.565] [INFO ] 
    🔗 NAVIGATING TO URL
    ├─ Strategy:   domcontentloaded
    ├─ Timeout:    40.0s
    └─ Sleep:      4s after load
[15:55:49.454] [INFO ] 
    ✅ PAGE LOADED
    ├─ Final URL:  https://sis.gov.eg/en/media-center/news/distinguished-egypti...
    ├─ Title:      Distinguished Egyptian Participation in the Brusse...
    └─ Load Time:  5.07s
[15:55:56.363] [DEBUG] 🧑 Starting human behavior simulation with 12.0s budget
[15:56:12.607] [DEBUG] Simulated 4 natural mouse movements
[15:56:13.298] [DEBUG] Scroll simulation skipped: name 'top' is not defined
[15:56:13.664] [DEBUG] 🧑 Human behavior simulation completed
[15:56:13.664] [INFO ] 
    🧑 HUMAN BEHAVIOR SIMULATED
    ├─ Mouse Movements: 5
    ├─ Scroll Actions:  5
    └─ Time Spent:      25.50s
[15:56:13.664] [DEBUG] ⏱️ Scrape in progress: 31s elapsed, 14s remaining (human_behavior)
[15:56:13.764] [INFO ]   📄 Fallback extraction using selector: 'main'
[15:56:13.765] [INFO ] 
    ┌─ CONTENT METRICS ────────────────────────────────────────────┐
    │ Title:            Distinguished Egyptian Participation in the Brusse...
    │ Final URL:        https://sis.gov.eg/en/media-center/news/distinguished-egypti...
    │ HTML Size:        128,966 bytes
    │ Text Size:        5,516 chars
    │ Word Count:       ~9 words
    │ Extraction:       fallback:main
    │ Has Article:      ✅ Yes
    └──────────────────────────────────────────────────────────────┘
[15:56:13.780] [INFO ] 
╔══════════════════════════════════════════════════════════════════════════╗
║  ✅ SCRAPE SUCCESSFUL - SCRAPE_20260114_155543_0001
╠══════════════════════════════════════════════════════════════════════════╣

    ┌─ TIMING BREAKDOWN ───────────────────────────────────────────┐
    │ Browser Launch:      1.29s
    │ Page Load:           5.07s
    │ Cloudflare Wait:     0.00s
    │ Human Simulation:    25.50s
    │ Content Extraction:  5.17s
    │ ─────────────────────────────────────────────────────────────
    │ TOTAL TIME:          30.69s
    └──────────────────────────────────────────────────────────────┘

    ┌─ CONTENT METRICS ────────────────────────────────────────────┐
    │ Title:            Distinguished Egyptian Participation in the Brusse...
    │ Final URL:        https://sis.gov.eg/en/media-center/news/distinguished-egypti...
    │ HTML Size:        128,966 bytes
    │ Text Size:        5,516 chars
    │ Word Count:       ~9 words
    │ Extraction:       fallback:main
    │ Has Article:      ✅ Yes
    └──────────────────────────────────────────────────────────────┘
╠══════════════════════════════════════════════════════════════════════════╣
║  📊 SESSION STATS
║  ├─ Strategies Tried:   domcontentloaded
║  ├─ Popups Dismissed:   0
║  ├─ Cloudflare:         Not detected
║  └─ Proxy Used:         Direct
╚══════════════════════════════════════════════════════════════════════════╝

================================================================================
STATUS: SUCCESS
TOTAL TIME: 31.24s
END OF SCRAPE LOG
================================================================================
