================================================================================
SCRAPE LOG: https://httpstat.us/500
Started: 2026-01-14 15:36:35
Session ID: N/A
================================================================================
[15:36:35.363] [INFO ] 📝 Scrape log: logs/scrapes/2026-01-14_153635_httpstat.us.log
[15:36:35.363] [DEBUG] ⏱️ Timeout set to 20s for this scrape
[15:36:36.149] [INFO ] 
    🚀 BROWSER LAUNCHED
    ├─ Mode:       Headless
    ├─ Slow Mo:    178ms
    ├─ Launch Time: 0.79s
    └─ Args:       Anti-automation flags enabled
[15:36:36.150] [DEBUG] Browser profile: viewport={'width': 1280, 'height': 800}, locale=en-US, tz=America/Phoenix
[15:36:36.151] [INFO ] 
╔══════════════════════════════════════════════════════════════════════════╗
║  📋 SESSION: SCRAPE_20260114_153635_0001
║  🌐 URL: https://httpstat.us/500
║  🔄 ATTEMPT: 1/3
║  ⏰ STARTED: 2026-01-14T15:36:35.363333
╠══════════════════════════════════════════════════════════════════════════╣

    ┌─ BROWSER FINGERPRINT ────────────────────────────────────────┐
    │ Browser:     CHROME v120 on LINUX
    │ User-Agent:  Mozilla/5.0 (X11; Linux x86_64) AppleWebKit/537.36 (KHTML, like Gecko)...
    │ Viewport:    1280x800
    │ Sec-CH-UA:   "Not_A Brand";v="8", "Chromium";v="120", "Google C...
    ├─ LOCATION PROFILE ───────────────────────────────────────────┤
    │ Location:    Phoenix, USA
    │ Timezone:    America/Phoenix
    │ Locale:      en-US
    │ Geo:         33.4484, -112.0740
    ├─ NETWORK ────────────────────────────────────────────────────┤
    │ Proxy:       Direct (no proxy)
    │ Referrer:    Direct visit
    └──────────────────────────────────────────────────────────────┘
╚══════════════════════════════════════════════════════════════════════════╝
[15:36:36.180] [INFO ] 🛡️ Injected anti-detection scripts at context level
[15:36:36.181] [DEBUG]    └─ Canvas noise, WebGL spoof, Browser patches
[15:36:36.183] [INFO ] 
    🛡️ ANTI-DETECTION SCRIPTS INJECTED (CONTEXT level)
    ├─ Canvas fingerprint noise
    ├─ WebGL renderer/vendor spoof
    ├─ Hardware concurrency randomization
    ├─ Device memory randomization
    ├─ Plugin masking
    ├─ WebRTC IP leak protection
    ├─ Network connection spoof
    └─ Battery API spoof
[15:36:37.075] [INFO ] 
    🥷 STEALTH MODE APPLIED
    ├─ Navigator patches (webdriver, plugins, languages)
    ├─ Chrome runtime patches
    ├─ Console patches  
    └─ Permission patches
[15:36:37.087] [INFO ] 🛡️ Injected anti-detection scripts at page level
[15:36:37.087] [DEBUG]    └─ Canvas noise, WebGL spoof, Browser patches
[15:36:37.096] [INFO ] 
    🛡️ ANTI-DETECTION SCRIPTS INJECTED (PAGE level)
    ├─ Canvas fingerprint noise
    ├─ WebGL renderer/vendor spoof
    ├─ Hardware concurrency randomization
    ├─ Device memory randomization
    ├─ Plugin masking
    ├─ WebRTC IP leak protection
    ├─ Network connection spoof
    └─ Battery API spoof
[15:36:37.101] [DEBUG] Enabled resource blocking (images, media, fonts)
[15:36:37.101] [INFO ] 
    🔗 NAVIGATING TO URL
    ├─ Strategy:   domcontentloaded
    ├─ Timeout:    40.0s
    └─ Sleep:      4s after load
[15:36:37.800] [INFO ] 
    🔗 NAVIGATING TO URL
    ├─ Strategy:   load
    ├─ Timeout:    60.0s
    └─ Sleep:      3s after load
[15:36:38.627] [INFO ] 
    🔗 NAVIGATING TO URL
    ├─ Strategy:   networkidle
    ├─ Timeout:    80.0s
    └─ Sleep:      2s after load
[15:36:39.449] [ERROR] 
╔══════════════════════════════════════════════════════════════════════════╗
║  ❌ SCRAPE FAILED - SCRAPE_20260114_153635_0001
╠══════════════════════════════════════════════════════════════════════════╣
║  🚫 ERROR DETAILS
║  ├─ Type:        extraction_failed
║  ├─ Message:     Content too short or empty (len=0)
║  ├─ Likely Ban:  🟢 NO
║  └─ Screenshot:  Not saved
╠──────────────────────────────────────────────────────────────────────────╣

    ┌─ BROWSER FINGERPRINT ────────────────────────────────────────┐
    │ Browser:     CHROME v120 on LINUX
    │ User-Agent:  Mozilla/5.0 (X11; Linux x86_64) AppleWebKit/537.36 (KHTML, like Gecko)...
    │ Viewport:    1280x800
    │ Sec-CH-UA:   "Not_A Brand";v="8", "Chromium";v="120", "Google C...
    ├─ LOCATION PROFILE ───────────────────────────────────────────┤
    │ Location:    Phoenix, USA
    │ Timezone:    America/Phoenix
    │ Locale:      en-US
    │ Geo:         33.4484, -112.0740
    ├─ NETWORK ────────────────────────────────────────────────────┤
    │ Proxy:       Direct (no proxy)
    │ Referrer:    Direct visit
    └──────────────────────────────────────────────────────────────┘

    ┌─ TIMING BREAKDOWN ───────────────────────────────────────────┐
    │ Browser Launch:      0.79s
    │ Page Load:           0.00s
    │ Cloudflare Wait:     0.00s
    │ Human Simulation:    0.00s
    │ Content Extraction:  0.00s
    │ ─────────────────────────────────────────────────────────────
    │ TOTAL TIME:          4.09s
    └──────────────────────────────────────────────────────────────┘
╠──────────────────────────────────────────────────────────────────────────╣
║  📊 SESSION STATS
║  ├─ Attempt:            1/3
║  ├─ Strategies Tried:   domcontentloaded, load, networkidle
║  └─ Proxy Used:         Direct
╚══════════════════════════════════════════════════════════════════════════╝
[15:36:39.544] [INFO ]   🔄 Retry attempt 2/3...
[15:36:47.375] [DEBUG] ⏱️ Timeout set to 20s for this scrape
[15:36:48.334] [INFO ] 
    🚀 BROWSER LAUNCHED
    ├─ Mode:       Headless
    ├─ Slow Mo:    181ms
    ├─ Launch Time: 0.96s
    └─ Args:       Anti-automation flags enabled
[15:36:48.335] [DEBUG] Browser profile: viewport={'width': 1920, 'height': 1080}, locale=en-GB, tz=Europe/London
[15:36:48.336] [INFO ] 
╔══════════════════════════════════════════════════════════════════════════╗
║  📋 SESSION: SCRAPE_20260114_153647_0002
║  🌐 URL: https://httpstat.us/500
║  🔄 ATTEMPT: 2/3
║  ⏰ STARTED: 2026-01-14T15:36:47.374823
╠══════════════════════════════════════════════════════════════════════════╣

    ┌─ BROWSER FINGERPRINT ────────────────────────────────────────┐
    │ Browser:     SAFARI v605 on MACOS
    │ User-Agent:  Mozilla/5.0 (Macintosh; Intel Mac OS X 13_6) AppleWebKit/605.1.15 (KHT...
    │ Viewport:    1920x1080
    │ Sec-CH-UA:   (not applicable)...
    ├─ LOCATION PROFILE ───────────────────────────────────────────┤
    │ Location:    Birmingham, UK
    │ Timezone:    Europe/London
    │ Locale:      en-GB
    │ Geo:         52.4862, -1.8904
    ├─ NETWORK ────────────────────────────────────────────────────┤
    │ Proxy:       Direct (no proxy)
    │ Referrer:    https://t.co/
    └──────────────────────────────────────────────────────────────┘
╚══════════════════════════════════════════════════════════════════════════╝
[15:36:48.377] [INFO ] 🛡️ Injected anti-detection scripts at context level
[15:36:48.377] [DEBUG]    └─ Canvas noise, WebGL spoof, Browser patches
[15:36:48.382] [INFO ] 
    🛡️ ANTI-DETECTION SCRIPTS INJECTED (CONTEXT level)
    ├─ Canvas fingerprint noise
    ├─ WebGL renderer/vendor spoof
    ├─ Hardware concurrency randomization
    ├─ Device memory randomization
    ├─ Plugin masking
    ├─ WebRTC IP leak protection
    ├─ Network connection spoof
    └─ Battery API spoof
[15:36:49.386] [INFO ] 
    🥷 STEALTH MODE APPLIED
    ├─ Navigator patches (webdriver, plugins, languages)
    ├─ Chrome runtime patches
    ├─ Console patches  
    └─ Permission patches
[15:36:49.401] [INFO ] 🛡️ Injected anti-detection scripts at page level
[15:36:49.401] [DEBUG]    └─ Canvas noise, WebGL spoof, Browser patches
[15:36:49.404] [INFO ] 
    🛡️ ANTI-DETECTION SCRIPTS INJECTED (PAGE level)
    ├─ Canvas fingerprint noise
    ├─ WebGL renderer/vendor spoof
    ├─ Hardware concurrency randomization
    ├─ Device memory randomization
    ├─ Plugin masking
    ├─ WebRTC IP leak protection
    ├─ Network connection spoof
    └─ Battery API spoof
[15:36:49.414] [DEBUG] Enabled resource blocking (images, media, fonts)
[15:36:49.414] [INFO ] 
    🔗 NAVIGATING TO URL
    ├─ Strategy:   domcontentloaded
    ├─ Timeout:    40.0s
    └─ Sleep:      4s after load
[15:36:50.195] [INFO ] 
    🔗 NAVIGATING TO URL
    ├─ Strategy:   load
    ├─ Timeout:    60.0s
    └─ Sleep:      3s after load
[15:36:51.019] [INFO ] 
    🔗 NAVIGATING TO URL
    ├─ Strategy:   networkidle
    ├─ Timeout:    80.0s
    └─ Sleep:      2s after load
[15:36:51.843] [ERROR] 
╔══════════════════════════════════════════════════════════════════════════╗
║  ❌ SCRAPE FAILED - SCRAPE_20260114_153647_0002
╠══════════════════════════════════════════════════════════════════════════╣
║  🚫 ERROR DETAILS
║  ├─ Type:        extraction_failed
║  ├─ Message:     Content too short or empty (len=0)
║  ├─ Likely Ban:  🟢 NO
║  └─ Screenshot:  Not saved
╠──────────────────────────────────────────────────────────────────────────╣

    ┌─ BROWSER FINGERPRINT ────────────────────────────────────────┐
    │ Browser:     SAFARI v605 on MACOS
    │ User-Agent:  Mozilla/5.0 (Macintosh; Intel Mac OS X 13_6) AppleWebKit/605.1.15 (KHT...
    │ Viewport:    1920x1080
    │ Sec-CH-UA:   (not applicable)...
    ├─ LOCATION PROFILE ───────────────────────────────────────────┤
    │ Location:    Birmingham, UK
    │ Timezone:    Europe/London
    │ Locale:      en-GB
    │ Geo:         52.4862, -1.8904
    ├─ NETWORK ────────────────────────────────────────────────────┤
    │ Proxy:       Direct (no proxy)
    │ Referrer:    https://t.co/
    └──────────────────────────────────────────────────────────────┘

    ┌─ TIMING BREAKDOWN ───────────────────────────────────────────┐
    │ Browser Launch:      0.96s
    │ Page Load:           0.00s
    │ Cloudflare Wait:     0.00s
    │ Human Simulation:    0.00s
    │ Content Extraction:  0.00s
    │ ─────────────────────────────────────────────────────────────
    │ TOTAL TIME:          4.47s
    └──────────────────────────────────────────────────────────────┘
╠──────────────────────────────────────────────────────────────────────────╣
║  📊 SESSION STATS
║  ├─ Attempt:            2/3
║  ├─ Strategies Tried:   domcontentloaded, load, networkidle
║  └─ Proxy Used:         Direct
╚══════════════════════════════════════════════════════════════════════════╝
[15:36:51.921] [INFO ]   🔄 Retry attempt 3/3...
[15:36:59.015] [DEBUG] ⏱️ Timeout set to 20s for this scrape
[15:36:59.818] [INFO ] 
    🚀 BROWSER LAUNCHED
    ├─ Mode:       Headless
    ├─ Slow Mo:    286ms
    ├─ Launch Time: 0.80s
    └─ Args:       Anti-automation flags enabled
[15:36:59.819] [DEBUG] Browser profile: viewport={'width': 1280, 'height': 800}, locale=en-CA, tz=America/Toronto
[15:36:59.819] [INFO ] 
╔══════════════════════════════════════════════════════════════════════════╗
║  📋 SESSION: SCRAPE_20260114_153659_0003
║  🌐 URL: https://httpstat.us/500
║  🔄 ATTEMPT: 3/3
║  ⏰ STARTED: 2026-01-14T15:36:59.015017
╠══════════════════════════════════════════════════════════════════════════╣

    ┌─ BROWSER FINGERPRINT ────────────────────────────────────────┐
    │ Browser:     CHROME v120 on LINUX
    │ User-Agent:  Mozilla/5.0 (X11; Linux x86_64) AppleWebKit/537.36 (KHTML, like Gecko)...
    │ Viewport:    1280x800
    │ Sec-CH-UA:   "Not_A Brand";v="8", "Chromium";v="120", "Google C...
    ├─ LOCATION PROFILE ───────────────────────────────────────────┤
    │ Location:    Toronto, Canada
    │ Timezone:    America/Toronto
    │ Locale:      en-CA
    │ Geo:         43.6532, -79.3832
    ├─ NETWORK ────────────────────────────────────────────────────┤
    │ Proxy:       Direct (no proxy)
    │ Referrer:    https://news.google.com/
    └──────────────────────────────────────────────────────────────┘
╚══════════════════════════════════════════════════════════════════════════╝
[15:36:59.846] [INFO ] 🛡️ Injected anti-detection scripts at context level
[15:36:59.847] [DEBUG]    └─ Canvas noise, WebGL spoof, Browser patches
[15:36:59.850] [INFO ] 
    🛡️ ANTI-DETECTION SCRIPTS INJECTED (CONTEXT level)
    ├─ Canvas fingerprint noise
    ├─ WebGL renderer/vendor spoof
    ├─ Hardware concurrency randomization
    ├─ Device memory randomization
    ├─ Plugin masking
    ├─ WebRTC IP leak protection
    ├─ Network connection spoof
    └─ Battery API spoof
[15:37:00.732] [INFO ] 
    🥷 STEALTH MODE APPLIED
    ├─ Navigator patches (webdriver, plugins, languages)
    ├─ Chrome runtime patches
    ├─ Console patches  
    └─ Permission patches
[15:37:00.750] [INFO ] 🛡️ Injected anti-detection scripts at page level
[15:37:00.750] [DEBUG]    └─ Canvas noise, WebGL spoof, Browser patches
[15:37:00.757] [INFO ] 
    🛡️ ANTI-DETECTION SCRIPTS INJECTED (PAGE level)
    ├─ Canvas fingerprint noise
    ├─ WebGL renderer/vendor spoof
    ├─ Hardware concurrency randomization
    ├─ Device memory randomization
    ├─ Plugin masking
    ├─ WebRTC IP leak protection
    ├─ Network connection spoof
    └─ Battery API spoof
[15:37:00.765] [DEBUG] Enabled resource blocking (images, media, fonts)
[15:37:00.765] [INFO ] 
    🔗 NAVIGATING TO URL
    ├─ Strategy:   domcontentloaded
    ├─ Timeout:    40.0s
    └─ Sleep:      4s after load
[15:37:01.702] [INFO ] 
    🔗 NAVIGATING TO URL
    ├─ Strategy:   load
    ├─ Timeout:    60.0s
    └─ Sleep:      3s after load
[15:37:02.541] [INFO ] 
    🔗 NAVIGATING TO URL
    ├─ Strategy:   networkidle
    ├─ Timeout:    80.0s
    └─ Sleep:      2s after load
[15:37:03.519] [ERROR] 
╔══════════════════════════════════════════════════════════════════════════╗
║  ❌ SCRAPE FAILED - SCRAPE_20260114_153659_0003
╠══════════════════════════════════════════════════════════════════════════╣
║  🚫 ERROR DETAILS
║  ├─ Type:        extraction_failed
║  ├─ Message:     Content too short or empty (len=0)
║  ├─ Likely Ban:  🟢 NO
║  └─ Screenshot:  Not saved
╠──────────────────────────────────────────────────────────────────────────╣

    ┌─ BROWSER FINGERPRINT ────────────────────────────────────────┐
    │ Browser:     CHROME v120 on LINUX
    │ User-Agent:  Mozilla/5.0 (X11; Linux x86_64) AppleWebKit/537.36 (KHTML, like Gecko)...
    │ Viewport:    1280x800
    │ Sec-CH-UA:   "Not_A Brand";v="8", "Chromium";v="120", "Google C...
    ├─ LOCATION PROFILE ───────────────────────────────────────────┤
    │ Location:    Toronto, Canada
    │ Timezone:    America/Toronto
    │ Locale:      en-CA
    │ Geo:         43.6532, -79.3832
    ├─ NETWORK ────────────────────────────────────────────────────┤
    │ Proxy:       Direct (no proxy)
    │ Referrer:    https://news.google.com/
    └──────────────────────────────────────────────────────────────┘

    ┌─ TIMING BREAKDOWN ───────────────────────────────────────────┐
    │ Browser Launch:      0.80s
    │ Page Load:           0.00s
    │ Cloudflare Wait:     0.00s
    │ Human Simulation:    0.00s
    │ Content Extraction:  0.00s
    │ ─────────────────────────────────────────────────────────────
    │ TOTAL TIME:          4.50s
    └──────────────────────────────────────────────────────────────┘
╠──────────────────────────────────────────────────────────────────────────╣
║  📊 SESSION STATS
║  ├─ Attempt:            3/3
║  ├─ Strategies Tried:   domcontentloaded, load, networkidle
║  └─ Proxy Used:         Direct
╚══════════════════════════════════════════════════════════════════════════╝
[15:37:03.618] [WARNING] Failed to save screenshot: Event loop is closed! Is Playwright already stopped?
[15:37:03.618] [INFO ] 
╔══════════════════════════════════════════════════════════════════════════╗
║  📊 OVERALL SCRAPING STATISTICS
╠══════════════════════════════════════════════════════════════════════════╣
║  Total Scrapes:    3
║  Successful:       0 (0.0%)
║  Failed:           3
║  Banned/Blocked:   0
║  Avg Time:         0.00s
╚══════════════════════════════════════════════════════════════════════════╝

================================================================================
STATUS: FAILED
TOTAL TIME: 28.26s
END OF SCRAPE LOG
================================================================================
