================================================================================
SCRAPE LOG: https://www.wsj.com/articles/some-article-title-12345678
Started: 2026-01-15 11:10:08
Session ID: N/A
================================================================================
[11:10:08.677] [INFO ] 📝 Scrape log: logs/scrapes/2026-01-15_111008_wsj.com.log
[11:10:08.678] [DEBUG] ⏱️ Timeout set to 45s for this scrape
[11:10:08.989] [INFO ] 
    🚀 BROWSER LAUNCHED
    ├─ Mode:       Visible
    ├─ Slow Mo:    48ms
    ├─ Launch Time: 0.31s
    └─ Args:       Anti-automation flags enabled
[11:10:08.990] [DEBUG] Browser profile: viewport={'width': 1920, 'height': 1080}, locale=en-AU, tz=Australia/Sydney
[11:10:08.990] [INFO ] 
╔══════════════════════════════════════════════════════════════════════════╗
║  📋 SESSION: SCRAPE_20260115_111008_0001
║  🌐 URL: https://www.wsj.com/articles/some-article-title-12345678
║  🔄 ATTEMPT: 1/3
║  ⏰ STARTED: 2026-01-15T11:10:08.678112
╠══════════════════════════════════════════════════════════════════════════╣

    ┌─ BROWSER FINGERPRINT ────────────────────────────────────────┐
    │ Browser:     CHROME v120 on MACOS
    │ User-Agent:  Mozilla/5.0 (Macintosh; Intel Mac OS X 13_6) AppleWebKit/537.36 (KHTML...
    │ Viewport:    1920x1080
    │ Sec-CH-UA:   "Not_A Brand";v="8", "Chromium";v="120", "Google C...
    ├─ LOCATION PROFILE ───────────────────────────────────────────┤
    │ Location:    Sydney, Australia
    │ Timezone:    Australia/Sydney
    │ Locale:      en-AU
    │ Geo:         -33.8688, 151.2093
    ├─ NETWORK ────────────────────────────────────────────────────┤
    │ Proxy:       Direct (no proxy)
    │ Referrer:    https://www.facebook.com/
    └──────────────────────────────────────────────────────────────┘
╚══════════════════════════════════════════════════════════════════════════╝
[11:10:08.999] [INFO ] 🛡️ Injected anti-detection scripts at context level
[11:10:08.999] [DEBUG]    └─ Canvas noise, WebGL spoof, Browser patches
[11:10:09.000] [INFO ] 
    🛡️ ANTI-DETECTION SCRIPTS INJECTED (CONTEXT level)
    ├─ Canvas fingerprint noise
    ├─ WebGL renderer/vendor spoof
    ├─ Hardware concurrency randomization
    ├─ Device memory randomization
    ├─ Plugin masking
    ├─ WebRTC IP leak protection
    ├─ Network connection spoof
    └─ Battery API spoof
[11:10:09.159] [INFO ] 
    🥷 STEALTH MODE APPLIED
    ├─ Navigator patches (webdriver, plugins, languages)
    ├─ Chrome runtime patches
    ├─ Console patches  
    └─ Permission patches
[11:10:09.163] [INFO ] 🛡️ Injected anti-detection scripts at page level
[11:10:09.163] [DEBUG]    └─ Canvas noise, WebGL spoof, Browser patches
[11:10:09.164] [INFO ] 
    🛡️ ANTI-DETECTION SCRIPTS INJECTED (PAGE level)
    ├─ Canvas fingerprint noise
    ├─ WebGL renderer/vendor spoof
    ├─ Hardware concurrency randomization
    ├─ Device memory randomization
    ├─ Plugin masking
    ├─ WebRTC IP leak protection
    ├─ Network connection spoof
    └─ Battery API spoof
[11:10:09.165] [DEBUG] Enabled resource blocking (images, media, fonts)
[11:10:09.165] [INFO ] 
    🔗 NAVIGATING TO URL
    ├─ Strategy:   domcontentloaded
    ├─ Timeout:    15.0s
    └─ Sleep:      1s after load
[11:10:09.529] [INFO ] 
    ✅ PAGE LOADED
    ├─ Final URL:  https://www.wsj.com/articles/some-article-title-12345678
    ├─ Title:      wsj.com
    └─ Load Time:  0.54s
[11:10:12.215] [INFO ] 🧑 Human behavior simulation...
[11:10:12.334] [INFO ] 🖱️ Mouse: 2 moves in 1920x1080
[11:10:14.441] [INFO ] 🖱️ Mouse completed: 2 moves
[11:10:14.557] [INFO ] 📜 Scroll: page=1080px, viewport=1080px
[11:10:14.985] [INFO ] 📜 Scroll completed: 2 scrolls, reached 300px
[11:10:14.985] [INFO ] 🧑 Human behavior completed in 2.8s ✓
[11:10:14.985] [INFO ] 
    🧑 HUMAN BEHAVIOR SIMULATED
    ├─ Mouse Movements: 3
    ├─ Scroll Actions:  3
    └─ Time Spent:      5.77s
[11:10:15.025] [INFO ] 
    ┌─ CONTENT METRICS ────────────────────────────────────────────┐
    │ Title:            wsj.com
    │ Final URL:        https://www.wsj.com/articles/some-article-title-12345678
    │ HTML Size:        1,511 bytes
    │ Text Size:        0 chars
    │ Word Count:       ~0 words
    │ Extraction:       trafilatura
    │ Has Article:      ✅ Yes
    └──────────────────────────────────────────────────────────────┘
[11:10:15.079] [INFO ] 
╔══════════════════════════════════════════════════════════════════════════╗
║  ✅ SCRAPE SUCCESSFUL - SCRAPE_20260115_111008_0001
╠══════════════════════════════════════════════════════════════════════════╣

    ┌─ TIMING BREAKDOWN ───────────────────────────────────────────┐
    │ Browser Launch:      0.31s
    │ Page Load:           0.54s
    │ Cloudflare Wait:     0.00s
    │ Human Simulation:    5.77s
    │ Content Extraction:  0.58s
    │ ─────────────────────────────────────────────────────────────
    │ TOTAL TIME:          6.40s
    └──────────────────────────────────────────────────────────────┘

    ┌─ CONTENT METRICS ────────────────────────────────────────────┐
    │ Title:            wsj.com
    │ Final URL:        https://www.wsj.com/articles/some-article-title-12345678
    │ HTML Size:        1,511 bytes
    │ Text Size:        0 chars
    │ Word Count:       ~0 words
    │ Extraction:       trafilatura
    │ Has Article:      ✅ Yes
    └──────────────────────────────────────────────────────────────┘
╠══════════════════════════════════════════════════════════════════════════╣
║  📊 SESSION STATS
║  ├─ Strategies Tried:   domcontentloaded
║  ├─ Popups Dismissed:   0
║  ├─ Cloudflare:         Not detected
║  └─ Proxy Used:         Direct
╚══════════════════════════════════════════════════════════════════════════╝

================================================================================
STATUS: NO_CONTENT
TOTAL TIME: 6.59s
END OF SCRAPE LOG
================================================================================
