================================================================================
SCRAPE LOG: https://betakit.com/inside-ottawas-cautious-experiment-with-an-ai-powered-digital-help-desk/
Started: 2026-01-14 17:08:28
Session ID: N/A
================================================================================
[17:08:28.860] [INFO ] 📝 Scrape log: logs/scrapes/2026-01-14_170828_betakit.com.log
[17:08:28.860] [DEBUG] ⏱️ Timeout set to 20s for this scrape
[17:08:30.409] [INFO ] 
    🚀 BROWSER LAUNCHED
    ├─ Mode:       Visible
    ├─ Slow Mo:    239ms
    ├─ Launch Time: 1.55s
    └─ Args:       Anti-automation flags enabled
[17:08:30.412] [DEBUG] Browser profile: viewport={'width': 1280, 'height': 720}, locale=en-US, tz=America/Los_Angeles
[17:08:30.413] [INFO ] 
╔══════════════════════════════════════════════════════════════════════════╗
║  📋 SESSION: SCRAPE_20260114_170828_0001
║  🌐 URL: https://betakit.com/inside-ottawas-cautious-experiment-with-an-ai...
║  🔄 ATTEMPT: 1/3
║  ⏰ STARTED: 2026-01-14T17:08:28.860630
╠══════════════════════════════════════════════════════════════════════════╣

    ┌─ BROWSER FINGERPRINT ────────────────────────────────────────┐
    │ Browser:     CHROME v123 on WINDOWS
    │ User-Agent:  Mozilla/5.0 (Windows NT 10.0; Win64; x64) AppleWebKit/537.36 (KHTML, l...
    │ Viewport:    1280x720
    │ Sec-CH-UA:   "Not_A Brand";v="8", "Chromium";v="123", "Google C...
    ├─ LOCATION PROFILE ───────────────────────────────────────────┤
    │ Location:    Seattle, USA
    │ Timezone:    America/Los_Angeles
    │ Locale:      en-US
    │ Geo:         47.6062, -122.3321
    ├─ NETWORK ────────────────────────────────────────────────────┤
    │ Proxy:       Direct (no proxy)
    │ Referrer:    https://www.google.com/
    └──────────────────────────────────────────────────────────────┘
╚══════════════════════════════════════════════════════════════════════════╝
[17:08:31.944] [INFO ] 🛡️ Injected anti-detection scripts at context level
[17:08:31.944] [DEBUG]    └─ Canvas noise, WebGL spoof, Browser patches
[17:08:31.949] [INFO ] 
    🛡️ ANTI-DETECTION SCRIPTS INJECTED (CONTEXT level)
    ├─ Canvas fingerprint noise
    ├─ WebGL renderer/vendor spoof
    ├─ Hardware concurrency randomization
    ├─ Device memory randomization
    ├─ Plugin masking
    ├─ WebRTC IP leak protection
    ├─ Network connection spoof
    └─ Battery API spoof
[17:08:32.124] [INFO ] 
    🥷 STEALTH MODE APPLIED
    ├─ Navigator patches (webdriver, plugins, languages)
    ├─ Chrome runtime patches
    ├─ Console patches  
    └─ Permission patches
[17:08:32.170] [INFO ] 🛡️ Injected anti-detection scripts at page level
[17:08:32.170] [DEBUG]    └─ Canvas noise, WebGL spoof, Browser patches
[17:08:32.176] [INFO ] 
    🛡️ ANTI-DETECTION SCRIPTS INJECTED (PAGE level)
    ├─ Canvas fingerprint noise
    ├─ WebGL renderer/vendor spoof
    ├─ Hardware concurrency randomization
    ├─ Device memory randomization
    ├─ Plugin masking
    ├─ WebRTC IP leak protection
    ├─ Network connection spoof
    └─ Battery API spoof
[17:08:32.182] [DEBUG] Enabled resource blocking (images, media, fonts)
[17:08:32.182] [INFO ] 
    🔗 NAVIGATING TO URL
    ├─ Strategy:   domcontentloaded
    ├─ Timeout:    40.0s
    └─ Sleep:      4s after load
[17:08:34.205] [INFO ] 
    ✅ PAGE LOADED
    ├─ Final URL:  https://betakit.com/inside-ottawas-cautious-experiment-with-...
    ├─ Title:      Inside Ottawa’s cautious experiment with an AI-pow...
    └─ Load Time:  3.80s
[17:08:42.359] [INFO ] 🧑 Starting human behavior simulation...
[17:08:42.930] [INFO ] 🧑 Running mouse movements...
[17:08:42.930] [INFO ] 🖱️ Mouse simulation: 3 movements in 1280x720 viewport
[17:08:55.814] [INFO ] 🖱️ Mouse simulation completed: 3 movements
[17:08:56.102] [INFO ] 🧑 Running scroll simulation...
[17:08:56.110] [INFO ] 📜 Scroll simulation: page=7989px, viewport=720px
[17:08:57.079] [INFO ] 📜 Scroll simulation completed: 2 scrolls, reached 668px
[17:08:57.422] [INFO ] 🧑 Human behavior simulation completed ✓
[17:08:57.422] [INFO ] 
    🧑 HUMAN BEHAVIOR SIMULATED
    ├─ Mouse Movements: 6
    ├─ Scroll Actions:  3
    └─ Time Spent:      24.77s
[17:08:57.422] [ERROR] ⏰ TIMEOUT after 28.6s at stage: human_behavior
[17:08:57.422] [INFO ] 
    🔗 NAVIGATING TO URL
    ├─ Strategy:   load
    ├─ Timeout:    60.0s
    └─ Sleep:      3s after load
[17:08:59.110] [INFO ] 
    ✅ PAGE LOADED
    ├─ Final URL:  https://betakit.com/inside-ottawas-cautious-experiment-with-...
    ├─ Title:      Inside Ottawa’s cautious experiment with an AI-pow...
    └─ Load Time:  28.70s
[17:08:59.110] [ERROR] ⏰ TIMEOUT after 30.2s at stage: page_loaded
[17:08:59.110] [INFO ] 
    🔗 NAVIGATING TO URL
    ├─ Strategy:   networkidle
    ├─ Timeout:    80.0s
    └─ Sleep:      2s after load
[17:09:01.888] [INFO ] 
    ✅ PAGE LOADED
    ├─ Final URL:  https://betakit.com/inside-ottawas-cautious-experiment-with-...
    ├─ Title:      Inside Ottawa’s cautious experiment with an AI-pow...
    └─ Load Time:  31.48s
[17:09:01.888] [ERROR] ⏰ TIMEOUT after 33.0s at stage: page_loaded
[17:09:01.888] [ERROR] 
╔══════════════════════════════════════════════════════════════════════════╗
║  ❌ SCRAPE FAILED - SCRAPE_20260114_170828_0001
╠══════════════════════════════════════════════════════════════════════════╣
║  🚫 ERROR DETAILS
║  ├─ Type:        extraction_failed
║  ├─ Message:     Content too short or empty (len=0)
║  ├─ Likely Ban:  🟢 NO
║  └─ Screenshot:  Not saved
╠──────────────────────────────────────────────────────────────────────────╣

    ┌─ BROWSER FINGERPRINT ────────────────────────────────────────┐
    │ Browser:     CHROME v123 on WINDOWS
    │ User-Agent:  Mozilla/5.0 (Windows NT 10.0; Win64; x64) AppleWebKit/537.36 (KHTML, l...
    │ Viewport:    1280x720
    │ Sec-CH-UA:   "Not_A Brand";v="8", "Chromium";v="123", "Google C...
    ├─ LOCATION PROFILE ───────────────────────────────────────────┤
    │ Location:    Seattle, USA
    │ Timezone:    America/Los_Angeles
    │ Locale:      en-US
    │ Geo:         47.6062, -122.3321
    ├─ NETWORK ────────────────────────────────────────────────────┤
    │ Proxy:       Direct (no proxy)
    │ Referrer:    https://www.google.com/
    └──────────────────────────────────────────────────────────────┘

    ┌─ TIMING BREAKDOWN ───────────────────────────────────────────┐
    │ Browser Launch:      1.55s
    │ Page Load:           31.48s
    │ Cloudflare Wait:     0.00s
    │ Human Simulation:    24.77s
    │ Content Extraction:  0.00s
    │ ─────────────────────────────────────────────────────────────
    │ TOTAL TIME:          33.03s
    └──────────────────────────────────────────────────────────────┘
╠──────────────────────────────────────────────────────────────────────────╣
║  📊 SESSION STATS
║  ├─ Attempt:            1/3
║  ├─ Strategies Tried:   domcontentloaded, load, networkidle
║  └─ Proxy Used:         Direct
╚══════════════════════════════════════════════════════════════════════════╝
[17:09:02.295] [INFO ]   🔄 Retry attempt 2/3...
[17:09:08.121] [DEBUG] ⏱️ Timeout set to 20s for this scrape
[17:09:08.951] [INFO ] 
    🚀 BROWSER LAUNCHED
    ├─ Mode:       Visible
    ├─ Slow Mo:    188ms
    ├─ Launch Time: 0.83s
    └─ Args:       Anti-automation flags enabled
[17:09:08.952] [DEBUG] Browser profile: viewport={'width': 1680, 'height': 1050}, locale=en-AU, tz=Australia/Melbourne
[17:09:08.952] [INFO ] 
╔══════════════════════════════════════════════════════════════════════════╗
║  📋 SESSION: SCRAPE_20260114_170908_0002
║  🌐 URL: https://betakit.com/inside-ottawas-cautious-experiment-with-an-ai...
║  🔄 ATTEMPT: 2/3
║  ⏰ STARTED: 2026-01-14T17:09:08.121497
╠══════════════════════════════════════════════════════════════════════════╣

    ┌─ BROWSER FINGERPRINT ────────────────────────────────────────┐
    │ Browser:     SAFARI v605 on MACOS
    │ User-Agent:  Mozilla/5.0 (Macintosh; Intel Mac OS X 13_6) AppleWebKit/605.1.15 (KHT...
    │ Viewport:    1680x1050
    │ Sec-CH-UA:   (not applicable)...
    ├─ LOCATION PROFILE ───────────────────────────────────────────┤
    │ Location:    Melbourne, Australia
    │ Timezone:    Australia/Melbourne
    │ Locale:      en-AU
    │ Geo:         -37.8136, 144.9631
    ├─ NETWORK ────────────────────────────────────────────────────┤
    │ Proxy:       Direct (no proxy)
    │ Referrer:    https://www.google.com/search?q=betakit+com
    └──────────────────────────────────────────────────────────────┘
╚══════════════════════════════════════════════════════════════════════════╝
[17:09:09.620] [INFO ] 🛡️ Injected anti-detection scripts at context level
[17:09:09.621] [DEBUG]    └─ Canvas noise, WebGL spoof, Browser patches
[17:09:09.624] [INFO ] 
    🛡️ ANTI-DETECTION SCRIPTS INJECTED (CONTEXT level)
    ├─ Canvas fingerprint noise
    ├─ WebGL renderer/vendor spoof
    ├─ Hardware concurrency randomization
    ├─ Device memory randomization
    ├─ Plugin masking
    ├─ WebRTC IP leak protection
    ├─ Network connection spoof
    └─ Battery API spoof
[17:09:09.737] [INFO ] 
    🥷 STEALTH MODE APPLIED
    ├─ Navigator patches (webdriver, plugins, languages)
    ├─ Chrome runtime patches
    ├─ Console patches  
    └─ Permission patches
[17:09:09.752] [INFO ] 🛡️ Injected anti-detection scripts at page level
[17:09:09.752] [DEBUG]    └─ Canvas noise, WebGL spoof, Browser patches
[17:09:09.757] [INFO ] 
    🛡️ ANTI-DETECTION SCRIPTS INJECTED (PAGE level)
    ├─ Canvas fingerprint noise
    ├─ WebGL renderer/vendor spoof
    ├─ Hardware concurrency randomization
    ├─ Device memory randomization
    ├─ Plugin masking
    ├─ WebRTC IP leak protection
    ├─ Network connection spoof
    └─ Battery API spoof
[17:09:09.761] [DEBUG] Enabled resource blocking (images, media, fonts)
[17:09:09.761] [INFO ] 
    🔗 NAVIGATING TO URL
    ├─ Strategy:   domcontentloaded
    ├─ Timeout:    40.0s
    └─ Sleep:      4s after load
[17:09:11.501] [INFO ] 
    ✅ PAGE LOADED
    ├─ Final URL:  https://betakit.com/inside-ottawas-cautious-experiment-with-...
    ├─ Title:      Inside Ottawa’s cautious experiment with an AI-pow...
    └─ Load Time:  2.55s
[17:09:12.884] [INFO ]     👆 Popup dismissed: button:has-text('Close')
[17:09:20.669] [INFO ] 🧑 Starting human behavior simulation...
[17:09:21.164] [INFO ] 🧑 Running mouse movements...
[17:09:21.164] [INFO ] 🖱️ Mouse simulation: 5 movements in 1680x1050 viewport
[17:09:35.669] [INFO ] 🖱️ Mouse simulation completed: 5 movements
[17:09:35.986] [INFO ] 🧑 Running scroll simulation...
[17:09:35.991] [INFO ] 📜 Scroll simulation: page=8144px, viewport=1050px
[17:09:37.962] [INFO ] 📜 Scroll simulation completed: 3 scrolls, reached 840px
[17:09:38.353] [INFO ] 🧑 Human behavior simulation completed ✓
[17:09:38.353] [INFO ] 
    🧑 HUMAN BEHAVIOR SIMULATED
    ├─ Mouse Movements: 3
    ├─ Scroll Actions:  2
    └─ Time Spent:      27.68s
[17:09:38.353] [ERROR] ⏰ TIMEOUT after 30.2s at stage: human_behavior
[17:09:38.353] [INFO ] 
    🔗 NAVIGATING TO URL
    ├─ Strategy:   load
    ├─ Timeout:    60.0s
    └─ Sleep:      3s after load
[17:09:40.105] [INFO ] 
    ✅ PAGE LOADED
    ├─ Final URL:  https://betakit.com/inside-ottawas-cautious-experiment-with-...
    ├─ Title:      Inside Ottawa’s cautious experiment with an AI-pow...
    └─ Load Time:  31.15s
[17:09:40.105] [ERROR] ⏰ TIMEOUT after 32.0s at stage: page_loaded
[17:09:40.105] [INFO ] 
    🔗 NAVIGATING TO URL
    ├─ Strategy:   networkidle
    ├─ Timeout:    80.0s
    └─ Sleep:      2s after load
[17:09:42.520] [INFO ] 
    ✅ PAGE LOADED
    ├─ Final URL:  https://betakit.com/inside-ottawas-cautious-experiment-with-...
    ├─ Title:      Inside Ottawa’s cautious experiment with an AI-pow...
    └─ Load Time:  33.57s
[17:09:42.520] [ERROR] ⏰ TIMEOUT after 34.4s at stage: page_loaded
[17:09:42.520] [ERROR] 
╔══════════════════════════════════════════════════════════════════════════╗
║  ❌ SCRAPE FAILED - SCRAPE_20260114_170908_0002
╠══════════════════════════════════════════════════════════════════════════╣
║  🚫 ERROR DETAILS
║  ├─ Type:        extraction_failed
║  ├─ Message:     Content too short or empty (len=0)
║  ├─ Likely Ban:  🟢 NO
║  └─ Screenshot:  Not saved
╠──────────────────────────────────────────────────────────────────────────╣

    ┌─ BROWSER FINGERPRINT ────────────────────────────────────────┐
    │ Browser:     SAFARI v605 on MACOS
    │ User-Agent:  Mozilla/5.0 (Macintosh; Intel Mac OS X 13_6) AppleWebKit/605.1.15 (KHT...
    │ Viewport:    1680x1050
    │ Sec-CH-UA:   (not applicable)...
    ├─ LOCATION PROFILE ───────────────────────────────────────────┤
    │ Location:    Melbourne, Australia
    │ Timezone:    Australia/Melbourne
    │ Locale:      en-AU
    │ Geo:         -37.8136, 144.9631
    ├─ NETWORK ────────────────────────────────────────────────────┤
    │ Proxy:       Direct (no proxy)
    │ Referrer:    https://www.google.com/search?q=betakit+com
    └──────────────────────────────────────────────────────────────┘

    ┌─ TIMING BREAKDOWN ───────────────────────────────────────────┐
    │ Browser Launch:      0.83s
    │ Page Load:           33.57s
    │ Cloudflare Wait:     0.00s
    │ Human Simulation:    27.68s
    │ Content Extraction:  0.00s
    │ ─────────────────────────────────────────────────────────────
    │ TOTAL TIME:          34.40s
    └──────────────────────────────────────────────────────────────┘
╠──────────────────────────────────────────────────────────────────────────╣
║  📊 SESSION STATS
║  ├─ Attempt:            2/3
║  ├─ Strategies Tried:   domcontentloaded, load, networkidle
║  └─ Proxy Used:         Direct
╚══════════════════════════════════════════════════════════════════════════╝
[17:09:42.777] [INFO ]   🔄 Retry attempt 3/3...
[17:09:48.986] [DEBUG] ⏱️ Timeout set to 20s for this scrape
[17:09:49.753] [INFO ] 
    🚀 BROWSER LAUNCHED
    ├─ Mode:       Visible
    ├─ Slow Mo:    178ms
    ├─ Launch Time: 0.77s
    └─ Args:       Anti-automation flags enabled
[17:09:49.754] [DEBUG] Browser profile: viewport={'width': 1600, 'height': 900}, locale=en-GB, tz=Europe/London
[17:09:49.754] [INFO ] 
╔══════════════════════════════════════════════════════════════════════════╗
║  📋 SESSION: SCRAPE_20260114_170948_0003
║  🌐 URL: https://betakit.com/inside-ottawas-cautious-experiment-with-an-ai...
║  🔄 ATTEMPT: 3/3
║  ⏰ STARTED: 2026-01-14T17:09:48.986443
╠══════════════════════════════════════════════════════════════════════════╣

    ┌─ BROWSER FINGERPRINT ────────────────────────────────────────┐
    │ Browser:     CHROME v126 on WINDOWS
    │ User-Agent:  Mozilla/5.0 (Windows NT 10.0; Win64; x64) AppleWebKit/537.36 (KHTML, l...
    │ Viewport:    1600x900
    │ Sec-CH-UA:   "Not_A Brand";v="8", "Chromium";v="126", "Google C...
    ├─ LOCATION PROFILE ───────────────────────────────────────────┤
    │ Location:    London, UK
    │ Timezone:    Europe/London
    │ Locale:      en-GB
    │ Geo:         51.5074, -0.1278
    ├─ NETWORK ────────────────────────────────────────────────────┤
    │ Proxy:       Direct (no proxy)
    │ Referrer:    https://www.google.com/search?q=betakit+com
    └──────────────────────────────────────────────────────────────┘
╚══════════════════════════════════════════════════════════════════════════╝
[17:09:50.442] [INFO ] 🛡️ Injected anti-detection scripts at context level
[17:09:50.442] [DEBUG]    └─ Canvas noise, WebGL spoof, Browser patches
[17:09:50.445] [INFO ] 
    🛡️ ANTI-DETECTION SCRIPTS INJECTED (CONTEXT level)
    ├─ Canvas fingerprint noise
    ├─ WebGL renderer/vendor spoof
    ├─ Hardware concurrency randomization
    ├─ Device memory randomization
    ├─ Plugin masking
    ├─ WebRTC IP leak protection
    ├─ Network connection spoof
    └─ Battery API spoof
[17:09:50.555] [INFO ] 
    🥷 STEALTH MODE APPLIED
    ├─ Navigator patches (webdriver, plugins, languages)
    ├─ Chrome runtime patches
    ├─ Console patches  
    └─ Permission patches
[17:09:50.571] [INFO ] 🛡️ Injected anti-detection scripts at page level
[17:09:50.572] [DEBUG]    └─ Canvas noise, WebGL spoof, Browser patches
[17:09:50.578] [INFO ] 
    🛡️ ANTI-DETECTION SCRIPTS INJECTED (PAGE level)
    ├─ Canvas fingerprint noise
    ├─ WebGL renderer/vendor spoof
    ├─ Hardware concurrency randomization
    ├─ Device memory randomization
    ├─ Plugin masking
    ├─ WebRTC IP leak protection
    ├─ Network connection spoof
    └─ Battery API spoof
[17:09:50.584] [DEBUG] Enabled resource blocking (images, media, fonts)
[17:09:50.584] [INFO ] 
    🔗 NAVIGATING TO URL
    ├─ Strategy:   domcontentloaded
    ├─ Timeout:    40.0s
    └─ Sleep:      4s after load
[17:09:52.078] [INFO ] 
    ✅ PAGE LOADED
    ├─ Final URL:  https://betakit.com/inside-ottawas-cautious-experiment-with-...
    ├─ Title:      Inside Ottawa’s cautious experiment with an AI-pow...
    └─ Load Time:  2.33s
[17:09:53.964] [INFO ]     👆 Popup dismissed: button:has-text('Close')
[17:10:02.076] [INFO ] 🧑 Starting human behavior simulation...
[17:10:02.626] [INFO ] 🧑 Running mouse movements...
[17:10:02.627] [INFO ] 🖱️ Mouse simulation: 5 movements in 1600x900 viewport
[17:10:13.043] [INFO ] 🖱️ Mouse simulation completed: 5 movements
[17:10:13.290] [INFO ] 🧑 Running scroll simulation...
[17:10:13.299] [INFO ] 📜 Scroll simulation: page=8144px, viewport=900px
[17:10:15.596] [INFO ] 📜 Scroll simulation completed: 4 scrolls, reached 1309px
[17:10:15.912] [INFO ] 🧑 Human behavior simulation completed ✓
[17:10:15.912] [INFO ] 
    🧑 HUMAN BEHAVIOR SIMULATED
    ├─ Mouse Movements: 3
    ├─ Scroll Actions:  2
    └─ Time Spent:      24.60s
[17:10:15.912] [ERROR] ⏰ TIMEOUT after 26.9s at stage: human_behavior
[17:10:15.912] [INFO ] 
    🔗 NAVIGATING TO URL
    ├─ Strategy:   load
    ├─ Timeout:    60.0s
    └─ Sleep:      3s after load
[17:10:17.721] [INFO ] 
    ✅ PAGE LOADED
    ├─ Final URL:  https://betakit.com/inside-ottawas-cautious-experiment-with-...
    ├─ Title:      Inside Ottawa’s cautious experiment with an AI-pow...
    └─ Load Time:  27.97s
[17:10:17.721] [ERROR] ⏰ TIMEOUT after 28.7s at stage: page_loaded
[17:10:17.722] [INFO ] 
    🔗 NAVIGATING TO URL
    ├─ Strategy:   networkidle
    ├─ Timeout:    80.0s
    └─ Sleep:      2s after load
[17:10:20.561] [INFO ] 
    ✅ PAGE LOADED
    ├─ Final URL:  https://betakit.com/inside-ottawas-cautious-experiment-with-...
    ├─ Title:      Inside Ottawa’s cautious experiment with an AI-pow...
    └─ Load Time:  30.81s
[17:10:20.561] [ERROR] ⏰ TIMEOUT after 31.6s at stage: page_loaded
[17:10:21.443] [INFO ] 📸 Screenshot saved: screenshots/2026-01-14/171020_extraction_failed_betakit.com_inside-ottawas-cautious-experiment-wit.png
[17:10:21.443] [ERROR] 
╔══════════════════════════════════════════════════════════════════════════╗
║  ❌ SCRAPE FAILED - SCRAPE_20260114_170948_0003
╠══════════════════════════════════════════════════════════════════════════╣
║  🚫 ERROR DETAILS
║  ├─ Type:        extraction_failed
║  ├─ Message:     Content too short or empty (len=0)
║  ├─ Likely Ban:  🟢 NO
║  └─ Screenshot:  screenshots/2026-01-14/171020_extraction_failed_betakit.com_inside-ottawas-cautious-experiment-wit.png
╠──────────────────────────────────────────────────────────────────────────╣

    ┌─ BROWSER FINGERPRINT ────────────────────────────────────────┐
    │ Browser:     CHROME v126 on WINDOWS
    │ User-Agent:  Mozilla/5.0 (Windows NT 10.0; Win64; x64) AppleWebKit/537.36 (KHTML, l...
    │ Viewport:    1600x900
    │ Sec-CH-UA:   "Not_A Brand";v="8", "Chromium";v="126", "Google C...
    ├─ LOCATION PROFILE ───────────────────────────────────────────┤
    │ Location:    London, UK
    │ Timezone:    Europe/London
    │ Locale:      en-GB
    │ Geo:         51.5074, -0.1278
    ├─ NETWORK ────────────────────────────────────────────────────┤
    │ Proxy:       Direct (no proxy)
    │ Referrer:    https://www.google.com/search?q=betakit+com
    └──────────────────────────────────────────────────────────────┘

    ┌─ TIMING BREAKDOWN ───────────────────────────────────────────┐
    │ Browser Launch:      0.77s
    │ Page Load:           30.81s
    │ Cloudflare Wait:     0.00s
    │ Human Simulation:    24.60s
    │ Content Extraction:  0.00s
    │ ─────────────────────────────────────────────────────────────
    │ TOTAL TIME:          32.46s
    └──────────────────────────────────────────────────────────────┘
╠──────────────────────────────────────────────────────────────────────────╣
║  📊 SESSION STATS
║  ├─ Attempt:            3/3
║  ├─ Strategies Tried:   domcontentloaded, load, networkidle
║  └─ Proxy Used:         Direct
╚══════════════════════════════════════════════════════════════════════════╝
[17:10:21.629] [INFO ] 
╔══════════════════════════════════════════════════════════════════════════╗
║  📊 OVERALL SCRAPING STATISTICS
╠══════════════════════════════════════════════════════════════════════════╣
║  Total Scrapes:    3
║  Successful:       0 (0.0%)
║  Failed:           3
║  Banned/Blocked:   0
║  Avg Time:         0.00s
╚══════════════════════════════════════════════════════════════════════════╝

================================================================================
STATUS: FAILED
TOTAL TIME: 112.77s
END OF SCRAPE LOG
================================================================================
