================================================================================
SCRAPE LOG: https://httpbin.org/html
Started: 2026-01-14 15:55:14
Session ID: N/A
================================================================================
[15:55:14.778] [INFO ] 📝 Scrape log: logs/scrapes/2026-01-14_155514_httpbin.org.log
[15:55:14.778] [DEBUG] ⏱️ Timeout set to 45s for this scrape
[15:55:16.106] [INFO ] 
    🚀 BROWSER LAUNCHED
    ├─ Mode:       Visible
    ├─ Slow Mo:    155ms
    ├─ Launch Time: 1.33s
    └─ Args:       Anti-automation flags enabled
[15:55:16.108] [DEBUG] Browser profile: viewport={'width': 1440, 'height': 900}, locale=en-AU, tz=Australia/Brisbane
[15:55:16.108] [INFO ] 
╔══════════════════════════════════════════════════════════════════════════╗
║  📋 SESSION: SCRAPE_20260114_155514_0001
║  🌐 URL: https://httpbin.org/html
║  🔄 ATTEMPT: 1/3
║  ⏰ STARTED: 2026-01-14T15:55:14.778686
╠══════════════════════════════════════════════════════════════════════════╣

    ┌─ BROWSER FINGERPRINT ────────────────────────────────────────┐
    │ Browser:     SAFARI v605 on MACOS
    │ User-Agent:  Mozilla/5.0 (Macintosh; Intel Mac OS X 13_6) AppleWebKit/605.1.15 (KHT...
    │ Viewport:    1440x900
    │ Sec-CH-UA:   (not applicable)...
    ├─ LOCATION PROFILE ───────────────────────────────────────────┤
    │ Location:    Brisbane, Australia
    │ Timezone:    Australia/Brisbane
    │ Locale:      en-AU
    │ Geo:         -27.4698, 153.0251
    ├─ NETWORK ────────────────────────────────────────────────────┤
    │ Proxy:       Direct (no proxy)
    │ Referrer:    https://www.google.com/search?q=httpbin+org
    └──────────────────────────────────────────────────────────────┘
╚══════════════════════════════════════════════════════════════════════════╝
[15:55:16.275] [INFO ] 🛡️ Injected anti-detection scripts at context level
[15:55:16.275] [DEBUG]    └─ Canvas noise, WebGL spoof, Browser patches
[15:55:16.278] [INFO ] 
    🛡️ ANTI-DETECTION SCRIPTS INJECTED (CONTEXT level)
    ├─ Canvas fingerprint noise
    ├─ WebGL renderer/vendor spoof
    ├─ Hardware concurrency randomization
    ├─ Device memory randomization
    ├─ Plugin masking
    ├─ WebRTC IP leak protection
    ├─ Network connection spoof
    └─ Battery API spoof
[15:55:16.992] [INFO ] 
    🥷 STEALTH MODE APPLIED
    ├─ Navigator patches (webdriver, plugins, languages)
    ├─ Chrome runtime patches
    ├─ Console patches  
    └─ Permission patches
[15:55:17.016] [INFO ] 🛡️ Injected anti-detection scripts at page level
[15:55:17.017] [DEBUG]    └─ Canvas noise, WebGL spoof, Browser patches
[15:55:17.029] [INFO ] 
    🛡️ ANTI-DETECTION SCRIPTS INJECTED (PAGE level)
    ├─ Canvas fingerprint noise
    ├─ WebGL renderer/vendor spoof
    ├─ Hardware concurrency randomization
    ├─ Device memory randomization
    ├─ Plugin masking
    ├─ WebRTC IP leak protection
    ├─ Network connection spoof
    └─ Battery API spoof
[15:55:17.041] [DEBUG] Enabled resource blocking (images, media, fonts)
[15:55:17.042] [INFO ] 
    🔗 NAVIGATING TO URL
    ├─ Strategy:   domcontentloaded
    ├─ Timeout:    40.0s
    └─ Sleep:      4s after load
[15:55:17.950] [INFO ] 
    ✅ PAGE LOADED
    ├─ Final URL:  https://httpbin.org/html
    ├─ Title:      
    └─ Load Time:  1.84s
[15:55:25.148] [DEBUG] 🧑 Starting human behavior simulation with 12.0s budget
