================================================================================
SCRAPE LOG: https://www.sustainable-bus.com/cng-lng-bus/geyushi-conversion-project-buses-cng-egypt/
Started: 2026-01-14 15:57:48
Session ID: N/A
================================================================================
[15:57:48.850] [INFO ] 📝 Scrape log: logs/scrapes/2026-01-14_155748_sustainable-bus.com.log
[15:57:48.850] [DEBUG] ⏱️ Timeout set to 45s for this scrape
[15:57:50.082] [INFO ] 
    🚀 BROWSER LAUNCHED
    ├─ Mode:       Visible
    ├─ Slow Mo:    178ms
    ├─ Launch Time: 1.23s
    └─ Args:       Anti-automation flags enabled
[15:57:50.090] [DEBUG] Browser profile: viewport={'width': 1600, 'height': 900}, locale=en-US, tz=America/New_York
[15:57:50.093] [INFO ] 
╔══════════════════════════════════════════════════════════════════════════╗
║  📋 SESSION: SCRAPE_20260114_155748_0001
║  🌐 URL: https://www.sustainable-bus.com/cng-lng-bus/geyushi-conversion-pr...
║  🔄 ATTEMPT: 1/3
║  ⏰ STARTED: 2026-01-14T15:57:48.850356
╠══════════════════════════════════════════════════════════════════════════╣

    ┌─ BROWSER FINGERPRINT ────────────────────────────────────────┐
    │ Browser:     CHROME v122 on WINDOWS
    │ User-Agent:  Mozilla/5.0 (Windows NT 10.0; Win64; x64) AppleWebKit/537.36 (KHTML, l...
    │ Viewport:    1600x900
    │ Sec-CH-UA:   "Not_A Brand";v="8", "Chromium";v="122", "Google C...
    ├─ LOCATION PROFILE ───────────────────────────────────────────┤
    │ Location:    Miami, USA
    │ Timezone:    America/New_York
    │ Locale:      en-US
    │ Geo:         25.7617, -80.1918
    ├─ NETWORK ────────────────────────────────────────────────────┤
    │ Proxy:       Direct (no proxy)
    │ Referrer:    Direct visit
    └──────────────────────────────────────────────────────────────┘
╚══════════════════════════════════════════════════════════════════════════╝
[15:57:50.296] [INFO ] 🛡️ Injected anti-detection scripts at context level
[15:57:50.297] [DEBUG]    └─ Canvas noise, WebGL spoof, Browser patches
[15:57:50.299] [INFO ] 
    🛡️ ANTI-DETECTION SCRIPTS INJECTED (CONTEXT level)
    ├─ Canvas fingerprint noise
    ├─ WebGL renderer/vendor spoof
    ├─ Hardware concurrency randomization
    ├─ Device memory randomization
    ├─ Plugin masking
    ├─ WebRTC IP leak protection
    ├─ Network connection spoof
    └─ Battery API spoof
[15:57:50.957] [INFO ] 
    🥷 STEALTH MODE APPLIED
    ├─ Navigator patches (webdriver, plugins, languages)
    ├─ Chrome runtime patches
    ├─ Console patches  
    └─ Permission patches
[15:57:50.977] [INFO ] 🛡️ Injected anti-detection scripts at page level
[15:57:50.977] [DEBUG]    └─ Canvas noise, WebGL spoof, Browser patches
[15:57:50.984] [INFO ] 
    🛡️ ANTI-DETECTION SCRIPTS INJECTED (PAGE level)
    ├─ Canvas fingerprint noise
    ├─ WebGL renderer/vendor spoof
    ├─ Hardware concurrency randomization
    ├─ Device memory randomization
    ├─ Plugin masking
    ├─ WebRTC IP leak protection
    ├─ Network connection spoof
    └─ Battery API spoof
[15:57:50.997] [DEBUG] Enabled resource blocking (images, media, fonts)
[15:57:50.998] [INFO ] 
    🔗 NAVIGATING TO URL
    ├─ Strategy:   domcontentloaded
    ├─ Timeout:    40.0s
    └─ Sleep:      4s after load
[15:57:52.115] [INFO ] 
    ✅ PAGE LOADED
    ├─ Final URL:  https://www.sustainable-bus.com/cng-lng-bus/geyushi-conversi...
    ├─ Title:      +2,000-units diesel-to-CNG retrofitting project in...
    └─ Load Time:  2.03s
[15:57:59.332] [DEBUG] 🧑 Starting human behavior simulation with 12.0s budget
[15:58:09.689] [DEBUG] Simulated 3 natural mouse movements
[15:58:10.380] [DEBUG] Scroll simulation skipped: name 'top' is not defined
[15:58:10.701] [DEBUG] 🧑 Human behavior simulation completed
[15:58:10.701] [INFO ] 
    🧑 HUMAN BEHAVIOR SIMULATED
    ├─ Mouse Movements: 5
    ├─ Scroll Actions:  4
    └─ Time Spent:      19.82s
[15:58:10.782] [INFO ]   📄 Fallback extraction using selector: 'article'
[15:58:10.782] [INFO ] 
    ┌─ CONTENT METRICS ────────────────────────────────────────────┐
    │ Title:            +2,000-units diesel-to-CNG retrofitting project in...
    │ Final URL:        https://www.sustainable-bus.com/cng-lng-bus/geyushi-conversi...
    │ HTML Size:        164,912 bytes
    │ Text Size:        2,366 chars
    │ Word Count:       ~11 words
    │ Extraction:       fallback:article
    │ Has Article:      ✅ Yes
    └──────────────────────────────────────────────────────────────┘
[15:58:10.793] [INFO ] 
╔══════════════════════════════════════════════════════════════════════════╗
║  ✅ SCRAPE SUCCESSFUL - SCRAPE_20260114_155748_0001
╠══════════════════════════════════════════════════════════════════════════╣

    ┌─ TIMING BREAKDOWN ───────────────────────────────────────────┐
    │ Browser Launch:      1.23s
    │ Page Load:           2.03s
    │ Cloudflare Wait:     0.00s
    │ Human Simulation:    19.82s
    │ Content Extraction:  2.11s
    │ ─────────────────────────────────────────────────────────────
    │ TOTAL TIME:          21.94s
    └──────────────────────────────────────────────────────────────┘

    ┌─ CONTENT METRICS ────────────────────────────────────────────┐
    │ Title:            +2,000-units diesel-to-CNG retrofitting project in...
    │ Final URL:        https://www.sustainable-bus.com/cng-lng-bus/geyushi-conversi...
    │ HTML Size:        164,912 bytes
    │ Text Size:        2,366 chars
    │ Word Count:       ~11 words
    │ Extraction:       fallback:article
    │ Has Article:      ✅ Yes
    └──────────────────────────────────────────────────────────────┘
╠══════════════════════════════════════════════════════════════════════════╣
║  📊 SESSION STATS
║  ├─ Strategies Tried:   domcontentloaded
║  ├─ Popups Dismissed:   0
║  ├─ Cloudflare:         Not detected
║  └─ Proxy Used:         Direct
╚══════════════════════════════════════════════════════════════════════════╝

================================================================================
STATUS: SUCCESS
TOTAL TIME: 22.31s
END OF SCRAPE LOG
================================================================================
