================================================================================
SCRAPE LOG: https://www.zillow.com/homedetails/123-Main-St/12345678_zpid/
Started: 2026-01-15 11:08:29
Session ID: N/A
================================================================================
[11:08:29.079] [INFO ] 📝 Scrape log: logs/scrapes/2026-01-15_110829_zillow.com.log
[11:08:29.079] [DEBUG] ⏱️ Timeout set to 45s for this scrape
[11:08:29.384] [INFO ] 
    🚀 BROWSER LAUNCHED
    ├─ Mode:       Visible
    ├─ Slow Mo:    47ms
    ├─ Launch Time: 0.30s
    └─ Args:       Anti-automation flags enabled
[11:08:29.384] [DEBUG] Browser profile: viewport={'width': 2560, 'height': 1440}, locale=en-US, tz=America/Phoenix
[11:08:29.385] [INFO ] 
╔══════════════════════════════════════════════════════════════════════════╗
║  📋 SESSION: SCRAPE_20260115_110829_0001
║  🌐 URL: https://www.zillow.com/homedetails/123-Main-St/12345678_zpid/
║  🔄 ATTEMPT: 1/3
║  ⏰ STARTED: 2026-01-15T11:08:29.079452
╠══════════════════════════════════════════════════════════════════════════╣

    ┌─ BROWSER FINGERPRINT ────────────────────────────────────────┐
    │ Browser:     SAFARI v605 on MACOS
    │ User-Agent:  Mozilla/5.0 (Macintosh; Intel Mac OS X 10_15_7) AppleWebKit/605.1.15 (...
    │ Viewport:    2560x1440
    │ Sec-CH-UA:   (not applicable)...
    ├─ LOCATION PROFILE ───────────────────────────────────────────┤
    │ Location:    Phoenix, USA
    │ Timezone:    America/Phoenix
    │ Locale:      en-US
    │ Geo:         33.4484, -112.0740
    ├─ NETWORK ────────────────────────────────────────────────────┤
    │ Proxy:       Direct (no proxy)
    │ Referrer:    Direct visit
    └──────────────────────────────────────────────────────────────┘
╚══════════════════════════════════════════════════════════════════════════╝
[11:08:29.646] [INFO ] 🛡️ Injected anti-detection scripts at context level
[11:08:29.646] [DEBUG]    └─ Canvas noise, WebGL spoof, Browser patches
[11:08:29.647] [INFO ] 
    🛡️ ANTI-DETECTION SCRIPTS INJECTED (CONTEXT level)
    ├─ Canvas fingerprint noise
    ├─ WebGL renderer/vendor spoof
    ├─ Hardware concurrency randomization
    ├─ Device memory randomization
    ├─ Plugin masking
    ├─ WebRTC IP leak protection
    ├─ Network connection spoof
    └─ Battery API spoof
[11:08:29.693] [INFO ] 
    🥷 STEALTH MODE APPLIED
    ├─ Navigator patches (webdriver, plugins, languages)
    ├─ Chrome runtime patches
    ├─ Console patches  
    └─ Permission patches
[11:08:29.697] [INFO ] 🛡️ Injected anti-detection scripts at page level
[11:08:29.697] [DEBUG]    └─ Canvas noise, WebGL spoof, Browser patches
[11:08:29.698] [INFO ] 
    🛡️ ANTI-DETECTION SCRIPTS INJECTED (PAGE level)
    ├─ Canvas fingerprint noise
    ├─ WebGL renderer/vendor spoof
    ├─ Hardware concurrency randomization
    ├─ Device memory randomization
    ├─ Plugin masking
    ├─ WebRTC IP leak protection
    ├─ Network connection spoof
    └─ Battery API spoof
[11:08:29.699] [DEBUG] Enabled resource blocking (images, media, fonts)
[11:08:29.699] [INFO ] 
    🔗 NAVIGATING TO URL
    ├─ Strategy:   domcontentloaded
    ├─ Timeout:    15.0s
    └─ Sleep:      1s after load
[11:08:29.907] [INFO ] 
    ✅ PAGE LOADED
    ├─ Final URL:  https://www.zillow.com/homedetails/123-Main-St/12345678_zpid...
    ├─ Title:      Access to this page has been denied
    └─ Load Time:  0.52s
[11:08:32.426] [INFO ]   🤖 'Press & Hold' detected: #px-captcha
[11:08:33.264] [INFO ]   🖱️ Holding button...
[11:08:37.385] [INFO ]   🖱️ Released button.
[11:08:40.955] [INFO ] 🧑 Human behavior simulation...
[11:08:41.130] [INFO ] 🖱️ Mouse: 2 moves in 2560x1440
[11:08:43.468] [INFO ] 🖱️ Mouse completed: 2 moves
[11:08:43.599] [INFO ] 📜 Scroll: page=2000px, viewport=1440px
[11:08:44.252] [INFO ] 📜 Scroll completed: 3 scrolls, reached 560px
[11:08:44.252] [INFO ] 🧑 Human behavior completed in 3.3s ✓
[11:08:44.252] [INFO ] 
    🧑 HUMAN BEHAVIOR SIMULATED
    ├─ Mouse Movements: 2
    ├─ Scroll Actions:  2
    └─ Time Spent:      14.65s
[11:08:44.299] [INFO ] 
    ┌─ CONTENT METRICS ────────────────────────────────────────────┐
    │ Title:            Access to this page has been denied
    │ Final URL:        https://www.zillow.com/homedetails/123-Main-St/12345678_zpid...
    │ HTML Size:        10,569 bytes
    │ Text Size:        0 chars
    │ Word Count:       ~0 words
    │ Extraction:       trafilatura
    │ Has Article:      ✅ Yes
    └──────────────────────────────────────────────────────────────┘
[11:08:44.428] [INFO ] 
╔══════════════════════════════════════════════════════════════════════════╗
║  ✅ SCRAPE SUCCESSFUL - SCRAPE_20260115_110829_0001
╠══════════════════════════════════════════════════════════════════════════╣

    ┌─ TIMING BREAKDOWN ───────────────────────────────────────────┐
    │ Browser Launch:      0.30s
    │ Page Load:           0.52s
    │ Cloudflare Wait:     0.00s
    │ Human Simulation:    14.65s
    │ Content Extraction:  0.57s
    │ ─────────────────────────────────────────────────────────────
    │ TOTAL TIME:          15.35s
    └──────────────────────────────────────────────────────────────┘

    ┌─ CONTENT METRICS ────────────────────────────────────────────┐
    │ Title:            Access to this page has been denied
    │ Final URL:        https://www.zillow.com/homedetails/123-Main-St/12345678_zpid...
    │ HTML Size:        10,569 bytes
    │ Text Size:        0 chars
    │ Word Count:       ~0 words
    │ Extraction:       trafilatura
    │ Has Article:      ✅ Yes
    └──────────────────────────────────────────────────────────────┘
╠══════════════════════════════════════════════════════════════════════════╣
║  📊 SESSION STATS
║  ├─ Strategies Tried:   domcontentloaded
║  ├─ Popups Dismissed:   0
║  ├─ Cloudflare:         Not detected
║  └─ Proxy Used:         Direct
╚══════════════════════════════════════════════════════════════════════════╝

================================================================================
STATUS: SUCCESS
TOTAL TIME: 16.52s
END OF SCRAPE LOG
================================================================================
