================================================================================
SCRAPE LOG: https://sis.gov.eg/en/media-center/news/distinguished-egyptian-participation-in-the-brussels-international-bus-show/
Started: 2026-01-14 15:43:14
Session ID: N/A
================================================================================
[15:43:14.428] [INFO ] 📝 Scrape log: logs/scrapes/2026-01-14_154314_sis.gov.eg.log
[15:43:14.428] [DEBUG] ⏱️ Timeout set to 20s for this scrape
[15:43:15.807] [INFO ] 
    🚀 BROWSER LAUNCHED
    ├─ Mode:       Visible
    ├─ Slow Mo:    219ms
    ├─ Launch Time: 1.38s
    └─ Args:       Anti-automation flags enabled
[15:43:15.808] [DEBUG] Browser profile: viewport={'width': 1920, 'height': 1080}, locale=en-AU, tz=Australia/Sydney
[15:43:15.808] [INFO ] 
╔══════════════════════════════════════════════════════════════════════════╗
║  📋 SESSION: SCRAPE_20260114_154314_0001
║  🌐 URL: https://sis.gov.eg/en/media-center/news/distinguished-egyptian-pa...
║  🔄 ATTEMPT: 1/3
║  ⏰ STARTED: 2026-01-14T15:43:14.428884
╠══════════════════════════════════════════════════════════════════════════╣

    ┌─ BROWSER FINGERPRINT ────────────────────────────────────────┐
    │ Browser:     OPERA v120 on WINDOWS
    │ User-Agent:  Mozilla/5.0 (Windows NT 10.0; Win64; x64) AppleWebKit/537.36 (KHTML, l...
    │ Viewport:    1920x1080
    │ Sec-CH-UA:   "Not_A Brand";v="8", "Chromium";v="120", "Opera";v...
    ├─ LOCATION PROFILE ───────────────────────────────────────────┤
    │ Location:    Sydney, Australia
    │ Timezone:    Australia/Sydney
    │ Locale:      en-AU
    │ Geo:         -33.8688, 151.2093
    ├─ NETWORK ────────────────────────────────────────────────────┤
    │ Proxy:       Direct (no proxy)
    │ Referrer:    https://www.google.com/search?q=sis+gov+eg
    └──────────────────────────────────────────────────────────────┘
╚══════════════════════════════════════════════════════════════════════════╝
[15:43:16.930] [INFO ] 🛡️ Injected anti-detection scripts at context level
[15:43:16.930] [DEBUG]    └─ Canvas noise, WebGL spoof, Browser patches
[15:43:16.938] [INFO ] 
    🛡️ ANTI-DETECTION SCRIPTS INJECTED (CONTEXT level)
    ├─ Canvas fingerprint noise
    ├─ WebGL renderer/vendor spoof
    ├─ Hardware concurrency randomization
    ├─ Device memory randomization
    ├─ Plugin masking
    ├─ WebRTC IP leak protection
    ├─ Network connection spoof
    └─ Battery API spoof
[15:43:17.104] [INFO ] 
    🥷 STEALTH MODE APPLIED
    ├─ Navigator patches (webdriver, plugins, languages)
    ├─ Chrome runtime patches
    ├─ Console patches  
    └─ Permission patches
[15:43:17.125] [INFO ] 🛡️ Injected anti-detection scripts at page level
[15:43:17.125] [DEBUG]    └─ Canvas noise, WebGL spoof, Browser patches
[15:43:17.135] [INFO ] 
    🛡️ ANTI-DETECTION SCRIPTS INJECTED (PAGE level)
    ├─ Canvas fingerprint noise
    ├─ WebGL renderer/vendor spoof
    ├─ Hardware concurrency randomization
    ├─ Device memory randomization
    ├─ Plugin masking
    ├─ WebRTC IP leak protection
    ├─ Network connection spoof
    └─ Battery API spoof
[15:43:17.153] [DEBUG] Enabled resource blocking (images, media, fonts)
[15:43:17.156] [INFO ] 
    🔗 NAVIGATING TO URL
    ├─ Strategy:   domcontentloaded
    ├─ Timeout:    40.0s
    └─ Sleep:      4s after load
[15:43:20.953] [INFO ] 
    ✅ PAGE LOADED
    ├─ Final URL:  https://sis.gov.eg/en/media-center/news/distinguished-egypti...
    ├─ Title:      Distinguished Egyptian Participation in the Brusse...
    └─ Load Time:  5.15s
[15:43:29.071] [DEBUG] Simulated 2 fast mouse movements
[15:43:29.488] [DEBUG] Simulated 2 fast scroll actions
[15:43:29.588] [INFO ] 
    🧑 HUMAN BEHAVIOR SIMULATED
    ├─ Mouse Movements: 4
    ├─ Scroll Actions:  3
    └─ Time Spent:      10.01s
[15:43:29.678] [INFO ]   📄 Fallback extraction using selector: 'main'
[15:43:29.678] [INFO ] 
    ┌─ CONTENT METRICS ────────────────────────────────────────────┐
    │ Title:            Distinguished Egyptian Participation in the Brusse...
    │ Final URL:        https://sis.gov.eg/en/media-center/news/distinguished-egypti...
    │ HTML Size:        128,966 bytes
    │ Text Size:        5,516 chars
    │ Word Count:       ~9 words
    │ Extraction:       fallback:main
    │ Has Article:      ✅ Yes
    └──────────────────────────────────────────────────────────────┘
[15:43:29.697] [INFO ] 
╔══════════════════════════════════════════════════════════════════════════╗
║  ✅ SCRAPE SUCCESSFUL - SCRAPE_20260114_154314_0001
╠══════════════════════════════════════════════════════════════════════════╣

    ┌─ TIMING BREAKDOWN ───────────────────────────────────────────┐
    │ Browser Launch:      1.38s
    │ Page Load:           5.15s
    │ Cloudflare Wait:     0.00s
    │ Human Simulation:    10.01s
    │ Content Extraction:  5.24s
    │ ─────────────────────────────────────────────────────────────
    │ TOTAL TIME:          15.27s
    └──────────────────────────────────────────────────────────────┘

    ┌─ CONTENT METRICS ────────────────────────────────────────────┐
    │ Title:            Distinguished Egyptian Participation in the Brusse...
    │ Final URL:        https://sis.gov.eg/en/media-center/news/distinguished-egypti...
    │ HTML Size:        128,966 bytes
    │ Text Size:        5,516 chars
    │ Word Count:       ~9 words
    │ Extraction:       fallback:main
    │ Has Article:      ✅ Yes
    └──────────────────────────────────────────────────────────────┘
╠══════════════════════════════════════════════════════════════════════════╣
║  📊 SESSION STATS
║  ├─ Strategies Tried:   domcontentloaded
║  ├─ Popups Dismissed:   0
║  ├─ Cloudflare:         Not detected
║  └─ Proxy Used:         Direct
╚══════════════════════════════════════════════════════════════════════════╝

================================================================================
STATUS: SUCCESS
TOTAL TIME: 16.14s
END OF SCRAPE LOG
================================================================================
