================================================================================
SCRAPE LOG: https://httpbin.org/html
Started: 2026-01-14 15:46:29
Session ID: N/A
================================================================================
[15:46:29.097] [INFO ] 📝 Scrape log: logs/scrapes/2026-01-14_154629_httpbin.org.log
[15:46:29.098] [DEBUG] ⏱️ Timeout set to 20s for this scrape
[15:46:30.626] [INFO ] 
    🚀 BROWSER LAUNCHED
    ├─ Mode:       Visible
    ├─ Slow Mo:    260ms
    ├─ Launch Time: 1.53s
    └─ Args:       Anti-automation flags enabled
[15:46:30.627] [DEBUG] Browser profile: viewport={'width': 1680, 'height': 1050}, locale=en-SG, tz=Asia/Singapore
[15:46:30.628] [INFO ] 
╔══════════════════════════════════════════════════════════════════════════╗
║  📋 SESSION: SCRAPE_20260114_154629_0001
║  🌐 URL: https://httpbin.org/html
║  🔄 ATTEMPT: 1/3
║  ⏰ STARTED: 2026-01-14T15:46:29.098154
╠══════════════════════════════════════════════════════════════════════════╣

    ┌─ BROWSER FINGERPRINT ────────────────────────────────────────┐
    │ Browser:     CHROME v119 on MACOS
    │ User-Agent:  Mozilla/5.0 (Macintosh; Intel Mac OS X 13_5) AppleWebKit/537.36 (KHTML...
    │ Viewport:    1680x1050
    │ Sec-CH-UA:   "Not_A Brand";v="8", "Chromium";v="119", "Google C...
    ├─ LOCATION PROFILE ───────────────────────────────────────────┤
    │ Location:    Singapore
    │ Timezone:    Asia/Singapore
    │ Locale:      en-SG
    │ Geo:         1.3521, 103.8198
    ├─ NETWORK ────────────────────────────────────────────────────┤
    │ Proxy:       Direct (no proxy)
    │ Referrer:    https://www.google.com/search?q=httpbin+org
    └──────────────────────────────────────────────────────────────┘
╚══════════════════════════════════════════════════════════════════════════╝
[15:46:30.934] [INFO ] 🛡️ Injected anti-detection scripts at context level
[15:46:30.934] [DEBUG]    └─ Canvas noise, WebGL spoof, Browser patches
[15:46:30.937] [INFO ] 
    🛡️ ANTI-DETECTION SCRIPTS INJECTED (CONTEXT level)
    ├─ Canvas fingerprint noise
    ├─ WebGL renderer/vendor spoof
    ├─ Hardware concurrency randomization
    ├─ Device memory randomization
    ├─ Plugin masking
    ├─ WebRTC IP leak protection
    ├─ Network connection spoof
    └─ Battery API spoof
[15:46:31.455] [INFO ] 
    🥷 STEALTH MODE APPLIED
    ├─ Navigator patches (webdriver, plugins, languages)
    ├─ Chrome runtime patches
    ├─ Console patches  
    └─ Permission patches
[15:46:31.479] [INFO ] 🛡️ Injected anti-detection scripts at page level
[15:46:31.479] [DEBUG]    └─ Canvas noise, WebGL spoof, Browser patches
[15:46:31.494] [INFO ] 
    🛡️ ANTI-DETECTION SCRIPTS INJECTED (PAGE level)
    ├─ Canvas fingerprint noise
    ├─ WebGL renderer/vendor spoof
    ├─ Hardware concurrency randomization
    ├─ Device memory randomization
    ├─ Plugin masking
    ├─ WebRTC IP leak protection
    ├─ Network connection spoof
    └─ Battery API spoof
[15:46:31.512] [DEBUG] Enabled resource blocking (images, media, fonts)
[15:46:31.513] [INFO ] 
    🔗 NAVIGATING TO URL
    ├─ Strategy:   domcontentloaded
    ├─ Timeout:    40.0s
    └─ Sleep:      4s after load
[15:46:32.637] [INFO ] 
    ✅ PAGE LOADED
    ├─ Final URL:  https://httpbin.org/html
    ├─ Title:      
    └─ Load Time:  2.01s
[15:46:43.507] [DEBUG] Simulated 2 fast mouse movements
[15:46:43.928] [DEBUG] Simulated 2 fast scroll actions
[15:46:44.028] [INFO ] 
    🧑 HUMAN BEHAVIOR SIMULATED
    ├─ Mouse Movements: 5
    ├─ Scroll Actions:  2
    └─ Time Spent:      12.92s
[15:46:44.127] [INFO ]   📄 Fallback extraction using selector: 'body'
[15:46:44.127] [INFO ] 
    ┌─ CONTENT METRICS ────────────────────────────────────────────┐
    │ Title:            
    │ Final URL:        https://httpbin.org/html
    │ HTML Size:        3,735 bytes
    │ Text Size:        3,595 chars
    │ Word Count:       ~0 words
    │ Extraction:       fallback:body
    │ Has Article:      ✅ Yes
    └──────────────────────────────────────────────────────────────┘
[15:46:44.143] [INFO ] 
╔══════════════════════════════════════════════════════════════════════════╗
║  ✅ SCRAPE SUCCESSFUL - SCRAPE_20260114_154629_0001
╠══════════════════════════════════════════════════════════════════════════╣

    ┌─ TIMING BREAKDOWN ───────────────────────────────────────────┐
    │ Browser Launch:      1.53s
    │ Page Load:           2.01s
    │ Cloudflare Wait:     0.00s
    │ Human Simulation:    12.92s
    │ Content Extraction:  2.11s
    │ ─────────────────────────────────────────────────────────────
    │ TOTAL TIME:          15.05s
    └──────────────────────────────────────────────────────────────┘

    ┌─ CONTENT METRICS ────────────────────────────────────────────┐
    │ Title:            
    │ Final URL:        https://httpbin.org/html
    │ HTML Size:        3,735 bytes
    │ Text Size:        3,595 chars
    │ Word Count:       ~0 words
    │ Extraction:       fallback:body
    │ Has Article:      ✅ Yes
    └──────────────────────────────────────────────────────────────┘
╠══════════════════════════════════════════════════════════════════════════╣
║  📊 SESSION STATS
║  ├─ Strategies Tried:   domcontentloaded
║  ├─ Popups Dismissed:   0
║  ├─ Cloudflare:         Not detected
║  └─ Proxy Used:         Direct
╚══════════════════════════════════════════════════════════════════════════╝

================================================================================
STATUS: SUCCESS
TOTAL TIME: 15.44s
END OF SCRAPE LOG
================================================================================
