================================================================================
SCRAPE LOG: https://betakit.com/inside-ottawas-cautious-experiment-with-an-ai-powered-digital-help-desk/
Started: 2026-01-14 17:13:45
Session ID: N/A
================================================================================
[17:13:45.743] [INFO ] 📝 Scrape log: logs/scrapes/2026-01-14_171345_betakit.com.log
[17:13:45.743] [DEBUG] ⏱️ Timeout set to 60s for this scrape
[17:13:46.495] [INFO ] 
    🚀 BROWSER LAUNCHED
    ├─ Mode:       Visible
    ├─ Slow Mo:    246ms
    ├─ Launch Time: 0.75s
    └─ Args:       Anti-automation flags enabled
[17:13:46.496] [DEBUG] Browser profile: viewport={'width': 2560, 'height': 1440}, locale=en-US, tz=America/Chicago
[17:13:46.496] [INFO ] 
╔══════════════════════════════════════════════════════════════════════════╗
║  📋 SESSION: SCRAPE_20260114_171345_0001
║  🌐 URL: https://betakit.com/inside-ottawas-cautious-experiment-with-an-ai...
║  🔄 ATTEMPT: 1/3
║  ⏰ STARTED: 2026-01-14T17:13:45.743464
╠══════════════════════════════════════════════════════════════════════════╣

    ┌─ BROWSER FINGERPRINT ────────────────────────────────────────┐
    │ Browser:     SAFARI v605 on MACOS
    │ User-Agent:  Mozilla/5.0 (Macintosh; Intel Mac OS X 10_15_7) AppleWebKit/605.1.15 (...
    │ Viewport:    2560x1440
    │ Sec-CH-UA:   (not applicable)...
    ├─ LOCATION PROFILE ───────────────────────────────────────────┤
    │ Location:    Houston, USA
    │ Timezone:    America/Chicago
    │ Locale:      en-US
    │ Geo:         29.7604, -95.3698
    ├─ NETWORK ────────────────────────────────────────────────────┤
    │ Proxy:       Direct (no proxy)
    │ Referrer:    https://www.google.com/search?q=betakit+com
    └──────────────────────────────────────────────────────────────┘
╚══════════════════════════════════════════════════════════════════════════╝
[17:13:47.361] [INFO ] 🛡️ Injected anti-detection scripts at context level
[17:13:47.361] [DEBUG]    └─ Canvas noise, WebGL spoof, Browser patches
[17:13:47.364] [INFO ] 
    🛡️ ANTI-DETECTION SCRIPTS INJECTED (CONTEXT level)
    ├─ Canvas fingerprint noise
    ├─ WebGL renderer/vendor spoof
    ├─ Hardware concurrency randomization
    ├─ Device memory randomization
    ├─ Plugin masking
    ├─ WebRTC IP leak protection
    ├─ Network connection spoof
    └─ Battery API spoof
[17:13:47.504] [INFO ] 
    🥷 STEALTH MODE APPLIED
    ├─ Navigator patches (webdriver, plugins, languages)
    ├─ Chrome runtime patches
    ├─ Console patches  
    └─ Permission patches
[17:13:47.521] [INFO ] 🛡️ Injected anti-detection scripts at page level
[17:13:47.522] [DEBUG]    └─ Canvas noise, WebGL spoof, Browser patches
[17:13:47.529] [INFO ] 
    🛡️ ANTI-DETECTION SCRIPTS INJECTED (PAGE level)
    ├─ Canvas fingerprint noise
    ├─ WebGL renderer/vendor spoof
    ├─ Hardware concurrency randomization
    ├─ Device memory randomization
    ├─ Plugin masking
    ├─ WebRTC IP leak protection
    ├─ Network connection spoof
    └─ Battery API spoof
[17:13:47.538] [DEBUG] Enabled resource blocking (images, media, fonts)
[17:13:47.538] [INFO ] 
    🔗 NAVIGATING TO URL
    ├─ Strategy:   domcontentloaded
    ├─ Timeout:    40.0s
    └─ Sleep:      4s after load
[17:13:48.750] [INFO ] 
    ✅ PAGE LOADED
    ├─ Final URL:  https://betakit.com/inside-ottawas-cautious-experiment-with-...
    ├─ Title:      Inside Ottawa’s cautious experiment with an AI-pow...
    └─ Load Time:  2.26s
[17:13:50.163] [INFO ]     👆 Popup dismissed: button:has-text('Close')
[17:13:58.106] [INFO ] 🧑 Starting human behavior simulation...
[17:13:58.657] [INFO ] 🧑 Running mouse movements...
[17:13:58.658] [INFO ] 🖱️ Mouse simulation: 3 movements in 2560x1440 viewport
[17:14:10.591] [INFO ] 🖱️ Mouse simulation completed: 3 movements
[17:14:10.941] [INFO ] 🧑 Running scroll simulation...
[17:14:10.950] [INFO ] 📜 Scroll simulation: page=8144px, viewport=1440px
[17:14:13.253] [INFO ] 📜 Scroll simulation completed: 3 scrolls, reached 1058px
[17:14:13.477] [INFO ] 🧑 Human behavior simulation completed ✓
[17:14:13.477] [INFO ] 
    🧑 HUMAN BEHAVIOR SIMULATED
    ├─ Mouse Movements: 6
    ├─ Scroll Actions:  5
    └─ Time Spent:      25.48s
[17:14:13.531] [INFO ]   📄 Fallback extraction using selector: 'article'
[17:14:13.531] [INFO ] 
    ┌─ CONTENT METRICS ────────────────────────────────────────────┐
    │ Title:            Inside Ottawa’s cautious experiment with an AI-pow...
    │ Final URL:        https://betakit.com/inside-ottawas-cautious-experiment-with-...
    │ HTML Size:        158,649 bytes
    │ Text Size:        7,751 chars
    │ Word Count:       ~12 words
    │ Extraction:       fallback:article
    │ Has Article:      ✅ Yes
    └──────────────────────────────────────────────────────────────┘
[17:14:13.662] [INFO ] 
╔══════════════════════════════════════════════════════════════════════════╗
║  ✅ SCRAPE SUCCESSFUL - SCRAPE_20260114_171345_0001
╠══════════════════════════════════════════════════════════════════════════╣

    ┌─ TIMING BREAKDOWN ───────────────────────────────────────────┐
    │ Browser Launch:      0.75s
    │ Page Load:           2.26s
    │ Cloudflare Wait:     0.00s
    │ Human Simulation:    25.48s
    │ Content Extraction:  2.31s
    │ ─────────────────────────────────────────────────────────────
    │ TOTAL TIME:          27.92s
    └──────────────────────────────────────────────────────────────┘

    ┌─ CONTENT METRICS ────────────────────────────────────────────┐
    │ Title:            Inside Ottawa’s cautious experiment with an AI-pow...
    │ Final URL:        https://betakit.com/inside-ottawas-cautious-experiment-with-...
    │ HTML Size:        158,649 bytes
    │ Text Size:        7,751 chars
    │ Word Count:       ~12 words
    │ Extraction:       fallback:article
    │ Has Article:      ✅ Yes
    └──────────────────────────────────────────────────────────────┘
╠══════════════════════════════════════════════════════════════════════════╣
║  📊 SESSION STATS
║  ├─ Strategies Tried:   domcontentloaded
║  ├─ Popups Dismissed:   1
║  ├─ Cloudflare:         Not detected
║  └─ Proxy Used:         Direct
╚══════════════════════════════════════════════════════════════════════════╝

================================================================================
STATUS: SUCCESS
TOTAL TIME: 28.23s
END OF SCRAPE LOG
================================================================================
