================================================================================
SCRAPE LOG: https://example.com
Started: 2026-01-14 15:54:44
Session ID: N/A
================================================================================
[15:54:44.513] [INFO ] 📝 Scrape log: logs/scrapes/2026-01-14_155444_example.com.log
[15:54:44.513] [DEBUG] ⏱️ Timeout set to 45s for this scrape
[15:54:45.916] [INFO ] 
    🚀 BROWSER LAUNCHED
    ├─ Mode:       Visible
    ├─ Slow Mo:    220ms
    ├─ Launch Time: 1.40s
    └─ Args:       Anti-automation flags enabled
[15:54:45.919] [DEBUG] Browser profile: viewport={'width': 1680, 'height': 1050}, locale=en-GB, tz=Europe/London
[15:54:45.920] [INFO ] 
╔══════════════════════════════════════════════════════════════════════════╗
║  📋 SESSION: SCRAPE_20260114_155444_0001
║  🌐 URL: https://example.com
║  🔄 ATTEMPT: 1/3
║  ⏰ STARTED: 2026-01-14T15:54:44.513340
╠══════════════════════════════════════════════════════════════════════════╣

    ┌─ BROWSER FINGERPRINT ────────────────────────────────────────┐
    │ Browser:     CHROME v120 on MACOS
    │ User-Agent:  Mozilla/5.0 (Macintosh; Intel Mac OS X 14_0) AppleWebKit/537.36 (KHTML...
    │ Viewport:    1680x1050
    │ Sec-CH-UA:   "Not_A Brand";v="8", "Chromium";v="120", "Google C...
    ├─ LOCATION PROFILE ───────────────────────────────────────────┤
    │ Location:    Birmingham, UK
    │ Timezone:    Europe/London
    │ Locale:      en-GB
    │ Geo:         52.4862, -1.8904
    ├─ NETWORK ────────────────────────────────────────────────────┤
    │ Proxy:       Direct (no proxy)
    │ Referrer:    https://www.google.com/search?q=example+com
    └──────────────────────────────────────────────────────────────┘
╚══════════════════════════════════════════════════════════════════════════╝
[15:54:46.099] [INFO ] 🛡️ Injected anti-detection scripts at context level
[15:54:46.100] [DEBUG]    └─ Canvas noise, WebGL spoof, Browser patches
[15:54:46.107] [INFO ] 
    🛡️ ANTI-DETECTION SCRIPTS INJECTED (CONTEXT level)
    ├─ Canvas fingerprint noise
    ├─ WebGL renderer/vendor spoof
    ├─ Hardware concurrency randomization
    ├─ Device memory randomization
    ├─ Plugin masking
    ├─ WebRTC IP leak protection
    ├─ Network connection spoof
    └─ Battery API spoof
[15:54:46.828] [INFO ] 
    🥷 STEALTH MODE APPLIED
    ├─ Navigator patches (webdriver, plugins, languages)
    ├─ Chrome runtime patches
    ├─ Console patches  
    └─ Permission patches
[15:54:46.848] [INFO ] 🛡️ Injected anti-detection scripts at page level
[15:54:46.848] [DEBUG]    └─ Canvas noise, WebGL spoof, Browser patches
[15:54:46.862] [INFO ] 
    🛡️ ANTI-DETECTION SCRIPTS INJECTED (PAGE level)
    ├─ Canvas fingerprint noise
    ├─ WebGL renderer/vendor spoof
    ├─ Hardware concurrency randomization
    ├─ Device memory randomization
    ├─ Plugin masking
    ├─ WebRTC IP leak protection
    ├─ Network connection spoof
    └─ Battery API spoof
[15:54:46.869] [DEBUG] Enabled resource blocking (images, media, fonts)
[15:54:46.870] [INFO ] 
    🔗 NAVIGATING TO URL
    ├─ Strategy:   domcontentloaded
    ├─ Timeout:    40.0s
    └─ Sleep:      4s after load
[15:54:47.374] [INFO ] 
    ✅ PAGE LOADED
    ├─ Final URL:  https://example.com/
    ├─ Title:      Example Domain
    └─ Load Time:  1.46s
[15:54:53.697] [DEBUG] 🧑 Starting human behavior simulation with 12.0s budget
[15:54:54.841] [DEBUG] Mouse simulation skipped: Mouse.move: Target page, context or browser has been closed
[15:54:55.468] [DEBUG] Scroll simulation skipped: Page.evaluate: Target page, context or browser has been closed
[15:54:55.853] [DEBUG] 🧑 Human behavior simulation completed
[15:54:55.855] [INFO ] 
    🧑 HUMAN BEHAVIOR SIMULATED
    ├─ Mouse Movements: 6
    ├─ Scroll Actions:  2
    └─ Time Spent:      9.88s
[15:54:55.864] [INFO ] 
    🔗 NAVIGATING TO URL
    ├─ Strategy:   load
    ├─ Timeout:    60.0s
    └─ Sleep:      3s after load
[15:54:55.871] [INFO ] 
    🔗 NAVIGATING TO URL
    ├─ Strategy:   networkidle
    ├─ Timeout:    80.0s
    └─ Sleep:      2s after load
[15:54:55.881] [ERROR] 
╔══════════════════════════════════════════════════════════════════════════╗
║  ❌ SCRAPE FAILED - SCRAPE_20260114_155444_0001
╠══════════════════════════════════════════════════════════════════════════╣
║  🚫 ERROR DETAILS
║  ├─ Type:        extraction_failed
║  ├─ Message:     Content too short or empty (len=0)
║  ├─ Likely Ban:  🟢 NO
║  └─ Screenshot:  Not saved
╠──────────────────────────────────────────────────────────────────────────╣

    ┌─ BROWSER FINGERPRINT ────────────────────────────────────────┐
    │ Browser:     CHROME v120 on MACOS
    │ User-Agent:  Mozilla/5.0 (Macintosh; Intel Mac OS X 14_0) AppleWebKit/537.36 (KHTML...
    │ Viewport:    1680x1050
    │ Sec-CH-UA:   "Not_A Brand";v="8", "Chromium";v="120", "Google C...
    ├─ LOCATION PROFILE ───────────────────────────────────────────┤
    │ Location:    Birmingham, UK
    │ Timezone:    Europe/London
    │ Locale:      en-GB
    │ Geo:         52.4862, -1.8904
    ├─ NETWORK ────────────────────────────────────────────────────┤
    │ Proxy:       Direct (no proxy)
    │ Referrer:    https://www.google.com/search?q=example+com
    └──────────────────────────────────────────────────────────────┘

    ┌─ TIMING BREAKDOWN ───────────────────────────────────────────┐
    │ Browser Launch:      1.40s
    │ Page Load:           1.46s
    │ Cloudflare Wait:     0.00s
    │ Human Simulation:    9.88s
    │ Content Extraction:  0.00s
    │ ─────────────────────────────────────────────────────────────
    │ TOTAL TIME:          11.37s
    └──────────────────────────────────────────────────────────────┘
╠──────────────────────────────────────────────────────────────────────────╣
║  📊 SESSION STATS
║  ├─ Attempt:            1/3
║  ├─ Strategies Tried:   domcontentloaded, load, networkidle
║  └─ Proxy Used:         Direct
╚══════════════════════════════════════════════════════════════════════════╝
[15:54:56.167] [INFO ]   🔄 Retry attempt 2/3...
