================================================================================
SCRAPE LOG: https://sis.gov.eg/en/media-center/news/distinguished-egyptian-participation-in-the-brussels-international-bus-show/
Started: 2026-01-14 15:23:48
Session ID: N/A
================================================================================
[15:23:48.133] [INFO ] 📝 Scrape log: logs/scrapes/2026-01-14_152348_sis.gov.eg.log
[15:23:48.133] [DEBUG] ⏱️ Timeout set to 20s for this scrape
[15:23:49.857] [INFO ] 
    🚀 BROWSER LAUNCHED
    ├─ Mode:       Visible
    ├─ Slow Mo:    225ms
    ├─ Launch Time: 1.72s
    └─ Args:       Anti-automation flags enabled
[15:23:49.858] [DEBUG] Browser profile: viewport={'width': 1366, 'height': 768}, locale=en-AU, tz=Australia/Melbourne
[15:23:49.858] [INFO ] 
╔══════════════════════════════════════════════════════════════════════════╗
║  📋 SESSION: SCRAPE_20260114_152348_0001
║  🌐 URL: https://sis.gov.eg/en/media-center/news/distinguished-egyptian-pa...
║  🔄 ATTEMPT: 1/3
║  ⏰ STARTED: 2026-01-14T15:23:48.133453
╠══════════════════════════════════════════════════════════════════════════╣

    ┌─ BROWSER FINGERPRINT ────────────────────────────────────────┐
    │ Browser:     CHROME v126 on WINDOWS
    │ User-Agent:  Mozilla/5.0 (Windows NT 10.0; Win64; x64) AppleWebKit/537.36 (KHTML, l...
    │ Viewport:    1366x768
    │ Sec-CH-UA:   "Not_A Brand";v="8", "Chromium";v="126", "Google C...
    ├─ LOCATION PROFILE ───────────────────────────────────────────┤
    │ Location:    Melbourne, Australia
    │ Timezone:    Australia/Melbourne
    │ Locale:      en-AU
    │ Geo:         -37.8136, 144.9631
    ├─ NETWORK ────────────────────────────────────────────────────┤
    │ Proxy:       Direct (no proxy)
    │ Referrer:    https://www.google.com/search?q=sis+gov+eg
    └──────────────────────────────────────────────────────────────┘
╚══════════════════════════════════════════════════════════════════════════╝
[15:23:50.549] [INFO ] 🛡️ Injected anti-detection scripts at context level
[15:23:50.550] [DEBUG]    └─ Canvas noise, WebGL spoof, Browser patches
[15:23:50.556] [INFO ] 
    🛡️ ANTI-DETECTION SCRIPTS INJECTED (CONTEXT level)
    ├─ Canvas fingerprint noise
    ├─ WebGL renderer/vendor spoof
    ├─ Hardware concurrency randomization
    ├─ Device memory randomization
    ├─ Plugin masking
    ├─ WebRTC IP leak protection
    ├─ Network connection spoof
    └─ Battery API spoof
[15:23:50.730] [INFO ] 
    🥷 STEALTH MODE APPLIED
    ├─ Navigator patches (webdriver, plugins, languages)
    ├─ Chrome runtime patches
    ├─ Console patches  
    └─ Permission patches
[15:23:50.757] [INFO ] 🛡️ Injected anti-detection scripts at page level
[15:23:50.757] [DEBUG]    └─ Canvas noise, WebGL spoof, Browser patches
[15:23:50.761] [INFO ] 
    🛡️ ANTI-DETECTION SCRIPTS INJECTED (PAGE level)
    ├─ Canvas fingerprint noise
    ├─ WebGL renderer/vendor spoof
    ├─ Hardware concurrency randomization
    ├─ Device memory randomization
    ├─ Plugin masking
    ├─ WebRTC IP leak protection
    ├─ Network connection spoof
    └─ Battery API spoof
[15:23:50.765] [DEBUG] Enabled resource blocking (images, media, fonts)
[15:23:50.765] [INFO ] 
    🔗 NAVIGATING TO URL
    ├─ Strategy:   domcontentloaded
    ├─ Timeout:    40.0s
    └─ Sleep:      4s after load
[15:23:54.522] [INFO ] 
    ✅ PAGE LOADED
    ├─ Final URL:  https://sis.gov.eg/en/media-center/news/distinguished-egypti...
    ├─ Title:      Distinguished Egyptian Participation in the Brusse...
    └─ Load Time:  4.67s
[15:24:05.692] [DEBUG] Simulated 2 fast mouse movements
[15:24:06.004] [DEBUG] Simulated 1 fast scroll actions
[15:24:06.103] [INFO ] 
    🧑 HUMAN BEHAVIOR SIMULATED
    ├─ Mouse Movements: 4
    ├─ Scroll Actions:  3
    └─ Time Spent:      13.30s
[15:24:06.235] [INFO ]   📄 Fallback extraction using selector: 'main'
[15:24:06.235] [INFO ] 
    ┌─ CONTENT METRICS ────────────────────────────────────────────┐
    │ Title:            Distinguished Egyptian Participation in the Brusse...
    │ Final URL:        https://sis.gov.eg/en/media-center/news/distinguished-egypti...
    │ HTML Size:        128,966 bytes
    │ Text Size:        5,516 chars
    │ Word Count:       ~9 words
    │ Extraction:       fallback:main
    │ Has Article:      ✅ Yes
    └──────────────────────────────────────────────────────────────┘
[15:24:06.258] [INFO ] 
╔══════════════════════════════════════════════════════════════════════════╗
║  ✅ SCRAPE SUCCESSFUL - SCRAPE_20260114_152348_0001
╠══════════════════════════════════════════════════════════════════════════╣

    ┌─ TIMING BREAKDOWN ───────────────────────────────────────────┐
    │ Browser Launch:      1.72s
    │ Page Load:           4.67s
    │ Cloudflare Wait:     0.00s
    │ Human Simulation:    13.30s
    │ Content Extraction:  4.80s
    │ ─────────────────────────────────────────────────────────────
    │ TOTAL TIME:          18.12s
    └──────────────────────────────────────────────────────────────┘

    ┌─ CONTENT METRICS ────────────────────────────────────────────┐
    │ Title:            Distinguished Egyptian Participation in the Brusse...
    │ Final URL:        https://sis.gov.eg/en/media-center/news/distinguished-egypti...
    │ HTML Size:        128,966 bytes
    │ Text Size:        5,516 chars
    │ Word Count:       ~9 words
    │ Extraction:       fallback:main
    │ Has Article:      ✅ Yes
    └──────────────────────────────────────────────────────────────┘
╠══════════════════════════════════════════════════════════════════════════╣
║  📊 SESSION STATS
║  ├─ Strategies Tried:   domcontentloaded
║  ├─ Popups Dismissed:   0
║  ├─ Cloudflare:         Not detected
║  └─ Proxy Used:         Direct
╚══════════════════════════════════════════════════════════════════════════╝

================================================================================
STATUS: SUCCESS
TOTAL TIME: 19.17s
END OF SCRAPE LOG
================================================================================
