================================================================================
SCRAPE LOG: https://jsonplaceholder.typicode.com/posts/999999
Started: 2026-01-14 15:40:01
Session ID: N/A
================================================================================
[15:40:01.657] [INFO ] 📝 Scrape log: logs/scrapes/2026-01-14_154001_jsonplaceholder.typicode.com.log
[15:40:01.658] [DEBUG] ⏱️ Timeout set to 20s for this scrape
[15:40:02.637] [INFO ] 
    🚀 BROWSER LAUNCHED
    ├─ Mode:       Headless
    ├─ Slow Mo:    292ms
    ├─ Launch Time: 0.98s
    └─ Args:       Anti-automation flags enabled
[15:40:02.641] [DEBUG] Browser profile: viewport={'width': 1536, 'height': 864}, locale=en-US, tz=America/Los_Angeles
[15:40:02.642] [INFO ] 
╔══════════════════════════════════════════════════════════════════════════╗
║  📋 SESSION: SCRAPE_20260114_154001_0001
║  🌐 URL: https://jsonplaceholder.typicode.com/posts/999999
║  🔄 ATTEMPT: 1/3
║  ⏰ STARTED: 2026-01-14T15:40:01.658086
╠══════════════════════════════════════════════════════════════════════════╣

    ┌─ BROWSER FINGERPRINT ────────────────────────────────────────┐
    │ Browser:     EDGE v121 on WINDOWS
    │ User-Agent:  Mozilla/5.0 (Windows NT 10.0; Win64; x64) AppleWebKit/537.36 (KHTML, l...
    │ Viewport:    1536x864
    │ Sec-CH-UA:   "Not_A Brand";v="8", "Chromium";v="121", "Microsof...
    ├─ LOCATION PROFILE ───────────────────────────────────────────┤
    │ Location:    San Francisco, USA
    │ Timezone:    America/Los_Angeles
    │ Locale:      en-US
    │ Geo:         37.7749, -122.4194
    ├─ NETWORK ────────────────────────────────────────────────────┤
    │ Proxy:       Direct (no proxy)
    │ Referrer:    https://www.google.com/
    └──────────────────────────────────────────────────────────────┘
╚══════════════════════════════════════════════════════════════════════════╝
[15:40:02.699] [INFO ] 🛡️ Injected anti-detection scripts at context level
[15:40:02.699] [DEBUG]    └─ Canvas noise, WebGL spoof, Browser patches
[15:40:02.709] [INFO ] 
    🛡️ ANTI-DETECTION SCRIPTS INJECTED (CONTEXT level)
    ├─ Canvas fingerprint noise
    ├─ WebGL renderer/vendor spoof
    ├─ Hardware concurrency randomization
    ├─ Device memory randomization
    ├─ Plugin masking
    ├─ WebRTC IP leak protection
    ├─ Network connection spoof
    └─ Battery API spoof
[15:40:03.664] [INFO ] 
    🥷 STEALTH MODE APPLIED
    ├─ Navigator patches (webdriver, plugins, languages)
    ├─ Chrome runtime patches
    ├─ Console patches  
    └─ Permission patches
[15:40:03.681] [INFO ] 🛡️ Injected anti-detection scripts at page level
[15:40:03.681] [DEBUG]    └─ Canvas noise, WebGL spoof, Browser patches
[15:40:03.687] [INFO ] 
    🛡️ ANTI-DETECTION SCRIPTS INJECTED (PAGE level)
    ├─ Canvas fingerprint noise
    ├─ WebGL renderer/vendor spoof
    ├─ Hardware concurrency randomization
    ├─ Device memory randomization
    ├─ Plugin masking
    ├─ WebRTC IP leak protection
    ├─ Network connection spoof
    └─ Battery API spoof
[15:40:03.696] [DEBUG] Enabled resource blocking (images, media, fonts)
[15:40:03.697] [INFO ] 
    🔗 NAVIGATING TO URL
    ├─ Strategy:   domcontentloaded
    ├─ Timeout:    40.0s
    └─ Sleep:      4s after load
[15:40:04.330] [INFO ] 
    ✅ PAGE LOADED
    ├─ Final URL:  https://jsonplaceholder.typicode.com/posts/999999
    ├─ Title:      
    └─ Load Time:  1.69s
[15:40:16.861] [DEBUG] Simulated 2 fast mouse movements
[15:40:17.293] [DEBUG] Simulated 2 fast scroll actions
[15:40:17.394] [INFO ] 
    🧑 HUMAN BEHAVIOR SIMULATED
    ├─ Mouse Movements: 4
    ├─ Scroll Actions:  4
    └─ Time Spent:      14.04s
[15:40:17.480] [INFO ] 
    ┌─ CONTENT METRICS ────────────────────────────────────────────┐
    │ Title:            
    │ Final URL:        https://jsonplaceholder.typicode.com/posts/999999
    │ HTML Size:        165 bytes
    │ Text Size:        0 chars
    │ Word Count:       ~0 words
    │ Extraction:       trafilatura
    │ Has Article:      ❌ No
    └──────────────────────────────────────────────────────────────┘
[15:40:17.480] [INFO ] 
    🔗 NAVIGATING TO URL
    ├─ Strategy:   load
    ├─ Timeout:    60.0s
    └─ Sleep:      3s after load
[15:40:17.885] [INFO ] 
    ✅ PAGE LOADED
    ├─ Final URL:  https://jsonplaceholder.typicode.com/posts/999999
    ├─ Title:      
    └─ Load Time:  15.25s
[15:40:23.172] [DEBUG] ⚡ Skipping human behavior - insufficient time remaining
[15:40:23.172] [INFO ] 
    🧑 HUMAN BEHAVIOR SIMULATED
    ├─ Mouse Movements: 5
    ├─ Scroll Actions:  5
    └─ Time Spent:      6.27s
[15:40:23.172] [ERROR] ⏰ TIMEOUT after 21.5s at stage: human_behavior
[15:40:23.172] [INFO ] 
    🔗 NAVIGATING TO URL
    ├─ Strategy:   networkidle
    ├─ Timeout:    80.0s
    └─ Sleep:      2s after load
[15:40:24.061] [INFO ] 
    ✅ PAGE LOADED
    ├─ Final URL:  https://jsonplaceholder.typicode.com/posts/999999
    ├─ Title:      
    └─ Load Time:  21.42s
[15:40:24.061] [ERROR] ⏰ TIMEOUT after 22.4s at stage: page_loaded
[15:40:24.061] [ERROR] 
╔══════════════════════════════════════════════════════════════════════════╗
║  ❌ SCRAPE FAILED - SCRAPE_20260114_154001_0001
╠══════════════════════════════════════════════════════════════════════════╣
║  🚫 ERROR DETAILS
║  ├─ Type:        extraction_failed
║  ├─ Message:     Content too short or empty (len=165)
║  ├─ Likely Ban:  🟢 NO
║  └─ Screenshot:  Not saved
╠──────────────────────────────────────────────────────────────────────────╣

    ┌─ BROWSER FINGERPRINT ────────────────────────────────────────┐
    │ Browser:     EDGE v121 on WINDOWS
    │ User-Agent:  Mozilla/5.0 (Windows NT 10.0; Win64; x64) AppleWebKit/537.36 (KHTML, l...
    │ Viewport:    1536x864
    │ Sec-CH-UA:   "Not_A Brand";v="8", "Chromium";v="121", "Microsof...
    ├─ LOCATION PROFILE ───────────────────────────────────────────┤
    │ Location:    San Francisco, USA
    │ Timezone:    America/Los_Angeles
    │ Locale:      en-US
    │ Geo:         37.7749, -122.4194
    ├─ NETWORK ────────────────────────────────────────────────────┤
    │ Proxy:       Direct (no proxy)
    │ Referrer:    https://www.google.com/
    └──────────────────────────────────────────────────────────────┘

    ┌─ TIMING BREAKDOWN ───────────────────────────────────────────┐
    │ Browser Launch:      0.98s
    │ Page Load:           21.42s
    │ Cloudflare Wait:     0.00s
    │ Human Simulation:    6.27s
    │ Content Extraction:  1.78s
    │ ─────────────────────────────────────────────────────────────
    │ TOTAL TIME:          22.40s
    └──────────────────────────────────────────────────────────────┘
╠──────────────────────────────────────────────────────────────────────────╣
║  📊 SESSION STATS
║  ├─ Attempt:            1/3
║  ├─ Strategies Tried:   domcontentloaded, load, networkidle
║  └─ Proxy Used:         Direct
╚══════════════════════════════════════════════════════════════════════════╝
[15:40:24.145] [INFO ]   🔄 Retry attempt 2/3...
[15:40:29.814] [DEBUG] ⏱️ Timeout set to 20s for this scrape
[15:40:30.593] [INFO ] 
    🚀 BROWSER LAUNCHED
    ├─ Mode:       Headless
    ├─ Slow Mo:    203ms
    ├─ Launch Time: 0.78s
    └─ Args:       Anti-automation flags enabled
[15:40:30.594] [DEBUG] Browser profile: viewport={'width': 1440, 'height': 900}, locale=en-US, tz=America/Chicago
[15:40:30.595] [INFO ] 
╔══════════════════════════════════════════════════════════════════════════╗
║  📋 SESSION: SCRAPE_20260114_154029_0002
║  🌐 URL: https://jsonplaceholder.typicode.com/posts/999999
║  🔄 ATTEMPT: 2/3
║  ⏰ STARTED: 2026-01-14T15:40:29.814550
╠══════════════════════════════════════════════════════════════════════════╣

    ┌─ BROWSER FINGERPRINT ────────────────────────────────────────┐
    │ Browser:     FIREFOX v121 on MACOS
    │ User-Agent:  Mozilla/5.0 (Macintosh; Intel Mac OS X 10.15; rv:121.0) Gecko/20100101...
    │ Viewport:    1440x900
    │ Sec-CH-UA:   (not applicable)...
    ├─ LOCATION PROFILE ───────────────────────────────────────────┤
    │ Location:    Houston, USA
    │ Timezone:    America/Chicago
    │ Locale:      en-US
    │ Geo:         29.7604, -95.3698
    ├─ NETWORK ────────────────────────────────────────────────────┤
    │ Proxy:       Direct (no proxy)
    │ Referrer:    https://www.google.com/search?q=jsonplaceholder+typicode+com
    └──────────────────────────────────────────────────────────────┘
╚══════════════════════════════════════════════════════════════════════════╝
[15:40:30.644] [INFO ] 🛡️ Injected anti-detection scripts at context level
[15:40:30.644] [DEBUG]    └─ Canvas noise, WebGL spoof, Browser patches
[15:40:30.651] [INFO ] 
    🛡️ ANTI-DETECTION SCRIPTS INJECTED (CONTEXT level)
    ├─ Canvas fingerprint noise
    ├─ WebGL renderer/vendor spoof
    ├─ Hardware concurrency randomization
    ├─ Device memory randomization
    ├─ Plugin masking
    ├─ WebRTC IP leak protection
    ├─ Network connection spoof
    └─ Battery API spoof
[15:40:31.492] [INFO ] 
    🥷 STEALTH MODE APPLIED
    ├─ Navigator patches (webdriver, plugins, languages)
    ├─ Chrome runtime patches
    ├─ Console patches  
    └─ Permission patches
[15:40:31.508] [INFO ] 🛡️ Injected anti-detection scripts at page level
[15:40:31.509] [DEBUG]    └─ Canvas noise, WebGL spoof, Browser patches
[15:40:31.516] [INFO ] 
    🛡️ ANTI-DETECTION SCRIPTS INJECTED (PAGE level)
    ├─ Canvas fingerprint noise
    ├─ WebGL renderer/vendor spoof
    ├─ Hardware concurrency randomization
    ├─ Device memory randomization
    ├─ Plugin masking
    ├─ WebRTC IP leak protection
    ├─ Network connection spoof
    └─ Battery API spoof
[15:40:31.523] [DEBUG] Enabled resource blocking (images, media, fonts)
[15:40:31.523] [INFO ] 
    🔗 NAVIGATING TO URL
    ├─ Strategy:   domcontentloaded
    ├─ Timeout:    40.0s
    └─ Sleep:      4s after load
[15:40:32.071] [INFO ] 
    ✅ PAGE LOADED
    ├─ Final URL:  https://jsonplaceholder.typicode.com/posts/999999
    ├─ Title:      
    └─ Load Time:  1.48s
[15:40:42.184] [DEBUG] Simulated 2 fast mouse movements
[15:40:42.719] [DEBUG] Simulated 3 fast scroll actions
[15:40:42.820] [INFO ] 
    🧑 HUMAN BEHAVIOR SIMULATED
    ├─ Mouse Movements: 4
    ├─ Scroll Actions:  4
    └─ Time Spent:      11.53s
[15:40:42.908] [INFO ] 
    ┌─ CONTENT METRICS ────────────────────────────────────────────┐
    │ Title:            
    │ Final URL:        https://jsonplaceholder.typicode.com/posts/999999
    │ HTML Size:        165 bytes
    │ Text Size:        0 chars
    │ Word Count:       ~0 words
    │ Extraction:       trafilatura
    │ Has Article:      ❌ No
    └──────────────────────────────────────────────────────────────┘
[15:40:42.908] [INFO ] 
    🔗 NAVIGATING TO URL
    ├─ Strategy:   load
    ├─ Timeout:    60.0s
    └─ Sleep:      3s after load
[15:40:43.219] [INFO ] 
    ✅ PAGE LOADED
    ├─ Final URL:  https://jsonplaceholder.typicode.com/posts/999999
    ├─ Title:      
    └─ Load Time:  12.63s
[15:40:50.037] [DEBUG] ⚡ Skipping human behavior - insufficient time remaining
[15:40:50.038] [INFO ] 
    🧑 HUMAN BEHAVIOR SIMULATED
    ├─ Mouse Movements: 5
    ├─ Scroll Actions:  5
    └─ Time Spent:      7.60s
[15:40:50.038] [ERROR] ⏰ TIMEOUT after 20.2s at stage: human_behavior
[15:40:50.038] [INFO ] 
    🔗 NAVIGATING TO URL
    ├─ Strategy:   networkidle
    ├─ Timeout:    80.0s
    └─ Sleep:      2s after load
[15:40:50.840] [INFO ] 
    ✅ PAGE LOADED
    ├─ Final URL:  https://jsonplaceholder.typicode.com/posts/999999
    ├─ Title:      
    └─ Load Time:  20.25s
[15:40:50.841] [ERROR] ⏰ TIMEOUT after 21.0s at stage: page_loaded
[15:40:50.841] [ERROR] 
╔══════════════════════════════════════════════════════════════════════════╗
║  ❌ SCRAPE FAILED - SCRAPE_20260114_154029_0002
╠══════════════════════════════════════════════════════════════════════════╣
║  🚫 ERROR DETAILS
║  ├─ Type:        extraction_failed
║  ├─ Message:     Content too short or empty (len=165)
║  ├─ Likely Ban:  🟢 NO
║  └─ Screenshot:  Not saved
╠──────────────────────────────────────────────────────────────────────────╣

    ┌─ BROWSER FINGERPRINT ────────────────────────────────────────┐
    │ Browser:     FIREFOX v121 on MACOS
    │ User-Agent:  Mozilla/5.0 (Macintosh; Intel Mac OS X 10.15; rv:121.0) Gecko/20100101...
    │ Viewport:    1440x900
    │ Sec-CH-UA:   (not applicable)...
    ├─ LOCATION PROFILE ───────────────────────────────────────────┤
    │ Location:    Houston, USA
    │ Timezone:    America/Chicago
    │ Locale:      en-US
    │ Geo:         29.7604, -95.3698
    ├─ NETWORK ────────────────────────────────────────────────────┤
    │ Proxy:       Direct (no proxy)
    │ Referrer:    https://www.google.com/search?q=jsonplaceholder+typicode+com
    └──────────────────────────────────────────────────────────────┘

    ┌─ TIMING BREAKDOWN ───────────────────────────────────────────┐
    │ Browser Launch:      0.78s
    │ Page Load:           20.25s
    │ Cloudflare Wait:     0.00s
    │ Human Simulation:    7.60s
    │ Content Extraction:  1.57s
    │ ─────────────────────────────────────────────────────────────
    │ TOTAL TIME:          21.03s
    └──────────────────────────────────────────────────────────────┘
╠──────────────────────────────────────────────────────────────────────────╣
║  📊 SESSION STATS
║  ├─ Attempt:            2/3
║  ├─ Strategies Tried:   domcontentloaded, load, networkidle
║  └─ Proxy Used:         Direct
╚══════════════════════════════════════════════════════════════════════════╝
[15:40:50.927] [INFO ]   🔄 Retry attempt 3/3...
[15:40:58.522] [DEBUG] ⏱️ Timeout set to 20s for this scrape
[15:40:59.257] [INFO ] 
    🚀 BROWSER LAUNCHED
    ├─ Mode:       Headless
    ├─ Slow Mo:    199ms
    ├─ Launch Time: 0.73s
    └─ Args:       Anti-automation flags enabled
[15:40:59.258] [DEBUG] Browser profile: viewport={'width': 1600, 'height': 900}, locale=en-AU, tz=Australia/Melbourne
[15:40:59.259] [INFO ] 
╔══════════════════════════════════════════════════════════════════════════╗
║  📋 SESSION: SCRAPE_20260114_154058_0003
║  🌐 URL: https://jsonplaceholder.typicode.com/posts/999999
║  🔄 ATTEMPT: 3/3
║  ⏰ STARTED: 2026-01-14T15:40:58.522894
╠══════════════════════════════════════════════════════════════════════════╣

    ┌─ BROWSER FINGERPRINT ────────────────────────────────────────┐
    │ Browser:     EDGE v119 on WINDOWS
    │ User-Agent:  Mozilla/5.0 (Windows NT 10.0; Win64; x64) AppleWebKit/537.36 (KHTML, l...
    │ Viewport:    1600x900
    │ Sec-CH-UA:   "Not_A Brand";v="8", "Chromium";v="119", "Microsof...
    ├─ LOCATION PROFILE ───────────────────────────────────────────┤
    │ Location:    Melbourne, Australia
    │ Timezone:    Australia/Melbourne
    │ Locale:      en-AU
    │ Geo:         -37.8136, 144.9631
    ├─ NETWORK ────────────────────────────────────────────────────┤
    │ Proxy:       Direct (no proxy)
    │ Referrer:    https://www.google.com/search?q=jsonplaceholder+typicode+com
    └──────────────────────────────────────────────────────────────┘
╚══════════════════════════════════════════════════════════════════════════╝
[15:40:59.290] [INFO ] 🛡️ Injected anti-detection scripts at context level
[15:40:59.291] [DEBUG]    └─ Canvas noise, WebGL spoof, Browser patches
[15:40:59.294] [INFO ] 
    🛡️ ANTI-DETECTION SCRIPTS INJECTED (CONTEXT level)
    ├─ Canvas fingerprint noise
    ├─ WebGL renderer/vendor spoof
    ├─ Hardware concurrency randomization
    ├─ Device memory randomization
    ├─ Plugin masking
    ├─ WebRTC IP leak protection
    ├─ Network connection spoof
    └─ Battery API spoof
[15:41:00.046] [INFO ] 
    🥷 STEALTH MODE APPLIED
    ├─ Navigator patches (webdriver, plugins, languages)
    ├─ Chrome runtime patches
    ├─ Console patches  
    └─ Permission patches
[15:41:00.065] [INFO ] 🛡️ Injected anti-detection scripts at page level
[15:41:00.066] [DEBUG]    └─ Canvas noise, WebGL spoof, Browser patches
[15:41:00.072] [INFO ] 
    🛡️ ANTI-DETECTION SCRIPTS INJECTED (PAGE level)
    ├─ Canvas fingerprint noise
    ├─ WebGL renderer/vendor spoof
    ├─ Hardware concurrency randomization
    ├─ Device memory randomization
    ├─ Plugin masking
    ├─ WebRTC IP leak protection
    ├─ Network connection spoof
    └─ Battery API spoof
[15:41:00.076] [DEBUG] Enabled resource blocking (images, media, fonts)
[15:41:00.077] [INFO ] 
    🔗 NAVIGATING TO URL
    ├─ Strategy:   domcontentloaded
    ├─ Timeout:    40.0s
    └─ Sleep:      4s after load
[15:41:00.559] [INFO ] 
    ✅ PAGE LOADED
    ├─ Final URL:  https://jsonplaceholder.typicode.com/posts/999999
    ├─ Title:      
    └─ Load Time:  1.30s
[15:41:10.741] [DEBUG] Simulated 2 fast mouse movements
[15:41:11.261] [DEBUG] Simulated 3 fast scroll actions
[15:41:11.362] [INFO ] 
    🧑 HUMAN BEHAVIOR SIMULATED
    ├─ Mouse Movements: 4
    ├─ Scroll Actions:  5
    └─ Time Spent:      11.54s
[15:41:11.455] [INFO ] 
    ┌─ CONTENT METRICS ────────────────────────────────────────────┐
    │ Title:            
    │ Final URL:        https://jsonplaceholder.typicode.com/posts/999999
    │ HTML Size:        165 bytes
    │ Text Size:        0 chars
    │ Word Count:       ~0 words
    │ Extraction:       trafilatura
    │ Has Article:      ❌ No
    └──────────────────────────────────────────────────────────────┘
[15:41:11.455] [INFO ] 
    🔗 NAVIGATING TO URL
    ├─ Strategy:   load
    ├─ Timeout:    60.0s
    └─ Sleep:      3s after load
[15:41:11.756] [INFO ] 
    ✅ PAGE LOADED
    ├─ Final URL:  https://jsonplaceholder.typicode.com/posts/999999
    ├─ Title:      
    └─ Load Time:  12.50s
[15:41:16.973] [DEBUG] ⚡ Skipping human behavior - insufficient time remaining
[15:41:16.973] [INFO ] 
    🧑 HUMAN BEHAVIOR SIMULATED
    ├─ Mouse Movements: 6
    ├─ Scroll Actions:  2
    └─ Time Spent:      5.95s
[15:41:17.045] [INFO ] 
    ┌─ CONTENT METRICS ────────────────────────────────────────────┐
    │ Title:            
    │ Final URL:        https://jsonplaceholder.typicode.com/posts/999999
    │ HTML Size:        165 bytes
    │ Text Size:        0 chars
    │ Word Count:       ~0 words
    │ Extraction:       trafilatura
    │ Has Article:      ❌ No
    └──────────────────────────────────────────────────────────────┘
[15:41:17.046] [INFO ] 
    🔗 NAVIGATING TO URL
    ├─ Strategy:   networkidle
    ├─ Timeout:    80.0s
    └─ Sleep:      2s after load
[15:41:17.847] [INFO ] 
    ✅ PAGE LOADED
    ├─ Final URL:  https://jsonplaceholder.typicode.com/posts/999999
    ├─ Title:      
    └─ Load Time:  18.59s
[15:41:18.854] [ERROR] ⏰ TIMEOUT after 20.3s at stage: popup_scan
[15:41:19.010] [INFO ] 📸 Screenshot saved: screenshots/2026-01-14/154118_extraction_failed_jsonplaceholder.typicode.com_posts_999999.png
[15:41:19.010] [ERROR] 
╔══════════════════════════════════════════════════════════════════════════╗
║  ❌ SCRAPE FAILED - SCRAPE_20260114_154058_0003
╠══════════════════════════════════════════════════════════════════════════╣
║  🚫 ERROR DETAILS
║  ├─ Type:        extraction_failed
║  ├─ Message:     Content too short or empty (len=165)
║  ├─ Likely Ban:  🟢 NO
║  └─ Screenshot:  screenshots/2026-01-14/154118_extraction_failed_jsonplaceholder.typicode.com_posts_999999.png
╠──────────────────────────────────────────────────────────────────────────╣

    ┌─ BROWSER FINGERPRINT ────────────────────────────────────────┐
    │ Browser:     EDGE v119 on WINDOWS
    │ User-Agent:  Mozilla/5.0 (Windows NT 10.0; Win64; x64) AppleWebKit/537.36 (KHTML, l...
    │ Viewport:    1600x900
    │ Sec-CH-UA:   "Not_A Brand";v="8", "Chromium";v="119", "Microsof...
    ├─ LOCATION PROFILE ───────────────────────────────────────────┤
    │ Location:    Melbourne, Australia
    │ Timezone:    Australia/Melbourne
    │ Locale:      en-AU
    │ Geo:         -37.8136, 144.9631
    ├─ NETWORK ────────────────────────────────────────────────────┤
    │ Proxy:       Direct (no proxy)
    │ Referrer:    https://www.google.com/search?q=jsonplaceholder+typicode+com
    └──────────────────────────────────────────────────────────────┘

    ┌─ TIMING BREAKDOWN ───────────────────────────────────────────┐
    │ Browser Launch:      0.73s
    │ Page Load:           18.59s
    │ Cloudflare Wait:     0.00s
    │ Human Simulation:    5.95s
    │ Content Extraction:  12.57s
    │ ─────────────────────────────────────────────────────────────
    │ TOTAL TIME:          20.49s
    └──────────────────────────────────────────────────────────────┘
╠──────────────────────────────────────────────────────────────────────────╣
║  📊 SESSION STATS
║  ├─ Attempt:            3/3
║  ├─ Strategies Tried:   domcontentloaded, load, networkidle
║  └─ Proxy Used:         Direct
╚══════════════════════════════════════════════════════════════════════════╝

================================================================================
STATUS: INSUFFICIENT_CONTENT
TOTAL TIME: 77.83s
END OF SCRAPE LOG
================================================================================
