================================================================================
SCRAPE LOG: https://betakit.com/inside-ottawas-cautious-experiment-with-an-ai-powered-digital-help-desk/
Started: 2026-01-14 16:04:53
Session ID: N/A
================================================================================
[16:04:53.374] [INFO ] 📝 Scrape log: logs/scrapes/2026-01-14_160453_betakit.com.log
[16:04:53.375] [DEBUG] ⏱️ Timeout set to 45s for this scrape
[16:04:54.726] [INFO ] 
    🚀 BROWSER LAUNCHED
    ├─ Mode:       Visible
    ├─ Slow Mo:    295ms
    ├─ Launch Time: 1.35s
    └─ Args:       Anti-automation flags enabled
[16:04:54.727] [DEBUG] Browser profile: viewport={'width': 1728, 'height': 1117}, locale=en-AU, tz=Australia/Brisbane
[16:04:54.729] [INFO ] 
╔══════════════════════════════════════════════════════════════════════════╗
║  📋 SESSION: SCRAPE_20260114_160453_0001
║  🌐 URL: https://betakit.com/inside-ottawas-cautious-experiment-with-an-ai...
║  🔄 ATTEMPT: 1/3
║  ⏰ STARTED: 2026-01-14T16:04:53.374980
╠══════════════════════════════════════════════════════════════════════════╣

    ┌─ BROWSER FINGERPRINT ────────────────────────────────────────┐
    │ Browser:     CHROME v123 on MACOS
    │ User-Agent:  Mozilla/5.0 (Macintosh; Intel Mac OS X 10_15_7) AppleWebKit/537.36 (KH...
    │ Viewport:    1728x1117
    │ Sec-CH-UA:   "Not_A Brand";v="8", "Chromium";v="123", "Google C...
    ├─ LOCATION PROFILE ───────────────────────────────────────────┤
    │ Location:    Brisbane, Australia
    │ Timezone:    Australia/Brisbane
    │ Locale:      en-AU
    │ Geo:         -27.4698, 153.0251
    ├─ NETWORK ────────────────────────────────────────────────────┤
    │ Proxy:       Direct (no proxy)
    │ Referrer:    Direct visit
    └──────────────────────────────────────────────────────────────┘
╚══════════════════════════════════════════════════════════════════════════╝
[16:04:54.996] [INFO ] 🛡️ Injected anti-detection scripts at context level
[16:04:54.999] [DEBUG]    └─ Canvas noise, WebGL spoof, Browser patches
[16:04:55.010] [INFO ] 
    🛡️ ANTI-DETECTION SCRIPTS INJECTED (CONTEXT level)
    ├─ Canvas fingerprint noise
    ├─ WebGL renderer/vendor spoof
    ├─ Hardware concurrency randomization
    ├─ Device memory randomization
    ├─ Plugin masking
    ├─ WebRTC IP leak protection
    ├─ Network connection spoof
    └─ Battery API spoof
[16:04:55.940] [INFO ] 
    🥷 STEALTH MODE APPLIED
    ├─ Navigator patches (webdriver, plugins, languages)
    ├─ Chrome runtime patches
    ├─ Console patches  
    └─ Permission patches
[16:04:55.987] [INFO ] 🛡️ Injected anti-detection scripts at page level
[16:04:55.988] [DEBUG]    └─ Canvas noise, WebGL spoof, Browser patches
[16:04:55.998] [INFO ] 
    🛡️ ANTI-DETECTION SCRIPTS INJECTED (PAGE level)
    ├─ Canvas fingerprint noise
    ├─ WebGL renderer/vendor spoof
    ├─ Hardware concurrency randomization
    ├─ Device memory randomization
    ├─ Plugin masking
    ├─ WebRTC IP leak protection
    ├─ Network connection spoof
    └─ Battery API spoof
[16:04:56.008] [DEBUG] Enabled resource blocking (images, media, fonts)
[16:04:56.009] [INFO ] 
    🔗 NAVIGATING TO URL
    ├─ Strategy:   domcontentloaded
    ├─ Timeout:    40.0s
    └─ Sleep:      4s after load
[16:04:58.449] [INFO ] 
    ✅ PAGE LOADED
    ├─ Final URL:  https://betakit.com/inside-ottawas-cautious-experiment-with-...
    ├─ Title:      Inside Ottawa’s cautious experiment with an AI-pow...
    └─ Load Time:  3.72s
[16:05:04.806] [DEBUG] 🧑 Starting human behavior simulation with 12.0s budget
[16:05:30.546] [DEBUG] Simulated 5 natural mouse movements
[16:05:30.853] [DEBUG] Scroll simulation skipped: name 'top' is not defined
[16:05:31.288] [DEBUG] 🧑 Human behavior simulation completed
[16:05:31.288] [INFO ] 
    🧑 HUMAN BEHAVIOR SIMULATED
    ├─ Mouse Movements: 4
    ├─ Scroll Actions:  2
    └─ Time Spent:      34.19s
[16:05:31.339] [INFO ]   📄 Fallback extraction using selector: 'article'
[16:05:31.339] [INFO ] 
    ┌─ CONTENT METRICS ────────────────────────────────────────────┐
    │ Title:            Inside Ottawa’s cautious experiment with an AI-pow...
    │ Final URL:        https://betakit.com/inside-ottawas-cautious-experiment-with-...
    │ HTML Size:        166,803 bytes
    │ Text Size:        7,751 chars
    │ Word Count:       ~12 words
    │ Extraction:       fallback:article
    │ Has Article:      ✅ Yes
    └──────────────────────────────────────────────────────────────┘
[16:05:31.835] [INFO ] 
╔══════════════════════════════════════════════════════════════════════════╗
║  ✅ SCRAPE SUCCESSFUL - SCRAPE_20260114_160453_0001
╠══════════════════════════════════════════════════════════════════════════╣

    ┌─ TIMING BREAKDOWN ───────────────────────────────────────────┐
    │ Browser Launch:      1.35s
    │ Page Load:           3.72s
    │ Cloudflare Wait:     0.00s
    │ Human Simulation:    34.19s
    │ Content Extraction:  3.77s
    │ ─────────────────────────────────────────────────────────────
    │ TOTAL TIME:          38.46s
    └──────────────────────────────────────────────────────────────┘

    ┌─ CONTENT METRICS ────────────────────────────────────────────┐
    │ Title:            Inside Ottawa’s cautious experiment with an AI-pow...
    │ Final URL:        https://betakit.com/inside-ottawas-cautious-experiment-with-...
    │ HTML Size:        166,803 bytes
    │ Text Size:        7,751 chars
    │ Word Count:       ~12 words
    │ Extraction:       fallback:article
    │ Has Article:      ✅ Yes
    └──────────────────────────────────────────────────────────────┘
╠══════════════════════════════════════════════════════════════════════════╣
║  📊 SESSION STATS
║  ├─ Strategies Tried:   domcontentloaded
║  ├─ Popups Dismissed:   0
║  ├─ Cloudflare:         Not detected
║  └─ Proxy Used:         Direct
╚══════════════════════════════════════════════════════════════════════════╝

================================================================================
STATUS: SUCCESS
TOTAL TIME: 38.99s
END OF SCRAPE LOG
================================================================================
