================================================================================
SCRAPE LOG: https://betakit.com/inside-ottawas-cautious-experiment-with-an-ai-powered-digital-help-desk/
Started: 2026-01-14 17:21:51
Session ID: N/A
================================================================================
[17:21:51.790] [INFO ] 📝 Scrape log: logs/scrapes/2026-01-14_172151_betakit.com.log
[17:21:51.790] [DEBUG] ⏱️ Timeout set to 45s for this scrape
[17:21:52.573] [INFO ] 
    🚀 BROWSER LAUNCHED
    ├─ Mode:       Visible
    ├─ Slow Mo:    240ms
    ├─ Launch Time: 0.78s
    └─ Args:       Anti-automation flags enabled
[17:21:52.574] [DEBUG] Browser profile: viewport={'width': 1920, 'height': 1080}, locale=en-US, tz=America/Chicago
[17:21:52.575] [INFO ] 
╔══════════════════════════════════════════════════════════════════════════╗
║  📋 SESSION: SCRAPE_20260114_172151_0001
║  🌐 URL: https://betakit.com/inside-ottawas-cautious-experiment-with-an-ai...
║  🔄 ATTEMPT: 1/3
║  ⏰ STARTED: 2026-01-14T17:21:51.790730
╠══════════════════════════════════════════════════════════════════════════╣

    ┌─ BROWSER FINGERPRINT ────────────────────────────────────────┐
    │ Browser:     CHROME v119 on WINDOWS
    │ User-Agent:  Mozilla/5.0 (Windows NT 10.0; Win64; x64) AppleWebKit/537.36 (KHTML, l...
    │ Viewport:    1920x1080
    │ Sec-CH-UA:   "Not_A Brand";v="8", "Chromium";v="119", "Google C...
    ├─ LOCATION PROFILE ───────────────────────────────────────────┤
    │ Location:    Houston, USA
    │ Timezone:    America/Chicago
    │ Locale:      en-US
    │ Geo:         29.7604, -95.3698
    ├─ NETWORK ────────────────────────────────────────────────────┤
    │ Proxy:       Direct (no proxy)
    │ Referrer:    https://www.google.com/search?q=betakit+com
    └──────────────────────────────────────────────────────────────┘
╚══════════════════════════════════════════════════════════════════════════╝
[17:21:53.212] [INFO ] 🛡️ Injected anti-detection scripts at context level
[17:21:53.212] [DEBUG]    └─ Canvas noise, WebGL spoof, Browser patches
[17:21:53.214] [INFO ] 
    🛡️ ANTI-DETECTION SCRIPTS INJECTED (CONTEXT level)
    ├─ Canvas fingerprint noise
    ├─ WebGL renderer/vendor spoof
    ├─ Hardware concurrency randomization
    ├─ Device memory randomization
    ├─ Plugin masking
    ├─ WebRTC IP leak protection
    ├─ Network connection spoof
    └─ Battery API spoof
[17:21:53.293] [INFO ] 
    🥷 STEALTH MODE APPLIED
    ├─ Navigator patches (webdriver, plugins, languages)
    ├─ Chrome runtime patches
    ├─ Console patches  
    └─ Permission patches
[17:21:53.306] [INFO ] 🛡️ Injected anti-detection scripts at page level
[17:21:53.307] [DEBUG]    └─ Canvas noise, WebGL spoof, Browser patches
[17:21:53.312] [INFO ] 
    🛡️ ANTI-DETECTION SCRIPTS INJECTED (PAGE level)
    ├─ Canvas fingerprint noise
    ├─ WebGL renderer/vendor spoof
    ├─ Hardware concurrency randomization
    ├─ Device memory randomization
    ├─ Plugin masking
    ├─ WebRTC IP leak protection
    ├─ Network connection spoof
    └─ Battery API spoof
[17:21:53.316] [DEBUG] Enabled resource blocking (images, media, fonts)
[17:21:53.316] [INFO ] 
    🔗 NAVIGATING TO URL
    ├─ Strategy:   domcontentloaded
    ├─ Timeout:    15.0s
    └─ Sleep:      1s after load
[17:21:54.784] [INFO ] 
    ✅ PAGE LOADED
    ├─ Final URL:  https://betakit.com/inside-ottawas-cautious-experiment-with-...
    ├─ Title:      Inside Ottawa’s cautious experiment with an AI-pow...
    └─ Load Time:  2.21s
[17:21:57.906] [INFO ] 🧑 Human behavior simulation...
[17:21:58.023] [INFO ] 🖱️ Mouse: 3 moves in 1920x1080
[17:22:08.914] [INFO ] 🖱️ Mouse completed: 3 moves
[17:22:09.071] [INFO ] 📜 Scroll: page=8144px, viewport=1080px
[17:22:09.663] [INFO ] 📜 Scroll completed: 2 scrolls, reached 694px
[17:22:09.663] [INFO ] 🧑 Human behavior completed in 11.8s ✓
[17:22:09.663] [INFO ] 
    🧑 HUMAN BEHAVIOR SIMULATED
    ├─ Mouse Movements: 3
    ├─ Scroll Actions:  3
    └─ Time Spent:      15.66s
[17:22:09.756] [INFO ]   📄 Fallback extraction using selector: 'article'
[17:22:09.757] [INFO ] 
    ┌─ CONTENT METRICS ────────────────────────────────────────────┐
    │ Title:            Inside Ottawa’s cautious experiment with an AI-pow...
    │ Final URL:        https://betakit.com/inside-ottawas-cautious-experiment-with-...
    │ HTML Size:        157,779 bytes
    │ Text Size:        7,751 chars
    │ Word Count:       ~12 words
    │ Extraction:       fallback:article
    │ Has Article:      ✅ Yes
    └──────────────────────────────────────────────────────────────┘
[17:22:09.915] [INFO ] 
╔══════════════════════════════════════════════════════════════════════════╗
║  ✅ SCRAPE SUCCESSFUL - SCRAPE_20260114_172151_0001
╠══════════════════════════════════════════════════════════════════════════╣

    ┌─ TIMING BREAKDOWN ───────────────────────────────────────────┐
    │ Browser Launch:      0.78s
    │ Page Load:           2.21s
    │ Cloudflare Wait:     0.00s
    │ Human Simulation:    15.66s
    │ Content Extraction:  2.30s
    │ ─────────────────────────────────────────────────────────────
    │ TOTAL TIME:          18.12s
    └──────────────────────────────────────────────────────────────┘

    ┌─ CONTENT METRICS ────────────────────────────────────────────┐
    │ Title:            Inside Ottawa’s cautious experiment with an AI-pow...
    │ Final URL:        https://betakit.com/inside-ottawas-cautious-experiment-with-...
    │ HTML Size:        157,779 bytes
    │ Text Size:        7,751 chars
    │ Word Count:       ~12 words
    │ Extraction:       fallback:article
    │ Has Article:      ✅ Yes
    └──────────────────────────────────────────────────────────────┘
╠══════════════════════════════════════════════════════════════════════════╣
║  📊 SESSION STATS
║  ├─ Strategies Tried:   domcontentloaded
║  ├─ Popups Dismissed:   0
║  ├─ Cloudflare:         Not detected
║  └─ Proxy Used:         Direct
╚══════════════════════════════════════════════════════════════════════════╝

================================================================================
STATUS: SUCCESS
TOTAL TIME: 18.48s
END OF SCRAPE LOG
================================================================================
