================================================================================
SCRAPE LOG: https://2captcha.com/demo/recaptcha-v2
Started: 2026-01-14 18:14:02
Session ID: N/A
================================================================================
[18:14:02.204] [INFO ] 📝 Scrape log: logs/scrapes/2026-01-14_181402_2captcha.com.log
[18:14:02.204] [DEBUG] ⏱️ Timeout set to 45s for this scrape
[18:14:02.926] [INFO ] 
    🚀 BROWSER LAUNCHED
    ├─ Mode:       Visible
    ├─ Slow Mo:    56ms
    ├─ Launch Time: 0.72s
    └─ Args:       Anti-automation flags enabled
[18:14:02.927] [DEBUG] Browser profile: viewport={'width': 1728, 'height': 1117}, locale=en-IE, tz=Europe/Dublin
[18:14:02.927] [INFO ] 
╔══════════════════════════════════════════════════════════════════════════╗
║  📋 SESSION: SCRAPE_20260114_181402_0001
║  🌐 URL: https://2captcha.com/demo/recaptcha-v2
║  🔄 ATTEMPT: 1/3
║  ⏰ STARTED: 2026-01-14T18:14:02.204676
╠══════════════════════════════════════════════════════════════════════════╣

    ┌─ BROWSER FINGERPRINT ────────────────────────────────────────┐
    │ Browser:     CHROME v121 on MACOS
    │ User-Agent:  Mozilla/5.0 (Macintosh; Intel Mac OS X 14_1) AppleWebKit/537.36 (KHTML...
    │ Viewport:    1728x1117
    │ Sec-CH-UA:   "Not_A Brand";v="8", "Chromium";v="121", "Google C...
    ├─ LOCATION PROFILE ───────────────────────────────────────────┤
    │ Location:    Dublin, Ireland
    │ Timezone:    Europe/Dublin
    │ Locale:      en-IE
    │ Geo:         53.3498, -6.2603
    ├─ NETWORK ────────────────────────────────────────────────────┤
    │ Proxy:       Direct (no proxy)
    │ Referrer:    https://www.google.com/
    └──────────────────────────────────────────────────────────────┘
╚══════════════════════════════════════════════════════════════════════════╝
[18:14:03.120] [INFO ] 🛡️ Injected anti-detection scripts at context level
[18:14:03.120] [DEBUG]    └─ Canvas noise, WebGL spoof, Browser patches
[18:14:03.123] [INFO ] 
    🛡️ ANTI-DETECTION SCRIPTS INJECTED (CONTEXT level)
    ├─ Canvas fingerprint noise
    ├─ WebGL renderer/vendor spoof
    ├─ Hardware concurrency randomization
    ├─ Device memory randomization
    ├─ Plugin masking
    ├─ WebRTC IP leak protection
    ├─ Network connection spoof
    └─ Battery API spoof
[18:14:03.741] [INFO ] 
    🥷 STEALTH MODE APPLIED
    ├─ Navigator patches (webdriver, plugins, languages)
    ├─ Chrome runtime patches
    ├─ Console patches  
    └─ Permission patches
[18:14:03.758] [INFO ] 🛡️ Injected anti-detection scripts at page level
[18:14:03.758] [DEBUG]    └─ Canvas noise, WebGL spoof, Browser patches
[18:14:03.768] [INFO ] 
    🛡️ ANTI-DETECTION SCRIPTS INJECTED (PAGE level)
    ├─ Canvas fingerprint noise
    ├─ WebGL renderer/vendor spoof
    ├─ Hardware concurrency randomization
    ├─ Device memory randomization
    ├─ Plugin masking
    ├─ WebRTC IP leak protection
    ├─ Network connection spoof
    └─ Battery API spoof
[18:14:03.778] [DEBUG] Enabled resource blocking (images, media, fonts)
[18:14:03.778] [INFO ] 
    🔗 NAVIGATING TO URL
    ├─ Strategy:   domcontentloaded
    ├─ Timeout:    15.0s
    └─ Sleep:      1s after load
[18:14:04.896] [INFO ] 
    ✅ PAGE LOADED
    ├─ Final URL:  https://2captcha.com/demo/recaptcha-v2
    ├─ Title:      Google reCAPTCHA V2 demo: Sample Form with Google ...
    └─ Load Time:  1.97s
[18:14:08.092] [INFO ] 🧑 Human behavior simulation...
[18:14:08.273] [INFO ] 🖱️ Mouse: 3 moves in 1728x1117
[18:14:11.880] [INFO ] 🖱️ Mouse completed: 3 moves
[18:14:12.030] [INFO ] 📜 Scroll: page=3684px, viewport=1117px
[18:14:12.507] [INFO ] 📜 Scroll completed: 2 scrolls, reached 572px
[18:14:12.507] [INFO ] 🧑 Human behavior completed in 4.4s ✓
[18:14:12.507] [INFO ] 
    🧑 HUMAN BEHAVIOR SIMULATED
    ├─ Mouse Movements: 2
    ├─ Scroll Actions:  3
    └─ Time Spent:      8.33s
[18:14:12.642] [INFO ]   📄 Fallback extraction using selector: 'main'
[18:14:12.643] [INFO ] 
    ┌─ CONTENT METRICS ────────────────────────────────────────────┐
    │ Title:            Google reCAPTCHA V2 demo: Sample Form with Google ...
    │ Final URL:        https://2captcha.com/demo/recaptcha-v2
    │ HTML Size:        338,393 bytes
    │ Text Size:        3,905 chars
    │ Word Count:       ~10 words
    │ Extraction:       fallback:main
    │ Has Article:      ✅ Yes
    └──────────────────────────────────────────────────────────────┘
[18:14:12.815] [INFO ] 
╔══════════════════════════════════════════════════════════════════════════╗
║  ✅ SCRAPE SUCCESSFUL - SCRAPE_20260114_181402_0001
╠══════════════════════════════════════════════════════════════════════════╣

    ┌─ TIMING BREAKDOWN ───────────────────────────────────────────┐
    │ Browser Launch:      0.72s
    │ Page Load:           1.97s
    │ Cloudflare Wait:     0.00s
    │ Human Simulation:    8.33s
    │ Content Extraction:  2.11s
    │ ─────────────────────────────────────────────────────────────
    │ TOTAL TIME:          10.61s
    └──────────────────────────────────────────────────────────────┘

    ┌─ CONTENT METRICS ────────────────────────────────────────────┐
    │ Title:            Google reCAPTCHA V2 demo: Sample Form with Google ...
    │ Final URL:        https://2captcha.com/demo/recaptcha-v2
    │ HTML Size:        338,393 bytes
    │ Text Size:        3,905 chars
    │ Word Count:       ~10 words
    │ Extraction:       fallback:main
    │ Has Article:      ✅ Yes
    └──────────────────────────────────────────────────────────────┘
╠══════════════════════════════════════════════════════════════════════════╣
║  📊 SESSION STATS
║  ├─ Strategies Tried:   domcontentloaded
║  ├─ Popups Dismissed:   0
║  ├─ Cloudflare:         Not detected
║  └─ Proxy Used:         Direct
╚══════════════════════════════════════════════════════════════════════════╝

================================================================================
STATUS: SUCCESS
TOTAL TIME: 11.24s
END OF SCRAPE LOG
================================================================================
