================================================================================
SCRAPE LOG: https://www.google.com/recaptcha/api2/demo
Started: 2026-01-14 18:13:35
Session ID: N/A
================================================================================
[18:13:35.029] [INFO ] 📝 Scrape log: logs/scrapes/2026-01-14_181335_google.com.log
[18:13:35.029] [DEBUG] ⏱️ Timeout set to 45s for this scrape
[18:13:35.738] [INFO ] 
    🚀 BROWSER LAUNCHED
    ├─ Mode:       Visible
    ├─ Slow Mo:    53ms
    ├─ Launch Time: 0.71s
    └─ Args:       Anti-automation flags enabled
[18:13:35.738] [DEBUG] Browser profile: viewport={'width': 1536, 'height': 864}, locale=en-US, tz=America/Los_Angeles
[18:13:35.739] [INFO ] 
╔══════════════════════════════════════════════════════════════════════════╗
║  📋 SESSION: SCRAPE_20260114_181335_0001
║  🌐 URL: https://www.google.com/recaptcha/api2/demo
║  🔄 ATTEMPT: 1/3
║  ⏰ STARTED: 2026-01-14T18:13:35.029628
╠══════════════════════════════════════════════════════════════════════════╣

    ┌─ BROWSER FINGERPRINT ────────────────────────────────────────┐
    │ Browser:     OPERA v120 on WINDOWS
    │ User-Agent:  Mozilla/5.0 (Windows NT 10.0; Win64; x64) AppleWebKit/537.36 (KHTML, l...
    │ Viewport:    1536x864
    │ Sec-CH-UA:   "Not_A Brand";v="8", "Chromium";v="120", "Opera";v...
    ├─ LOCATION PROFILE ───────────────────────────────────────────┤
    │ Location:    Los Angeles, USA
    │ Timezone:    America/Los_Angeles
    │ Locale:      en-US
    │ Geo:         34.0522, -118.2437
    ├─ NETWORK ────────────────────────────────────────────────────┤
    │ Proxy:       Direct (no proxy)
    │ Referrer:    https://www.google.com/
    └──────────────────────────────────────────────────────────────┘
╚══════════════════════════════════════════════════════════════════════════╝
[18:13:35.909] [INFO ] 🛡️ Injected anti-detection scripts at context level
[18:13:35.909] [DEBUG]    └─ Canvas noise, WebGL spoof, Browser patches
[18:13:35.914] [INFO ] 
    🛡️ ANTI-DETECTION SCRIPTS INJECTED (CONTEXT level)
    ├─ Canvas fingerprint noise
    ├─ WebGL renderer/vendor spoof
    ├─ Hardware concurrency randomization
    ├─ Device memory randomization
    ├─ Plugin masking
    ├─ WebRTC IP leak protection
    ├─ Network connection spoof
    └─ Battery API spoof
[18:13:36.420] [INFO ] 
    🥷 STEALTH MODE APPLIED
    ├─ Navigator patches (webdriver, plugins, languages)
    ├─ Chrome runtime patches
    ├─ Console patches  
    └─ Permission patches
[18:13:36.442] [INFO ] 🛡️ Injected anti-detection scripts at page level
[18:13:36.442] [DEBUG]    └─ Canvas noise, WebGL spoof, Browser patches
[18:13:36.449] [INFO ] 
    🛡️ ANTI-DETECTION SCRIPTS INJECTED (PAGE level)
    ├─ Canvas fingerprint noise
    ├─ WebGL renderer/vendor spoof
    ├─ Hardware concurrency randomization
    ├─ Device memory randomization
    ├─ Plugin masking
    ├─ WebRTC IP leak protection
    ├─ Network connection spoof
    └─ Battery API spoof
[18:13:36.455] [DEBUG] Enabled resource blocking (images, media, fonts)
[18:13:36.456] [INFO ] 
    🔗 NAVIGATING TO URL
    ├─ Strategy:   domcontentloaded
    ├─ Timeout:    15.0s
    └─ Sleep:      1s after load
[18:13:37.417] [INFO ] 
    ✅ PAGE LOADED
    ├─ Final URL:  https://www.google.com/recaptcha/api2/demo
    ├─ Title:      ReCAPTCHA demo
    └─ Load Time:  1.68s
[18:13:40.272] [INFO ] 🧑 Human behavior simulation...
[18:13:40.466] [INFO ] 🖱️ Mouse: 2 moves in 1536x864
[18:13:42.556] [INFO ] 🖱️ Mouse completed: 2 moves
[18:13:42.745] [INFO ] 📜 Scroll: page=489px, viewport=864px
[18:13:43.552] [INFO ] 📜 Scroll completed: 3 scrolls, reached 300px
[18:13:43.552] [INFO ] 🧑 Human behavior completed in 3.3s ✓
[18:13:43.552] [INFO ] 
    🧑 HUMAN BEHAVIOR SIMULATED
    ├─ Mouse Movements: 3
    ├─ Scroll Actions:  3
    └─ Time Spent:      6.84s
[18:13:43.614] [INFO ] 
    ┌─ CONTENT METRICS ────────────────────────────────────────────┐
    │ Title:            ReCAPTCHA demo
    │ Final URL:        https://www.google.com/recaptcha/api2/demo
    │ HTML Size:        5,552 bytes
    │ Text Size:        0 chars
    │ Word Count:       ~0 words
    │ Extraction:       trafilatura
    │ Has Article:      ✅ Yes
    └──────────────────────────────────────────────────────────────┘
[18:13:43.623] [INFO ] 
╔══════════════════════════════════════════════════════════════════════════╗
║  ✅ SCRAPE SUCCESSFUL - SCRAPE_20260114_181335_0001
╠══════════════════════════════════════════════════════════════════════════╣

    ┌─ TIMING BREAKDOWN ───────────────────────────────────────────┐
    │ Browser Launch:      0.71s
    │ Page Load:           1.68s
    │ Cloudflare Wait:     0.00s
    │ Human Simulation:    6.84s
    │ Content Extraction:  1.74s
    │ ─────────────────────────────────────────────────────────────
    │ TOTAL TIME:          8.59s
    └──────────────────────────────────────────────────────────────┘

    ┌─ CONTENT METRICS ────────────────────────────────────────────┐
    │ Title:            ReCAPTCHA demo
    │ Final URL:        https://www.google.com/recaptcha/api2/demo
    │ HTML Size:        5,552 bytes
    │ Text Size:        0 chars
    │ Word Count:       ~0 words
    │ Extraction:       trafilatura
    │ Has Article:      ✅ Yes
    └──────────────────────────────────────────────────────────────┘
╠══════════════════════════════════════════════════════════════════════════╣
║  📊 SESSION STATS
║  ├─ Strategies Tried:   domcontentloaded
║  ├─ Popups Dismissed:   0
║  ├─ Cloudflare:         Not detected
║  └─ Proxy Used:         Direct
╚══════════════════════════════════════════════════════════════════════════╝

================================================================================
STATUS: SUCCESS
TOTAL TIME: 9.11s
END OF SCRAPE LOG
================================================================================
