================================================================================
SCRAPE LOG: https://betakit.com/inside-ottawas-cautious-experiment-with-an-ai-powered-digital-help-desk/
Started: 2026-01-14 17:20:23
Session ID: N/A
================================================================================
[17:20:23.703] [INFO ] 📝 Scrape log: logs/scrapes/2026-01-14_172023_betakit.com.log
[17:20:23.703] [DEBUG] ⏱️ Timeout set to 45s for this scrape
[17:20:24.447] [INFO ] 
    🚀 BROWSER LAUNCHED
    ├─ Mode:       Headless
    ├─ Slow Mo:    280ms
    ├─ Launch Time: 0.74s
    └─ Args:       Anti-automation flags enabled
[17:20:24.448] [DEBUG] Browser profile: viewport={'width': 1536, 'height': 864}, locale=en-IE, tz=Europe/Dublin
[17:20:24.449] [INFO ] 
╔══════════════════════════════════════════════════════════════════════════╗
║  📋 SESSION: SCRAPE_20260114_172023_0001
║  🌐 URL: https://betakit.com/inside-ottawas-cautious-experiment-with-an-ai...
║  🔄 ATTEMPT: 1/3
║  ⏰ STARTED: 2026-01-14T17:20:23.703619
╠══════════════════════════════════════════════════════════════════════════╣

    ┌─ BROWSER FINGERPRINT ────────────────────────────────────────┐
    │ Browser:     CHROME v120 on WINDOWS
    │ User-Agent:  Mozilla/5.0 (Windows NT 10.0; Win64; x64) AppleWebKit/537.36 (KHTML, l...
    │ Viewport:    1536x864
    │ Sec-CH-UA:   "Not_A Brand";v="8", "Chromium";v="120", "Google C...
    ├─ LOCATION PROFILE ───────────────────────────────────────────┤
    │ Location:    Dublin, Ireland
    │ Timezone:    Europe/Dublin
    │ Locale:      en-IE
    │ Geo:         53.3498, -6.2603
    ├─ NETWORK ────────────────────────────────────────────────────┤
    │ Proxy:       Direct (no proxy)
    │ Referrer:    https://www.google.com/search?q=betakit+com
    └──────────────────────────────────────────────────────────────┘
╚══════════════════════════════════════════════════════════════════════════╝
[17:20:25.375] [INFO ] 🛡️ Injected anti-detection scripts at context level
[17:20:25.375] [DEBUG]    └─ Canvas noise, WebGL spoof, Browser patches
[17:20:25.377] [INFO ] 
    🛡️ ANTI-DETECTION SCRIPTS INJECTED (CONTEXT level)
    ├─ Canvas fingerprint noise
    ├─ WebGL renderer/vendor spoof
    ├─ Hardware concurrency randomization
    ├─ Device memory randomization
    ├─ Plugin masking
    ├─ WebRTC IP leak protection
    ├─ Network connection spoof
    └─ Battery API spoof
[17:20:25.436] [INFO ] 
    🥷 STEALTH MODE APPLIED
    ├─ Navigator patches (webdriver, plugins, languages)
    ├─ Chrome runtime patches
    ├─ Console patches  
    └─ Permission patches
[17:20:25.447] [INFO ] 🛡️ Injected anti-detection scripts at page level
[17:20:25.447] [DEBUG]    └─ Canvas noise, WebGL spoof, Browser patches
[17:20:25.451] [INFO ] 
    🛡️ ANTI-DETECTION SCRIPTS INJECTED (PAGE level)
    ├─ Canvas fingerprint noise
    ├─ WebGL renderer/vendor spoof
    ├─ Hardware concurrency randomization
    ├─ Device memory randomization
    ├─ Plugin masking
    ├─ WebRTC IP leak protection
    ├─ Network connection spoof
    └─ Battery API spoof
[17:20:25.455] [DEBUG] Enabled resource blocking (images, media, fonts)
[17:20:25.455] [INFO ] 
    🔗 NAVIGATING TO URL
    ├─ Strategy:   domcontentloaded
    ├─ Timeout:    15.0s
    └─ Sleep:      1s after load
[17:20:27.590] [INFO ] 
    ✅ PAGE LOADED
    ├─ Final URL:  https://betakit.com/inside-ottawas-cautious-experiment-with-...
    ├─ Title:      Inside Ottawa’s cautious experiment with an AI-pow...
    └─ Load Time:  3.14s
[17:20:29.376] [INFO ]     👆 Popup dismissed: button:has-text('Close')
[17:20:33.869] [INFO ] 🧑 Human behavior simulation...
[17:20:34.004] [INFO ] 🖱️ Mouse: 2 moves in 1536x864
[17:20:42.645] [INFO ] 🖱️ Mouse completed: 2 moves
[17:20:42.840] [INFO ] 📜 Scroll: page=8141px, viewport=864px
[17:20:43.261] [INFO ] 📜 Scroll completed: 2 scrolls, reached 587px
[17:20:43.261] [INFO ] 🧑 Human behavior completed in 9.4s ✓
[17:20:43.262] [INFO ] 
    🧑 HUMAN BEHAVIOR SIMULATED
    ├─ Mouse Movements: 3
    ├─ Scroll Actions:  2
    └─ Time Spent:      16.41s
[17:20:43.332] [INFO ]   📄 Fallback extraction using selector: 'article'
[17:20:43.332] [INFO ] 
    ┌─ CONTENT METRICS ────────────────────────────────────────────┐
    │ Title:            Inside Ottawa’s cautious experiment with an AI-pow...
    │ Final URL:        https://betakit.com/inside-ottawas-cautious-experiment-with-...
    │ HTML Size:        158,615 bytes
    │ Text Size:        7,751 chars
    │ Word Count:       ~12 words
    │ Extraction:       fallback:article
    │ Has Article:      ✅ Yes
    └──────────────────────────────────────────────────────────────┘
[17:20:43.425] [INFO ] 
╔══════════════════════════════════════════════════════════════════════════╗
║  ✅ SCRAPE SUCCESSFUL - SCRAPE_20260114_172023_0001
╠══════════════════════════════════════════════════════════════════════════╣

    ┌─ TIMING BREAKDOWN ───────────────────────────────────────────┐
    │ Browser Launch:      0.74s
    │ Page Load:           3.14s
    │ Cloudflare Wait:     0.00s
    │ Human Simulation:    16.41s
    │ Content Extraction:  3.21s
    │ ─────────────────────────────────────────────────────────────
    │ TOTAL TIME:          19.72s
    └──────────────────────────────────────────────────────────────┘

    ┌─ CONTENT METRICS ────────────────────────────────────────────┐
    │ Title:            Inside Ottawa’s cautious experiment with an AI-pow...
    │ Final URL:        https://betakit.com/inside-ottawas-cautious-experiment-with-...
    │ HTML Size:        158,615 bytes
    │ Text Size:        7,751 chars
    │ Word Count:       ~12 words
    │ Extraction:       fallback:article
    │ Has Article:      ✅ Yes
    └──────────────────────────────────────────────────────────────┘
╠══════════════════════════════════════════════════════════════════════════╣
║  📊 SESSION STATS
║  ├─ Strategies Tried:   domcontentloaded
║  ├─ Popups Dismissed:   1
║  ├─ Cloudflare:         Not detected
║  └─ Proxy Used:         Direct
╚══════════════════════════════════════════════════════════════════════════╝

================================================================================
STATUS: SUCCESS
TOTAL TIME: 19.89s
END OF SCRAPE LOG
================================================================================
