================================================================================
SCRAPE LOG: https://httpstat.us/404
Started: 2026-01-14 15:24:25
Session ID: N/A
================================================================================
[15:24:25.831] [INFO ] 📝 Scrape log: logs/scrapes/2026-01-14_152425_httpstat.us.log
[15:24:25.831] [DEBUG] ⏱️ Timeout set to 20s for this scrape
[15:24:27.758] [INFO ] 
    🚀 BROWSER LAUNCHED
    ├─ Mode:       Visible
    ├─ Slow Mo:    160ms
    ├─ Launch Time: 1.93s
    └─ Args:       Anti-automation flags enabled
[15:24:27.760] [DEBUG] Browser profile: viewport={'width': 1728, 'height': 1117}, locale=en-AU, tz=Australia/Sydney
[15:24:27.761] [INFO ] 
╔══════════════════════════════════════════════════════════════════════════╗
║  📋 SESSION: SCRAPE_20260114_152425_0001
║  🌐 URL: https://httpstat.us/404
║  🔄 ATTEMPT: 1/3
║  ⏰ STARTED: 2026-01-14T15:24:25.831384
╠══════════════════════════════════════════════════════════════════════════╣

    ┌─ BROWSER FINGERPRINT ────────────────────────────────────────┐
    │ Browser:     OPERA v120 on MACOS
    │ User-Agent:  Mozilla/5.0 (Macintosh; Intel Mac OS X 10_15_7) AppleWebKit/537.36 (KH...
    │ Viewport:    1728x1117
    │ Sec-CH-UA:   "Not_A Brand";v="8", "Chromium";v="120", "Opera";v...
    ├─ LOCATION PROFILE ───────────────────────────────────────────┤
    │ Location:    Sydney, Australia
    │ Timezone:    Australia/Sydney
    │ Locale:      en-AU
    │ Geo:         -33.8688, 151.2093
    ├─ NETWORK ────────────────────────────────────────────────────┤
    │ Proxy:       Direct (no proxy)
    │ Referrer:    https://www.google.com/search?q=httpstat+us
    └──────────────────────────────────────────────────────────────┘
╚══════════════════════════════════════════════════════════════════════════╝
[15:24:27.917] [INFO ] 🛡️ Injected anti-detection scripts at context level
[15:24:27.917] [DEBUG]    └─ Canvas noise, WebGL spoof, Browser patches
[15:24:27.919] [INFO ] 
    🛡️ ANTI-DETECTION SCRIPTS INJECTED (CONTEXT level)
    ├─ Canvas fingerprint noise
    ├─ WebGL renderer/vendor spoof
    ├─ Hardware concurrency randomization
    ├─ Device memory randomization
    ├─ Plugin masking
    ├─ WebRTC IP leak protection
    ├─ Network connection spoof
    └─ Battery API spoof
[15:24:28.765] [INFO ] 
    🥷 STEALTH MODE APPLIED
    ├─ Navigator patches (webdriver, plugins, languages)
    ├─ Chrome runtime patches
    ├─ Console patches  
    └─ Permission patches
[15:24:28.791] [INFO ] 🛡️ Injected anti-detection scripts at page level
[15:24:28.793] [DEBUG]    └─ Canvas noise, WebGL spoof, Browser patches
[15:24:28.807] [INFO ] 
    🛡️ ANTI-DETECTION SCRIPTS INJECTED (PAGE level)
    ├─ Canvas fingerprint noise
    ├─ WebGL renderer/vendor spoof
    ├─ Hardware concurrency randomization
    ├─ Device memory randomization
    ├─ Plugin masking
    ├─ WebRTC IP leak protection
    ├─ Network connection spoof
    └─ Battery API spoof
[15:24:28.815] [DEBUG] Enabled resource blocking (images, media, fonts)
[15:24:28.816] [INFO ] 
    🔗 NAVIGATING TO URL
    ├─ Strategy:   domcontentloaded
    ├─ Timeout:    40.0s
    └─ Sleep:      4s after load
[15:24:29.526] [INFO ] 
    🔗 NAVIGATING TO URL
    ├─ Strategy:   load
    ├─ Timeout:    60.0s
    └─ Sleep:      3s after load
[15:24:31.361] [INFO ] 
    🔗 NAVIGATING TO URL
    ├─ Strategy:   networkidle
    ├─ Timeout:    80.0s
    └─ Sleep:      2s after load
[15:24:32.191] [ERROR] 
╔══════════════════════════════════════════════════════════════════════════╗
║  ❌ SCRAPE FAILED - SCRAPE_20260114_152425_0001
╠══════════════════════════════════════════════════════════════════════════╣
║  🚫 ERROR DETAILS
║  ├─ Type:        extraction_failed
║  ├─ Message:     Content too short or empty (len=0)
║  ├─ Likely Ban:  🟢 NO
║  └─ Screenshot:  Not saved
╠──────────────────────────────────────────────────────────────────────────╣

    ┌─ BROWSER FINGERPRINT ────────────────────────────────────────┐
    │ Browser:     OPERA v120 on MACOS
    │ User-Agent:  Mozilla/5.0 (Macintosh; Intel Mac OS X 10_15_7) AppleWebKit/537.36 (KH...
    │ Viewport:    1728x1117
    │ Sec-CH-UA:   "Not_A Brand";v="8", "Chromium";v="120", "Opera";v...
    ├─ LOCATION PROFILE ───────────────────────────────────────────┤
    │ Location:    Sydney, Australia
    │ Timezone:    Australia/Sydney
    │ Locale:      en-AU
    │ Geo:         -33.8688, 151.2093
    ├─ NETWORK ────────────────────────────────────────────────────┤
    │ Proxy:       Direct (no proxy)
    │ Referrer:    https://www.google.com/search?q=httpstat+us
    └──────────────────────────────────────────────────────────────┘

    ┌─ TIMING BREAKDOWN ───────────────────────────────────────────┐
    │ Browser Launch:      1.93s
    │ Page Load:           0.00s
    │ Cloudflare Wait:     0.00s
    │ Human Simulation:    0.00s
    │ Content Extraction:  0.00s
    │ ─────────────────────────────────────────────────────────────
    │ TOTAL TIME:          6.36s
    └──────────────────────────────────────────────────────────────┘
╠──────────────────────────────────────────────────────────────────────────╣
║  📊 SESSION STATS
║  ├─ Attempt:            1/3
║  ├─ Strategies Tried:   domcontentloaded, load, networkidle
║  └─ Proxy Used:         Direct
╚══════════════════════════════════════════════════════════════════════════╝
[15:24:32.626] [INFO ]   🔄 Retry attempt 2/3...
[15:24:36.778] [DEBUG] ⏱️ Timeout set to 20s for this scrape
[15:24:38.504] [INFO ] 
    🚀 BROWSER LAUNCHED
    ├─ Mode:       Visible
    ├─ Slow Mo:    168ms
    ├─ Launch Time: 1.73s
    └─ Args:       Anti-automation flags enabled
[15:24:38.507] [DEBUG] Browser profile: viewport={'width': 1536, 'height': 864}, locale=en-AU, tz=Australia/Melbourne
[15:24:38.510] [INFO ] 
╔══════════════════════════════════════════════════════════════════════════╗
║  📋 SESSION: SCRAPE_20260114_152436_0002
║  🌐 URL: https://httpstat.us/404
║  🔄 ATTEMPT: 2/3
║  ⏰ STARTED: 2026-01-14T15:24:36.778002
╠══════════════════════════════════════════════════════════════════════════╣

    ┌─ BROWSER FINGERPRINT ────────────────────────────────────────┐
    │ Browser:     EDGE v120 on WINDOWS
    │ User-Agent:  Mozilla/5.0 (Windows NT 10.0; Win64; x64) AppleWebKit/537.36 (KHTML, l...
    │ Viewport:    1536x864
    │ Sec-CH-UA:   "Not_A Brand";v="8", "Chromium";v="120", "Microsof...
    ├─ LOCATION PROFILE ───────────────────────────────────────────┤
    │ Location:    Melbourne, Australia
    │ Timezone:    Australia/Melbourne
    │ Locale:      en-AU
    │ Geo:         -37.8136, 144.9631
    ├─ NETWORK ────────────────────────────────────────────────────┤
    │ Proxy:       Direct (no proxy)
    │ Referrer:    https://www.google.com/search?q=httpstat+us
    └──────────────────────────────────────────────────────────────┘
╚══════════════════════════════════════════════════════════════════════════╝
[15:24:38.684] [INFO ] 🛡️ Injected anti-detection scripts at context level
[15:24:38.684] [DEBUG]    └─ Canvas noise, WebGL spoof, Browser patches
[15:24:38.688] [INFO ] 
    🛡️ ANTI-DETECTION SCRIPTS INJECTED (CONTEXT level)
    ├─ Canvas fingerprint noise
    ├─ WebGL renderer/vendor spoof
    ├─ Hardware concurrency randomization
    ├─ Device memory randomization
    ├─ Plugin masking
    ├─ WebRTC IP leak protection
    ├─ Network connection spoof
    └─ Battery API spoof
[15:24:39.510] [INFO ] 
    🥷 STEALTH MODE APPLIED
    ├─ Navigator patches (webdriver, plugins, languages)
    ├─ Chrome runtime patches
    ├─ Console patches  
    └─ Permission patches
[15:24:39.534] [INFO ] 🛡️ Injected anti-detection scripts at page level
[15:24:39.534] [DEBUG]    └─ Canvas noise, WebGL spoof, Browser patches
[15:24:39.550] [INFO ] 
    🛡️ ANTI-DETECTION SCRIPTS INJECTED (PAGE level)
    ├─ Canvas fingerprint noise
    ├─ WebGL renderer/vendor spoof
    ├─ Hardware concurrency randomization
    ├─ Device memory randomization
    ├─ Plugin masking
    ├─ WebRTC IP leak protection
    ├─ Network connection spoof
    └─ Battery API spoof
[15:24:39.567] [DEBUG] Enabled resource blocking (images, media, fonts)
[15:24:39.568] [INFO ] 
    🔗 NAVIGATING TO URL
    ├─ Strategy:   domcontentloaded
    ├─ Timeout:    40.0s
    └─ Sleep:      4s after load
[15:24:40.402] [INFO ] 
    🔗 NAVIGATING TO URL
    ├─ Strategy:   load
    ├─ Timeout:    60.0s
    └─ Sleep:      3s after load
[15:24:41.118] [INFO ] 
    🔗 NAVIGATING TO URL
    ├─ Strategy:   networkidle
    ├─ Timeout:    80.0s
    └─ Sleep:      2s after load
[15:24:41.923] [ERROR] 
╔══════════════════════════════════════════════════════════════════════════╗
║  ❌ SCRAPE FAILED - SCRAPE_20260114_152436_0002
╠══════════════════════════════════════════════════════════════════════════╣
║  🚫 ERROR DETAILS
║  ├─ Type:        extraction_failed
║  ├─ Message:     Content too short or empty (len=0)
║  ├─ Likely Ban:  🟢 NO
║  └─ Screenshot:  Not saved
╠──────────────────────────────────────────────────────────────────────────╣

    ┌─ BROWSER FINGERPRINT ────────────────────────────────────────┐
    │ Browser:     EDGE v120 on WINDOWS
    │ User-Agent:  Mozilla/5.0 (Windows NT 10.0; Win64; x64) AppleWebKit/537.36 (KHTML, l...
    │ Viewport:    1536x864
    │ Sec-CH-UA:   "Not_A Brand";v="8", "Chromium";v="120", "Microsof...
    ├─ LOCATION PROFILE ───────────────────────────────────────────┤
    │ Location:    Melbourne, Australia
    │ Timezone:    Australia/Melbourne
    │ Locale:      en-AU
    │ Geo:         -37.8136, 144.9631
    ├─ NETWORK ────────────────────────────────────────────────────┤
    │ Proxy:       Direct (no proxy)
    │ Referrer:    https://www.google.com/search?q=httpstat+us
    └──────────────────────────────────────────────────────────────┘

    ┌─ TIMING BREAKDOWN ───────────────────────────────────────────┐
    │ Browser Launch:      1.73s
    │ Page Load:           0.00s
    │ Cloudflare Wait:     0.00s
    │ Human Simulation:    0.00s
    │ Content Extraction:  0.00s
    │ ─────────────────────────────────────────────────────────────
    │ TOTAL TIME:          5.15s
    └──────────────────────────────────────────────────────────────┘
╠──────────────────────────────────────────────────────────────────────────╣
║  📊 SESSION STATS
║  ├─ Attempt:            2/3
║  ├─ Strategies Tried:   domcontentloaded, load, networkidle
║  └─ Proxy Used:         Direct
╚══════════════════════════════════════════════════════════════════════════╝
[15:24:42.272] [INFO ]   🔄 Retry attempt 3/3...
[15:24:47.646] [DEBUG] ⏱️ Timeout set to 20s for this scrape
[15:24:49.077] [INFO ] 
    🚀 BROWSER LAUNCHED
    ├─ Mode:       Visible
    ├─ Slow Mo:    275ms
    ├─ Launch Time: 1.43s
    └─ Args:       Anti-automation flags enabled
[15:24:49.079] [DEBUG] Browser profile: viewport={'width': 1728, 'height': 1117}, locale=en-AU, tz=Australia/Melbourne
[15:24:49.079] [INFO ] 
╔══════════════════════════════════════════════════════════════════════════╗
║  📋 SESSION: SCRAPE_20260114_152447_0003
║  🌐 URL: https://httpstat.us/404
║  🔄 ATTEMPT: 3/3
║  ⏰ STARTED: 2026-01-14T15:24:47.646497
╠══════════════════════════════════════════════════════════════════════════╣

    ┌─ BROWSER FINGERPRINT ────────────────────────────────────────┐
    │ Browser:     FIREFOX v121 on MACOS
    │ User-Agent:  Mozilla/5.0 (Macintosh; Intel Mac OS X 10.15; rv:121.0) Gecko/20100101...
    │ Viewport:    1728x1117
    │ Sec-CH-UA:   (not applicable)...
    ├─ LOCATION PROFILE ───────────────────────────────────────────┤
    │ Location:    Melbourne, Australia
    │ Timezone:    Australia/Melbourne
    │ Locale:      en-AU
    │ Geo:         -37.8136, 144.9631
    ├─ NETWORK ────────────────────────────────────────────────────┤
    │ Proxy:       Direct (no proxy)
    │ Referrer:    https://news.google.com/
    └──────────────────────────────────────────────────────────────┘
╚══════════════════════════════════════════════════════════════════════════╝
[15:24:49.277] [INFO ] 🛡️ Injected anti-detection scripts at context level
[15:24:49.277] [DEBUG]    └─ Canvas noise, WebGL spoof, Browser patches
[15:24:49.280] [INFO ] 
    🛡️ ANTI-DETECTION SCRIPTS INJECTED (CONTEXT level)
    ├─ Canvas fingerprint noise
    ├─ WebGL renderer/vendor spoof
    ├─ Hardware concurrency randomization
    ├─ Device memory randomization
    ├─ Plugin masking
    ├─ WebRTC IP leak protection
    ├─ Network connection spoof
    └─ Battery API spoof
[15:24:50.108] [INFO ] 
    🥷 STEALTH MODE APPLIED
    ├─ Navigator patches (webdriver, plugins, languages)
    ├─ Chrome runtime patches
    ├─ Console patches  
    └─ Permission patches
[15:24:50.132] [INFO ] 🛡️ Injected anti-detection scripts at page level
[15:24:50.133] [DEBUG]    └─ Canvas noise, WebGL spoof, Browser patches
[15:24:50.147] [INFO ] 
    🛡️ ANTI-DETECTION SCRIPTS INJECTED (PAGE level)
    ├─ Canvas fingerprint noise
    ├─ WebGL renderer/vendor spoof
    ├─ Hardware concurrency randomization
    ├─ Device memory randomization
    ├─ Plugin masking
    ├─ WebRTC IP leak protection
    ├─ Network connection spoof
    └─ Battery API spoof
[15:24:50.162] [DEBUG] Enabled resource blocking (images, media, fonts)
[15:24:50.162] [INFO ] 
    🔗 NAVIGATING TO URL
    ├─ Strategy:   domcontentloaded
    ├─ Timeout:    40.0s
    └─ Sleep:      4s after load
[15:24:51.197] [INFO ] 
    🔗 NAVIGATING TO URL
    ├─ Strategy:   load
    ├─ Timeout:    60.0s
    └─ Sleep:      3s after load
[15:24:52.426] [INFO ] 
    🔗 NAVIGATING TO URL
    ├─ Strategy:   networkidle
    ├─ Timeout:    80.0s
    └─ Sleep:      2s after load
[15:24:53.157] [ERROR] 
╔══════════════════════════════════════════════════════════════════════════╗
║  ❌ SCRAPE FAILED - SCRAPE_20260114_152447_0003
╠══════════════════════════════════════════════════════════════════════════╣
║  🚫 ERROR DETAILS
║  ├─ Type:        extraction_failed
║  ├─ Message:     Content too short or empty (len=0)
║  ├─ Likely Ban:  🟢 NO
║  └─ Screenshot:  Not saved
╠──────────────────────────────────────────────────────────────────────────╣

    ┌─ BROWSER FINGERPRINT ────────────────────────────────────────┐
    │ Browser:     FIREFOX v121 on MACOS
    │ User-Agent:  Mozilla/5.0 (Macintosh; Intel Mac OS X 10.15; rv:121.0) Gecko/20100101...
    │ Viewport:    1728x1117
    │ Sec-CH-UA:   (not applicable)...
    ├─ LOCATION PROFILE ───────────────────────────────────────────┤
    │ Location:    Melbourne, Australia
    │ Timezone:    Australia/Melbourne
    │ Locale:      en-AU
    │ Geo:         -37.8136, 144.9631
    ├─ NETWORK ────────────────────────────────────────────────────┤
    │ Proxy:       Direct (no proxy)
    │ Referrer:    https://news.google.com/
    └──────────────────────────────────────────────────────────────┘

    ┌─ TIMING BREAKDOWN ───────────────────────────────────────────┐
    │ Browser Launch:      1.43s
    │ Page Load:           0.00s
    │ Cloudflare Wait:     0.00s
    │ Human Simulation:    0.00s
    │ Content Extraction:  0.00s
    │ ─────────────────────────────────────────────────────────────
    │ TOTAL TIME:          5.51s
    └──────────────────────────────────────────────────────────────┘
╠──────────────────────────────────────────────────────────────────────────╣
║  📊 SESSION STATS
║  ├─ Attempt:            3/3
║  ├─ Strategies Tried:   domcontentloaded, load, networkidle
║  └─ Proxy Used:         Direct
╚══════════════════════════════════════════════════════════════════════════╝
[15:24:53.650] [WARNING] Failed to save screenshot: Event loop is closed! Is Playwright already stopped?
[15:24:53.650] [INFO ] 
╔══════════════════════════════════════════════════════════════════════════╗
║  📊 OVERALL SCRAPING STATISTICS
╠══════════════════════════════════════════════════════════════════════════╣
║  Total Scrapes:    3
║  Successful:       0 (0.0%)
║  Failed:           3
║  Banned/Blocked:   0
║  Avg Time:         0.00s
╚══════════════════════════════════════════════════════════════════════════╝

================================================================================
STATUS: FAILED
TOTAL TIME: 27.82s
END OF SCRAPE LOG
================================================================================
