================================================================================
SCRAPE LOG: https://www.bloomberg.com/news/articles/2024-01-15/sample-article
Started: 2026-01-15 11:10:31
Session ID: N/A
================================================================================
[11:10:31.027] [INFO ] 📝 Scrape log: logs/scrapes/2026-01-15_111031_bloomberg.com.log
[11:10:31.027] [DEBUG] ⏱️ Timeout set to 45s for this scrape
[11:10:31.351] [INFO ] 
    🚀 BROWSER LAUNCHED
    ├─ Mode:       Visible
    ├─ Slow Mo:    51ms
    ├─ Launch Time: 0.32s
    └─ Args:       Anti-automation flags enabled
[11:10:31.351] [DEBUG] Browser profile: viewport={'width': 2560, 'height': 1440}, locale=en-AU, tz=Australia/Brisbane
[11:10:31.352] [INFO ] 
╔══════════════════════════════════════════════════════════════════════════╗
║  📋 SESSION: SCRAPE_20260115_111031_0001
║  🌐 URL: https://www.bloomberg.com/news/articles/2024-01-15/sample-article
║  🔄 ATTEMPT: 1/3
║  ⏰ STARTED: 2026-01-15T11:10:31.027733
╠══════════════════════════════════════════════════════════════════════════╣

    ┌─ BROWSER FINGERPRINT ────────────────────────────────────────┐
    │ Browser:     OPERA v120 on MACOS
    │ User-Agent:  Mozilla/5.0 (Macintosh; Intel Mac OS X 10_15_7) AppleWebKit/537.36 (KH...
    │ Viewport:    2560x1440
    │ Sec-CH-UA:   "Not_A Brand";v="8", "Chromium";v="120", "Opera";v...
    ├─ LOCATION PROFILE ───────────────────────────────────────────┤
    │ Location:    Brisbane, Australia
    │ Timezone:    Australia/Brisbane
    │ Locale:      en-AU
    │ Geo:         -27.4698, 153.0251
    ├─ NETWORK ────────────────────────────────────────────────────┤
    │ Proxy:       Direct (no proxy)
    │ Referrer:    https://www.google.com/search?q=www+bloomberg+com
    └──────────────────────────────────────────────────────────────┘
╚══════════════════════════════════════════════════════════════════════════╝
[11:10:31.358] [INFO ] 🛡️ Injected anti-detection scripts at context level
[11:10:31.358] [DEBUG]    └─ Canvas noise, WebGL spoof, Browser patches
[11:10:31.359] [INFO ] 
    🛡️ ANTI-DETECTION SCRIPTS INJECTED (CONTEXT level)
    ├─ Canvas fingerprint noise
    ├─ WebGL renderer/vendor spoof
    ├─ Hardware concurrency randomization
    ├─ Device memory randomization
    ├─ Plugin masking
    ├─ WebRTC IP leak protection
    ├─ Network connection spoof
    └─ Battery API spoof
[11:10:31.560] [INFO ] 
    🥷 STEALTH MODE APPLIED
    ├─ Navigator patches (webdriver, plugins, languages)
    ├─ Chrome runtime patches
    ├─ Console patches  
    └─ Permission patches
[11:10:31.562] [INFO ] 🛡️ Injected anti-detection scripts at page level
[11:10:31.562] [DEBUG]    └─ Canvas noise, WebGL spoof, Browser patches
[11:10:31.563] [INFO ] 
    🛡️ ANTI-DETECTION SCRIPTS INJECTED (PAGE level)
    ├─ Canvas fingerprint noise
    ├─ WebGL renderer/vendor spoof
    ├─ Hardware concurrency randomization
    ├─ Device memory randomization
    ├─ Plugin masking
    ├─ WebRTC IP leak protection
    ├─ Network connection spoof
    └─ Battery API spoof
[11:10:31.564] [DEBUG] Enabled resource blocking (images, media, fonts)
[11:10:31.564] [INFO ] 
    🔗 NAVIGATING TO URL
    ├─ Strategy:   domcontentloaded
    ├─ Timeout:    15.0s
    └─ Sleep:      1s after load
[11:10:33.375] [INFO ] 
    ✅ PAGE LOADED
    ├─ Final URL:  https://www.bloomberg.com/news/articles/2024-01-15/sample-ar...
    ├─ Title:      404. Page Not Found - Bloomberg
    └─ Load Time:  2.02s
[11:10:36.113] [INFO ] 🧑 Human behavior simulation...
[11:10:36.270] [INFO ] 🖱️ Mouse: 3 moves in 2560x1440
[11:10:39.478] [INFO ] 🖱️ Mouse completed: 3 moves
[11:10:39.655] [INFO ] 📜 Scroll: page=1414px, viewport=1440px
[11:10:40.292] [INFO ] 📜 Scroll completed: 3 scrolls, reached 300px
[11:10:40.292] [INFO ] 🧑 Human behavior completed in 4.2s ✓
[11:10:40.292] [INFO ] 
    🧑 HUMAN BEHAVIOR SIMULATED
    ├─ Mouse Movements: 2
    ├─ Scroll Actions:  3
    └─ Time Spent:      7.24s
[11:10:40.382] [INFO ]   📄 Fallback extraction using selector: 'body'
[11:10:40.382] [INFO ] 
    ┌─ CONTENT METRICS ────────────────────────────────────────────┐
    │ Title:            404. Page Not Found - Bloomberg
    │ Final URL:        https://www.bloomberg.com/news/articles/2024-01-15/sample-ar...
    │ HTML Size:        574,093 bytes
    │ Text Size:        922 chars
    │ Word Count:       ~6 words
    │ Extraction:       fallback:body
    │ Has Article:      ✅ Yes
    └──────────────────────────────────────────────────────────────┘
[11:10:40.515] [INFO ] 
╔══════════════════════════════════════════════════════════════════════════╗
║  ✅ SCRAPE SUCCESSFUL - SCRAPE_20260115_111031_0001
╠══════════════════════════════════════════════════════════════════════════╣

    ┌─ TIMING BREAKDOWN ───────────────────────────────────────────┐
    │ Browser Launch:      0.32s
    │ Page Load:           2.02s
    │ Cloudflare Wait:     0.00s
    │ Human Simulation:    7.24s
    │ Content Extraction:  2.11s
    │ ─────────────────────────────────────────────────────────────
    │ TOTAL TIME:          9.49s
    └──────────────────────────────────────────────────────────────┘

    ┌─ CONTENT METRICS ────────────────────────────────────────────┐
    │ Title:            404. Page Not Found - Bloomberg
    │ Final URL:        https://www.bloomberg.com/news/articles/2024-01-15/sample-ar...
    │ HTML Size:        574,093 bytes
    │ Text Size:        922 chars
    │ Word Count:       ~6 words
    │ Extraction:       fallback:body
    │ Has Article:      ✅ Yes
    └──────────────────────────────────────────────────────────────┘
╠══════════════════════════════════════════════════════════════════════════╣
║  📊 SESSION STATS
║  ├─ Strategies Tried:   domcontentloaded
║  ├─ Popups Dismissed:   0
║  ├─ Cloudflare:         Not detected
║  └─ Proxy Used:         Direct
╚══════════════════════════════════════════════════════════════════════════╝

================================================================================
STATUS: SUCCESS
TOTAL TIME: 9.81s
END OF SCRAPE LOG
================================================================================
