================================================================================
SCRAPE LOG: https://sis.gov.eg/en/media-center/news/distinguished-egyptian-diplomat-receives-the-silver-phoenix-award
Started: 2026-01-14 15:28:25
Session ID: N/A
================================================================================
[15:28:25.768] [INFO ] 📝 Scrape log: logs/scrapes/2026-01-14_152825_sis.gov.eg.log
[15:28:25.769] [DEBUG] ⏱️ Timeout set to 20s for this scrape
[15:28:26.570] [INFO ] 
    🚀 BROWSER LAUNCHED
    ├─ Mode:       Headless
    ├─ Slow Mo:    177ms
    ├─ Launch Time: 0.80s
    └─ Args:       Anti-automation flags enabled
[15:28:26.572] [DEBUG] Browser profile: viewport={'width': 1600, 'height': 900}, locale=en-GB, tz=Europe/London
[15:28:26.573] [INFO ] 
╔══════════════════════════════════════════════════════════════════════════╗
║  📋 SESSION: SCRAPE_20260114_152825_0001
║  🌐 URL: https://sis.gov.eg/en/media-center/news/distinguished-egyptian-di...
║  🔄 ATTEMPT: 1/3
║  ⏰ STARTED: 2026-01-14T15:28:25.769141
╠══════════════════════════════════════════════════════════════════════════╣

    ┌─ BROWSER FINGERPRINT ────────────────────────────────────────┐
    │ Browser:     FIREFOX v122 on WINDOWS
    │ User-Agent:  Mozilla/5.0 (Windows NT 10.0; Win64; x64; rv:122.0) Gecko/20100101 Fir...
    │ Viewport:    1600x900
    │ Sec-CH-UA:   (not applicable)...
    ├─ LOCATION PROFILE ───────────────────────────────────────────┤
    │ Location:    Birmingham, UK
    │ Timezone:    Europe/London
    │ Locale:      en-GB
    │ Geo:         52.4862, -1.8904
    ├─ NETWORK ────────────────────────────────────────────────────┤
    │ Proxy:       Direct (no proxy)
    │ Referrer:    https://www.google.com/search?q=sis+gov+eg
    └──────────────────────────────────────────────────────────────┘
╚══════════════════════════════════════════════════════════════════════════╝
[15:28:27.497] [INFO ] 🛡️ Injected anti-detection scripts at context level
[15:28:27.497] [DEBUG]    └─ Canvas noise, WebGL spoof, Browser patches
[15:28:27.499] [INFO ] 
    🛡️ ANTI-DETECTION SCRIPTS INJECTED (CONTEXT level)
    ├─ Canvas fingerprint noise
    ├─ WebGL renderer/vendor spoof
    ├─ Hardware concurrency randomization
    ├─ Device memory randomization
    ├─ Plugin masking
    ├─ WebRTC IP leak protection
    ├─ Network connection spoof
    └─ Battery API spoof
[15:28:27.567] [INFO ] 
    🥷 STEALTH MODE APPLIED
    ├─ Navigator patches (webdriver, plugins, languages)
    ├─ Chrome runtime patches
    ├─ Console patches  
    └─ Permission patches
[15:28:27.582] [INFO ] 🛡️ Injected anti-detection scripts at page level
[15:28:27.582] [DEBUG]    └─ Canvas noise, WebGL spoof, Browser patches
[15:28:27.586] [INFO ] 
    🛡️ ANTI-DETECTION SCRIPTS INJECTED (PAGE level)
    ├─ Canvas fingerprint noise
    ├─ WebGL renderer/vendor spoof
    ├─ Hardware concurrency randomization
    ├─ Device memory randomization
    ├─ Plugin masking
    ├─ WebRTC IP leak protection
    ├─ Network connection spoof
    └─ Battery API spoof
[15:28:27.595] [DEBUG] Enabled resource blocking (images, media, fonts)
[15:28:27.595] [INFO ] 
    🔗 NAVIGATING TO URL
    ├─ Strategy:   domcontentloaded
    ├─ Timeout:    40.0s
    └─ Sleep:      4s after load
[15:28:28.475] [INFO ] 
    ✅ PAGE LOADED
    ├─ Final URL:  https://sis.gov.eg/en/media-center/news/distinguished-egypti...
    ├─ Title:      
    └─ Load Time:  1.91s
[15:28:38.643] [DEBUG] Simulated 2 fast mouse movements
[15:28:39.166] [DEBUG] Simulated 3 fast scroll actions
[15:28:39.266] [INFO ] 
    🧑 HUMAN BEHAVIOR SIMULATED
    ├─ Mouse Movements: 4
    ├─ Scroll Actions:  5
    └─ Time Spent:      11.59s
[15:28:39.355] [INFO ] 
    ┌─ CONTENT METRICS ────────────────────────────────────────────┐
    │ Title:            
    │ Final URL:        https://sis.gov.eg/en/media-center/news/distinguished-egypti...
    │ HTML Size:        406 bytes
    │ Text Size:        0 chars
    │ Word Count:       ~0 words
    │ Extraction:       trafilatura
    │ Has Article:      ❌ No
    └──────────────────────────────────────────────────────────────┘
[15:28:39.355] [INFO ] 
    🔗 NAVIGATING TO URL
    ├─ Strategy:   load
    ├─ Timeout:    60.0s
    └─ Sleep:      3s after load
[15:28:39.932] [INFO ] 
    ✅ PAGE LOADED
    ├─ Final URL:  https://sis.gov.eg/en/media-center/news/distinguished-egypti...
    ├─ Title:      
    └─ Load Time:  13.36s
[15:28:46.630] [DEBUG] ⚡ Skipping human behavior - insufficient time remaining
[15:28:46.630] [INFO ] 
    🧑 HUMAN BEHAVIOR SIMULATED
    ├─ Mouse Movements: 6
    ├─ Scroll Actions:  4
    └─ Time Spent:      7.50s
[15:28:46.630] [ERROR] ⏰ TIMEOUT after 20.9s at stage: human_behavior
[15:28:46.631] [INFO ] 
    🔗 NAVIGATING TO URL
    ├─ Strategy:   networkidle
    ├─ Timeout:    80.0s
    └─ Sleep:      2s after load
[15:28:47.701] [INFO ] 
    ✅ PAGE LOADED
    ├─ Final URL:  https://sis.gov.eg/en/media-center/news/distinguished-egypti...
    ├─ Title:      
    └─ Load Time:  21.13s
[15:28:47.701] [ERROR] ⏰ TIMEOUT after 21.9s at stage: page_loaded
[15:28:47.701] [ERROR] 
╔══════════════════════════════════════════════════════════════════════════╗
║  ❌ SCRAPE FAILED - SCRAPE_20260114_152825_0001
╠══════════════════════════════════════════════════════════════════════════╣
║  🚫 ERROR DETAILS
║  ├─ Type:        extraction_failed
║  ├─ Message:     Content too short or empty (len=406)
║  ├─ Likely Ban:  🟢 NO
║  └─ Screenshot:  Not saved
╠──────────────────────────────────────────────────────────────────────────╣

    ┌─ BROWSER FINGERPRINT ────────────────────────────────────────┐
    │ Browser:     FIREFOX v122 on WINDOWS
    │ User-Agent:  Mozilla/5.0 (Windows NT 10.0; Win64; x64; rv:122.0) Gecko/20100101 Fir...
    │ Viewport:    1600x900
    │ Sec-CH-UA:   (not applicable)...
    ├─ LOCATION PROFILE ───────────────────────────────────────────┤
    │ Location:    Birmingham, UK
    │ Timezone:    Europe/London
    │ Locale:      en-GB
    │ Geo:         52.4862, -1.8904
    ├─ NETWORK ────────────────────────────────────────────────────┤
    │ Proxy:       Direct (no proxy)
    │ Referrer:    https://www.google.com/search?q=sis+gov+eg
    └──────────────────────────────────────────────────────────────┘

    ┌─ TIMING BREAKDOWN ───────────────────────────────────────────┐
    │ Browser Launch:      0.80s
    │ Page Load:           21.13s
    │ Cloudflare Wait:     0.00s
    │ Human Simulation:    7.50s
    │ Content Extraction:  1.99s
    │ ─────────────────────────────────────────────────────────────
    │ TOTAL TIME:          21.93s
    └──────────────────────────────────────────────────────────────┘
╠──────────────────────────────────────────────────────────────────────────╣
║  📊 SESSION STATS
║  ├─ Attempt:            1/3
║  ├─ Strategies Tried:   domcontentloaded, load, networkidle
║  └─ Proxy Used:         Direct
╚══════════════════════════════════════════════════════════════════════════╝
[15:28:47.791] [INFO ]   🔄 Retry attempt 2/3...
[15:28:53.860] [DEBUG] ⏱️ Timeout set to 20s for this scrape
[15:28:54.568] [INFO ] 
    🚀 BROWSER LAUNCHED
    ├─ Mode:       Headless
    ├─ Slow Mo:    218ms
    ├─ Launch Time: 0.71s
    └─ Args:       Anti-automation flags enabled
[15:28:54.570] [DEBUG] Browser profile: viewport={'width': 1536, 'height': 864}, locale=en-SG, tz=Asia/Singapore
[15:28:54.571] [INFO ] 
╔══════════════════════════════════════════════════════════════════════════╗
║  📋 SESSION: SCRAPE_20260114_152853_0002
║  🌐 URL: https://sis.gov.eg/en/media-center/news/distinguished-egyptian-di...
║  🔄 ATTEMPT: 2/3
║  ⏰ STARTED: 2026-01-14T15:28:53.860543
╠══════════════════════════════════════════════════════════════════════════╣

    ┌─ BROWSER FINGERPRINT ────────────────────────────────────────┐
    │ Browser:     CHROME v126 on WINDOWS
    │ User-Agent:  Mozilla/5.0 (Windows NT 10.0; Win64; x64) AppleWebKit/537.36 (KHTML, l...
    │ Viewport:    1536x864
    │ Sec-CH-UA:   "Not_A Brand";v="8", "Chromium";v="126", "Google C...
    ├─ LOCATION PROFILE ───────────────────────────────────────────┤
    │ Location:    Singapore
    │ Timezone:    Asia/Singapore
    │ Locale:      en-SG
    │ Geo:         1.3521, 103.8198
    ├─ NETWORK ────────────────────────────────────────────────────┤
    │ Proxy:       Direct (no proxy)
    │ Referrer:    Direct visit
    └──────────────────────────────────────────────────────────────┘
╚══════════════════════════════════════════════════════════════════════════╝
[15:28:55.471] [INFO ] 🛡️ Injected anti-detection scripts at context level
[15:28:55.471] [DEBUG]    └─ Canvas noise, WebGL spoof, Browser patches
[15:28:55.476] [INFO ] 
    🛡️ ANTI-DETECTION SCRIPTS INJECTED (CONTEXT level)
    ├─ Canvas fingerprint noise
    ├─ WebGL renderer/vendor spoof
    ├─ Hardware concurrency randomization
    ├─ Device memory randomization
    ├─ Plugin masking
    ├─ WebRTC IP leak protection
    ├─ Network connection spoof
    └─ Battery API spoof
[15:28:55.555] [INFO ] 
    🥷 STEALTH MODE APPLIED
    ├─ Navigator patches (webdriver, plugins, languages)
    ├─ Chrome runtime patches
    ├─ Console patches  
    └─ Permission patches
[15:28:55.571] [INFO ] 🛡️ Injected anti-detection scripts at page level
[15:28:55.572] [DEBUG]    └─ Canvas noise, WebGL spoof, Browser patches
[15:28:55.581] [INFO ] 
    🛡️ ANTI-DETECTION SCRIPTS INJECTED (PAGE level)
    ├─ Canvas fingerprint noise
    ├─ WebGL renderer/vendor spoof
    ├─ Hardware concurrency randomization
    ├─ Device memory randomization
    ├─ Plugin masking
    ├─ WebRTC IP leak protection
    ├─ Network connection spoof
    └─ Battery API spoof
[15:28:55.587] [DEBUG] Enabled resource blocking (images, media, fonts)
[15:28:55.588] [INFO ] 
    🔗 NAVIGATING TO URL
    ├─ Strategy:   domcontentloaded
    ├─ Timeout:    40.0s
    └─ Sleep:      4s after load
[15:28:56.574] [INFO ] 
    ✅ PAGE LOADED
    ├─ Final URL:  https://sis.gov.eg/en/media-center/news/distinguished-egypti...
    ├─ Title:      
    └─ Load Time:  2.01s
[15:29:06.989] [DEBUG] Simulated 2 fast mouse movements
[15:29:07.517] [DEBUG] Simulated 3 fast scroll actions
[15:29:07.618] [INFO ] 
    🧑 HUMAN BEHAVIOR SIMULATED
    ├─ Mouse Movements: 5
    ├─ Scroll Actions:  2
    └─ Time Spent:      11.75s
[15:29:07.800] [INFO ] 
    ┌─ CONTENT METRICS ────────────────────────────────────────────┐
    │ Title:            
    │ Final URL:        https://sis.gov.eg/en/media-center/news/distinguished-egypti...
    │ HTML Size:        406 bytes
    │ Text Size:        0 chars
    │ Word Count:       ~0 words
    │ Extraction:       trafilatura
    │ Has Article:      ❌ No
    └──────────────────────────────────────────────────────────────┘
[15:29:07.801] [INFO ] 
    🔗 NAVIGATING TO URL
    ├─ Strategy:   load
    ├─ Timeout:    60.0s
    └─ Sleep:      3s after load
[15:29:08.442] [INFO ] 
    ✅ PAGE LOADED
    ├─ Final URL:  https://sis.gov.eg/en/media-center/news/distinguished-egypti...
    ├─ Title:      
    └─ Load Time:  13.87s
[15:29:14.140] [DEBUG] ⚡ Skipping human behavior - insufficient time remaining
[15:29:14.140] [INFO ] 
    🧑 HUMAN BEHAVIOR SIMULATED
    ├─ Mouse Movements: 4
    ├─ Scroll Actions:  5
    └─ Time Spent:      6.41s
[15:29:14.140] [ERROR] ⏰ TIMEOUT after 20.3s at stage: human_behavior
[15:29:14.140] [INFO ] 
    🔗 NAVIGATING TO URL
    ├─ Strategy:   networkidle
    ├─ Timeout:    80.0s
    └─ Sleep:      2s after load
[15:29:15.289] [INFO ] 
    ✅ PAGE LOADED
    ├─ Final URL:  https://sis.gov.eg/en/media-center/news/distinguished-egypti...
    ├─ Title:      
    └─ Load Time:  20.72s
[15:29:15.289] [ERROR] ⏰ TIMEOUT after 21.4s at stage: page_loaded
[15:29:15.289] [ERROR] 
╔══════════════════════════════════════════════════════════════════════════╗
║  ❌ SCRAPE FAILED - SCRAPE_20260114_152853_0002
╠══════════════════════════════════════════════════════════════════════════╣
║  🚫 ERROR DETAILS
║  ├─ Type:        extraction_failed
║  ├─ Message:     Content too short or empty (len=406)
║  ├─ Likely Ban:  🟢 NO
║  └─ Screenshot:  Not saved
╠──────────────────────────────────────────────────────────────────────────╣

    ┌─ BROWSER FINGERPRINT ────────────────────────────────────────┐
    │ Browser:     CHROME v126 on WINDOWS
    │ User-Agent:  Mozilla/5.0 (Windows NT 10.0; Win64; x64) AppleWebKit/537.36 (KHTML, l...
    │ Viewport:    1536x864
    │ Sec-CH-UA:   "Not_A Brand";v="8", "Chromium";v="126", "Google C...
    ├─ LOCATION PROFILE ───────────────────────────────────────────┤
    │ Location:    Singapore
    │ Timezone:    Asia/Singapore
    │ Locale:      en-SG
    │ Geo:         1.3521, 103.8198
    ├─ NETWORK ────────────────────────────────────────────────────┤
    │ Proxy:       Direct (no proxy)
    │ Referrer:    Direct visit
    └──────────────────────────────────────────────────────────────┘

    ┌─ TIMING BREAKDOWN ───────────────────────────────────────────┐
    │ Browser Launch:      0.71s
    │ Page Load:           20.72s
    │ Cloudflare Wait:     0.00s
    │ Human Simulation:    6.41s
    │ Content Extraction:  2.19s
    │ ─────────────────────────────────────────────────────────────
    │ TOTAL TIME:          21.43s
    └──────────────────────────────────────────────────────────────┘
╠──────────────────────────────────────────────────────────────────────────╣
║  📊 SESSION STATS
║  ├─ Attempt:            2/3
║  ├─ Strategies Tried:   domcontentloaded, load, networkidle
║  └─ Proxy Used:         Direct
╚══════════════════════════════════════════════════════════════════════════╝
[15:29:15.383] [INFO ]   🔄 Retry attempt 3/3...
[15:29:22.356] [DEBUG] ⏱️ Timeout set to 20s for this scrape
[15:29:23.141] [INFO ] 
    🚀 BROWSER LAUNCHED
    ├─ Mode:       Headless
    ├─ Slow Mo:    165ms
    ├─ Launch Time: 0.79s
    └─ Args:       Anti-automation flags enabled
[15:29:23.143] [DEBUG] Browser profile: viewport={'width': 1536, 'height': 864}, locale=en-IE, tz=Europe/Dublin
[15:29:23.144] [INFO ] 
╔══════════════════════════════════════════════════════════════════════════╗
║  📋 SESSION: SCRAPE_20260114_152922_0003
║  🌐 URL: https://sis.gov.eg/en/media-center/news/distinguished-egyptian-di...
║  🔄 ATTEMPT: 3/3
║  ⏰ STARTED: 2026-01-14T15:29:22.356145
╠══════════════════════════════════════════════════════════════════════════╣

    ┌─ BROWSER FINGERPRINT ────────────────────────────────────────┐
    │ Browser:     CHROME v125 on WINDOWS
    │ User-Agent:  Mozilla/5.0 (Windows NT 10.0; Win64; x64) AppleWebKit/537.36 (KHTML, l...
    │ Viewport:    1536x864
    │ Sec-CH-UA:   "Not_A Brand";v="8", "Chromium";v="125", "Google C...
    ├─ LOCATION PROFILE ───────────────────────────────────────────┤
    │ Location:    Dublin, Ireland
    │ Timezone:    Europe/Dublin
    │ Locale:      en-IE
    │ Geo:         53.3498, -6.2603
    ├─ NETWORK ────────────────────────────────────────────────────┤
    │ Proxy:       Direct (no proxy)
    │ Referrer:    https://www.google.com/
    └──────────────────────────────────────────────────────────────┘
╚══════════════════════════════════════════════════════════════════════════╝
[15:29:24.115] [INFO ] 🛡️ Injected anti-detection scripts at context level
[15:29:24.115] [DEBUG]    └─ Canvas noise, WebGL spoof, Browser patches
[15:29:24.117] [INFO ] 
    🛡️ ANTI-DETECTION SCRIPTS INJECTED (CONTEXT level)
    ├─ Canvas fingerprint noise
    ├─ WebGL renderer/vendor spoof
    ├─ Hardware concurrency randomization
    ├─ Device memory randomization
    ├─ Plugin masking
    ├─ WebRTC IP leak protection
    ├─ Network connection spoof
    └─ Battery API spoof
[15:29:24.210] [INFO ] 
    🥷 STEALTH MODE APPLIED
    ├─ Navigator patches (webdriver, plugins, languages)
    ├─ Chrome runtime patches
    ├─ Console patches  
    └─ Permission patches
[15:29:24.222] [INFO ] 🛡️ Injected anti-detection scripts at page level
[15:29:24.222] [DEBUG]    └─ Canvas noise, WebGL spoof, Browser patches
[15:29:24.229] [INFO ] 
    🛡️ ANTI-DETECTION SCRIPTS INJECTED (PAGE level)
    ├─ Canvas fingerprint noise
    ├─ WebGL renderer/vendor spoof
    ├─ Hardware concurrency randomization
    ├─ Device memory randomization
    ├─ Plugin masking
    ├─ WebRTC IP leak protection
    ├─ Network connection spoof
    └─ Battery API spoof
[15:29:24.234] [DEBUG] Enabled resource blocking (images, media, fonts)
[15:29:24.234] [INFO ] 
    🔗 NAVIGATING TO URL
    ├─ Strategy:   domcontentloaded
    ├─ Timeout:    40.0s
    └─ Sleep:      4s after load
[15:29:25.094] [INFO ] 
    ✅ PAGE LOADED
    ├─ Final URL:  https://sis.gov.eg/en/media-center/news/distinguished-egypti...
    ├─ Title:      
    └─ Load Time:  1.95s
[15:29:35.519] [DEBUG] Simulated 2 fast mouse movements
[15:29:36.044] [DEBUG] Simulated 3 fast scroll actions
[15:29:36.144] [INFO ] 
    🧑 HUMAN BEHAVIOR SIMULATED
    ├─ Mouse Movements: 5
    ├─ Scroll Actions:  5
    └─ Time Spent:      11.84s
[15:29:36.238] [INFO ] 
    ┌─ CONTENT METRICS ────────────────────────────────────────────┐
    │ Title:            
    │ Final URL:        https://sis.gov.eg/en/media-center/news/distinguished-egypti...
    │ HTML Size:        406 bytes
    │ Text Size:        0 chars
    │ Word Count:       ~0 words
    │ Extraction:       trafilatura
    │ Has Article:      ❌ No
    └──────────────────────────────────────────────────────────────┘
[15:29:36.238] [INFO ] 
    🔗 NAVIGATING TO URL
    ├─ Strategy:   load
    ├─ Timeout:    60.0s
    └─ Sleep:      3s after load
[15:29:36.772] [INFO ] 
    ✅ PAGE LOADED
    ├─ Final URL:  https://sis.gov.eg/en/media-center/news/distinguished-egypti...
    ├─ Title:      
    └─ Load Time:  13.63s
[15:29:42.974] [DEBUG] ⚡ Skipping human behavior - insufficient time remaining
[15:29:42.975] [INFO ] 
    🧑 HUMAN BEHAVIOR SIMULATED
    ├─ Mouse Movements: 4
    ├─ Scroll Actions:  3
    └─ Time Spent:      6.99s
[15:29:42.975] [ERROR] ⏰ TIMEOUT after 20.6s at stage: human_behavior
[15:29:42.975] [INFO ] 
    🔗 NAVIGATING TO URL
    ├─ Strategy:   networkidle
    ├─ Timeout:    80.0s
    └─ Sleep:      2s after load
[15:29:43.984] [INFO ] 
    ✅ PAGE LOADED
    ├─ Final URL:  https://sis.gov.eg/en/media-center/news/distinguished-egypti...
    ├─ Title:      
    └─ Load Time:  20.84s
[15:29:43.985] [ERROR] ⏰ TIMEOUT after 21.6s at stage: page_loaded
[15:29:43.985] [ERROR] 
╔══════════════════════════════════════════════════════════════════════════╗
║  ❌ SCRAPE FAILED - SCRAPE_20260114_152922_0003
╠══════════════════════════════════════════════════════════════════════════╣
║  🚫 ERROR DETAILS
║  ├─ Type:        extraction_failed
║  ├─ Message:     Content too short or empty (len=406)
║  ├─ Likely Ban:  🟢 NO
║  └─ Screenshot:  Not saved
╠──────────────────────────────────────────────────────────────────────────╣

    ┌─ BROWSER FINGERPRINT ────────────────────────────────────────┐
    │ Browser:     CHROME v125 on WINDOWS
    │ User-Agent:  Mozilla/5.0 (Windows NT 10.0; Win64; x64) AppleWebKit/537.36 (KHTML, l...
    │ Viewport:    1536x864
    │ Sec-CH-UA:   "Not_A Brand";v="8", "Chromium";v="125", "Google C...
    ├─ LOCATION PROFILE ───────────────────────────────────────────┤
    │ Location:    Dublin, Ireland
    │ Timezone:    Europe/Dublin
    │ Locale:      en-IE
    │ Geo:         53.3498, -6.2603
    ├─ NETWORK ────────────────────────────────────────────────────┤
    │ Proxy:       Direct (no proxy)
    │ Referrer:    https://www.google.com/
    └──────────────────────────────────────────────────────────────┘

    ┌─ TIMING BREAKDOWN ───────────────────────────────────────────┐
    │ Browser Launch:      0.79s
    │ Page Load:           20.84s
    │ Cloudflare Wait:     0.00s
    │ Human Simulation:    6.99s
    │ Content Extraction:  2.05s
    │ ─────────────────────────────────────────────────────────────
    │ TOTAL TIME:          21.63s
    └──────────────────────────────────────────────────────────────┘
╠──────────────────────────────────────────────────────────────────────────╣
║  📊 SESSION STATS
║  ├─ Attempt:            3/3
║  ├─ Strategies Tried:   domcontentloaded, load, networkidle
║  └─ Proxy Used:         Direct
╚══════════════════════════════════════════════════════════════════════════╝

================================================================================
STATUS: SUCCESS
TOTAL TIME: 78.36s
END OF SCRAPE LOG
================================================================================
