================================================================================
SCRAPE LOG: https://example.com
Started: 2026-01-14 15:51:44
Session ID: N/A
================================================================================
[15:51:44.031] [INFO ] 📝 Scrape log: logs/scrapes/2026-01-14_155144_example.com.log
[15:51:44.031] [DEBUG] ⏱️ Timeout set to 45s for this scrape
[15:51:45.442] [INFO ] 
    🚀 BROWSER LAUNCHED
    ├─ Mode:       Visible
    ├─ Slow Mo:    241ms
    ├─ Launch Time: 1.41s
    └─ Args:       Anti-automation flags enabled
[15:51:45.443] [DEBUG] Browser profile: viewport={'width': 1920, 'height': 1080}, locale=en-US, tz=America/Phoenix
[15:51:45.443] [INFO ] 
╔══════════════════════════════════════════════════════════════════════════╗
║  📋 SESSION: SCRAPE_20260114_155144_0001
║  🌐 URL: https://example.com
║  🔄 ATTEMPT: 1/3
║  ⏰ STARTED: 2026-01-14T15:51:44.031714
╠══════════════════════════════════════════════════════════════════════════╣

    ┌─ BROWSER FINGERPRINT ────────────────────────────────────────┐
    │ Browser:     CHROME v126 on WINDOWS
    │ User-Agent:  Mozilla/5.0 (Windows NT 10.0; Win64; x64) AppleWebKit/537.36 (KHTML, l...
    │ Viewport:    1920x1080
    │ Sec-CH-UA:   "Not_A Brand";v="8", "Chromium";v="126", "Google C...
    ├─ LOCATION PROFILE ───────────────────────────────────────────┤
    │ Location:    Phoenix, USA
    │ Timezone:    America/Phoenix
    │ Locale:      en-US
    │ Geo:         33.4484, -112.0740
    ├─ NETWORK ────────────────────────────────────────────────────┤
    │ Proxy:       Direct (no proxy)
    │ Referrer:    https://www.google.com/search?q=example+com
    └──────────────────────────────────────────────────────────────┘
╚══════════════════════════════════════════════════════════════════════════╝
[15:51:45.575] [INFO ] 🛡️ Injected anti-detection scripts at context level
[15:51:45.575] [DEBUG]    └─ Canvas noise, WebGL spoof, Browser patches
[15:51:45.578] [INFO ] 
    🛡️ ANTI-DETECTION SCRIPTS INJECTED (CONTEXT level)
    ├─ Canvas fingerprint noise
    ├─ WebGL renderer/vendor spoof
    ├─ Hardware concurrency randomization
    ├─ Device memory randomization
    ├─ Plugin masking
    ├─ WebRTC IP leak protection
    ├─ Network connection spoof
    └─ Battery API spoof
[15:51:46.237] [INFO ] 
    🥷 STEALTH MODE APPLIED
    ├─ Navigator patches (webdriver, plugins, languages)
    ├─ Chrome runtime patches
    ├─ Console patches  
    └─ Permission patches
[15:51:46.261] [INFO ] 🛡️ Injected anti-detection scripts at page level
[15:51:46.261] [DEBUG]    └─ Canvas noise, WebGL spoof, Browser patches
[15:51:46.272] [INFO ] 
    🛡️ ANTI-DETECTION SCRIPTS INJECTED (PAGE level)
    ├─ Canvas fingerprint noise
    ├─ WebGL renderer/vendor spoof
    ├─ Hardware concurrency randomization
    ├─ Device memory randomization
    ├─ Plugin masking
    ├─ WebRTC IP leak protection
    ├─ Network connection spoof
    └─ Battery API spoof
[15:51:46.286] [DEBUG] Enabled resource blocking (images, media, fonts)
[15:51:46.286] [INFO ] 
    🔗 NAVIGATING TO URL
    ├─ Strategy:   domcontentloaded
    ├─ Timeout:    40.0s
    └─ Sleep:      4s after load
[15:51:46.898] [INFO ] 
    ✅ PAGE LOADED
    ├─ Final URL:  https://example.com/
    ├─ Title:      Example Domain
    └─ Load Time:  1.46s
[15:51:54.175] [DEBUG] 🧑 Starting human behavior simulation with 12.0s budget
[15:52:12.021] [DEBUG] Simulated 4 natural mouse movements
[15:52:12.344] [DEBUG] Scroll simulation skipped: name 'top' is not defined
[15:52:12.676] [DEBUG] 🧑 Human behavior simulation completed
[15:52:12.677] [INFO ] 
    🧑 HUMAN BEHAVIOR SIMULATED
    ├─ Mouse Movements: 4
    ├─ Scroll Actions:  5
    └─ Time Spent:      27.19s
[15:52:12.771] [INFO ] 
    ┌─ CONTENT METRICS ────────────────────────────────────────────┐
    │ Title:            Example Domain
    │ Final URL:        https://example.com/
    │ HTML Size:        528 bytes
    │ Text Size:        0 chars
    │ Word Count:       ~0 words
    │ Extraction:       trafilatura
    │ Has Article:      ❌ No
    └──────────────────────────────────────────────────────────────┘
[15:52:12.771] [INFO ] 
    🔗 NAVIGATING TO URL
    ├─ Strategy:   load
    ├─ Timeout:    60.0s
    └─ Sleep:      3s after load
[15:52:13.126] [INFO ] 
    ✅ PAGE LOADED
    ├─ Final URL:  https://example.com/
    ├─ Title:      Example Domain
    └─ Load Time:  27.68s
[15:52:14.131] [DEBUG] ⏱️ Scrape in progress: 30s elapsed, 15s remaining (popup_scan)
[15:52:19.091] [DEBUG] 🧑 Starting human behavior simulation with 7.9s budget
[15:52:29.969] [DEBUG] Simulated 4 natural mouse movements
[15:52:30.875] [DEBUG] 🧑 Human behavior simulation completed
[15:52:30.875] [INFO ] 
    🧑 HUMAN BEHAVIOR SIMULATED
    ├─ Mouse Movements: 6
    ├─ Scroll Actions:  5
    └─ Time Spent:      19.16s
[15:52:30.876] [ERROR] ⏰ TIMEOUT after 46.8s at stage: human_behavior
[15:52:30.876] [INFO ] 
    🔗 NAVIGATING TO URL
    ├─ Strategy:   networkidle
    ├─ Timeout:    80.0s
    └─ Sleep:      2s after load
[15:52:31.756] [INFO ] 
    ✅ PAGE LOADED
    ├─ Final URL:  https://example.com/
    ├─ Title:      Example Domain
    └─ Load Time:  46.31s
[15:52:31.757] [ERROR] ⏰ TIMEOUT after 47.7s at stage: page_loaded
[15:52:31.757] [ERROR] 
╔══════════════════════════════════════════════════════════════════════════╗
║  ❌ SCRAPE FAILED - SCRAPE_20260114_155144_0001
╠══════════════════════════════════════════════════════════════════════════╣
║  🚫 ERROR DETAILS
║  ├─ Type:        extraction_failed
║  ├─ Message:     Content too short or empty (len=528)
║  ├─ Likely Ban:  🟢 NO
║  └─ Screenshot:  Not saved
╠──────────────────────────────────────────────────────────────────────────╣

    ┌─ BROWSER FINGERPRINT ────────────────────────────────────────┐
    │ Browser:     CHROME v126 on WINDOWS
    │ User-Agent:  Mozilla/5.0 (Windows NT 10.0; Win64; x64) AppleWebKit/537.36 (KHTML, l...
    │ Viewport:    1920x1080
    │ Sec-CH-UA:   "Not_A Brand";v="8", "Chromium";v="126", "Google C...
    ├─ LOCATION PROFILE ───────────────────────────────────────────┤
    │ Location:    Phoenix, USA
    │ Timezone:    America/Phoenix
    │ Locale:      en-US
    │ Geo:         33.4484, -112.0740
    ├─ NETWORK ────────────────────────────────────────────────────┤
    │ Proxy:       Direct (no proxy)
    │ Referrer:    https://www.google.com/search?q=example+com
    └──────────────────────────────────────────────────────────────┘

    ┌─ TIMING BREAKDOWN ───────────────────────────────────────────┐
    │ Browser Launch:      1.41s
    │ Page Load:           46.31s
    │ Cloudflare Wait:     0.00s
    │ Human Simulation:    19.16s
    │ Content Extraction:  1.55s
    │ ─────────────────────────────────────────────────────────────
    │ TOTAL TIME:          47.73s
    └──────────────────────────────────────────────────────────────┘
╠──────────────────────────────────────────────────────────────────────────╣
║  📊 SESSION STATS
║  ├─ Attempt:            1/3
║  ├─ Strategies Tried:   domcontentloaded, load, networkidle
║  └─ Proxy Used:         Direct
╚══════════════════════════════════════════════════════════════════════════╝
[15:52:32.144] [INFO ]   🔄 Retry attempt 2/3...
[15:52:38.376] [DEBUG] ⏱️ Timeout set to 45s for this scrape
[15:52:39.643] [INFO ] 
    🚀 BROWSER LAUNCHED
    ├─ Mode:       Visible
    ├─ Slow Mo:    197ms
    ├─ Launch Time: 1.27s
    └─ Args:       Anti-automation flags enabled
[15:52:39.644] [DEBUG] Browser profile: viewport={'width': 1536, 'height': 864}, locale=en-US, tz=America/Los_Angeles
[15:52:39.644] [INFO ] 
╔══════════════════════════════════════════════════════════════════════════╗
║  📋 SESSION: SCRAPE_20260114_155238_0002
║  🌐 URL: https://example.com
║  🔄 ATTEMPT: 2/3
║  ⏰ STARTED: 2026-01-14T15:52:38.376812
╠══════════════════════════════════════════════════════════════════════════╣

    ┌─ BROWSER FINGERPRINT ────────────────────────────────────────┐
    │ Browser:     CHROME v125 on WINDOWS
    │ User-Agent:  Mozilla/5.0 (Windows NT 10.0; Win64; x64) AppleWebKit/537.36 (KHTML, l...
    │ Viewport:    1536x864
    │ Sec-CH-UA:   "Not_A Brand";v="8", "Chromium";v="125", "Google C...
    ├─ LOCATION PROFILE ───────────────────────────────────────────┤
    │ Location:    Los Angeles, USA
    │ Timezone:    America/Los_Angeles
    │ Locale:      en-US
    │ Geo:         34.0522, -118.2437
    ├─ NETWORK ────────────────────────────────────────────────────┤
    │ Proxy:       Direct (no proxy)
    │ Referrer:    Direct visit
    └──────────────────────────────────────────────────────────────┘
╚══════════════════════════════════════════════════════════════════════════╝
[15:52:39.802] [INFO ] 🛡️ Injected anti-detection scripts at context level
[15:52:39.803] [DEBUG]    └─ Canvas noise, WebGL spoof, Browser patches
[15:52:39.807] [INFO ] 
    🛡️ ANTI-DETECTION SCRIPTS INJECTED (CONTEXT level)
    ├─ Canvas fingerprint noise
    ├─ WebGL renderer/vendor spoof
    ├─ Hardware concurrency randomization
    ├─ Device memory randomization
    ├─ Plugin masking
    ├─ WebRTC IP leak protection
    ├─ Network connection spoof
    └─ Battery API spoof
[15:52:40.579] [INFO ] 
    🥷 STEALTH MODE APPLIED
    ├─ Navigator patches (webdriver, plugins, languages)
    ├─ Chrome runtime patches
    ├─ Console patches  
    └─ Permission patches
[15:52:40.607] [INFO ] 🛡️ Injected anti-detection scripts at page level
[15:52:40.608] [DEBUG]    └─ Canvas noise, WebGL spoof, Browser patches
[15:52:40.615] [INFO ] 
    🛡️ ANTI-DETECTION SCRIPTS INJECTED (PAGE level)
    ├─ Canvas fingerprint noise
    ├─ WebGL renderer/vendor spoof
    ├─ Hardware concurrency randomization
    ├─ Device memory randomization
    ├─ Plugin masking
    ├─ WebRTC IP leak protection
    ├─ Network connection spoof
    └─ Battery API spoof
[15:52:40.627] [DEBUG] Enabled resource blocking (images, media, fonts)
[15:52:40.627] [INFO ] 
    🔗 NAVIGATING TO URL
    ├─ Strategy:   domcontentloaded
    ├─ Timeout:    40.0s
    └─ Sleep:      4s after load
[15:52:41.094] [INFO ] 
    ✅ PAGE LOADED
    ├─ Final URL:  https://example.com/
    ├─ Title:      Example Domain
    └─ Load Time:  1.45s
[15:52:48.682] [DEBUG] 🧑 Starting human behavior simulation with 12.0s budget
[15:53:01.983] [DEBUG] Simulated 4 natural mouse movements
[15:53:02.471] [DEBUG] Scroll simulation skipped: name 'top' is not defined
[15:53:02.689] [DEBUG] 🧑 Human behavior simulation completed
[15:53:02.689] [INFO ] 
    🧑 HUMAN BEHAVIOR SIMULATED
    ├─ Mouse Movements: 4
    ├─ Scroll Actions:  2
    └─ Time Spent:      22.86s
[15:53:02.784] [INFO ] 
    ┌─ CONTENT METRICS ────────────────────────────────────────────┐
    │ Title:            Example Domain
    │ Final URL:        https://example.com/
    │ HTML Size:        528 bytes
    │ Text Size:        0 chars
    │ Word Count:       ~0 words
    │ Extraction:       trafilatura
    │ Has Article:      ❌ No
    └──────────────────────────────────────────────────────────────┘
[15:53:02.785] [INFO ] 
    🔗 NAVIGATING TO URL
    ├─ Strategy:   load
    ├─ Timeout:    60.0s
    └─ Sleep:      3s after load
[15:53:03.091] [INFO ] 
    ✅ PAGE LOADED
    ├─ Final URL:  https://example.com/
    ├─ Title:      Example Domain
    └─ Load Time:  23.45s
[15:53:09.920] [DEBUG] 🧑 Starting human behavior simulation with 11.5s budget
[15:53:20.781] [DEBUG] Simulated 3 natural mouse movements
[15:53:21.346] [DEBUG] Scroll simulation skipped: name 'top' is not defined
[15:53:21.631] [DEBUG] 🧑 Human behavior simulation completed
[15:53:21.631] [INFO ] 
    🧑 HUMAN BEHAVIOR SIMULATED
    ├─ Mouse Movements: 3
    ├─ Scroll Actions:  2
    └─ Time Spent:      19.81s
[15:53:21.731] [INFO ] 
    ┌─ CONTENT METRICS ────────────────────────────────────────────┐
    │ Title:            Example Domain
    │ Final URL:        https://example.com/
    │ HTML Size:        528 bytes
    │ Text Size:        0 chars
    │ Word Count:       ~0 words
    │ Extraction:       trafilatura
    │ Has Article:      ❌ No
    └──────────────────────────────────────────────────────────────┘
[15:53:21.732] [INFO ] 
    🔗 NAVIGATING TO URL
    ├─ Strategy:   networkidle
    ├─ Timeout:    80.0s
    └─ Sleep:      2s after load
[15:53:22.662] [INFO ] 
    ✅ PAGE LOADED
    ├─ Final URL:  https://example.com/
    ├─ Title:      Example Domain
    └─ Load Time:  43.02s
[15:53:23.671] [ERROR] ⏰ TIMEOUT after 45.3s at stage: popup_scan
[15:53:23.672] [ERROR] 
╔══════════════════════════════════════════════════════════════════════════╗
║  ❌ SCRAPE FAILED - SCRAPE_20260114_155238_0002
╠══════════════════════════════════════════════════════════════════════════╣
║  🚫 ERROR DETAILS
║  ├─ Type:        extraction_failed
║  ├─ Message:     Content too short or empty (len=528)
║  ├─ Likely Ban:  🟢 NO
║  └─ Screenshot:  Not saved
╠──────────────────────────────────────────────────────────────────────────╣

    ┌─ BROWSER FINGERPRINT ────────────────────────────────────────┐
    │ Browser:     CHROME v125 on WINDOWS
    │ User-Agent:  Mozilla/5.0 (Windows NT 10.0; Win64; x64) AppleWebKit/537.36 (KHTML, l...
    │ Viewport:    1536x864
    │ Sec-CH-UA:   "Not_A Brand";v="8", "Chromium";v="125", "Google C...
    ├─ LOCATION PROFILE ───────────────────────────────────────────┤
    │ Location:    Los Angeles, USA
    │ Timezone:    America/Los_Angeles
    │ Locale:      en-US
    │ Geo:         34.0522, -118.2437
    ├─ NETWORK ────────────────────────────────────────────────────┤
    │ Proxy:       Direct (no proxy)
    │ Referrer:    Direct visit
    └──────────────────────────────────────────────────────────────┘

    ┌─ TIMING BREAKDOWN ───────────────────────────────────────────┐
    │ Browser Launch:      1.27s
    │ Page Load:           43.02s
    │ Cloudflare Wait:     0.00s
    │ Human Simulation:    19.81s
    │ Content Extraction:  23.55s
    │ ─────────────────────────────────────────────────────────────
    │ TOTAL TIME:          45.30s
    └──────────────────────────────────────────────────────────────┘
╠──────────────────────────────────────────────────────────────────────────╣
║  📊 SESSION STATS
║  ├─ Attempt:            2/3
║  ├─ Strategies Tried:   domcontentloaded, load, networkidle
║  └─ Proxy Used:         Direct
╚══════════════════════════════════════════════════════════════════════════╝
[15:53:23.950] [INFO ]   🔄 Retry attempt 3/3...
[15:53:30.975] [DEBUG] ⏱️ Timeout set to 45s for this scrape
[15:53:32.270] [INFO ] 
    🚀 BROWSER LAUNCHED
    ├─ Mode:       Visible
    ├─ Slow Mo:    252ms
    ├─ Launch Time: 1.29s
    └─ Args:       Anti-automation flags enabled
[15:53:32.271] [DEBUG] Browser profile: viewport={'width': 1536, 'height': 864}, locale=en-US, tz=America/New_York
[15:53:32.271] [INFO ] 
╔══════════════════════════════════════════════════════════════════════════╗
║  📋 SESSION: SCRAPE_20260114_155330_0003
║  🌐 URL: https://example.com
║  🔄 ATTEMPT: 3/3
║  ⏰ STARTED: 2026-01-14T15:53:30.975641
╠══════════════════════════════════════════════════════════════════════════╣

    ┌─ BROWSER FINGERPRINT ────────────────────────────────────────┐
    │ Browser:     OPERA v119 on WINDOWS
    │ User-Agent:  Mozilla/5.0 (Windows NT 10.0; Win64; x64) AppleWebKit/537.36 (KHTML, l...
    │ Viewport:    1536x864
    │ Sec-CH-UA:   "Not_A Brand";v="8", "Chromium";v="119", "Opera";v...
    ├─ LOCATION PROFILE ───────────────────────────────────────────┤
    │ Location:    New York, USA
    │ Timezone:    America/New_York
    │ Locale:      en-US
    │ Geo:         40.7128, -74.0060
    ├─ NETWORK ────────────────────────────────────────────────────┤
    │ Proxy:       Direct (no proxy)
    │ Referrer:    https://news.google.com/
    └──────────────────────────────────────────────────────────────┘
╚══════════════════════════════════════════════════════════════════════════╝
[15:53:32.540] [INFO ] 🛡️ Injected anti-detection scripts at context level
[15:53:32.541] [DEBUG]    └─ Canvas noise, WebGL spoof, Browser patches
[15:53:32.544] [INFO ] 
    🛡️ ANTI-DETECTION SCRIPTS INJECTED (CONTEXT level)
    ├─ Canvas fingerprint noise
    ├─ WebGL renderer/vendor spoof
    ├─ Hardware concurrency randomization
    ├─ Device memory randomization
    ├─ Plugin masking
    ├─ WebRTC IP leak protection
    ├─ Network connection spoof
    └─ Battery API spoof
[15:53:33.090] [INFO ] 
    🥷 STEALTH MODE APPLIED
    ├─ Navigator patches (webdriver, plugins, languages)
    ├─ Chrome runtime patches
    ├─ Console patches  
    └─ Permission patches
[15:53:33.111] [INFO ] 🛡️ Injected anti-detection scripts at page level
[15:53:33.112] [DEBUG]    └─ Canvas noise, WebGL spoof, Browser patches
[15:53:33.124] [INFO ] 
    🛡️ ANTI-DETECTION SCRIPTS INJECTED (PAGE level)
    ├─ Canvas fingerprint noise
    ├─ WebGL renderer/vendor spoof
    ├─ Hardware concurrency randomization
    ├─ Device memory randomization
    ├─ Plugin masking
    ├─ WebRTC IP leak protection
    ├─ Network connection spoof
    └─ Battery API spoof
[15:53:33.129] [DEBUG] Enabled resource blocking (images, media, fonts)
[15:53:33.129] [INFO ] 
    🔗 NAVIGATING TO URL
    ├─ Strategy:   domcontentloaded
    ├─ Timeout:    40.0s
    └─ Sleep:      4s after load
[15:53:33.663] [INFO ] 
    ✅ PAGE LOADED
    ├─ Final URL:  https://example.com/
    ├─ Title:      Example Domain
    └─ Load Time:  1.39s
[15:53:40.165] [DEBUG] 🧑 Starting human behavior simulation with 12.0s budget
[15:53:52.857] [DEBUG] Simulated 3 natural mouse movements
[15:53:53.523] [DEBUG] Scroll simulation skipped: name 'top' is not defined
[15:53:53.986] [DEBUG] 🧑 Human behavior simulation completed
[15:53:53.987] [INFO ] 
    🧑 HUMAN BEHAVIOR SIMULATED
    ├─ Mouse Movements: 6
    ├─ Scroll Actions:  2
    └─ Time Spent:      21.62s
[15:53:54.074] [INFO ] 
    ┌─ CONTENT METRICS ────────────────────────────────────────────┐
    │ Title:            Example Domain
    │ Final URL:        https://example.com/
    │ HTML Size:        528 bytes
    │ Text Size:        0 chars
    │ Word Count:       ~0 words
    │ Extraction:       trafilatura
    │ Has Article:      ❌ No
    └──────────────────────────────────────────────────────────────┘
[15:53:54.075] [INFO ] 
    🔗 NAVIGATING TO URL
    ├─ Strategy:   load
    ├─ Timeout:    60.0s
    └─ Sleep:      3s after load
[15:53:54.444] [INFO ] 
    ✅ PAGE LOADED
    ├─ Final URL:  https://example.com/
    ├─ Title:      Example Domain
    └─ Load Time:  22.17s
[15:54:00.527] [DEBUG] 🧑 Starting human behavior simulation with 12.0s budget
[15:54:01.329] [DEBUG] ⏱️ Scrape in progress: 30s elapsed, 15s remaining (human_behavior_start)
[15:54:16.547] [DEBUG] Simulated 5 natural mouse movements
[15:54:17.566] [DEBUG] 🧑 Human behavior simulation completed
[15:54:17.566] [INFO ] 
    🧑 HUMAN BEHAVIOR SIMULATED
    ├─ Mouse Movements: 3
    ├─ Scroll Actions:  3
    └─ Time Spent:      24.42s
[15:54:17.566] [ERROR] ⏰ TIMEOUT after 46.6s at stage: human_behavior
[15:54:17.566] [INFO ] 
    🔗 NAVIGATING TO URL
    ├─ Strategy:   networkidle
    ├─ Timeout:    80.0s
    └─ Sleep:      2s after load
[15:54:18.444] [INFO ] 
    ✅ PAGE LOADED
    ├─ Final URL:  https://example.com/
    ├─ Title:      Example Domain
    └─ Load Time:  46.17s
[15:54:18.445] [ERROR] ⏰ TIMEOUT after 47.5s at stage: page_loaded
[15:54:18.642] [INFO ] 📸 Screenshot saved: screenshots/2026-01-14/155418_extraction_failed_example.com.png
[15:54:18.642] [ERROR] 
╔══════════════════════════════════════════════════════════════════════════╗
║  ❌ SCRAPE FAILED - SCRAPE_20260114_155330_0003
╠══════════════════════════════════════════════════════════════════════════╣
║  🚫 ERROR DETAILS
║  ├─ Type:        extraction_failed
║  ├─ Message:     Content too short or empty (len=528)
║  ├─ Likely Ban:  🟢 NO
║  └─ Screenshot:  screenshots/2026-01-14/155418_extraction_failed_example.com.png
╠──────────────────────────────────────────────────────────────────────────╣

    ┌─ BROWSER FINGERPRINT ────────────────────────────────────────┐
    │ Browser:     OPERA v119 on WINDOWS
    │ User-Agent:  Mozilla/5.0 (Windows NT 10.0; Win64; x64) AppleWebKit/537.36 (KHTML, l...
    │ Viewport:    1536x864
    │ Sec-CH-UA:   "Not_A Brand";v="8", "Chromium";v="119", "Opera";v...
    ├─ LOCATION PROFILE ───────────────────────────────────────────┤
    │ Location:    New York, USA
    │ Timezone:    America/New_York
    │ Locale:      en-US
    │ Geo:         40.7128, -74.0060
    ├─ NETWORK ────────────────────────────────────────────────────┤
    │ Proxy:       Direct (no proxy)
    │ Referrer:    https://news.google.com/
    └──────────────────────────────────────────────────────────────┘

    ┌─ TIMING BREAKDOWN ───────────────────────────────────────────┐
    │ Browser Launch:      1.29s
    │ Page Load:           46.17s
    │ Cloudflare Wait:     0.00s
    │ Human Simulation:    24.42s
    │ Content Extraction:  1.48s
    │ ─────────────────────────────────────────────────────────────
    │ TOTAL TIME:          47.67s
    └──────────────────────────────────────────────────────────────┘
╠──────────────────────────────────────────────────────────────────────────╣
║  📊 SESSION STATS
║  ├─ Attempt:            3/3
║  ├─ Strategies Tried:   domcontentloaded, load, networkidle
║  └─ Proxy Used:         Direct
╚══════════════════════════════════════════════════════════════════════════╝

================================================================================
STATUS: SUCCESS
TOTAL TIME: 155.33s
END OF SCRAPE LOG
================================================================================
