================================================================================
SCRAPE LOG: https://httpstat.us/500
Started: 2026-01-14 15:33:29
Session ID: N/A
================================================================================
[15:33:29.143] [INFO ] 📝 Scrape log: logs/scrapes/2026-01-14_153329_httpstat.us.log
[15:33:29.143] [DEBUG] ⏱️ Timeout set to 20s for this scrape
[15:33:29.816] [INFO ] 
    🚀 BROWSER LAUNCHED
    ├─ Mode:       Headless
    ├─ Slow Mo:    231ms
    ├─ Launch Time: 0.67s
    └─ Args:       Anti-automation flags enabled
[15:33:29.817] [DEBUG] Browser profile: viewport={'width': 1366, 'height': 768}, locale=en-IE, tz=Europe/Dublin
[15:33:29.817] [INFO ] 
╔══════════════════════════════════════════════════════════════════════════╗
║  📋 SESSION: SCRAPE_20260114_153329_0001
║  🌐 URL: https://httpstat.us/500
║  🔄 ATTEMPT: 1/3
║  ⏰ STARTED: 2026-01-14T15:33:29.143480
╠══════════════════════════════════════════════════════════════════════════╣

    ┌─ BROWSER FINGERPRINT ────────────────────────────────────────┐
    │ Browser:     CHROME v125 on WINDOWS
    │ User-Agent:  Mozilla/5.0 (Windows NT 10.0; Win64; x64) AppleWebKit/537.36 (KHTML, l...
    │ Viewport:    1366x768
    │ Sec-CH-UA:   "Not_A Brand";v="8", "Chromium";v="125", "Google C...
    ├─ LOCATION PROFILE ───────────────────────────────────────────┤
    │ Location:    Dublin, Ireland
    │ Timezone:    Europe/Dublin
    │ Locale:      en-IE
    │ Geo:         53.3498, -6.2603
    ├─ NETWORK ────────────────────────────────────────────────────┤
    │ Proxy:       Direct (no proxy)
    │ Referrer:    https://news.google.com/
    └──────────────────────────────────────────────────────────────┘
╚══════════════════════════════════════════════════════════════════════════╝
[15:33:29.847] [INFO ] 🛡️ Injected anti-detection scripts at context level
[15:33:29.847] [DEBUG]    └─ Canvas noise, WebGL spoof, Browser patches
[15:33:29.851] [INFO ] 
    🛡️ ANTI-DETECTION SCRIPTS INJECTED (CONTEXT level)
    ├─ Canvas fingerprint noise
    ├─ WebGL renderer/vendor spoof
    ├─ Hardware concurrency randomization
    ├─ Device memory randomization
    ├─ Plugin masking
    ├─ WebRTC IP leak protection
    ├─ Network connection spoof
    └─ Battery API spoof
[15:33:30.793] [INFO ] 
    🥷 STEALTH MODE APPLIED
    ├─ Navigator patches (webdriver, plugins, languages)
    ├─ Chrome runtime patches
    ├─ Console patches  
    └─ Permission patches
[15:33:30.816] [INFO ] 🛡️ Injected anti-detection scripts at page level
[15:33:30.817] [DEBUG]    └─ Canvas noise, WebGL spoof, Browser patches
[15:33:30.827] [INFO ] 
    🛡️ ANTI-DETECTION SCRIPTS INJECTED (PAGE level)
    ├─ Canvas fingerprint noise
    ├─ WebGL renderer/vendor spoof
    ├─ Hardware concurrency randomization
    ├─ Device memory randomization
    ├─ Plugin masking
    ├─ WebRTC IP leak protection
    ├─ Network connection spoof
    └─ Battery API spoof
[15:33:30.838] [DEBUG] Enabled resource blocking (images, media, fonts)
[15:33:30.839] [INFO ] 
    🔗 NAVIGATING TO URL
    ├─ Strategy:   domcontentloaded
    ├─ Timeout:    40.0s
    └─ Sleep:      4s after load
[15:33:31.813] [INFO ] 
    🔗 NAVIGATING TO URL
    ├─ Strategy:   load
    ├─ Timeout:    60.0s
    └─ Sleep:      3s after load
[15:33:32.777] [INFO ] 
    🔗 NAVIGATING TO URL
    ├─ Strategy:   networkidle
    ├─ Timeout:    80.0s
    └─ Sleep:      2s after load
[15:33:33.662] [ERROR] 
╔══════════════════════════════════════════════════════════════════════════╗
║  ❌ SCRAPE FAILED - SCRAPE_20260114_153329_0001
╠══════════════════════════════════════════════════════════════════════════╣
║  🚫 ERROR DETAILS
║  ├─ Type:        extraction_failed
║  ├─ Message:     Content too short or empty (len=0)
║  ├─ Likely Ban:  🟢 NO
║  └─ Screenshot:  Not saved
╠──────────────────────────────────────────────────────────────────────────╣

    ┌─ BROWSER FINGERPRINT ────────────────────────────────────────┐
    │ Browser:     CHROME v125 on WINDOWS
    │ User-Agent:  Mozilla/5.0 (Windows NT 10.0; Win64; x64) AppleWebKit/537.36 (KHTML, l...
    │ Viewport:    1366x768
    │ Sec-CH-UA:   "Not_A Brand";v="8", "Chromium";v="125", "Google C...
    ├─ LOCATION PROFILE ───────────────────────────────────────────┤
    │ Location:    Dublin, Ireland
    │ Timezone:    Europe/Dublin
    │ Locale:      en-IE
    │ Geo:         53.3498, -6.2603
    ├─ NETWORK ────────────────────────────────────────────────────┤
    │ Proxy:       Direct (no proxy)
    │ Referrer:    https://news.google.com/
    └──────────────────────────────────────────────────────────────┘

    ┌─ TIMING BREAKDOWN ───────────────────────────────────────────┐
    │ Browser Launch:      0.67s
    │ Page Load:           0.00s
    │ Cloudflare Wait:     0.00s
    │ Human Simulation:    0.00s
    │ Content Extraction:  0.00s
    │ ─────────────────────────────────────────────────────────────
    │ TOTAL TIME:          4.52s
    └──────────────────────────────────────────────────────────────┘
╠──────────────────────────────────────────────────────────────────────────╣
║  📊 SESSION STATS
║  ├─ Attempt:            1/3
║  ├─ Strategies Tried:   domcontentloaded, load, networkidle
║  └─ Proxy Used:         Direct
╚══════════════════════════════════════════════════════════════════════════╝
[15:33:33.743] [INFO ]   🔄 Retry attempt 2/3...
[15:33:37.392] [DEBUG] ⏱️ Timeout set to 20s for this scrape
[15:33:38.169] [INFO ] 
    🚀 BROWSER LAUNCHED
    ├─ Mode:       Headless
    ├─ Slow Mo:    240ms
    ├─ Launch Time: 0.78s
    └─ Args:       Anti-automation flags enabled
[15:33:38.170] [DEBUG] Browser profile: viewport={'width': 1366, 'height': 768}, locale=en-US, tz=America/New_York
[15:33:38.171] [INFO ] 
╔══════════════════════════════════════════════════════════════════════════╗
║  📋 SESSION: SCRAPE_20260114_153337_0002
║  🌐 URL: https://httpstat.us/500
║  🔄 ATTEMPT: 2/3
║  ⏰ STARTED: 2026-01-14T15:33:37.392469
╠══════════════════════════════════════════════════════════════════════════╣

    ┌─ BROWSER FINGERPRINT ────────────────────────────────────────┐
    │ Browser:     CHROME v125 on WINDOWS
    │ User-Agent:  Mozilla/5.0 (Windows NT 10.0; Win64; x64) AppleWebKit/537.36 (KHTML, l...
    │ Viewport:    1366x768
    │ Sec-CH-UA:   "Not_A Brand";v="8", "Chromium";v="125", "Google C...
    ├─ LOCATION PROFILE ───────────────────────────────────────────┤
    │ Location:    New York, USA
    │ Timezone:    America/New_York
    │ Locale:      en-US
    │ Geo:         40.7128, -74.0060
    ├─ NETWORK ────────────────────────────────────────────────────┤
    │ Proxy:       Direct (no proxy)
    │ Referrer:    https://www.google.com/
    └──────────────────────────────────────────────────────────────┘
╚══════════════════════════════════════════════════════════════════════════╝
[15:33:38.212] [INFO ] 🛡️ Injected anti-detection scripts at context level
[15:33:38.212] [DEBUG]    └─ Canvas noise, WebGL spoof, Browser patches
[15:33:38.217] [INFO ] 
    🛡️ ANTI-DETECTION SCRIPTS INJECTED (CONTEXT level)
    ├─ Canvas fingerprint noise
    ├─ WebGL renderer/vendor spoof
    ├─ Hardware concurrency randomization
    ├─ Device memory randomization
    ├─ Plugin masking
    ├─ WebRTC IP leak protection
    ├─ Network connection spoof
    └─ Battery API spoof
[15:33:38.956] [INFO ] 
    🥷 STEALTH MODE APPLIED
    ├─ Navigator patches (webdriver, plugins, languages)
    ├─ Chrome runtime patches
    ├─ Console patches  
    └─ Permission patches
[15:33:38.969] [INFO ] 🛡️ Injected anti-detection scripts at page level
[15:33:38.969] [DEBUG]    └─ Canvas noise, WebGL spoof, Browser patches
[15:33:38.976] [INFO ] 
    🛡️ ANTI-DETECTION SCRIPTS INJECTED (PAGE level)
    ├─ Canvas fingerprint noise
    ├─ WebGL renderer/vendor spoof
    ├─ Hardware concurrency randomization
    ├─ Device memory randomization
    ├─ Plugin masking
    ├─ WebRTC IP leak protection
    ├─ Network connection spoof
    └─ Battery API spoof
[15:33:38.981] [DEBUG] Enabled resource blocking (images, media, fonts)
[15:33:38.982] [INFO ] 
    🔗 NAVIGATING TO URL
    ├─ Strategy:   domcontentloaded
    ├─ Timeout:    40.0s
    └─ Sleep:      4s after load
[15:33:39.842] [INFO ] 
    🔗 NAVIGATING TO URL
    ├─ Strategy:   load
    ├─ Timeout:    60.0s
    └─ Sleep:      3s after load
[15:33:40.670] [INFO ] 
    🔗 NAVIGATING TO URL
    ├─ Strategy:   networkidle
    ├─ Timeout:    80.0s
    └─ Sleep:      2s after load
[15:33:41.583] [ERROR] 
╔══════════════════════════════════════════════════════════════════════════╗
║  ❌ SCRAPE FAILED - SCRAPE_20260114_153337_0002
╠══════════════════════════════════════════════════════════════════════════╣
║  🚫 ERROR DETAILS
║  ├─ Type:        extraction_failed
║  ├─ Message:     Content too short or empty (len=0)
║  ├─ Likely Ban:  🟢 NO
║  └─ Screenshot:  Not saved
╠──────────────────────────────────────────────────────────────────────────╣

    ┌─ BROWSER FINGERPRINT ────────────────────────────────────────┐
    │ Browser:     CHROME v125 on WINDOWS
    │ User-Agent:  Mozilla/5.0 (Windows NT 10.0; Win64; x64) AppleWebKit/537.36 (KHTML, l...
    │ Viewport:    1366x768
    │ Sec-CH-UA:   "Not_A Brand";v="8", "Chromium";v="125", "Google C...
    ├─ LOCATION PROFILE ───────────────────────────────────────────┤
    │ Location:    New York, USA
    │ Timezone:    America/New_York
    │ Locale:      en-US
    │ Geo:         40.7128, -74.0060
    ├─ NETWORK ────────────────────────────────────────────────────┤
    │ Proxy:       Direct (no proxy)
    │ Referrer:    https://www.google.com/
    └──────────────────────────────────────────────────────────────┘

    ┌─ TIMING BREAKDOWN ───────────────────────────────────────────┐
    │ Browser Launch:      0.78s
    │ Page Load:           0.00s
    │ Cloudflare Wait:     0.00s
    │ Human Simulation:    0.00s
    │ Content Extraction:  0.00s
    │ ─────────────────────────────────────────────────────────────
    │ TOTAL TIME:          4.19s
    └──────────────────────────────────────────────────────────────┘
╠──────────────────────────────────────────────────────────────────────────╣
║  📊 SESSION STATS
║  ├─ Attempt:            2/3
║  ├─ Strategies Tried:   domcontentloaded, load, networkidle
║  └─ Proxy Used:         Direct
╚══════════════════════════════════════════════════════════════════════════╝
[15:33:41.704] [INFO ]   🔄 Retry attempt 3/3...
[15:33:46.487] [DEBUG] ⏱️ Timeout set to 20s for this scrape
[15:33:47.238] [INFO ] 
    🚀 BROWSER LAUNCHED
    ├─ Mode:       Headless
    ├─ Slow Mo:    237ms
    ├─ Launch Time: 0.75s
    └─ Args:       Anti-automation flags enabled
[15:33:47.240] [DEBUG] Browser profile: viewport={'width': 1600, 'height': 900}, locale=en-GB, tz=Europe/London
[15:33:47.240] [INFO ] 
╔══════════════════════════════════════════════════════════════════════════╗
║  📋 SESSION: SCRAPE_20260114_153346_0003
║  🌐 URL: https://httpstat.us/500
║  🔄 ATTEMPT: 3/3
║  ⏰ STARTED: 2026-01-14T15:33:46.487109
╠══════════════════════════════════════════════════════════════════════════╣

    ┌─ BROWSER FINGERPRINT ────────────────────────────────────────┐
    │ Browser:     CHROME v123 on WINDOWS
    │ User-Agent:  Mozilla/5.0 (Windows NT 10.0; Win64; x64) AppleWebKit/537.36 (KHTML, l...
    │ Viewport:    1600x900
    │ Sec-CH-UA:   "Not_A Brand";v="8", "Chromium";v="123", "Google C...
    ├─ LOCATION PROFILE ───────────────────────────────────────────┤
    │ Location:    Birmingham, UK
    │ Timezone:    Europe/London
    │ Locale:      en-GB
    │ Geo:         52.4862, -1.8904
    ├─ NETWORK ────────────────────────────────────────────────────┤
    │ Proxy:       Direct (no proxy)
    │ Referrer:    https://www.google.com/
    └──────────────────────────────────────────────────────────────┘
╚══════════════════════════════════════════════════════════════════════════╝
[15:33:47.265] [INFO ] 🛡️ Injected anti-detection scripts at context level
[15:33:47.265] [DEBUG]    └─ Canvas noise, WebGL spoof, Browser patches
[15:33:47.267] [INFO ] 
    🛡️ ANTI-DETECTION SCRIPTS INJECTED (CONTEXT level)
    ├─ Canvas fingerprint noise
    ├─ WebGL renderer/vendor spoof
    ├─ Hardware concurrency randomization
    ├─ Device memory randomization
    ├─ Plugin masking
    ├─ WebRTC IP leak protection
    ├─ Network connection spoof
    └─ Battery API spoof
[15:33:48.040] [INFO ] 
    🥷 STEALTH MODE APPLIED
    ├─ Navigator patches (webdriver, plugins, languages)
    ├─ Chrome runtime patches
    ├─ Console patches  
    └─ Permission patches
[15:33:48.055] [INFO ] 🛡️ Injected anti-detection scripts at page level
[15:33:48.056] [DEBUG]    └─ Canvas noise, WebGL spoof, Browser patches
[15:33:48.062] [INFO ] 
    🛡️ ANTI-DETECTION SCRIPTS INJECTED (PAGE level)
    ├─ Canvas fingerprint noise
    ├─ WebGL renderer/vendor spoof
    ├─ Hardware concurrency randomization
    ├─ Device memory randomization
    ├─ Plugin masking
    ├─ WebRTC IP leak protection
    ├─ Network connection spoof
    └─ Battery API spoof
[15:33:48.068] [DEBUG] Enabled resource blocking (images, media, fonts)
[15:33:48.069] [INFO ] 
    🔗 NAVIGATING TO URL
    ├─ Strategy:   domcontentloaded
    ├─ Timeout:    40.0s
    └─ Sleep:      4s after load
[15:33:48.969] [INFO ] 
    🔗 NAVIGATING TO URL
    ├─ Strategy:   load
    ├─ Timeout:    60.0s
    └─ Sleep:      3s after load
[15:33:49.941] [INFO ] 
    🔗 NAVIGATING TO URL
    ├─ Strategy:   networkidle
    ├─ Timeout:    80.0s
    └─ Sleep:      2s after load
[15:33:50.852] [ERROR] 
╔══════════════════════════════════════════════════════════════════════════╗
║  ❌ SCRAPE FAILED - SCRAPE_20260114_153346_0003
╠══════════════════════════════════════════════════════════════════════════╣
║  🚫 ERROR DETAILS
║  ├─ Type:        extraction_failed
║  ├─ Message:     Content too short or empty (len=0)
║  ├─ Likely Ban:  🟢 NO
║  └─ Screenshot:  Not saved
╠──────────────────────────────────────────────────────────────────────────╣

    ┌─ BROWSER FINGERPRINT ────────────────────────────────────────┐
    │ Browser:     CHROME v123 on WINDOWS
    │ User-Agent:  Mozilla/5.0 (Windows NT 10.0; Win64; x64) AppleWebKit/537.36 (KHTML, l...
    │ Viewport:    1600x900
    │ Sec-CH-UA:   "Not_A Brand";v="8", "Chromium";v="123", "Google C...
    ├─ LOCATION PROFILE ───────────────────────────────────────────┤
    │ Location:    Birmingham, UK
    │ Timezone:    Europe/London
    │ Locale:      en-GB
    │ Geo:         52.4862, -1.8904
    ├─ NETWORK ────────────────────────────────────────────────────┤
    │ Proxy:       Direct (no proxy)
    │ Referrer:    https://www.google.com/
    └──────────────────────────────────────────────────────────────┘

    ┌─ TIMING BREAKDOWN ───────────────────────────────────────────┐
    │ Browser Launch:      0.75s
    │ Page Load:           0.00s
    │ Cloudflare Wait:     0.00s
    │ Human Simulation:    0.00s
    │ Content Extraction:  0.00s
    │ ─────────────────────────────────────────────────────────────
    │ TOTAL TIME:          4.37s
    └──────────────────────────────────────────────────────────────┘
╠──────────────────────────────────────────────────────────────────────────╣
║  📊 SESSION STATS
║  ├─ Attempt:            3/3
║  ├─ Strategies Tried:   domcontentloaded, load, networkidle
║  └─ Proxy Used:         Direct
╚══════════════════════════════════════════════════════════════════════════╝
[15:33:50.930] [INFO ] 
╔══════════════════════════════════════════════════════════════════════════╗
║  📊 OVERALL SCRAPING STATISTICS
╠══════════════════════════════════════════════════════════════════════════╣
║  Total Scrapes:    3
║  Successful:       0 (0.0%)
║  Failed:           3
║  Banned/Blocked:   0
║  Avg Time:         0.00s
╚══════════════════════════════════════════════════════════════════════════╝

================================================================================
STATUS: FAILED
TOTAL TIME: 21.79s
END OF SCRAPE LOG
================================================================================
